>> run_id=MC_s7_bola_BigBuckBunny | map=flows | poll=0.1s | window=10.0s -> qos_features.csv
>> menghitung SEMUA flow TCP yang lewat (Ctrl-C untuk berhenti)
>> XDP terpasang di eth0: prog id=8546
>> membaca 1 map bernama 'flows': id [2025]
>> entri awal di map: 0  (0 = belum ada trafik TCP yang tertangkap)
  w0      0.000 Mbps (std  0.000)  jit   0.000 ms  reord  0.00%  rtt    0.00 ms        0 pkt  0 flow
  w1      0.000 Mbps (std  0.000)  jit   0.000 ms  reord  0.00%  rtt    0.00 ms        0 pkt  0 flow
  w2      0.000 Mbps (std  0.000)  jit   0.000 ms  reord  0.00%  rtt    0.00 ms        0 pkt  0 flow
  w3      0.000 Mbps (std  0.000)  jit   0.000 ms  reord  0.00%  rtt    0.00 ms        0 pkt  0 flow
  w4      0.010 Mbps (std  0.082)  jit   0.927 ms  reord  0.00%  rtt  161.91 ms       30 pkt  4 flow
  w5     20.444 Mbps (std 100.697)  jit  10.986 ms  reord  0.17%  rtt  178.18 ms   19,706 pkt  6 flow
  w6      5.595 Mbps (std 28.869)  jit   0.680 ms  reord  0.00%  rtt    0.30 ms    5,393 pkt  2 flow
  w7      7.382 Mbps (std 34.660)  jit   7.511 ms  reord  0.00%  rtt  113.52 ms    7,190 pkt  4 flow
  w8      4.894 Mbps (std 17.138)  jit   8.818 ms  reord  0.00%  rtt  107.82 ms    4,804 pkt  4 flow
  w9      1.141 Mbps (std  1.043)  jit 122.580 ms  reord  9.63%  rtt  328.64 ms    1,599 pkt  6 flow
  w10     1.055 Mbps (std  0.394)  jit 116.504 ms  reord  3.94%  rtt  320.32 ms    1,421 pkt  8 flow
  w11     0.483 Mbps (std  0.616)  jit  52.803 ms  reord  4.82%  rtt  251.24 ms      664 pkt  5 flow
  w12     1.023 Mbps (std  0.438)  jit  30.395 ms  reord  4.43%  rtt  295.10 ms    1,423 pkt  4 flow
  w13     1.124 Mbps (std  0.318)  jit  56.776 ms  reord  2.50%  rtt  316.50 ms    1,517 pkt  6 flow
  w14     0.931 Mbps (std  0.730)  jit  40.769 ms  reord 20.53%  rtt   51.81 ms    1,471 pkt  4 flow
  w15     1.449 Mbps (std  0.998)  jit  37.276 ms  reord 22.59%  rtt   48.18 ms    2,315 pkt  6 flow
  w16     2.535 Mbps (std  1.358)  jit  22.755 ms  reord 13.05%  rtt   55.77 ms    3,539 pkt  8 flow
  w17     3.316 Mbps (std  0.255)  jit  31.052 ms  reord  0.00%  rtt   84.68 ms    3,848 pkt  8 flow
  w18     3.316 Mbps (std  0.247)  jit  24.608 ms  reord  0.00%  rtt   76.02 ms    3,861 pkt  6 flow
  w19     2.914 Mbps (std  7.649)  jit  14.039 ms  reord  2.09%  rtt   60.69 ms    3,440 pkt  4 flow
  w20     2.669 Mbps (std  0.240)  jit  19.259 ms  reord  7.07%  rtt   70.06 ms    3,195 pkt  4 flow
  w21     2.660 Mbps (std  0.233)  jit  20.268 ms  reord  0.00%  rtt   69.38 ms    2,924 pkt  4 flow
  w22     4.376 Mbps (std 12.383)  jit  24.247 ms  reord  0.47%  rtt   75.76 ms    4,907 pkt  8 flow
  w23     2.005 Mbps (std  1.162)  jit  24.563 ms  reord  0.00%  rtt   67.66 ms    2,136 pkt  4 flow
  w24     2.084 Mbps (std  1.167)  jit  21.559 ms  reord  0.00%  rtt   62.66 ms    2,196 pkt  4 flow
  w25     2.435 Mbps (std  4.673)  jit  23.026 ms  reord  6.23%  rtt   64.85 ms    2,842 pkt  6 flow
  w26     2.157 Mbps (std  0.109)  jit  22.684 ms  reord 11.17%  rtt  118.96 ms    3,178 pkt  7 flow
  w27     1.480 Mbps (std  1.015)  jit  25.151 ms  reord 15.42%  rtt   99.86 ms    2,237 pkt  6 flow
  w28     2.158 Mbps (std  0.091)  jit  19.107 ms  reord 12.10%  rtt  125.21 ms    3,198 pkt  6 flow
  w29     2.139 Mbps (std  0.402)  jit  18.714 ms  reord 11.91%  rtt  104.76 ms    3,131 pkt  6 flow
  w30     1.114 Mbps (std  1.413)  jit  20.254 ms  reord  2.82%  rtt   29.38 ms    1,420 pkt  2 flow
  w31     1.589 Mbps (std  1.488)  jit  28.089 ms  reord  3.86%  rtt   24.90 ms    2,046 pkt  4 flow
  w32     2.127 Mbps (std  1.343)  jit  13.631 ms  reord  4.06%  rtt   28.54 ms    2,758 pkt  4 flow
  w33     0.004 Mbps (std  0.014)  jit  42.116 ms  reord  0.00%  rtt   30.22 ms       22 pkt  2 flow
  w34     0.000 Mbps (std  0.000)  jit   0.000 ms  reord  0.00%  rtt    0.00 ms        0 pkt  0 flow
  w35  (parsial, 53 cuplikan) 0.000 Mbps
>> selesai: 36 window -> qos_features.csv
>>          cuplikan mentah -> qos_samples.csv (untuk align_qos.py)
