>> run_id=MC_s2_dynamic_BigBuckBunny | map=flows | poll=0.1s | window=10.0s -> qos_features.csv
>> menghitung SEMUA flow TCP yang lewat (Ctrl-C untuk berhenti)
>> XDP terpasang di eth0: prog id=8427
>> membaca 1 map bernama 'flows': id [1991]
>> entri awal di map: 0  (0 = belum ada trafik TCP yang tertangkap)
  w0      0.000 Mbps (std  0.000)  jit   0.000 ms  reord  0.00%  rtt    0.00 ms        0 pkt  0 flow
  w1      0.000 Mbps (std  0.000)  jit   0.000 ms  reord  0.00%  rtt    0.00 ms        0 pkt  0 flow
  w2      0.000 Mbps (std  0.000)  jit   0.000 ms  reord  0.00%  rtt    0.00 ms        0 pkt  0 flow
  w3      0.000 Mbps (std  0.000)  jit   0.000 ms  reord  0.00%  rtt    0.00 ms        0 pkt  0 flow
  w4      0.600 Mbps (std  1.741)  jit   0.542 ms  reord  5.29%  rtt   41.85 ms      831 pkt  8 flow
  w5      6.017 Mbps (std  0.380)  jit   9.025 ms  reord  0.34%  rtt   54.63 ms    6,794 pkt  10 flow
  w6      6.034 Mbps (std  0.386)  jit  10.870 ms  reord  0.15%  rtt   56.75 ms    7,122 pkt  6 flow
  w7      6.044 Mbps (std  0.261)  jit   5.806 ms  reord  0.09%  rtt   41.24 ms    7,473 pkt  4 flow
  w8      6.033 Mbps (std  0.297)  jit   6.896 ms  reord  0.10%  rtt   49.01 ms    7,193 pkt  4 flow
  w9      3.151 Mbps (std  2.571)  jit  11.005 ms  reord  1.80%  rtt   47.64 ms    3,830 pkt  2 flow
  w10     3.247 Mbps (std  0.358)  jit  16.450 ms  reord  0.81%  rtt   53.58 ms    3,720 pkt  4 flow
  w11     3.231 Mbps (std  0.286)  jit  15.870 ms  reord  0.00%  rtt   73.87 ms    3,544 pkt  8 flow
  w12     3.255 Mbps (std  0.291)  jit  15.675 ms  reord  1.79%  rtt   62.04 ms    4,030 pkt  6 flow
  w13     3.129 Mbps (std  7.832)  jit  13.502 ms  reord  1.78%  rtt   50.63 ms    3,426 pkt  4 flow
  w14     3.173 Mbps (std  0.777)  jit  20.635 ms  reord  0.94%  rtt   52.09 ms    3,620 pkt  6 flow
  w15     3.359 Mbps (std  0.265)  jit  23.745 ms  reord  0.03%  rtt   70.17 ms    3,831 pkt  8 flow
  w16     3.362 Mbps (std  0.223)  jit  23.216 ms  reord  0.00%  rtt   70.73 ms    3,988 pkt  8 flow
  w17     4.859 Mbps (std 10.324)  jit  21.840 ms  reord  0.57%  rtt   72.87 ms    5,835 pkt  8 flow
  w18     4.308 Mbps (std  2.577)  jit  11.898 ms  reord  0.60%  rtt   53.89 ms    4,824 pkt  6 flow
  w19     6.011 Mbps (std  0.291)  jit   9.827 ms  reord  0.07%  rtt   43.82 ms    6,777 pkt  6 flow
  w20     2.863 Mbps (std  2.940)  jit  11.158 ms  reord  0.28%  rtt   33.21 ms    3,600 pkt  4 flow
  w21     5.997 Mbps (std  0.362)  jit  13.075 ms  reord  0.06%  rtt   61.14 ms    6,441 pkt  7 flow
  w22     6.769 Mbps (std 11.450)  jit  10.861 ms  reord  0.42%  rtt   50.27 ms    7,228 pkt  6 flow
  w23     2.262 Mbps (std  2.668)  jit  27.726 ms  reord 25.81%  rtt   65.30 ms    3,673 pkt  4 flow
  w24     5.413 Mbps (std  1.728)  jit   7.027 ms  reord 24.62%  rtt   74.37 ms    8,750 pkt  6 flow
  w25     6.109 Mbps (std  0.301)  jit   5.537 ms  reord 25.25%  rtt   90.33 ms    9,910 pkt  6 flow
  w26     6.119 Mbps (std  0.377)  jit   6.612 ms  reord 23.97%  rtt   86.35 ms    9,876 pkt  6 flow
  w27     3.719 Mbps (std  2.918)  jit   5.665 ms  reord  8.38%  rtt   47.76 ms    4,678 pkt  6 flow
  w28     3.636 Mbps (std  2.920)  jit  12.720 ms  reord  0.10%  rtt   54.64 ms    3,936 pkt  4 flow
  w29     6.648 Mbps (std 15.719)  jit   9.155 ms  reord  0.95%  rtt   49.33 ms    6,978 pkt  4 flow
  w30     4.019 Mbps (std  2.803)  jit   8.402 ms  reord  0.48%  rtt   49.35 ms    4,560 pkt  4 flow
  w31     3.510 Mbps (std  2.919)  jit  11.702 ms  reord  0.16%  rtt   50.14 ms    3,866 pkt  4 flow
  w32     5.981 Mbps (std  0.385)  jit  11.889 ms  reord  0.00%  rtt   56.32 ms    6,266 pkt  8 flow
  w33     2.149 Mbps (std  2.843)  jit   8.015 ms  reord  0.00%  rtt   37.94 ms    2,252 pkt  4 flow
  w34     0.000 Mbps (std  0.000)  jit   0.000 ms  reord  0.00%  rtt    0.00 ms        0 pkt  0 flow
  w35  (parsial, 56 cuplikan) 0.000 Mbps
>> selesai: 36 window -> qos_features.csv
>>          cuplikan mentah -> qos_samples.csv (untuk align_qos.py)
