>> run_id=MC_s4_bola_TearsOfSteel | map=flows | poll=0.1s | window=10.0s -> qos_features.csv
>> menghitung SEMUA flow TCP yang lewat (Ctrl-C untuk berhenti)
>> XDP terpasang di eth0: prog id=8623
>> membaca 1 map bernama 'flows': id [2047]
>> entri awal di map: 0  (0 = belum ada trafik TCP yang tertangkap)
  w0      0.000 Mbps (std  0.000)  jit   0.000 ms  reord  0.00%  rtt    0.00 ms        0 pkt  0 flow
  w1      0.000 Mbps (std  0.000)  jit   0.000 ms  reord  0.00%  rtt    0.00 ms        0 pkt  0 flow
  w2      0.000 Mbps (std  0.000)  jit   0.000 ms  reord  0.00%  rtt    0.00 ms        0 pkt  0 flow
  w3      0.000 Mbps (std  0.000)  jit   0.000 ms  reord  0.00%  rtt    0.00 ms        0 pkt  0 flow
  w4      0.009 Mbps (std  0.077)  jit   1.466 ms  reord 12.50%  rtt  150.13 ms       40 pkt  4 flow
  w5      0.301 Mbps (std  0.519)  jit 130.696 ms  reord  6.15%  rtt  407.68 ms      439 pkt  6 flow
  w6      0.249 Mbps (std  0.062)  jit 250.737 ms  reord  0.00%  rtt  618.09 ms      332 pkt  4 flow
  w7      0.248 Mbps (std  0.056)  jit 275.480 ms  reord  0.00%  rtt  547.08 ms      325 pkt  4 flow
  w8      0.753 Mbps (std  4.242)  jit 192.655 ms  reord  1.07%  rtt  477.97 ms      838 pkt  4 flow
  w9      0.469 Mbps (std  0.087)  jit 218.501 ms  reord  0.00%  rtt  301.06 ms      603 pkt  6 flow
  w10     0.469 Mbps (std  0.083)  jit 149.496 ms  reord  0.00%  rtt  311.42 ms      599 pkt  6 flow
  w11     0.471 Mbps (std  0.089)  jit 136.846 ms  reord  0.17%  rtt  239.56 ms      605 pkt  5 flow
  w12     0.728 Mbps (std  3.455)  jit  83.959 ms  reord  0.92%  rtt  332.47 ms      872 pkt  6 flow
  w13     0.536 Mbps (std  0.304)  jit 144.233 ms  reord  0.97%  rtt  178.42 ms      621 pkt  6 flow
  w14     0.610 Mbps (std  0.090)  jit 142.898 ms  reord  0.25%  rtt  236.12 ms      787 pkt  7 flow
  w15     0.609 Mbps (std  0.096)  jit 126.447 ms  reord  0.13%  rtt  292.70 ms      795 pkt  7 flow
  w16     0.994 Mbps (std  3.317)  jit  97.742 ms  reord  0.87%  rtt  182.87 ms    1,156 pkt  5 flow
  w17     0.588 Mbps (std  2.521)  jit   2.941 ms  reord  0.00%  rtt    0.70 ms      590 pkt  2 flow
  w18     0.708 Mbps (std  2.451)  jit   5.195 ms  reord  0.00%  rtt    0.41 ms      706 pkt  2 flow
  w19     1.910 Mbps (std  4.215)  jit  16.870 ms  reord  0.00%  rtt  106.88 ms    1,942 pkt  4 flow
  w20     2.420 Mbps (std  5.173)  jit  13.616 ms  reord  0.00%  rtt  108.45 ms    2,463 pkt  4 flow
  w21     1.585 Mbps (std  5.915)  jit 110.070 ms  reord  1.46%  rtt  833.01 ms    1,642 pkt  4 flow
  w22     0.342 Mbps (std  0.121)  jit 295.419 ms  reord  0.68%  rtt  385.97 ms      438 pkt  6 flow
  w23     0.338 Mbps (std  0.125)  jit 158.879 ms  reord  0.00%  rtt  339.51 ms      425 pkt  5 flow
  w24     0.341 Mbps (std  0.098)  jit 173.500 ms  reord  0.00%  rtt  332.12 ms      442 pkt  6 flow
  w25     0.836 Mbps (std  3.838)  jit 154.600 ms  reord  1.10%  rtt  316.60 ms      996 pkt  6 flow
  w26     0.790 Mbps (std  0.187)  jit 101.556 ms  reord  0.11%  rtt  146.77 ms      930 pkt  6 flow
  w27     0.788 Mbps (std  0.134)  jit 110.906 ms  reord  0.10%  rtt  178.41 ms      957 pkt  8 flow
  w28     1.255 Mbps (std  2.267)  jit  71.951 ms  reord  0.87%  rtt  144.93 ms    1,495 pkt  8 flow
  w29     1.329 Mbps (std  0.673)  jit  41.799 ms  reord  0.07%  rtt   90.52 ms    1,530 pkt  6 flow
  w30     1.643 Mbps (std  0.134)  jit  48.227 ms  reord  0.00%  rtt   99.47 ms    2,028 pkt  7 flow
  w31     3.079 Mbps (std 15.288)  jit 140.503 ms  reord  2.27%  rtt  121.09 ms    3,480 pkt  6 flow
  w32     1.128 Mbps (std  0.123)  jit  70.476 ms  reord  0.07%  rtt  155.51 ms    1,402 pkt  9 flow
  w33     0.975 Mbps (std  0.401)  jit  60.883 ms  reord  0.08%  rtt  158.50 ms    1,261 pkt  9 flow
  w34     0.000 Mbps (std  0.000)  jit   0.000 ms  reord  0.00%  rtt    0.00 ms        0 pkt  0 flow
  w35  (parsial, 73 cuplikan) 0.000 Mbps
>> selesai: 36 window -> qos_features.csv
>>          cuplikan mentah -> qos_samples.csv (untuk align_qos.py)
