>> run_id=MC_s5_bola_TearsOfSteel | map=flows | poll=0.1s | window=10.0s -> qos_features.csv
>> menghitung SEMUA flow TCP yang lewat (Ctrl-C untuk berhenti)
>> XDP terpasang di eth0: prog id=8532
>> membaca 1 map bernama 'flows': id [2021]
>> entri awal di map: 0  (0 = belum ada trafik TCP yang tertangkap)
  w0      0.000 Mbps (std  0.000)  jit   0.000 ms  reord  0.00%  rtt    0.00 ms        0 pkt  0 flow
  w1      0.000 Mbps (std  0.000)  jit   0.000 ms  reord  0.00%  rtt    0.00 ms        0 pkt  0 flow
  w2      0.000 Mbps (std  0.000)  jit   0.000 ms  reord  0.00%  rtt    0.00 ms        0 pkt  0 flow
  w3      0.000 Mbps (std  0.000)  jit   0.000 ms  reord  0.00%  rtt    0.00 ms        0 pkt  0 flow
  w4      0.337 Mbps (std  0.809)  jit   1.396 ms  reord  0.50%  rtt   62.05 ms      397 pkt  9 flow
  w5      2.215 Mbps (std  0.120)  jit  34.925 ms  reord  0.21%  rtt   84.37 ms    2,810 pkt  10 flow
  w6      2.576 Mbps (std  8.792)  jit  33.119 ms  reord  1.78%  rtt   76.86 ms    3,097 pkt  6 flow
  w7      0.976 Mbps (std  0.689)  jit  38.966 ms  reord  4.06%  rtt  107.38 ms    1,255 pkt  4 flow
  w8      0.988 Mbps (std  0.710)  jit  35.605 ms  reord  2.81%  rtt   89.27 ms    1,173 pkt  4 flow
  w9      0.740 Mbps (std  0.802)  jit 139.104 ms  reord 16.73%  rtt  152.88 ms    1,088 pkt  7 flow
  w10     0.691 Mbps (std  0.068)  jit  86.038 ms  reord 12.48%  rtt  122.77 ms    1,034 pkt  8 flow
  w11     0.694 Mbps (std  0.078)  jit  74.511 ms  reord 13.73%  rtt  182.35 ms    1,085 pkt  9 flow
  w12     0.697 Mbps (std  0.075)  jit  72.655 ms  reord 16.13%  rtt  187.86 ms    1,122 pkt  8 flow
  w13     0.660 Mbps (std  0.137)  jit  68.959 ms  reord 15.21%  rtt  136.63 ms    1,019 pkt  8 flow
  w14     0.677 Mbps (std  1.254)  jit 123.977 ms  reord  8.28%  rtt  180.79 ms      918 pkt  6 flow
  w15     0.370 Mbps (std  0.097)  jit 163.954 ms  reord  0.00%  rtt  345.80 ms      497 pkt  5 flow
  w16     0.371 Mbps (std  0.100)  jit 210.601 ms  reord  0.40%  rtt  389.33 ms      503 pkt  5 flow
  w17     0.562 Mbps (std  1.532)  jit 176.752 ms  reord  2.39%  rtt  361.10 ms      711 pkt  5 flow
  w18     0.192 Mbps (std  0.106)  jit 273.011 ms  reord  1.04%  rtt  586.24 ms      289 pkt  4 flow
  w19     0.192 Mbps (std  0.085)  jit 356.107 ms  reord  0.67%  rtt  541.93 ms      299 pkt  4 flow
  w20     0.191 Mbps (std  0.104)  jit 334.679 ms  reord  0.00%  rtt  497.66 ms      278 pkt  4 flow
  w21     0.869 Mbps (std  4.118)  jit 157.609 ms  reord  1.23%  rtt  256.87 ms      974 pkt  6 flow
  w22     0.477 Mbps (std  0.128)  jit 137.547 ms  reord  0.32%  rtt  259.30 ms      621 pkt  8 flow
  w23     0.851 Mbps (std  0.792)  jit 104.116 ms  reord  1.03%  rtt  182.24 ms    1,066 pkt  7 flow
  w24     0.821 Mbps (std  0.418)  jit  68.757 ms  reord  0.31%  rtt  150.84 ms      958 pkt  6 flow
  w25     0.980 Mbps (std  0.128)  jit 112.081 ms  reord  0.08%  rtt  168.04 ms    1,214 pkt  9 flow
  w26     0.935 Mbps (std  0.257)  jit  46.752 ms  reord  0.00%  rtt  112.02 ms    1,105 pkt  8 flow
  w27     1.174 Mbps (std  1.017)  jit  40.383 ms  reord  0.54%  rtt   82.23 ms    1,307 pkt  7 flow
  w28     2.378 Mbps (std  0.168)  jit  32.022 ms  reord  0.00%  rtt   75.27 ms    2,823 pkt  6 flow
  w29     1.601 Mbps (std  1.087)  jit  24.704 ms  reord  0.00%  rtt   61.03 ms    1,685 pkt  4 flow
  w30     3.478 Mbps (std 20.497)  jit  36.798 ms  reord  0.64%  rtt   82.53 ms    3,621 pkt  6 flow
  w31     3.854 Mbps (std  9.933)  jit   9.359 ms  reord  0.00%  rtt  112.23 ms    3,927 pkt  4 flow
  w32     3.818 Mbps (std 10.409)  jit  12.901 ms  reord  0.00%  rtt   94.36 ms    3,903 pkt  4 flow
  w33     2.262 Mbps (std  6.975)  jit  21.709 ms  reord  0.00%  rtt  110.62 ms    2,345 pkt  5 flow
  w34     0.000 Mbps (std  0.000)  jit   0.000 ms  reord  0.00%  rtt    0.00 ms        0 pkt  0 flow
  w35  (parsial, 67 cuplikan) 0.000 Mbps
>> selesai: 36 window -> qos_features.csv
>>          cuplikan mentah -> qos_samples.csv (untuk align_qos.py)
