>> run_id=CONT_s7_bola_ElephantsDream | map=flows | poll=0.1s | window=10.0s -> qos_features.csv
>> menghitung SEMUA flow TCP yang lewat (Ctrl-C untuk berhenti)
>> XDP terpasang di eth0: prog id=1594
>> membaca 1 map bernama 'flows': id [450]
>> entri awal di map: 0  (0 = belum ada trafik TCP yang tertangkap)
  w0      0.000 Mbps (std  0.000)  jit   0.000 ms  reord  0.00%  rtt    0.00 ms        0 pkt  0 flow
  w1      0.000 Mbps (std  0.000)  jit   0.000 ms  reord  0.00%  rtt    0.00 ms        0 pkt  0 flow
  w2      0.000 Mbps (std  0.000)  jit   0.000 ms  reord  0.00%  rtt    0.00 ms        0 pkt  0 flow
  w3      0.000 Mbps (std  0.000)  jit   0.000 ms  reord  0.00%  rtt    0.00 ms        0 pkt  0 flow
  w4      0.010 Mbps (std  0.052)  jit   1.680 ms  reord  0.00%  rtt  174.49 ms       28 pkt  2 flow
  w5      1.366 Mbps (std  8.405)  jit  13.127 ms  reord  2.27%  rtt  296.45 ms    1,539 pkt  5 flow
  w6      0.440 Mbps (std  3.092)  jit   0.240 ms  reord  0.00%  rtt    0.55 ms      455 pkt  2 flow
  w7      2.033 Mbps (std  4.923)  jit   7.736 ms  reord  0.00%  rtt   86.58 ms    2,086 pkt  4 flow
  w8      2.572 Mbps (std  5.629)  jit  15.503 ms  reord  0.00%  rtt   86.98 ms    2,641 pkt  4 flow
  w9      1.019 Mbps (std  0.805)  jit  89.427 ms  reord  6.24%  rtt  304.20 ms    1,411 pkt  5 flow
  w10     1.095 Mbps (std  0.303)  jit  84.133 ms  reord  3.60%  rtt  318.04 ms    1,474 pkt  5 flow
  w11     0.763 Mbps (std  0.679)  jit  18.870 ms  reord  0.88%  rtt  221.34 ms      914 pkt  2 flow
  w12     0.756 Mbps (std  0.619)  jit  27.638 ms  reord  1.05%  rtt  265.15 ms      954 pkt  2 flow
  w13     0.938 Mbps (std  0.486)  jit  23.847 ms  reord  2.41%  rtt  273.51 ms    1,247 pkt  5 flow
  w14     0.846 Mbps (std  0.458)  jit  32.475 ms  reord 14.72%  rtt   91.87 ms    1,216 pkt  4 flow
  w15     1.142 Mbps (std  0.690)  jit  15.870 ms  reord 20.81%  rtt   47.63 ms    1,778 pkt  2 flow
  w16     0.947 Mbps (std  1.156)  jit  22.035 ms  reord 11.11%  rtt   48.46 ms    1,269 pkt  4 flow
  w17     2.015 Mbps (std  1.421)  jit  45.547 ms  reord  1.44%  rtt  622.91 ms    2,226 pkt  4 flow
  w18     1.779 Mbps (std  1.431)  jit  63.286 ms  reord  1.80%  rtt   34.30 ms    2,002 pkt  4 flow
  w19     2.281 Mbps (std  1.496)  jit  19.797 ms  reord  0.13%  rtt   55.96 ms    2,371 pkt  5 flow
  w20     3.545 Mbps (std  8.315)  jit   6.695 ms  reord  0.85%  rtt   74.23 ms    3,654 pkt  2 flow
  w21     2.652 Mbps (std  0.449)  jit   7.224 ms  reord  0.11%  rtt   78.62 ms    2,692 pkt  2 flow
  w22     2.661 Mbps (std  0.336)  jit  12.982 ms  reord  0.89%  rtt   80.18 ms    2,824 pkt  5 flow
  w23     3.172 Mbps (std  8.953)  jit  14.006 ms  reord  1.78%  rtt   67.99 ms    3,482 pkt  4 flow
  w24     1.255 Mbps (std  1.338)  jit  10.083 ms  reord  0.15%  rtt   70.45 ms    1,320 pkt  2 flow
  w25     0.812 Mbps (std  1.207)  jit  13.119 ms  reord  3.44%  rtt   68.48 ms      872 pkt  2 flow
  w26     1.748 Mbps (std  0.664)  jit  17.362 ms  reord 12.88%  rtt   95.60 ms    2,577 pkt  4 flow
  w27     1.352 Mbps (std  0.659)  jit  19.585 ms  reord 14.48%  rtt   73.06 ms    1,968 pkt  5 flow
  w28     1.087 Mbps (std  0.394)  jit  18.943 ms  reord 15.86%  rtt   47.33 ms    1,564 pkt  2 flow
  w29     1.652 Mbps (std  0.807)  jit  15.006 ms  reord 13.60%  rtt   97.09 ms    2,442 pkt  4 flow
  w30     2.420 Mbps (std  1.389)  jit   8.908 ms  reord  2.37%  rtt   36.00 ms    2,870 pkt  2 flow
  w31     2.422 Mbps (std  1.410)  jit   9.338 ms  reord  2.73%  rtt   35.31 ms    2,817 pkt  2 flow
  w32     1.193 Mbps (std  1.496)  jit   9.349 ms  reord  4.21%  rtt   25.61 ms    1,424 pkt  2 flow
  w33     1.850 Mbps (std  1.550)  jit   9.530 ms  reord  3.50%  rtt   25.25 ms    2,202 pkt  2 flow
  w34     0.071 Mbps (std  0.490)  jit   0.132 ms  reord 10.28%  rtt   25.38 ms      107 pkt  2 flow
  w35  (parsial, 98 cuplikan) 0.000 Mbps
>> selesai: 36 window -> qos_features.csv
>>          cuplikan mentah -> qos_samples.csv (untuk align_qos.py)
