>> run_id=CONT_s9_l2a_TheSwissAccount | map=flows | poll=0.1s | window=10.0s -> qos_features.csv
>> menghitung SEMUA flow TCP yang lewat (Ctrl-C untuk berhenti)
>> XDP terpasang di eth0: prog id=339
>> membaca 1 map bernama 'flows': id [92]
>> entri awal di map: 0  (0 = belum ada trafik TCP yang tertangkap)
  w0      0.000 Mbps (std  0.000)  jit   0.000 ms  reord  0.00%  rtt    0.00 ms        0 pkt  0 flow
  w1      0.000 Mbps (std  0.000)  jit   0.000 ms  reord  0.00%  rtt    0.00 ms        0 pkt  0 flow
  w2      0.000 Mbps (std  0.000)  jit   0.000 ms  reord  0.00%  rtt    0.00 ms        0 pkt  0 flow
  w3      0.000 Mbps (std  0.000)  jit   0.000 ms  reord  0.00%  rtt    0.00 ms        0 pkt  0 flow
  w4      0.186 Mbps (std  0.426)  jit   2.827 ms  reord  0.00%  rtt  104.19 ms      234 pkt  4 flow
  w5      1.054 Mbps (std  0.141)  jit  44.283 ms  reord  0.31%  rtt  139.13 ms    1,299 pkt  6 flow
  w6      2.078 Mbps (std  6.871)  jit  38.586 ms  reord  0.34%  rtt  129.92 ms    2,352 pkt  6 flow
  w7      0.986 Mbps (std  0.540)  jit  20.826 ms  reord  0.00%  rtt   98.71 ms    1,055 pkt  4 flow
  w8      0.914 Mbps (std  0.576)  jit  20.959 ms  reord  0.00%  rtt  119.40 ms      941 pkt  2 flow
  w9      1.013 Mbps (std  0.516)  jit  20.467 ms  reord  0.00%  rtt  120.22 ms    1,051 pkt  2 flow
  w10     1.216 Mbps (std  0.255)  jit  29.212 ms  reord  0.00%  rtt  134.13 ms    1,325 pkt  4 flow
  w11     0.682 Mbps (std  0.672)  jit  13.385 ms  reord  1.49%  rtt  110.38 ms      737 pkt  2 flow
  w12     2.848 Mbps (std  0.343)  jit   7.392 ms  reord  0.07%  rtt   69.69 ms    2,907 pkt  2 flow
  w13     2.810 Mbps (std  0.422)  jit  11.040 ms  reord  1.17%  rtt   69.65 ms    2,980 pkt  4 flow
  w14     1.861 Mbps (std  1.065)  jit  12.859 ms  reord  0.95%  rtt   84.77 ms    1,900 pkt  4 flow
  w15     1.131 Mbps (std  0.611)  jit  16.416 ms  reord  0.00%  rtt  104.97 ms    1,173 pkt  2 flow
  w16     1.289 Mbps (std  0.460)  jit  16.654 ms  reord  0.00%  rtt  104.12 ms    1,354 pkt  4 flow
  w17     1.364 Mbps (std  0.293)  jit  34.980 ms  reord  0.00%  rtt  123.54 ms    1,562 pkt  4 flow
  w18     1.124 Mbps (std  0.600)  jit  18.064 ms  reord  0.00%  rtt  102.86 ms    1,173 pkt  2 flow
  w19     1.832 Mbps (std  7.888)  jit  25.101 ms  reord  2.59%  rtt  100.05 ms    1,930 pkt  2 flow
  w20     0.408 Mbps (std  0.144)  jit  47.498 ms  reord 14.67%  rtt   96.07 ms      593 pkt  2 flow
  w21     0.408 Mbps (std  0.181)  jit  51.210 ms  reord 16.72%  rtt   96.16 ms      604 pkt  2 flow
  w22     2.832 Mbps (std  2.255)  jit  20.839 ms  reord  2.04%  rtt   66.17 ms    3,329 pkt  2 flow
  w23     5.060 Mbps (std  0.347)  jit   1.928 ms  reord  0.41%  rtt   45.12 ms    6,556 pkt  2 flow
  w24     5.043 Mbps (std  0.329)  jit   3.358 ms  reord  0.34%  rtt   48.98 ms    6,468 pkt  4 flow
  w25     5.045 Mbps (std  0.285)  jit   3.188 ms  reord  0.35%  rtt   48.04 ms    6,347 pkt  4 flow
  w26     5.049 Mbps (std  0.309)  jit   1.852 ms  reord  0.40%  rtt   45.57 ms    6,525 pkt  2 flow
  w27     6.082 Mbps (std 11.579)  jit   7.770 ms  reord  0.65%  rtt   56.65 ms    6,763 pkt  4 flow
  w28     5.149 Mbps (std  1.877)  jit  10.000 ms  reord  0.31%  rtt   49.86 ms    5,475 pkt  5 flow
  w29     5.772 Mbps (std  1.280)  jit   2.269 ms  reord  0.23%  rtt   39.91 ms    7,486 pkt  4 flow
  w30     4.214 Mbps (std  2.745)  jit   1.931 ms  reord  0.60%  rtt   33.15 ms    5,800 pkt  2 flow
  w31     6.015 Mbps (std  7.421)  jit   8.171 ms  reord  0.97%  rtt   53.53 ms    6,792 pkt  4 flow
  w32     3.139 Mbps (std  0.306)  jit  13.009 ms  reord  1.87%  rtt   85.34 ms    3,903 pkt  5 flow
  w33     3.127 Mbps (std  0.198)  jit   5.852 ms  reord  0.57%  rtt   82.15 ms    3,859 pkt  2 flow
  w34     0.445 Mbps (std  1.102)  jit   0.927 ms  reord  0.75%  rtt   75.43 ms      533 pkt  2 flow
  w35     0.000 Mbps (std  0.000)  jit   0.000 ms  reord  0.00%  rtt    0.00 ms        0 pkt  0 flow
  w36  (parsial, 17 cuplikan) 0.000 Mbps
>> selesai: 37 window -> qos_features.csv
>>          cuplikan mentah -> qos_samples.csv (untuk align_qos.py)
