>> run_id=CONT_s8_dynamic_RedBullPlayStreets | map=flows | poll=0.1s | window=10.0s -> qos_features.csv
>> menghitung SEMUA flow TCP yang lewat (Ctrl-C untuk berhenti)
>> XDP terpasang di eth0: prog id=1874
>> membaca 1 map bernama 'flows': id [530]
>> entri awal di map: 0  (0 = belum ada trafik TCP yang tertangkap)
  w0      0.000 Mbps (std  0.000)  jit   0.000 ms  reord  0.00%  rtt    0.00 ms        0 pkt  0 flow
  w1      0.000 Mbps (std  0.000)  jit   0.000 ms  reord  0.00%  rtt    0.00 ms        0 pkt  0 flow
  w2      0.000 Mbps (std  0.000)  jit   0.000 ms  reord  0.00%  rtt    0.00 ms        0 pkt  0 flow
  w3      0.000 Mbps (std  0.000)  jit   0.000 ms  reord  0.00%  rtt    0.00 ms        0 pkt  0 flow
  w4      0.010 Mbps (std  0.050)  jit   2.269 ms  reord 10.00%  rtt   86.22 ms       30 pkt  3 flow
  w5      0.142 Mbps (std  0.153)  jit  68.137 ms  reord 20.15%  rtt  560.12 ms      263 pkt  4 flow
  w6      0.137 Mbps (std  0.115)  jit  68.882 ms  reord 15.62%  rtt  505.09 ms      224 pkt  2 flow
  w7      0.139 Mbps (std  0.131)  jit  65.838 ms  reord  2.51%  rtt  256.13 ms      199 pkt  2 flow
  w8      0.119 Mbps (std  0.187)  jit  77.832 ms  reord  3.21%  rtt  435.45 ms      156 pkt  2 flow
  w9      0.141 Mbps (std  0.176)  jit  56.321 ms  reord  5.13%  rtt  475.21 ms      195 pkt  2 flow
  w10     0.150 Mbps (std  0.205)  jit  53.386 ms  reord  0.59%  rtt  438.09 ms      169 pkt  2 flow
  w11     0.150 Mbps (std  0.229)  jit  50.707 ms  reord  1.14%  rtt  406.53 ms      176 pkt  4 flow
  w12     0.149 Mbps (std  0.136)  jit 158.006 ms  reord  0.00%  rtt  804.96 ms      188 pkt  3 flow
  w13     1.499 Mbps (std 10.132)  jit  76.447 ms  reord  2.02%  rtt  589.37 ms    1,583 pkt  7 flow
  w14     0.121 Mbps (std  0.205)  jit  51.064 ms  reord  0.00%  rtt  611.27 ms      134 pkt  2 flow
  w15     0.122 Mbps (std  0.207)  jit  43.072 ms  reord  0.00%  rtt  636.09 ms      133 pkt  2 flow
  w16     0.121 Mbps (std  0.203)  jit  44.748 ms  reord  0.00%  rtt  640.04 ms      131 pkt  2 flow
  w17     0.117 Mbps (std  0.241)  jit  47.620 ms  reord  0.00%  rtt  503.08 ms      126 pkt  2 flow
  w18     0.108 Mbps (std  0.262)  jit  41.157 ms  reord  3.33%  rtt  342.33 ms      120 pkt  2 flow
  w19     0.168 Mbps (std  0.191)  jit 110.300 ms  reord  0.48%  rtt  507.22 ms      207 pkt  4 flow
  w20     0.169 Mbps (std  0.177)  jit  56.749 ms  reord  0.00%  rtt  367.20 ms      195 pkt  2 flow
  w21     0.149 Mbps (std  0.201)  jit  45.631 ms  reord  0.58%  rtt  364.25 ms      171 pkt  2 flow
  w22     0.203 Mbps (std  0.451)  jit 122.316 ms  reord  3.17%  rtt  429.57 ms      252 pkt  3 flow
  w23     0.256 Mbps (std  0.305)  jit  51.015 ms  reord  0.00%  rtt  237.21 ms      272 pkt  2 flow
  w24     0.360 Mbps (std  0.284)  jit  33.899 ms  reord  0.00%  rtt  285.03 ms      379 pkt  4 flow
  w25     0.448 Mbps (std  1.481)  jit  48.236 ms  reord  2.03%  rtt  304.33 ms      493 pkt  4 flow
  w26     0.154 Mbps (std  0.135)  jit 165.972 ms  reord  0.99%  rtt  687.10 ms      202 pkt  4 flow
  w27     0.157 Mbps (std  0.140)  jit 120.857 ms  reord  0.47%  rtt  663.46 ms      211 pkt  5 flow
  w28     1.308 Mbps (std 11.449)  jit 121.187 ms  reord  0.76%  rtt  656.45 ms    1,454 pkt  4 flow
  w29     0.245 Mbps (std  0.145)  jit  72.100 ms  reord  3.90%  rtt  255.62 ms      308 pkt  3 flow
  w30     0.243 Mbps (std  0.122)  jit 125.082 ms  reord  0.00%  rtt  461.25 ms      303 pkt  4 flow
  w31     0.198 Mbps (std  0.225)  jit 106.524 ms  reord  1.22%  rtt  363.68 ms      245 pkt  4 flow
  w32     0.450 Mbps (std  2.200)  jit  74.527 ms  reord  7.11%  rtt  567.39 ms      591 pkt  6 flow
  w33     0.128 Mbps (std  0.198)  jit  88.847 ms  reord  4.71%  rtt  253.38 ms      170 pkt  3 flow
  w34     0.199 Mbps (std  0.160)  jit  61.283 ms  reord 14.29%  rtt  574.07 ms      322 pkt  4 flow
  w35     0.075 Mbps (std  0.107)  jit   9.805 ms  reord  8.70%  rtt  673.20 ms      115 pkt  2 flow
  w36  (parsial, 25 cuplikan) 0.000 Mbps
>> selesai: 37 window -> qos_features.csv
>>          cuplikan mentah -> qos_samples.csv (untuk align_qos.py)
