>> run_id=CONT_s9_l2a_RedBullPlayStreets | map=flows | poll=0.1s | window=10.0s -> qos_features.csv
>> menghitung SEMUA flow TCP yang lewat (Ctrl-C untuk berhenti)
>> XDP terpasang di eth0: prog id=1447
>> membaca 1 map bernama 'flows': id [408]
>> entri awal di map: 0  (0 = belum ada trafik TCP yang tertangkap)
  w0      0.000 Mbps (std  0.000)  jit   0.000 ms  reord  0.00%  rtt    0.00 ms        0 pkt  0 flow
  w1      0.000 Mbps (std  0.000)  jit   0.000 ms  reord  0.00%  rtt    0.00 ms        0 pkt  0 flow
  w2      0.000 Mbps (std  0.000)  jit   0.000 ms  reord  0.00%  rtt    0.00 ms        0 pkt  0 flow
  w3      0.000 Mbps (std  0.000)  jit   0.000 ms  reord  0.00%  rtt    0.00 ms        0 pkt  0 flow
  w4      0.180 Mbps (std  0.431)  jit   2.789 ms  reord  0.00%  rtt  111.94 ms      227 pkt  4 flow
  w5      1.055 Mbps (std  0.177)  jit  43.112 ms  reord  0.31%  rtt  141.27 ms    1,282 pkt  6 flow
  w6      2.027 Mbps (std  9.224)  jit  39.246 ms  reord  0.86%  rtt  130.85 ms    2,324 pkt  5 flow
  w7      1.212 Mbps (std  0.222)  jit  18.221 ms  reord  0.00%  rtt  106.93 ms    1,254 pkt  4 flow
  w8      1.206 Mbps (std  0.135)  jit  15.305 ms  reord  0.00%  rtt   96.66 ms    1,233 pkt  2 flow
  w9      1.213 Mbps (std  0.147)  jit  15.283 ms  reord  0.00%  rtt   97.23 ms    1,242 pkt  2 flow
  w10     1.102 Mbps (std  0.426)  jit  29.681 ms  reord  0.00%  rtt  129.07 ms    1,170 pkt  4 flow
  w11     1.208 Mbps (std  4.347)  jit  20.115 ms  reord  0.79%  rtt   98.98 ms    1,272 pkt  2 flow
  w12     2.835 Mbps (std  0.451)  jit   6.841 ms  reord  0.25%  rtt   72.51 ms    2,796 pkt  2 flow
  w13     2.851 Mbps (std  0.360)  jit  10.871 ms  reord  0.89%  rtt   74.85 ms    3,034 pkt  4 flow
  w14     3.147 Mbps (std  6.893)  jit  11.211 ms  reord  0.62%  rtt   81.51 ms    3,200 pkt  4 flow
  w15     1.397 Mbps (std  0.282)  jit  13.366 ms  reord  0.00%  rtt   86.19 ms    1,429 pkt  2 flow
  w16     1.405 Mbps (std  0.285)  jit  13.203 ms  reord  0.00%  rtt   84.13 ms    1,450 pkt  4 flow
  w17     1.402 Mbps (std  0.237)  jit  36.499 ms  reord  0.00%  rtt  132.74 ms    1,540 pkt  4 flow
  w18     1.402 Mbps (std  0.285)  jit  13.467 ms  reord  0.00%  rtt   83.37 ms    1,445 pkt  2 flow
  w19     1.940 Mbps (std  8.864)  jit  21.654 ms  reord  2.06%  rtt   87.38 ms    2,040 pkt  2 flow
  w20     0.550 Mbps (std  0.232)  jit  38.330 ms  reord 13.04%  rtt   96.27 ms      759 pkt  2 flow
  w21     0.448 Mbps (std  0.215)  jit  41.696 ms  reord 16.47%  rtt   95.92 ms      662 pkt  2 flow
  w22     2.715 Mbps (std  2.305)  jit  24.650 ms  reord  1.21%  rtt   57.65 ms    2,897 pkt  2 flow
  w23     5.034 Mbps (std  0.307)  jit   2.870 ms  reord  0.79%  rtt   32.24 ms    5,969 pkt  2 flow
  w24     5.043 Mbps (std  0.324)  jit   2.762 ms  reord  0.39%  rtt   46.86 ms    6,393 pkt  4 flow
  w25     5.047 Mbps (std  0.343)  jit   3.664 ms  reord  0.43%  rtt   49.37 ms    6,447 pkt  4 flow
  w26     5.031 Mbps (std  0.342)  jit   1.789 ms  reord  0.24%  rtt   46.03 ms    6,222 pkt  2 flow
  w27     6.425 Mbps (std 12.038)  jit   5.248 ms  reord  0.77%  rtt   46.85 ms    7,520 pkt  4 flow
  w28     5.643 Mbps (std  1.376)  jit   8.897 ms  reord  0.26%  rtt   49.60 ms    6,532 pkt  5 flow
  w29     4.896 Mbps (std  2.337)  jit   2.912 ms  reord  0.14%  rtt   39.25 ms    6,253 pkt  4 flow
  w30     4.629 Mbps (std  2.589)  jit   1.323 ms  reord  0.26%  rtt   35.39 ms    6,434 pkt  4 flow
  w31     5.773 Mbps (std  6.730)  jit   8.766 ms  reord  0.90%  rtt   54.99 ms    6,454 pkt  4 flow
  w32     3.130 Mbps (std  0.283)  jit  13.135 ms  reord  1.82%  rtt   81.63 ms    3,849 pkt  6 flow
  w33     2.815 Mbps (std  0.977)  jit   6.899 ms  reord  0.73%  rtt   76.39 ms    3,304 pkt  2 flow
  w34     0.487 Mbps (std  1.130)  jit   1.003 ms  reord  0.67%  rtt   75.58 ms      600 pkt  2 flow
  w35     0.000 Mbps (std  0.000)  jit   0.000 ms  reord  0.00%  rtt    0.00 ms        0 pkt  0 flow
  w36  (parsial, 17 cuplikan) 0.000 Mbps
>> selesai: 37 window -> qos_features.csv
>>          cuplikan mentah -> qos_samples.csv (untuk align_qos.py)
