>> run_id=CONT_s3_throughput_Valkaama | map=flows | poll=0.1s | window=10.0s -> qos_features.csv
>> menghitung SEMUA flow TCP yang lewat (Ctrl-C untuk berhenti)
>> XDP terpasang di eth0: prog id=1363
>> membaca 1 map bernama 'flows': id [384]
>> entri awal di map: 0  (0 = belum ada trafik TCP yang tertangkap)
  w0      0.000 Mbps (std  0.000)  jit   0.000 ms  reord  0.00%  rtt    0.00 ms        0 pkt  0 flow
  w1      0.000 Mbps (std  0.000)  jit   0.000 ms  reord  0.00%  rtt    0.00 ms        0 pkt  0 flow
  w2      0.000 Mbps (std  0.000)  jit   0.000 ms  reord  0.00%  rtt    0.00 ms        0 pkt  0 flow
  w3      0.000 Mbps (std  0.000)  jit   0.000 ms  reord  0.00%  rtt    0.00 ms        0 pkt  0 flow
  w4      0.058 Mbps (std  0.180)  jit   2.912 ms  reord  2.30%  rtt  217.27 ms       87 pkt  4 flow
  w5      0.305 Mbps (std  0.208)  jit  92.193 ms  reord  1.04%  rtt  371.08 ms      384 pkt  5 flow
  w6      0.301 Mbps (std  0.104)  jit  63.470 ms  reord  0.00%  rtt  209.46 ms      384 pkt  2 flow
  w7      0.399 Mbps (std  1.591)  jit  42.240 ms  reord  0.84%  rtt  203.69 ms      474 pkt  2 flow
  w8      0.147 Mbps (std  0.196)  jit  81.183 ms  reord 19.26%  rtt  172.77 ms      244 pkt  4 flow
  w9      0.273 Mbps (std  0.118)  jit  80.750 ms  reord 11.68%  rtt  174.58 ms      411 pkt  4 flow
  w10     0.158 Mbps (std  0.334)  jit  39.622 ms  reord  4.04%  rtt   92.94 ms      198 pkt  2 flow
  w11     0.108 Mbps (std  0.306)  jit  83.654 ms  reord  0.00%  rtt  118.67 ms      117 pkt  4 flow
  w12     0.620 Mbps (std  0.372)  jit  68.428 ms  reord  0.14%  rtt  143.83 ms      702 pkt  4 flow
  w13     0.628 Mbps (std  0.748)  jit  18.567 ms  reord  0.00%  rtt  102.43 ms      666 pkt  2 flow
  w14     1.541 Mbps (std  0.238)  jit  22.303 ms  reord  0.00%  rtt  112.95 ms    1,678 pkt  5 flow
  w15     1.514 Mbps (std  0.337)  jit  18.383 ms  reord  0.00%  rtt  104.39 ms    1,599 pkt  4 flow
  w16     1.020 Mbps (std  0.327)  jit  21.560 ms  reord  1.02%  rtt  132.63 ms    1,083 pkt  2 flow
  w17     0.841 Mbps (std  0.485)  jit  19.417 ms  reord  0.22%  rtt  127.00 ms      889 pkt  3 flow
  w18     1.018 Mbps (std  0.227)  jit  39.034 ms  reord  0.00%  rtt  138.84 ms    1,129 pkt  4 flow
  w19     0.790 Mbps (std  0.525)  jit  23.314 ms  reord  0.00%  rtt  129.75 ms      831 pkt  2 flow
  w20     1.688 Mbps (std  7.851)  jit  23.446 ms  reord  0.62%  rtt  141.64 ms    1,788 pkt  2 flow
  w21     0.854 Mbps (std  0.229)  jit  23.968 ms  reord  0.00%  rtt  132.47 ms      921 pkt  2 flow
  w22     0.701 Mbps (std  0.407)  jit  23.628 ms  reord  0.00%  rtt  128.16 ms      745 pkt  2 flow
  w23     0.469 Mbps (std  0.495)  jit  27.117 ms  reord  0.00%  rtt  133.53 ms      488 pkt  2 flow
  w24     0.516 Mbps (std  0.876)  jit  30.996 ms  reord  1.81%  rtt  123.46 ms      554 pkt  2 flow
  w25     0.343 Mbps (std  0.287)  jit  49.316 ms  reord  5.96%  rtt  164.86 ms      436 pkt  2 flow
  w26     0.263 Mbps (std  0.185)  jit  62.248 ms  reord 16.67%  rtt  131.28 ms      396 pkt  2 flow
  w27     0.269 Mbps (std  0.192)  jit  59.582 ms  reord 18.63%  rtt  141.04 ms      408 pkt  2 flow
  w28     0.261 Mbps (std  0.170)  jit  72.369 ms  reord 15.28%  rtt  138.74 ms      386 pkt  2 flow
  w29     0.251 Mbps (std  0.160)  jit  68.627 ms  reord 13.17%  rtt  135.35 ms      372 pkt  2 flow
  w30     0.508 Mbps (std  0.203)  jit  54.242 ms  reord  1.77%  rtt  175.03 ms      623 pkt  4 flow
  w31     0.159 Mbps (std  0.321)  jit  38.290 ms  reord  0.00%  rtt  157.60 ms      169 pkt  2 flow
  w32     0.266 Mbps (std  0.337)  jit  63.267 ms  reord  1.32%  rtt  208.64 ms      304 pkt  4 flow
  w33     0.514 Mbps (std  0.198)  jit  76.538 ms  reord  0.00%  rtt  208.12 ms      598 pkt  4 flow
  w34     0.182 Mbps (std  0.292)  jit  14.410 ms  reord  0.00%  rtt  158.26 ms      198 pkt  2 flow
  w35     0.000 Mbps (std  0.000)  jit   0.000 ms  reord  0.00%  rtt    0.00 ms        0 pkt  0 flow
  w36  (parsial, 18 cuplikan) 0.000 Mbps
>> selesai: 37 window -> qos_features.csv
>>          cuplikan mentah -> qos_samples.csv (untuk align_qos.py)
