>> run_id=CONT_s10_l2a_TheSwissAccount | map=flows | poll=0.1s | window=10.0s -> qos_features.csv
>> menghitung SEMUA flow TCP yang lewat (Ctrl-C untuk berhenti)
>> XDP terpasang di eth0: prog id=1314
>> membaca 1 map bernama 'flows': id [370]
>> entri awal di map: 0  (0 = belum ada trafik TCP yang tertangkap)
  w0      0.000 Mbps (std  0.000)  jit   0.000 ms  reord  0.00%  rtt    0.00 ms        0 pkt  0 flow
  w1      0.000 Mbps (std  0.000)  jit   0.000 ms  reord  0.00%  rtt    0.00 ms        0 pkt  0 flow
  w2      0.000 Mbps (std  0.000)  jit   0.000 ms  reord  0.00%  rtt    0.00 ms        0 pkt  0 flow
  w3      0.000 Mbps (std  0.000)  jit   0.000 ms  reord  0.00%  rtt    0.00 ms        0 pkt  0 flow
  w4      0.100 Mbps (std  0.335)  jit   1.363 ms  reord  0.70%  rtt   61.20 ms      143 pkt  3 flow
  w5      1.010 Mbps (std  0.303)  jit  23.449 ms  reord  0.28%  rtt  133.70 ms    1,067 pkt  4 flow
  w6      0.389 Mbps (std  0.527)  jit  26.351 ms  reord  0.00%  rtt  135.84 ms      443 pkt  4 flow
  w7      1.242 Mbps (std  1.739)  jit  25.858 ms  reord  0.92%  rtt  116.94 ms    1,302 pkt  4 flow
  w8      1.076 Mbps (std  0.196)  jit  45.725 ms  reord  0.00%  rtt  160.60 ms    1,202 pkt  5 flow
  w9      1.074 Mbps (std  0.201)  jit  41.902 ms  reord  0.00%  rtt  157.94 ms    1,181 pkt  5 flow
  w10     0.734 Mbps (std  0.576)  jit  23.207 ms  reord  0.00%  rtt  124.13 ms      752 pkt  2 flow
  w11     1.435 Mbps (std  3.937)  jit  21.838 ms  reord  1.01%  rtt  133.04 ms    1,491 pkt  2 flow
  w12     0.855 Mbps (std  0.191)  jit  48.757 ms  reord  0.00%  rtt  167.64 ms      994 pkt  5 flow
  w13     0.607 Mbps (std  0.400)  jit  32.902 ms  reord  0.00%  rtt  141.81 ms      781 pkt  6 flow
  w14     0.847 Mbps (std  0.235)  jit  34.781 ms  reord  0.00%  rtt  137.04 ms      904 pkt  2 flow
  w15     1.282 Mbps (std  5.489)  jit  30.710 ms  reord  0.59%  rtt  186.97 ms    1,363 pkt  2 flow
  w16     0.573 Mbps (std  0.194)  jit  33.384 ms  reord  0.00%  rtt  186.47 ms      608 pkt  2 flow
  w17     0.576 Mbps (std  0.186)  jit  50.585 ms  reord  0.00%  rtt  209.45 ms      623 pkt  4 flow
  w18     1.270 Mbps (std  6.349)  jit  72.083 ms  reord  1.36%  rtt  250.46 ms    1,396 pkt  5 flow
  w19     0.457 Mbps (std  0.157)  jit  54.548 ms  reord  0.00%  rtt  167.39 ms      528 pkt  4 flow
  w20     0.455 Mbps (std  0.157)  jit  39.521 ms  reord  0.00%  rtt  150.21 ms      523 pkt  2 flow
  w21     0.454 Mbps (std  0.159)  jit  39.276 ms  reord  0.00%  rtt  155.44 ms      520 pkt  2 flow
  w22     0.456 Mbps (std  0.161)  jit  39.334 ms  reord  0.00%  rtt  153.21 ms      523 pkt  2 flow
  w23     0.779 Mbps (std  4.382)  jit  38.445 ms  reord  4.34%  rtt  264.95 ms      899 pkt  2 flow
  w24     0.199 Mbps (std  0.134)  jit  43.316 ms  reord  3.75%  rtt  272.31 ms      293 pkt  2 flow
  w25     0.205 Mbps (std  0.150)  jit  62.937 ms  reord 13.80%  rtt  424.64 ms      326 pkt  4 flow
  w26     0.202 Mbps (std  0.073)  jit  47.733 ms  reord  8.39%  rtt  168.24 ms      322 pkt  2 flow
  w27     0.170 Mbps (std  0.174)  jit  45.893 ms  reord  5.15%  rtt  273.78 ms      233 pkt  2 flow
  w28     0.140 Mbps (std  0.170)  jit  52.946 ms  reord  0.00%  rtt  423.05 ms      163 pkt  2 flow
  w29     0.145 Mbps (std  0.172)  jit  53.981 ms  reord  0.00%  rtt  438.43 ms      170 pkt  2 flow
  w30     0.142 Mbps (std  0.171)  jit  53.076 ms  reord  0.00%  rtt  463.18 ms      165 pkt  2 flow
  w31     0.145 Mbps (std  0.147)  jit 106.690 ms  reord  1.07%  rtt  610.26 ms      187 pkt  4 flow
  w32     0.143 Mbps (std  0.158)  jit 125.460 ms  reord  0.00%  rtt  778.66 ms      180 pkt  4 flow
  w33     0.275 Mbps (std  1.592)  jit  40.079 ms  reord  2.94%  rtt  545.36 ms      306 pkt  2 flow
  w34     0.023 Mbps (std  0.112)  jit   6.610 ms  reord  0.00%  rtt  932.51 ms       26 pkt  2 flow
  w35     0.000 Mbps (std  0.000)  jit   0.000 ms  reord  0.00%  rtt    0.00 ms        0 pkt  0 flow
  w36  (parsial, 16 cuplikan) 0.000 Mbps
>> selesai: 37 window -> qos_features.csv
>>          cuplikan mentah -> qos_samples.csv (untuk align_qos.py)
