>> run_id=CONT_s7_throughput_Valkaama | map=flows | poll=0.1s | window=10.0s -> qos_features.csv
>> menghitung SEMUA flow TCP yang lewat (Ctrl-C untuk berhenti)
>> XDP terpasang di eth0: prog id=1377
>> membaca 1 map bernama 'flows': id [388]
>> entri awal di map: 0  (0 = belum ada trafik TCP yang tertangkap)
  w0      0.000 Mbps (std  0.000)  jit   0.000 ms  reord  0.00%  rtt    0.00 ms        0 pkt  0 flow
  w1      0.000 Mbps (std  0.000)  jit   0.000 ms  reord  0.00%  rtt    0.00 ms        0 pkt  0 flow
  w2      0.000 Mbps (std  0.000)  jit   0.000 ms  reord  0.00%  rtt    0.00 ms        0 pkt  0 flow
  w3      0.000 Mbps (std  0.000)  jit   0.000 ms  reord  0.00%  rtt    0.00 ms        0 pkt  0 flow
  w4      0.011 Mbps (std  0.053)  jit   2.483 ms  reord  2.86%  rtt  163.33 ms       35 pkt  2 flow
  w5      0.385 Mbps (std  1.992)  jit  14.501 ms  reord  2.37%  rtt  235.39 ms      464 pkt  4 flow
  w6      0.325 Mbps (std  1.867)  jit   1.259 ms  reord  0.00%  rtt    0.68 ms      336 pkt  2 flow
  w7      1.757 Mbps (std  3.566)  jit  14.543 ms  reord  0.00%  rtt   91.74 ms    1,812 pkt  4 flow
  w8      1.866 Mbps (std  3.114)  jit  12.694 ms  reord  0.00%  rtt   99.63 ms    1,897 pkt  4 flow
  w9      1.268 Mbps (std  1.475)  jit  57.068 ms  reord  3.51%  rtt  264.28 ms    1,597 pkt  6 flow
  w10     0.978 Mbps (std  0.428)  jit  29.604 ms  reord  4.20%  rtt  323.28 ms    1,356 pkt  5 flow
  w11     0.313 Mbps (std  0.588)  jit  34.115 ms  reord  0.00%  rtt  235.82 ms      340 pkt  2 flow
  w12     0.223 Mbps (std  0.490)  jit  35.902 ms  reord  2.59%  rtt  223.15 ms      309 pkt  4 flow
  w13     1.014 Mbps (std  0.476)  jit  37.608 ms  reord  1.83%  rtt  314.12 ms    1,369 pkt  4 flow
  w14     0.959 Mbps (std  0.600)  jit  18.140 ms  reord 18.41%  rtt   69.27 ms    1,434 pkt  3 flow
  w15     0.941 Mbps (std  0.616)  jit  17.190 ms  reord 20.55%  rtt   46.43 ms    1,460 pkt  2 flow
  w16     1.295 Mbps (std  1.216)  jit  19.541 ms  reord 12.26%  rtt   49.61 ms    1,746 pkt  4 flow
  w17     3.311 Mbps (std  0.416)  jit  17.831 ms  reord  0.03%  rtt   79.68 ms    3,507 pkt  6 flow
  w18     3.303 Mbps (std  0.381)  jit  22.201 ms  reord  0.00%  rtt   77.35 ms    3,539 pkt  6 flow
  w19     2.206 Mbps (std  1.582)  jit   8.037 ms  reord  0.17%  rtt   67.52 ms    2,371 pkt  4 flow
  w20     1.600 Mbps (std  2.201)  jit   9.935 ms  reord  1.03%  rtt   74.39 ms    1,644 pkt  2 flow
  w21     2.651 Mbps (std  0.464)  jit   7.289 ms  reord  0.07%  rtt   78.83 ms    2,682 pkt  2 flow
  w22     2.650 Mbps (std  0.350)  jit  12.221 ms  reord  1.10%  rtt   76.13 ms    2,913 pkt  4 flow
  w23     1.918 Mbps (std  1.211)  jit  16.683 ms  reord  0.81%  rtt   74.33 ms    2,093 pkt  4 flow
  w24     1.280 Mbps (std  1.374)  jit   9.791 ms  reord  0.15%  rtt   72.20 ms    1,354 pkt  2 flow
  w25     3.323 Mbps (std  9.740)  jit   9.379 ms  reord  1.70%  rtt   70.96 ms    3,461 pkt  2 flow
  w26     1.954 Mbps (std  0.490)  jit  16.091 ms  reord 13.78%  rtt  107.08 ms    2,924 pkt  6 flow
  w27     2.132 Mbps (std  0.186)  jit   9.504 ms  reord 14.45%  rtt  111.34 ms    3,149 pkt  4 flow
  w28     2.034 Mbps (std  0.530)  jit   5.749 ms  reord 16.29%  rtt  112.87 ms    3,063 pkt  2 flow
  w29     1.852 Mbps (std  0.756)  jit  13.633 ms  reord 14.73%  rtt  110.66 ms    2,743 pkt  4 flow
  w30     0.669 Mbps (std  1.276)  jit   6.330 ms  reord  3.53%  rtt   38.68 ms      906 pkt  2 flow
  w31     2.699 Mbps (std  0.832)  jit   8.695 ms  reord  3.52%  rtt   23.50 ms    3,434 pkt  2 flow
  w32     0.902 Mbps (std  1.399)  jit  15.169 ms  reord  3.14%  rtt   45.18 ms    1,180 pkt  2 flow
  w33     0.003 Mbps (std  0.015)  jit  26.061 ms  reord  0.00%  rtt   28.56 ms       12 pkt  2 flow
  w34     0.000 Mbps (std  0.000)  jit   0.000 ms  reord  0.00%  rtt    0.00 ms        0 pkt  0 flow
  w35  (parsial, 89 cuplikan) 0.000 Mbps
>> selesai: 36 window -> qos_features.csv
>>          cuplikan mentah -> qos_samples.csv (untuk align_qos.py)
