>> run_id=CONT_s3_throughput_BigBuckBunny | map=flows | poll=0.1s | window=10.0s -> qos_features.csv
>> menghitung SEMUA flow TCP yang lewat (Ctrl-C untuk berhenti)
>> XDP terpasang di eth0: prog id=1167
>> membaca 1 map bernama 'flows': id [328]
>> entri awal di map: 0  (0 = belum ada trafik TCP yang tertangkap)
  w0      0.000 Mbps (std  0.000)  jit   0.000 ms  reord  0.00%  rtt    0.00 ms        0 pkt  0 flow
  w1      0.000 Mbps (std  0.000)  jit   0.000 ms  reord  0.00%  rtt    0.00 ms        0 pkt  0 flow
  w2      0.000 Mbps (std  0.000)  jit   0.000 ms  reord  0.00%  rtt    0.00 ms        0 pkt  0 flow
  w3      0.000 Mbps (std  0.000)  jit   0.000 ms  reord  0.00%  rtt    0.00 ms        0 pkt  0 flow
  w4      0.052 Mbps (std  0.181)  jit   2.623 ms  reord  2.47%  rtt  220.52 ms       81 pkt  4 flow
  w5      0.305 Mbps (std  0.161)  jit 109.455 ms  reord  1.02%  rtt  379.47 ms      391 pkt  4 flow
  w6      0.298 Mbps (std  0.102)  jit  73.758 ms  reord  0.00%  rtt  244.50 ms      375 pkt  3 flow
  w7      0.605 Mbps (std  2.842)  jit  48.726 ms  reord  0.57%  rtt  207.55 ms      698 pkt  2 flow
  w8      0.255 Mbps (std  0.159)  jit  51.771 ms  reord 14.43%  rtt  152.55 ms      395 pkt  4 flow
  w9      0.290 Mbps (std  0.112)  jit  87.035 ms  reord 15.79%  rtt  314.54 ms      437 pkt  4 flow
  w10     0.549 Mbps (std  0.341)  jit  31.252 ms  reord  1.70%  rtt  102.56 ms      647 pkt  2 flow
  w11     0.178 Mbps (std  0.352)  jit  34.771 ms  reord  0.00%  rtt   92.96 ms      183 pkt  2 flow
  w12     0.757 Mbps (std  0.209)  jit  62.382 ms  reord  0.00%  rtt  166.71 ms      857 pkt  4 flow
  w13     1.112 Mbps (std  4.516)  jit  20.477 ms  reord  1.38%  rtt   98.65 ms    1,235 pkt  4 flow
  w14     0.796 Mbps (std  0.795)  jit  21.168 ms  reord  0.12%  rtt   91.23 ms      855 pkt  4 flow
  w15     0.792 Mbps (std  0.794)  jit  27.533 ms  reord  0.00%  rtt   97.90 ms      847 pkt  4 flow
  w16     1.443 Mbps (std  4.269)  jit  18.431 ms  reord  0.87%  rtt  119.33 ms    1,496 pkt  2 flow
  w17     1.018 Mbps (std  0.259)  jit  18.496 ms  reord  0.00%  rtt  116.71 ms    1,059 pkt  4 flow
  w18     1.017 Mbps (std  0.246)  jit  36.610 ms  reord  0.00%  rtt  155.39 ms    1,088 pkt  4 flow
  w19     1.015 Mbps (std  0.257)  jit  18.186 ms  reord  0.00%  rtt  112.79 ms    1,047 pkt  2 flow
  w20     0.642 Mbps (std  0.680)  jit  27.665 ms  reord  1.49%  rtt  126.27 ms      670 pkt  2 flow
  w21     0.471 Mbps (std  0.462)  jit  25.899 ms  reord  0.00%  rtt  135.62 ms      503 pkt  2 flow
  w22     0.536 Mbps (std  0.462)  jit  33.781 ms  reord  0.00%  rtt  116.65 ms      567 pkt  2 flow
  w23     0.706 Mbps (std  0.410)  jit  25.639 ms  reord  0.00%  rtt  132.82 ms      747 pkt  2 flow
  w24     0.853 Mbps (std  0.275)  jit  23.198 ms  reord  0.00%  rtt  141.59 ms      891 pkt  2 flow
  w25     0.585 Mbps (std  1.278)  jit  36.166 ms  reord  8.94%  rtt  157.87 ms      727 pkt  2 flow
  w26     0.380 Mbps (std  0.265)  jit  54.750 ms  reord 11.54%  rtt  143.40 ms      520 pkt  2 flow
  w27     0.361 Mbps (std  0.234)  jit  52.713 ms  reord 12.38%  rtt  140.21 ms      509 pkt  2 flow
  w28     0.382 Mbps (std  0.286)  jit  49.353 ms  reord 10.47%  rtt  149.21 ms      506 pkt  2 flow
  w29     0.309 Mbps (std  0.237)  jit  54.918 ms  reord  9.59%  rtt  136.45 ms      438 pkt  2 flow
  w30     0.474 Mbps (std  0.216)  jit  56.247 ms  reord  2.05%  rtt  175.12 ms      585 pkt  4 flow
  w31     0.240 Mbps (std  0.329)  jit  37.190 ms  reord  0.00%  rtt  169.97 ms      264 pkt  4 flow
  w32     0.318 Mbps (std  0.340)  jit  45.758 ms  reord  0.58%  rtt  206.68 ms      346 pkt  3 flow
  w33     0.430 Mbps (std  0.260)  jit  87.040 ms  reord  0.00%  rtt  220.97 ms      520 pkt  4 flow
  w34     0.284 Mbps (std  0.292)  jit  26.971 ms  reord  0.00%  rtt  128.28 ms      329 pkt  2 flow
  w35     0.000 Mbps (std  0.000)  jit   0.000 ms  reord  0.00%  rtt    0.00 ms        0 pkt  0 flow
  w36  (parsial, 23 cuplikan) 0.000 Mbps
>> selesai: 37 window -> qos_features.csv
>>          cuplikan mentah -> qos_samples.csv (untuk align_qos.py)
