>> run_id=CONT_s12_dynamic_RedBullPlayStreets | map=flows | poll=0.1s | window=10.0s -> qos_features.csv
>> menghitung SEMUA flow TCP yang lewat (Ctrl-C untuk berhenti)
>> XDP terpasang di eth0: prog id=1041
>> membaca 1 map bernama 'flows': id [292]
>> entri awal di map: 0  (0 = belum ada trafik TCP yang tertangkap)
  w0      0.000 Mbps (std  0.000)  jit   0.000 ms  reord  0.00%  rtt    0.00 ms        0 pkt  0 flow
  w1      0.000 Mbps (std  0.000)  jit   0.000 ms  reord  0.00%  rtt    0.00 ms        0 pkt  0 flow
  w2      0.000 Mbps (std  0.000)  jit   0.000 ms  reord  0.00%  rtt    0.00 ms        0 pkt  0 flow
  w3      0.000 Mbps (std  0.000)  jit   0.000 ms  reord  0.00%  rtt    0.00 ms        0 pkt  0 flow
  w4      0.011 Mbps (std  0.080)  jit   0.651 ms  reord  2.70%  rtt  251.96 ms       37 pkt  2 flow
  w5      0.211 Mbps (std  0.233)  jit  61.117 ms  reord  1.70%  rtt  459.69 ms      294 pkt  5 flow
  w6      0.202 Mbps (std  0.094)  jit 167.832 ms  reord  0.00%  rtt  605.49 ms      264 pkt  4 flow
  w7      1.113 Mbps (std  8.163)  jit 134.249 ms  reord  7.96%  rtt  502.33 ms    1,256 pkt  4 flow
  w8      0.403 Mbps (std  0.107)  jit  75.352 ms  reord  9.24%  rtt  240.47 ms      595 pkt  5 flow
  w9      0.406 Mbps (std  0.105)  jit  78.863 ms  reord 10.67%  rtt  222.60 ms      609 pkt  5 flow
  w10     0.410 Mbps (std  0.092)  jit  76.135 ms  reord  9.48%  rtt  238.69 ms      612 pkt  5 flow
  w11     0.272 Mbps (std  0.247)  jit 104.321 ms  reord 10.20%  rtt  194.24 ms      392 pkt  4 flow
  w12     0.183 Mbps (std  0.216)  jit  43.063 ms  reord  1.38%  rtt  408.96 ms      217 pkt  4 flow
  w13     0.183 Mbps (std  0.251)  jit  40.127 ms  reord  0.50%  rtt  402.49 ms      202 pkt  2 flow
  w14     0.177 Mbps (std  0.251)  jit  40.373 ms  reord  0.52%  rtt  423.19 ms      194 pkt  2 flow
  w15     0.135 Mbps (std  0.277)  jit  31.293 ms  reord  0.00%  rtt  385.06 ms      144 pkt  2 flow
  w16     0.176 Mbps (std  0.303)  jit  56.215 ms  reord  6.22%  rtt  313.84 ms      209 pkt  4 flow
  w17     0.257 Mbps (std  0.145)  jit 161.499 ms  reord  0.00%  rtt  391.72 ms      315 pkt  4 flow
  w18     0.261 Mbps (std  0.250)  jit  49.044 ms  reord  0.00%  rtt  294.45 ms      299 pkt  4 flow
  w19     2.377 Mbps (std 17.161)  jit  36.929 ms  reord  0.40%  rtt  279.31 ms    2,505 pkt  4 flow
  w20     1.825 Mbps (std  2.823)  jit  15.153 ms  reord  0.00%  rtt   99.14 ms    1,913 pkt  4 flow
  w21     0.369 Mbps (std  2.006)  jit   6.130 ms  reord  0.00%  rtt   42.15 ms      394 pkt  2 flow
  w22     0.195 Mbps (std  0.941)  jit  66.112 ms  reord  0.96%  rtt  473.62 ms      209 pkt  2 flow
  w23     0.161 Mbps (std  0.256)  jit  44.452 ms  reord  1.14%  rtt  640.02 ms      175 pkt  2 flow
  w24     0.174 Mbps (std  0.259)  jit  54.235 ms  reord  7.73%  rtt  415.14 ms      220 pkt  4 flow
  w25     0.128 Mbps (std  0.095)  jit 110.670 ms  reord  6.70%  rtt  412.48 ms      194 pkt  2 flow
  w26     0.130 Mbps (std  0.098)  jit  71.548 ms  reord  8.46%  rtt  340.37 ms      201 pkt  2 flow
  w27     0.129 Mbps (std  0.103)  jit 100.952 ms  reord 10.80%  rtt  648.95 ms      213 pkt  4 flow
  w28     0.129 Mbps (std  0.109)  jit 120.928 ms  reord 14.15%  rtt  506.32 ms      205 pkt  3 flow
  w29     0.131 Mbps (std  0.139)  jit  48.494 ms  reord  6.03%  rtt  295.34 ms      199 pkt  2 flow
  w30     0.120 Mbps (std  0.167)  jit  52.407 ms  reord  0.00%  rtt  507.62 ms      140 pkt  2 flow
  w31     0.121 Mbps (std  0.165)  jit  54.395 ms  reord  0.00%  rtt  508.58 ms      142 pkt  2 flow
  w32     0.124 Mbps (std  0.165)  jit  56.245 ms  reord  0.00%  rtt  501.12 ms      148 pkt  2 flow
  w33     0.121 Mbps (std  0.163)  jit  54.852 ms  reord  0.00%  rtt  500.01 ms      144 pkt  2 flow
  w34     0.014 Mbps (std  0.068)  jit   6.970 ms  reord  0.00%  rtt  575.73 ms       17 pkt  2 flow
  w35  (parsial, 98 cuplikan) 0.000 Mbps
>> selesai: 36 window -> qos_features.csv
>>          cuplikan mentah -> qos_samples.csv (untuk align_qos.py)
