>> run_id=CONT_s7_throughput_ElephantsDream | map=flows | poll=0.1s | window=10.0s -> qos_features.csv
>> menghitung SEMUA flow TCP yang lewat (Ctrl-C untuk berhenti)
>> XDP terpasang di eth0: prog id=1804
>> membaca 1 map bernama 'flows': id [510]
>> entri awal di map: 0  (0 = belum ada trafik TCP yang tertangkap)
  w0      0.000 Mbps (std  0.000)  jit   0.000 ms  reord  0.00%  rtt    0.00 ms        0 pkt  0 flow
  w1      0.000 Mbps (std  0.000)  jit   0.000 ms  reord  0.00%  rtt    0.00 ms        0 pkt  0 flow
  w2      0.000 Mbps (std  0.000)  jit   0.000 ms  reord  0.00%  rtt    0.00 ms        0 pkt  0 flow
  w3      0.000 Mbps (std  0.000)  jit   0.000 ms  reord  0.00%  rtt    0.00 ms        0 pkt  0 flow
  w4      0.009 Mbps (std  0.045)  jit   1.417 ms  reord  0.00%  rtt  147.91 ms       32 pkt  4 flow
  w5      1.711 Mbps (std 10.282)  jit  18.024 ms  reord  3.22%  rtt  307.04 ms    1,865 pkt  3 flow
  w6      0.693 Mbps (std  4.073)  jit   1.216 ms  reord  0.00%  rtt    0.55 ms      724 pkt  2 flow
  w7      2.539 Mbps (std  6.611)  jit  10.588 ms  reord  0.00%  rtt   82.02 ms    2,629 pkt  4 flow
  w8      2.300 Mbps (std  5.689)  jit  12.177 ms  reord  0.00%  rtt   98.08 ms    2,374 pkt  4 flow
  w9      1.505 Mbps (std  4.064)  jit  36.163 ms  reord  4.79%  rtt  292.22 ms    1,838 pkt  6 flow
  w10     0.987 Mbps (std  0.451)  jit  32.776 ms  reord  5.86%  rtt  321.72 ms    1,349 pkt  5 flow
  w11     0.836 Mbps (std  0.632)  jit  24.163 ms  reord  0.59%  rtt  218.10 ms    1,020 pkt  2 flow
  w12     0.340 Mbps (std  0.569)  jit  23.780 ms  reord  0.00%  rtt  224.24 ms      393 pkt  4 flow
  w13     0.976 Mbps (std  0.486)  jit  29.425 ms  reord  4.06%  rtt  315.82 ms    1,355 pkt  4 flow
  w14     0.403 Mbps (std  0.532)  jit  23.078 ms  reord 17.01%  rtt   95.38 ms      588 pkt  2 flow
  w15     0.258 Mbps (std  0.462)  jit  25.754 ms  reord 18.88%  rtt   56.40 ms      392 pkt  2 flow
  w16     1.834 Mbps (std  0.998)  jit  16.758 ms  reord 16.80%  rtt   50.37 ms    2,643 pkt  4 flow
  w17     3.334 Mbps (std  0.140)  jit  14.690 ms  reord  0.00%  rtt   45.51 ms    4,203 pkt  5 flow
  w18     2.673 Mbps (std  1.187)  jit  13.182 ms  reord  0.71%  rtt   39.38 ms    3,258 pkt  6 flow
  w19     1.232 Mbps (std  1.577)  jit  11.730 ms  reord  0.08%  rtt   57.05 ms    1,247 pkt  3 flow
  w20     3.460 Mbps (std  5.295)  jit   7.149 ms  reord  0.86%  rtt   74.92 ms    3,488 pkt  2 flow
  w21     2.648 Mbps (std  0.405)  jit   7.416 ms  reord  0.11%  rtt   77.24 ms    2,703 pkt  2 flow
  w22     2.662 Mbps (std  0.328)  jit  14.240 ms  reord  0.10%  rtt   82.70 ms    2,890 pkt  6 flow
  w23     2.639 Mbps (std  6.563)  jit  13.585 ms  reord  0.74%  rtt   74.55 ms    2,840 pkt  4 flow
  w24     1.287 Mbps (std  1.342)  jit  12.876 ms  reord  0.08%  rtt   72.80 ms    1,324 pkt  2 flow
  w25     2.431 Mbps (std  5.882)  jit  11.481 ms  reord  0.48%  rtt   72.35 ms    2,476 pkt  2 flow
  w26     1.957 Mbps (std  0.539)  jit  15.143 ms  reord 14.73%  rtt   94.51 ms    2,974 pkt  5 flow
  w27     1.064 Mbps (std  1.088)  jit  14.634 ms  reord 14.74%  rtt  103.67 ms    1,560 pkt  4 flow
  w28     2.156 Mbps (std  0.182)  jit   5.856 ms  reord 16.07%  rtt  110.55 ms    3,249 pkt  4 flow
  w29     1.994 Mbps (std  0.575)  jit  13.044 ms  reord 12.90%  rtt  120.47 ms    2,922 pkt  4 flow
  w30     1.191 Mbps (std  1.509)  jit   9.545 ms  reord  5.23%  rtt   30.34 ms    1,471 pkt  2 flow
  w31     2.999 Mbps (std  0.678)  jit   6.648 ms  reord  3.69%  rtt   29.93 ms    3,579 pkt  2 flow
  w32     2.515 Mbps (std  1.325)  jit   7.148 ms  reord  3.33%  rtt   29.01 ms    2,999 pkt  2 flow
  w33     0.101 Mbps (std  0.557)  jit  17.412 ms  reord  0.00%  rtt   47.96 ms      112 pkt  2 flow
  w34     0.000 Mbps (std  0.001)  jit   9.481 ms  reord  0.00%  rtt    7.15 ms        3 pkt  2 flow
  w35  (parsial, 98 cuplikan) 0.000 Mbps
>> selesai: 36 window -> qos_features.csv
>>          cuplikan mentah -> qos_samples.csv (untuk align_qos.py)
