>> run_id=CONT_s4_l2a_TearsOfSteel | map=flows | poll=0.1s | window=10.0s -> qos_features.csv
>> menghitung SEMUA flow TCP yang lewat (Ctrl-C untuk berhenti)
>> XDP terpasang di eth0: prog id=1860
>> membaca 1 map bernama 'flows': id [526]
>> entri awal di map: 0  (0 = belum ada trafik TCP yang tertangkap)
  w0      0.000 Mbps (std  0.000)  jit   0.000 ms  reord  0.00%  rtt    0.00 ms        0 pkt  0 flow
  w1      0.000 Mbps (std  0.000)  jit   0.000 ms  reord  0.00%  rtt    0.00 ms        0 pkt  0 flow
  w2      0.000 Mbps (std  0.000)  jit   0.000 ms  reord  0.00%  rtt    0.00 ms        0 pkt  0 flow
  w3      0.000 Mbps (std  0.000)  jit   0.000 ms  reord  0.00%  rtt    0.00 ms        0 pkt  0 flow
  w4      0.011 Mbps (std  0.044)  jit   2.309 ms  reord 12.20%  rtt   95.76 ms       41 pkt  4 flow
  w5      0.229 Mbps (std  0.268)  jit  70.200 ms  reord  3.45%  rtt  362.22 ms      319 pkt  6 flow
  w6      0.253 Mbps (std  0.174)  jit 173.829 ms  reord  0.33%  rtt  369.98 ms      303 pkt  4 flow
  w7      0.245 Mbps (std  0.210)  jit 137.827 ms  reord  0.00%  rtt  361.19 ms      280 pkt  3 flow
  w8      0.639 Mbps (std  3.559)  jit 165.477 ms  reord  0.88%  rtt  321.72 ms      679 pkt  3 flow
  w9      0.466 Mbps (std  0.176)  jit 125.027 ms  reord  0.56%  rtt  233.40 ms      537 pkt  5 flow
  w10     0.469 Mbps (std  0.185)  jit 112.877 ms  reord  0.00%  rtt  199.54 ms      537 pkt  4 flow
  w11     0.440 Mbps (std  0.171)  jit 160.241 ms  reord  0.00%  rtt  196.14 ms      523 pkt  6 flow
  w12     0.377 Mbps (std  0.332)  jit  50.897 ms  reord  0.00%  rtt  198.81 ms      422 pkt  4 flow
  w13     0.500 Mbps (std  0.301)  jit  54.083 ms  reord  0.00%  rtt  189.65 ms      590 pkt  4 flow
  w14     0.606 Mbps (std  0.137)  jit 133.509 ms  reord  0.00%  rtt  230.22 ms      743 pkt  5 flow
  w15     0.609 Mbps (std  0.115)  jit 139.828 ms  reord  0.00%  rtt  250.05 ms      750 pkt  6 flow
  w16     5.959 Mbps (std 33.133)  jit  66.321 ms  reord  0.20%  rtt  186.12 ms    6,366 pkt  4 flow
  w17    19.893 Mbps (std 73.300)  jit   3.348 ms  reord  0.00%  rtt    0.34 ms   21,023 pkt  4 flow
  w18     7.264 Mbps (std 38.001)  jit   0.432 ms  reord  0.00%  rtt    0.47 ms    7,667 pkt  2 flow
  w19    15.696 Mbps (std 59.694)  jit   8.166 ms  reord  0.00%  rtt   75.59 ms   16,577 pkt  4 flow
  w20     9.014 Mbps (std 36.704)  jit   8.214 ms  reord  0.00%  rtt  127.68 ms    9,498 pkt  4 flow
  w21     8.023 Mbps (std 42.032)  jit  55.237 ms  reord  0.02%  rtt 1106.02 ms    8,496 pkt  4 flow
  w22     0.335 Mbps (std  0.231)  jit 160.770 ms  reord  0.28%  rtt  521.35 ms      363 pkt  4 flow
  w23     0.334 Mbps (std  0.291)  jit 541.733 ms  reord  0.53%  rtt  283.24 ms      377 pkt  4 flow
  w24     0.336 Mbps (std  0.069)  jit  60.221 ms  reord  0.00%  rtt  213.60 ms      384 pkt  2 flow
  w25     0.323 Mbps (std  0.177)  jit  43.316 ms  reord  0.00%  rtt  206.35 ms      374 pkt  2 flow
  w26     0.749 Mbps (std  0.259)  jit  26.906 ms  reord  1.09%  rtt  160.08 ms      822 pkt  2 flow
  w27     0.792 Mbps (std  0.181)  jit  40.250 ms  reord  0.00%  rtt  166.96 ms      935 pkt  4 flow
  w28     2.247 Mbps (std  9.754)  jit  40.444 ms  reord  0.66%  rtt  134.23 ms    2,558 pkt  4 flow
  w29     1.637 Mbps (std  0.150)  jit  18.225 ms  reord  0.00%  rtt   81.84 ms    1,843 pkt  4 flow
  w30     1.632 Mbps (std  0.256)  jit  12.131 ms  reord  0.00%  rtt   81.74 ms    1,814 pkt  4 flow
  w31     1.261 Mbps (std  0.376)  jit  16.833 ms  reord  0.81%  rtt  114.80 ms    1,352 pkt  3 flow
  w32     1.114 Mbps (std  0.278)  jit  18.378 ms  reord  0.00%  rtt  123.76 ms    1,188 pkt  3 flow
  w33     1.123 Mbps (std  0.286)  jit  18.486 ms  reord  0.00%  rtt  125.61 ms    1,200 pkt  3 flow
  w34     0.026 Mbps (std  0.150)  jit   0.544 ms  reord  0.00%  rtt  141.02 ms       26 pkt  2 flow
  w35     0.000 Mbps (std  0.000)  jit   0.000 ms  reord  0.00%  rtt    0.00 ms        0 pkt  0 flow
  w36  (parsial, 4 cuplikan) 0.000 Mbps
>> selesai: 37 window -> qos_features.csv
>>          cuplikan mentah -> qos_samples.csv (untuk align_qos.py)
