>> run_id=CONT_s3_dynamic_RedBullPlayStreets | map=flows | poll=0.1s | window=10.0s -> qos_features.csv
>> menghitung SEMUA flow TCP yang lewat (Ctrl-C untuk berhenti)
>> XDP terpasang di eth0: prog id=381
>> membaca 1 map bernama 'flows': id [104]
>> entri awal di map: 0  (0 = belum ada trafik TCP yang tertangkap)
  w0      0.000 Mbps (std  0.000)  jit   0.000 ms  reord  0.00%  rtt    0.00 ms        0 pkt  0 flow
  w1      0.000 Mbps (std  0.000)  jit   0.000 ms  reord  0.00%  rtt    0.00 ms        0 pkt  0 flow
  w2      0.000 Mbps (std  0.000)  jit   0.000 ms  reord  0.00%  rtt    0.00 ms        0 pkt  0 flow
  w3      0.000 Mbps (std  0.000)  jit   0.000 ms  reord  0.00%  rtt    0.00 ms        0 pkt  0 flow
  w4      0.052 Mbps (std  0.181)  jit   2.620 ms  reord  2.47%  rtt  184.30 ms       81 pkt  4 flow
  w5      0.309 Mbps (std  0.178)  jit 107.205 ms  reord  0.99%  rtt  366.13 ms      403 pkt  6 flow
  w6      0.301 Mbps (std  0.109)  jit  66.879 ms  reord  0.00%  rtt  214.13 ms      381 pkt  2 flow
  w7      0.424 Mbps (std  1.868)  jit  42.308 ms  reord  0.81%  rtt  214.41 ms      493 pkt  2 flow
  w8      0.201 Mbps (std  0.190)  jit  63.960 ms  reord 13.06%  rtt  152.13 ms      314 pkt  4 flow
  w9      0.274 Mbps (std  0.120)  jit  92.693 ms  reord 10.78%  rtt  260.80 ms      408 pkt  4 flow
  w10     0.557 Mbps (std  0.363)  jit  33.408 ms  reord  1.92%  rtt  125.80 ms      626 pkt  2 flow
  w11     0.757 Mbps (std  0.262)  jit  40.340 ms  reord  0.13%  rtt  146.17 ms      799 pkt  4 flow
  w12     0.744 Mbps (std  0.191)  jit  51.874 ms  reord  0.00%  rtt  182.36 ms      877 pkt  5 flow
  w13     0.365 Mbps (std  0.532)  jit  18.743 ms  reord  0.00%  rtt  136.62 ms      385 pkt  2 flow
  w14     1.468 Mbps (std  0.423)  jit  27.451 ms  reord  0.00%  rtt  109.40 ms    1,590 pkt  5 flow
  w15     2.071 Mbps (std  5.376)  jit  20.081 ms  reord  0.41%  rtt  107.62 ms    2,204 pkt  4 flow
  w16     1.013 Mbps (std  0.304)  jit  20.817 ms  reord  0.93%  rtt  133.14 ms    1,081 pkt  2 flow
  w17     1.021 Mbps (std  0.309)  jit  20.705 ms  reord  0.00%  rtt  133.73 ms    1,074 pkt  4 flow
  w18     1.017 Mbps (std  0.235)  jit  36.257 ms  reord  0.00%  rtt  154.67 ms    1,093 pkt  4 flow
  w19     0.790 Mbps (std  0.508)  jit  22.461 ms  reord  0.00%  rtt  122.04 ms      821 pkt  2 flow
  w20     0.692 Mbps (std  2.767)  jit  27.469 ms  reord  1.38%  rtt  128.86 ms      726 pkt  2 flow
  w21     0.856 Mbps (std  0.232)  jit  24.183 ms  reord  0.00%  rtt  139.06 ms      922 pkt  3 flow
  w22     0.851 Mbps (std  0.229)  jit  24.345 ms  reord  0.00%  rtt  138.08 ms      915 pkt  2 flow
  w23     0.855 Mbps (std  0.233)  jit  24.682 ms  reord  0.00%  rtt  144.07 ms      925 pkt  2 flow
  w24     0.660 Mbps (std  0.780)  jit  26.403 ms  reord  1.41%  rtt  133.65 ms      710 pkt  2 flow
  w25     0.373 Mbps (std  0.327)  jit  41.909 ms  reord  6.92%  rtt  165.75 ms      477 pkt  2 flow
  w26     0.271 Mbps (std  0.191)  jit  62.638 ms  reord 13.52%  rtt  139.69 ms      392 pkt  2 flow
  w27     0.275 Mbps (std  0.206)  jit  60.352 ms  reord 16.67%  rtt  133.49 ms      402 pkt  2 flow
  w28     0.237 Mbps (std  0.168)  jit  67.121 ms  reord 15.93%  rtt  134.80 ms      364 pkt  2 flow
  w29     0.240 Mbps (std  0.176)  jit  65.905 ms  reord 13.84%  rtt  136.54 ms      354 pkt  2 flow
  w30     0.501 Mbps (std  0.220)  jit  50.796 ms  reord  2.00%  rtt  164.49 ms      600 pkt  4 flow
  w31     0.100 Mbps (std  0.264)  jit  30.476 ms  reord  0.00%  rtt  133.96 ms      119 pkt  2 flow
  w32     0.295 Mbps (std  0.353)  jit  63.000 ms  reord  0.60%  rtt  183.64 ms      331 pkt  4 flow
  w33     0.379 Mbps (std  0.282)  jit  84.634 ms  reord  0.22%  rtt  178.37 ms      448 pkt  4 flow
  w34     0.177 Mbps (std  0.266)  jit  21.067 ms  reord  0.00%  rtt  132.54 ms      205 pkt  2 flow
  w35     0.000 Mbps (std  0.000)  jit   0.000 ms  reord  0.00%  rtt    0.00 ms        0 pkt  0 flow
  w36  (parsial, 15 cuplikan) 0.000 Mbps
>> selesai: 37 window -> qos_features.csv
>>          cuplikan mentah -> qos_samples.csv (untuk align_qos.py)
