>> run_id=CONT_s11_bola_Valkaama | map=flows | poll=0.1s | window=10.0s -> qos_features.csv
>> menghitung SEMUA flow TCP yang lewat (Ctrl-C untuk berhenti)
>> XDP terpasang di eth0: prog id=72
>> membaca 1 map bernama 'flows': id [16]
>> entri awal di map: 0  (0 = belum ada trafik TCP yang tertangkap)
  w0      0.000 Mbps (std  0.000)  jit   0.000 ms  reord  0.00%  rtt    0.00 ms        0 pkt  0 flow
  w1      0.000 Mbps (std  0.000)  jit   0.000 ms  reord  0.00%  rtt    0.00 ms        0 pkt  0 flow
  w2      0.000 Mbps (std  0.000)  jit   0.000 ms  reord  0.00%  rtt    0.00 ms        0 pkt  0 flow
  w3      0.000 Mbps (std  0.000)  jit   0.000 ms  reord  0.00%  rtt    0.00 ms        0 pkt  0 flow
  w4      0.111 Mbps (std  0.295)  jit   3.297 ms  reord  0.00%  rtt  159.72 ms      142 pkt  4 flow
  w5      0.251 Mbps (std  0.333)  jit  18.486 ms  reord  1.43%  rtt  186.91 ms      279 pkt  4 flow
  w6      0.592 Mbps (std  0.317)  jit  26.698 ms  reord  0.00%  rtt  168.50 ms      645 pkt  2 flow
  w7      0.729 Mbps (std  1.633)  jit  26.675 ms  reord  1.04%  rtt  167.50 ms      771 pkt  2 flow
  w8      0.655 Mbps (std  0.439)  jit  29.441 ms  reord  0.00%  rtt  133.82 ms      678 pkt  2 flow
  w9      0.853 Mbps (std  0.292)  jit  21.905 ms  reord  0.00%  rtt  135.55 ms      872 pkt  2 flow
  w10     0.405 Mbps (std  0.489)  jit  23.816 ms  reord  0.00%  rtt  125.31 ms      418 pkt  3 flow
  w11     1.941 Mbps (std 10.313)  jit  50.637 ms  reord  1.05%  rtt  143.55 ms    2,096 pkt  4 flow
  w12     0.953 Mbps (std  0.296)  jit  22.293 ms  reord  0.00%  rtt  139.20 ms    1,002 pkt  4 flow
  w13     0.956 Mbps (std  0.244)  jit  29.158 ms  reord  0.00%  rtt  140.18 ms    1,044 pkt  4 flow
  w14     1.824 Mbps (std  8.919)  jit  48.347 ms  reord  0.46%  rtt  158.08 ms    1,976 pkt  5 flow
  w15     0.890 Mbps (std  0.186)  jit  39.081 ms  reord  0.00%  rtt  152.80 ms      999 pkt  4 flow
  w16     0.854 Mbps (std  0.328)  jit  22.287 ms  reord  0.00%  rtt  133.30 ms      908 pkt  2 flow
  w17     0.305 Mbps (std  0.311)  jit  38.795 ms  reord  3.91%  rtt  207.07 ms      384 pkt  2 flow
  w18     0.403 Mbps (std  0.190)  jit  41.526 ms  reord  6.88%  rtt  238.00 ms      567 pkt  4 flow
  w19     0.408 Mbps (std  0.103)  jit  76.387 ms  reord  5.25%  rtt  267.02 ms      609 pkt  5 flow
  w20     0.415 Mbps (std  0.175)  jit  70.518 ms  reord  6.22%  rtt  229.31 ms      579 pkt  5 flow
  w21     0.419 Mbps (std  0.162)  jit 103.662 ms  reord  0.00%  rtt  253.93 ms      510 pkt  5 flow
  w22     0.321 Mbps (std  0.253)  jit  49.559 ms  reord  0.00%  rtt  215.51 ms      352 pkt  2 flow
  w23     0.428 Mbps (std  0.203)  jit  51.661 ms  reord  0.00%  rtt  224.79 ms      485 pkt  4 flow
  w24     0.370 Mbps (std  0.529)  jit  45.179 ms  reord  2.13%  rtt  226.19 ms      423 pkt  4 flow
  w25     0.607 Mbps (std  5.150)  jit   0.358 ms  reord  0.00%  rtt    0.56 ms      645 pkt  2 flow
  w26     0.536 Mbps (std  3.055)  jit   0.471 ms  reord  0.00%  rtt    0.71 ms      570 pkt  2 flow
  w27     0.403 Mbps (std  2.596)  jit   0.712 ms  reord  0.00%  rtt    0.74 ms      428 pkt  2 flow
  w28     2.249 Mbps (std  3.866)  jit  13.934 ms  reord  0.00%  rtt   83.44 ms    2,338 pkt  4 flow
  w29     1.626 Mbps (std  3.125)  jit  11.290 ms  reord  0.00%  rtt   93.13 ms    1,698 pkt  4 flow
  w30     0.447 Mbps (std  0.581)  jit  27.163 ms  reord  0.00%  rtt  118.22 ms      467 pkt  2 flow
  w31     1.100 Mbps (std  0.201)  jit  17.151 ms  reord  0.00%  rtt  104.07 ms    1,148 pkt  2 flow
  w32     0.686 Mbps (std  0.558)  jit  24.040 ms  reord  0.00%  rtt  115.25 ms      777 pkt  4 flow
  w33     0.702 Mbps (std  0.347)  jit  46.301 ms  reord  5.44%  rtt  148.91 ms      937 pkt  4 flow
  w34     0.157 Mbps (std  0.292)  jit  19.567 ms  reord  4.23%  rtt  157.05 ms      213 pkt  4 flow
  w35     0.000 Mbps (std  0.001)  jit   9.829 ms  reord  0.00%  rtt    7.27 ms        3 pkt  2 flow
  w36  (parsial, 19 cuplikan) 0.000 Mbps
>> selesai: 37 window -> qos_features.csv
>>          cuplikan mentah -> qos_samples.csv (untuk align_qos.py)
