>> run_id=CONT_s13_dynamic_TheSwissAccount | map=flows | poll=0.1s | window=10.0s -> qos_features.csv
>> menghitung SEMUA flow TCP yang lewat (Ctrl-C untuk berhenti)
>> XDP terpasang di eth0: prog id=149
>> membaca 1 map bernama 'flows': id [38]
>> entri awal di map: 0  (0 = belum ada trafik TCP yang tertangkap)
  w0      0.000 Mbps (std  0.000)  jit   0.000 ms  reord  0.00%  rtt    0.00 ms        0 pkt  0 flow
  w1      0.000 Mbps (std  0.000)  jit   0.000 ms  reord  0.00%  rtt    0.00 ms        0 pkt  0 flow
  w2      0.000 Mbps (std  0.000)  jit   0.000 ms  reord  0.00%  rtt    0.00 ms        0 pkt  0 flow
  w3      0.000 Mbps (std  0.000)  jit   0.000 ms  reord  0.00%  rtt    0.00 ms        0 pkt  0 flow
  w4      0.122 Mbps (std  0.309)  jit   3.997 ms  reord  1.21%  rtt  145.56 ms      165 pkt  4 flow
  w5      1.393 Mbps (std  9.073)  jit  49.923 ms  reord  2.02%  rtt  146.35 ms    1,535 pkt  6 flow
  w6      0.259 Mbps (std  0.254)  jit  31.808 ms  reord 13.78%  rtt  169.14 ms      392 pkt  4 flow
  w7      0.197 Mbps (std  0.282)  jit  59.964 ms  reord 16.05%  rtt  157.41 ms      299 pkt  2 flow
  w8      0.353 Mbps (std  0.242)  jit  43.038 ms  reord 12.05%  rtt  202.70 ms      531 pkt  4 flow
  w9      0.202 Mbps (std  0.176)  jit 130.740 ms  reord  6.62%  rtt  493.41 ms      272 pkt  4 flow
  w10     0.193 Mbps (std  0.104)  jit 157.418 ms  reord  0.40%  rtt  626.70 ms      253 pkt  4 flow
  w11     0.295 Mbps (std  0.366)  jit 113.705 ms  reord  1.39%  rtt  468.67 ms      359 pkt  4 flow
  w12     0.279 Mbps (std  0.293)  jit  29.571 ms  reord  0.00%  rtt  182.04 ms      305 pkt  2 flow
  w13     0.067 Mbps (std  0.222)  jit  37.349 ms  reord  0.00%  rtt  119.21 ms       72 pkt  2 flow
  w14     0.098 Mbps (std  0.281)  jit  50.765 ms  reord  0.00%  rtt  118.34 ms      105 pkt  2 flow
  w15     0.921 Mbps (std  3.305)  jit  57.191 ms  reord  1.02%  rtt  138.51 ms      979 pkt  4 flow
  w16     0.964 Mbps (std  0.168)  jit  57.784 ms  reord  0.00%  rtt  159.47 ms    1,157 pkt  5 flow
  w17     0.968 Mbps (std  0.157)  jit  49.943 ms  reord  0.00%  rtt  148.12 ms    1,171 pkt  4 flow
  w18     0.673 Mbps (std  0.492)  jit  39.708 ms  reord  0.27%  rtt  136.20 ms      744 pkt  4 flow
  w19     2.086 Mbps (std  9.527)  jit  33.750 ms  reord  2.04%  rtt  114.63 ms    2,259 pkt  4 flow
  w20     1.264 Mbps (std  0.314)  jit  17.139 ms  reord  0.00%  rtt  113.02 ms    1,324 pkt  2 flow
  w21     0.910 Mbps (std  0.631)  jit  19.288 ms  reord  0.00%  rtt  108.04 ms      957 pkt  4 flow
  w22     1.275 Mbps (std  0.162)  jit  40.546 ms  reord  0.00%  rtt  122.43 ms    1,462 pkt  5 flow
  w23     1.269 Mbps (std  0.211)  jit  36.192 ms  reord  0.00%  rtt  124.14 ms    1,483 pkt  5 flow
  w24     2.703 Mbps (std 12.770)  jit  26.135 ms  reord  0.68%  rtt  102.23 ms    2,926 pkt  4 flow
  w25     3.204 Mbps (std  0.362)  jit   5.813 ms  reord  0.15%  rtt   67.55 ms    3,393 pkt  4 flow
  w26     3.202 Mbps (std  0.417)  jit  11.395 ms  reord  0.03%  rtt   78.53 ms    3,360 pkt  4 flow
  w27     3.049 Mbps (std  0.610)  jit  13.186 ms  reord  0.06%  rtt   59.86 ms    3,295 pkt  5 flow
  w28     2.998 Mbps (std  0.855)  jit  11.283 ms  reord  0.19%  rtt   75.93 ms    3,161 pkt  4 flow
  w29     1.802 Mbps (std  1.425)  jit   8.582 ms  reord  0.16%  rtt   70.16 ms    1,894 pkt  2 flow
  w30     2.798 Mbps (std  0.694)  jit  17.504 ms  reord  0.94%  rtt   78.91 ms    3,101 pkt  6 flow
  w31     2.931 Mbps (std  0.336)  jit  16.058 ms  reord  0.00%  rtt   64.90 ms    3,392 pkt  6 flow
  w32     2.231 Mbps (std  1.276)  jit   9.552 ms  reord  0.08%  rtt   68.10 ms    2,401 pkt  4 flow
  w33     1.968 Mbps (std  1.379)  jit   8.224 ms  reord  0.14%  rtt   72.12 ms    2,123 pkt  2 flow
  w34     0.153 Mbps (std  0.641)  jit   0.531 ms  reord  0.00%  rtt   77.30 ms      161 pkt  2 flow
  w35  (parsial, 98 cuplikan) 0.000 Mbps
>> selesai: 36 window -> qos_features.csv
>>          cuplikan mentah -> qos_samples.csv (untuk align_qos.py)
