>> run_id=CONT_s8_bola_BigBuckBunny | map=flows | poll=0.1s | window=10.0s -> qos_features.csv
>> menghitung SEMUA flow TCP yang lewat (Ctrl-C untuk berhenti)
>> XDP terpasang di eth0: prog id=1286
>> membaca 1 map bernama 'flows': id [362]
>> entri awal di map: 0  (0 = belum ada trafik TCP yang tertangkap)
  w0      0.000 Mbps (std  0.000)  jit   0.000 ms  reord  0.00%  rtt    0.00 ms        0 pkt  0 flow
  w1      0.000 Mbps (std  0.000)  jit   0.000 ms  reord  0.00%  rtt    0.00 ms        0 pkt  0 flow
  w2      0.000 Mbps (std  0.000)  jit   0.000 ms  reord  0.00%  rtt    0.00 ms        0 pkt  0 flow
  w3      0.000 Mbps (std  0.000)  jit   0.000 ms  reord  0.00%  rtt    0.00 ms        0 pkt  0 flow
  w4      0.011 Mbps (std  0.058)  jit   1.803 ms  reord  9.52%  rtt  151.46 ms       42 pkt  4 flow
  w5      0.151 Mbps (std  0.145)  jit  97.764 ms  reord 18.42%  rtt  762.56 ms      266 pkt  4 flow
  w6      0.191 Mbps (std  0.465)  jit  84.300 ms  reord  8.05%  rtt  365.61 ms      261 pkt  2 flow
  w7      0.123 Mbps (std  0.220)  jit  64.709 ms  reord  4.76%  rtt  437.73 ms      147 pkt  2 flow
  w8      0.111 Mbps (std  0.158)  jit  71.013 ms  reord  7.69%  rtt  368.24 ms      156 pkt  2 flow
  w9      0.142 Mbps (std  0.240)  jit  53.215 ms  reord  3.55%  rtt  467.03 ms      169 pkt  2 flow
  w10     0.141 Mbps (std  0.268)  jit  37.622 ms  reord  0.00%  rtt  503.85 ms      147 pkt  2 flow
  w11     0.130 Mbps (std  0.234)  jit  52.178 ms  reord  0.00%  rtt  438.40 ms      147 pkt  4 flow
  w12     0.153 Mbps (std  0.145)  jit 158.406 ms  reord  0.97%  rtt  680.28 ms      207 pkt  7 flow
  w13     1.281 Mbps (std 11.496)  jit  95.291 ms  reord  1.66%  rtt  583.15 ms    1,323 pkt  4 flow
  w14     0.057 Mbps (std  0.191)  jit  41.421 ms  reord  0.00%  rtt  135.22 ms       62 pkt  2 flow
  w15     0.103 Mbps (std  0.219)  jit  64.170 ms  reord  0.00%  rtt  591.91 ms      110 pkt  2 flow
  w16     0.120 Mbps (std  0.211)  jit  60.181 ms  reord  1.44%  rtt  469.26 ms      139 pkt  2 flow
  w17     0.386 Mbps (std  2.680)  jit  61.629 ms  reord  2.11%  rtt  429.23 ms      426 pkt  2 flow
  w18     0.167 Mbps (std  0.190)  jit  51.971 ms  reord  1.03%  rtt  423.13 ms      194 pkt  2 flow
  w19     0.169 Mbps (std  0.185)  jit  83.424 ms  reord  1.40%  rtt  399.98 ms      214 pkt  3 flow
  w20     0.170 Mbps (std  0.179)  jit  56.126 ms  reord  0.00%  rtt  365.14 ms      195 pkt  2 flow
  w21     0.167 Mbps (std  0.175)  jit  53.262 ms  reord  0.00%  rtt  382.79 ms      193 pkt  2 flow
  w22     0.285 Mbps (std  0.777)  jit  78.053 ms  reord  3.50%  rtt  488.85 ms      343 pkt  4 flow
  w23     0.355 Mbps (std  0.284)  jit  34.235 ms  reord  0.00%  rtt  291.49 ms      367 pkt  2 flow
  w24     0.364 Mbps (std  0.283)  jit  33.640 ms  reord  0.00%  rtt  278.97 ms      383 pkt  3 flow
  w25     1.571 Mbps (std 12.741)  jit  74.739 ms  reord  1.29%  rtt  292.80 ms    1,699 pkt  4 flow
  w26     0.155 Mbps (std  0.147)  jit 162.120 ms  reord  1.00%  rtt  667.36 ms      200 pkt  4 flow
  w27     0.157 Mbps (std  0.139)  jit 135.977 ms  reord  0.95%  rtt  598.59 ms      211 pkt  4 flow
  w28     1.213 Mbps (std 10.473)  jit 114.460 ms  reord  1.25%  rtt  612.20 ms    1,284 pkt  4 flow
  w29     0.154 Mbps (std  0.191)  jit  77.923 ms  reord  0.51%  rtt  246.30 ms      198 pkt  4 flow
  w30     0.223 Mbps (std  0.268)  jit 115.803 ms  reord  0.75%  rtt  362.84 ms      268 pkt  3 flow
  w31     0.183 Mbps (std  0.245)  jit 116.901 ms  reord  0.90%  rtt  338.72 ms      222 pkt  3 flow
  w32     1.131 Mbps (std  8.969)  jit 117.181 ms  reord  2.10%  rtt  497.99 ms    1,285 pkt  5 flow
  w33     0.218 Mbps (std  0.228)  jit  73.429 ms  reord  5.14%  rtt  379.45 ms      292 pkt  3 flow
  w34     0.219 Mbps (std  0.162)  jit  48.206 ms  reord  7.86%  rtt  502.52 ms      318 pkt  3 flow
  w35     0.111 Mbps (std  0.116)  jit  10.104 ms  reord 10.23%  rtt  678.05 ms      176 pkt  2 flow
  w36  (parsial, 22 cuplikan) 0.000 Mbps
>> selesai: 37 window -> qos_features.csv
>>          cuplikan mentah -> qos_samples.csv (untuk align_qos.py)
