>> run_id=CONT_s7_l2a_TheSwissAccount | map=flows | poll=0.1s | window=10.0s -> qos_features.csv
>> menghitung SEMUA flow TCP yang lewat (Ctrl-C untuk berhenti)
>> XDP terpasang di eth0: prog id=816
>> membaca 1 map bernama 'flows': id [228]
>> entri awal di map: 0  (0 = belum ada trafik TCP yang tertangkap)
  w0      0.000 Mbps (std  0.000)  jit   0.000 ms  reord  0.00%  rtt    0.00 ms        0 pkt  0 flow
  w1      0.000 Mbps (std  0.000)  jit   0.000 ms  reord  0.00%  rtt    0.00 ms        0 pkt  0 flow
  w2      0.000 Mbps (std  0.000)  jit   0.000 ms  reord  0.00%  rtt    0.00 ms        0 pkt  0 flow
  w3      0.000 Mbps (std  0.000)  jit   0.000 ms  reord  0.00%  rtt    0.00 ms        0 pkt  0 flow
  w4      0.011 Mbps (std  0.050)  jit   2.164 ms  reord  0.00%  rtt  182.72 ms       34 pkt  3 flow
  w5      3.039 Mbps (std 17.387)  jit  14.503 ms  reord  0.22%  rtt  183.50 ms    3,208 pkt  3 flow
  w6      0.275 Mbps (std  2.381)  jit   1.289 ms  reord  0.00%  rtt    0.99 ms      281 pkt  2 flow
  w7      4.487 Mbps (std 16.588)  jit   9.689 ms  reord  0.00%  rtt   86.43 ms    4,648 pkt  4 flow
  w8      8.564 Mbps (std 34.285)  jit   8.238 ms  reord  0.00%  rtt  150.82 ms    8,891 pkt  4 flow
  w9      1.339 Mbps (std  2.048)  jit  30.870 ms  reord  4.35%  rtt  311.07 ms    1,747 pkt  5 flow
  w10     1.080 Mbps (std  0.371)  jit  32.518 ms  reord  3.30%  rtt  315.65 ms    1,396 pkt  5 flow
  w11     0.953 Mbps (std  0.584)  jit  15.246 ms  reord  2.15%  rtt  294.34 ms    1,207 pkt  2 flow
  w12     1.057 Mbps (std  0.384)  jit  13.754 ms  reord  0.21%  rtt  328.34 ms    1,422 pkt  5 flow
  w13     1.174 Mbps (std  0.205)  jit  26.078 ms  reord  4.87%  rtt  342.50 ms    1,683 pkt  4 flow
  w14     0.907 Mbps (std  0.516)  jit  20.121 ms  reord 18.41%  rtt   64.67 ms    1,342 pkt  2 flow
  w15     1.155 Mbps (std  0.596)  jit  15.162 ms  reord 21.64%  rtt   48.47 ms    1,784 pkt  2 flow
  w16     2.064 Mbps (std  4.217)  jit  15.473 ms  reord 14.30%  rtt   47.46 ms    2,790 pkt  4 flow
  w17     3.306 Mbps (std  0.299)  jit  17.533 ms  reord  0.03%  rtt   73.63 ms    3,539 pkt  6 flow
  w18     3.310 Mbps (std  0.379)  jit  18.946 ms  reord  0.00%  rtt   63.63 ms    3,700 pkt  6 flow
  w19     2.824 Mbps (std  1.214)  jit  10.738 ms  reord  0.00%  rtt   65.29 ms    2,887 pkt  6 flow
  w20     3.566 Mbps (std  8.549)  jit   7.360 ms  reord  0.71%  rtt   75.93 ms    3,682 pkt  2 flow
  w21     2.643 Mbps (std  0.462)  jit   7.644 ms  reord  0.04%  rtt   78.64 ms    2,643 pkt  2 flow
  w22     2.244 Mbps (std  0.992)  jit  14.652 ms  reord  0.92%  rtt   71.37 ms    2,500 pkt  6 flow
  w23     2.348 Mbps (std  6.175)  jit  12.417 ms  reord  0.88%  rtt   65.41 ms    2,613 pkt  4 flow
  w24     2.516 Mbps (std  0.730)  jit  10.411 ms  reord  0.00%  rtt   76.31 ms    2,525 pkt  2 flow
  w25     2.451 Mbps (std  0.721)  jit   9.349 ms  reord  1.60%  rtt   76.05 ms    2,564 pkt  2 flow
  w26     1.961 Mbps (std  0.511)  jit  15.588 ms  reord 13.03%  rtt  104.20 ms    2,879 pkt  4 flow
  w27     1.205 Mbps (std  0.591)  jit  19.976 ms  reord 15.15%  rtt   57.87 ms    1,756 pkt  5 flow
  w28     1.205 Mbps (std  0.474)  jit  17.609 ms  reord 14.90%  rtt   49.56 ms    1,725 pkt  4 flow
  w29     1.819 Mbps (std  0.547)  jit  17.647 ms  reord 10.81%  rtt   77.41 ms    2,470 pkt  4 flow
  w30     2.768 Mbps (std  0.946)  jit   8.259 ms  reord  4.29%  rtt   38.33 ms    3,308 pkt  2 flow
  w31     3.222 Mbps (std  0.465)  jit   6.088 ms  reord  2.62%  rtt   36.93 ms    3,848 pkt  2 flow
  w32     3.210 Mbps (std  0.488)  jit   6.475 ms  reord  2.83%  rtt   33.96 ms    3,817 pkt  2 flow
  w33     2.957 Mbps (std  0.724)  jit   6.983 ms  reord  3.93%  rtt   28.61 ms    3,536 pkt  2 flow
  w34     0.109 Mbps (std  0.541)  jit   0.297 ms  reord  3.15%  rtt   19.93 ms      127 pkt  2 flow
  w35  (parsial, 98 cuplikan) 0.000 Mbps
>> selesai: 36 window -> qos_features.csv
>>          cuplikan mentah -> qos_samples.csv (untuk align_qos.py)
