>> run_id=CONT_s4_bola_Valkaama | map=flows | poll=0.1s | window=10.0s -> qos_features.csv
>> menghitung SEMUA flow TCP yang lewat (Ctrl-C untuk berhenti)
>> XDP terpasang di eth0: prog id=922
>> membaca 1 map bernama 'flows': id [258]
>> entri awal di map: 0  (0 = belum ada trafik TCP yang tertangkap)
  w0      0.000 Mbps (std  0.000)  jit   0.000 ms  reord  0.00%  rtt    0.00 ms        0 pkt  0 flow
  w1      0.000 Mbps (std  0.000)  jit   0.000 ms  reord  0.00%  rtt    0.00 ms        0 pkt  0 flow
  w2      0.000 Mbps (std  0.000)  jit   0.000 ms  reord  0.00%  rtt    0.00 ms        0 pkt  0 flow
  w3      0.000 Mbps (std  0.000)  jit   0.000 ms  reord  0.00%  rtt    0.00 ms        0 pkt  0 flow
  w4      0.011 Mbps (std  0.054)  jit   2.197 ms  reord 11.90%  rtt  139.98 ms       42 pkt  3 flow
  w5      0.205 Mbps (std  0.231)  jit  46.372 ms  reord  2.39%  rtt  316.40 ms      251 pkt  4 flow
  w6      0.252 Mbps (std  0.262)  jit  40.856 ms  reord  0.00%  rtt  304.42 ms      268 pkt  2 flow
  w7      0.250 Mbps (std  0.248)  jit  45.118 ms  reord  0.00%  rtt  313.71 ms      271 pkt  2 flow
  w8      0.264 Mbps (std  0.286)  jit  42.939 ms  reord  2.03%  rtt  294.81 ms      296 pkt  2 flow
  w9      0.149 Mbps (std  0.299)  jit  26.845 ms  reord  0.00%  rtt  193.46 ms      151 pkt  2 flow
  w10     0.189 Mbps (std  0.340)  jit  51.000 ms  reord  0.00%  rtt  204.20 ms      191 pkt  2 flow
  w11     0.472 Mbps (std  0.188)  jit  51.424 ms  reord  0.00%  rtt  214.52 ms      509 pkt  2 flow
  w12     0.739 Mbps (std  1.878)  jit  37.037 ms  reord  2.95%  rtt  207.24 ms      813 pkt  4 flow
  w13     0.606 Mbps (std  0.168)  jit  54.449 ms  reord  0.00%  rtt  215.35 ms      689 pkt  4 flow
  w14     0.613 Mbps (std  0.108)  jit  73.872 ms  reord  0.00%  rtt  224.66 ms      776 pkt  5 flow
  w15     0.608 Mbps (std  0.117)  jit  73.815 ms  reord  0.00%  rtt  195.35 ms      778 pkt  5 flow
  w16     0.609 Mbps (std  0.118)  jit  32.037 ms  reord  0.00%  rtt  118.73 ms      772 pkt  4 flow
  w17     1.713 Mbps (std  9.451)  jit   0.168 ms  reord  0.22%  rtt    1.23 ms    1,807 pkt  2 flow
  w18     0.806 Mbps (std  4.584)  jit   0.211 ms  reord  0.00%  rtt    0.40 ms      838 pkt  2 flow
  w19     1.753 Mbps (std  4.625)  jit   7.511 ms  reord  0.00%  rtt   90.37 ms    1,812 pkt  4 flow
  w20     2.620 Mbps (std  5.302)  jit  14.757 ms  reord  0.00%  rtt   88.30 ms    2,719 pkt  4 flow
  w21     1.586 Mbps (std  4.010)  jit  23.500 ms  reord  1.83%  rtt  113.36 ms    1,641 pkt  4 flow
  w22     0.335 Mbps (std  0.265)  jit  54.621 ms  reord  0.00%  rtt  300.02 ms      353 pkt  2 flow
  w23     0.334 Mbps (std  0.287)  jit  32.404 ms  reord  0.00%  rtt  332.20 ms      346 pkt  2 flow
  w24     0.254 Mbps (std  0.296)  jit  36.006 ms  reord  0.00%  rtt  274.33 ms      269 pkt  2 flow
  w25     0.254 Mbps (std  0.317)  jit  46.884 ms  reord  0.00%  rtt  271.89 ms      267 pkt  2 flow
  w26     0.281 Mbps (std  0.406)  jit  30.728 ms  reord  0.00%  rtt  149.76 ms      298 pkt  2 flow
  w27     0.786 Mbps (std  0.265)  jit  42.821 ms  reord  0.00%  rtt  159.07 ms      842 pkt  4 flow
  w28     0.781 Mbps (std  0.222)  jit  42.732 ms  reord  0.00%  rtt  170.83 ms      858 pkt  4 flow
  w29     1.319 Mbps (std  1.108)  jit  23.849 ms  reord  0.64%  rtt  101.85 ms    1,414 pkt  4 flow
  w30     1.637 Mbps (std  0.074)  jit  30.335 ms  reord  0.00%  rtt  113.45 ms    1,823 pkt  5 flow
  w31     2.700 Mbps (std  9.767)  jit  36.099 ms  reord  0.88%  rtt  108.94 ms    2,964 pkt  5 flow
  w32     1.127 Mbps (std  0.112)  jit  43.026 ms  reord  0.00%  rtt  125.11 ms    1,363 pkt  5 flow
  w33     1.130 Mbps (std  0.093)  jit  43.012 ms  reord  0.00%  rtt  123.56 ms    1,373 pkt  5 flow
  w34     0.286 Mbps (std  0.491)  jit  11.724 ms  reord  0.00%  rtt  111.55 ms      351 pkt  4 flow
  w35     0.000 Mbps (std  0.000)  jit   0.000 ms  reord  0.00%  rtt    0.00 ms        0 pkt  0 flow
  w36  (parsial, 24 cuplikan) 0.000 Mbps
>> selesai: 37 window -> qos_features.csv
>>          cuplikan mentah -> qos_samples.csv (untuk align_qos.py)
