>> run_id=CONT_s6_bola_TearsOfSteel | map=flows | poll=0.1s | window=10.0s -> qos_features.csv
>> menghitung SEMUA flow TCP yang lewat (Ctrl-C untuk berhenti)
>> XDP terpasang di eth0: prog id=1643
>> membaca 1 map bernama 'flows': id [464]
>> entri awal di map: 0  (0 = belum ada trafik TCP yang tertangkap)
  w0      0.000 Mbps (std  0.000)  jit   0.000 ms  reord  0.00%  rtt    0.00 ms        0 pkt  0 flow
  w1      0.000 Mbps (std  0.000)  jit   0.000 ms  reord  0.00%  rtt    0.00 ms        0 pkt  0 flow
  w2      0.000 Mbps (std  0.000)  jit   0.000 ms  reord  0.00%  rtt    0.00 ms        0 pkt  0 flow
  w3      0.000 Mbps (std  0.000)  jit   0.000 ms  reord  0.00%  rtt    0.00 ms        0 pkt  0 flow
  w4      0.065 Mbps (std  0.292)  jit   1.029 ms  reord  1.71%  rtt   70.35 ms      117 pkt  6 flow
  w5      0.638 Mbps (std  0.322)  jit  61.309 ms  reord 12.46%  rtt  152.42 ms      939 pkt  7 flow
  w6      0.498 Mbps (std  0.364)  jit  69.287 ms  reord 13.84%  rtt  147.29 ms      730 pkt  4 flow
  w7      0.630 Mbps (std  0.317)  jit  68.498 ms  reord 13.37%  rtt  155.08 ms      920 pkt  4 flow
  w8      0.677 Mbps (std  0.310)  jit  49.734 ms  reord 12.49%  rtt  164.74 ms      985 pkt  4 flow
  w9      0.642 Mbps (std  0.306)  jit 158.121 ms  reord 12.72%  rtt  182.21 ms      951 pkt  6 flow
  w10     0.882 Mbps (std  0.222)  jit  72.221 ms  reord  4.81%  rtt  150.39 ms    1,123 pkt  6 flow
  w11     0.315 Mbps (std  0.477)  jit  33.141 ms  reord  0.00%  rtt   90.50 ms      344 pkt  4 flow
  w12     0.850 Mbps (std  0.357)  jit  33.181 ms  reord  0.00%  rtt  132.06 ms      904 pkt  4 flow
  w13     0.940 Mbps (std  0.169)  jit  62.938 ms  reord  0.17%  rtt  154.70 ms    1,146 pkt  6 flow
  w14     0.791 Mbps (std  0.414)  jit  55.019 ms  reord  0.00%  rtt  136.76 ms      917 pkt  6 flow
  w15     0.546 Mbps (std  0.507)  jit  31.894 ms  reord  0.00%  rtt   97.79 ms      626 pkt  4 flow
  w16     1.577 Mbps (std  9.473)  jit 199.594 ms  reord  4.34%  rtt  256.36 ms    1,753 pkt  5 flow
  w17     0.444 Mbps (std  0.118)  jit 139.332 ms  reord  0.00%  rtt  282.08 ms      570 pkt  4 flow
  w18     0.445 Mbps (std  0.113)  jit 146.764 ms  reord  0.00%  rtt  295.79 ms      578 pkt  6 flow
  w19     0.445 Mbps (std  0.093)  jit 155.124 ms  reord  0.35%  rtt  305.74 ms      579 pkt  5 flow
  w20     0.521 Mbps (std  2.353)  jit 140.153 ms  reord  1.31%  rtt  306.76 ms      609 pkt  6 flow
  w21     0.284 Mbps (std  0.136)  jit 138.823 ms  reord  0.00%  rtt  288.12 ms      347 pkt  4 flow
  w22     1.752 Mbps (std 14.641)  jit 184.928 ms  reord  1.20%  rtt  464.28 ms    1,916 pkt  4 flow
  w23     0.141 Mbps (std  0.102)  jit 219.589 ms  reord 13.45%  rtt  440.91 ms      223 pkt  4 flow
  w24     0.139 Mbps (std  0.084)  jit 215.257 ms  reord 10.31%  rtt  514.77 ms      223 pkt  3 flow
  w25     0.139 Mbps (std  0.070)  jit 264.179 ms  reord 11.76%  rtt  653.38 ms      238 pkt  4 flow
  w26     0.177 Mbps (std  0.160)  jit 237.888 ms  reord 10.04%  rtt  468.80 ms      269 pkt  4 flow
  w27     0.201 Mbps (std  0.219)  jit  63.286 ms  reord  0.00%  rtt  437.51 ms      235 pkt  4 flow
  w28     0.200 Mbps (std  0.188)  jit 128.615 ms  reord  0.41%  rtt  488.55 ms      244 pkt  3 flow
  w29     0.196 Mbps (std  0.133)  jit 197.224 ms  reord  0.00%  rtt  429.67 ms      248 pkt  3 flow
  w30     0.186 Mbps (std  0.179)  jit 156.532 ms  reord  3.70%  rtt  405.40 ms      243 pkt  3 flow
  w31     0.180 Mbps (std  0.154)  jit 249.694 ms  reord  0.40%  rtt  576.89 ms      247 pkt  5 flow
  w32     0.975 Mbps (std  4.934)  jit  83.869 ms  reord  0.37%  rtt  490.87 ms    1,078 pkt  2 flow
  w33     0.332 Mbps (std  1.501)  jit  19.571 ms  reord  0.00%  rtt    0.88 ms      362 pkt  4 flow
  w34     0.753 Mbps (std  2.094)  jit   4.695 ms  reord  0.00%  rtt   96.95 ms      812 pkt  2 flow
  w35  (parsial, 96 cuplikan) 0.000 Mbps
>> selesai: 36 window -> qos_features.csv
>>          cuplikan mentah -> qos_samples.csv (untuk align_qos.py)
