>> run_id=CONT_s4_throughput_TearsOfSteel | map=flows | poll=0.1s | window=10.0s -> qos_features.csv
>> menghitung SEMUA flow TCP yang lewat (Ctrl-C untuk berhenti)
>> XDP terpasang di eth0: prog id=2147
>> membaca 1 map bernama 'flows': id [608]
>> entri awal di map: 0  (0 = belum ada trafik TCP yang tertangkap)
  w0      0.000 Mbps (std  0.000)  jit   0.000 ms  reord  0.00%  rtt    0.00 ms        0 pkt  0 flow
  w1      0.000 Mbps (std  0.000)  jit   0.000 ms  reord  0.00%  rtt    0.00 ms        0 pkt  0 flow
  w2      0.000 Mbps (std  0.000)  jit   0.000 ms  reord  0.00%  rtt    0.00 ms        0 pkt  0 flow
  w3      0.000 Mbps (std  0.000)  jit   0.000 ms  reord  0.00%  rtt    0.00 ms        0 pkt  0 flow
  w4      0.011 Mbps (std  0.049)  jit   2.160 ms  reord 11.63%  rtt  124.18 ms       43 pkt  2 flow
  w5      0.260 Mbps (std  0.297)  jit  96.553 ms  reord  2.88%  rtt  391.96 ms      347 pkt  6 flow
  w6      0.249 Mbps (std  0.189)  jit 171.515 ms  reord  0.68%  rtt  349.86 ms      294 pkt  4 flow
  w7      0.249 Mbps (std  0.211)  jit 126.378 ms  reord  0.00%  rtt  357.52 ms      276 pkt  3 flow
  w8      0.288 Mbps (std  0.265)  jit 224.777 ms  reord  3.76%  rtt  304.35 ms      346 pkt  4 flow
  w9      0.469 Mbps (std  0.178)  jit 106.028 ms  reord  0.37%  rtt  205.21 ms      547 pkt  4 flow
  w10     0.470 Mbps (std  0.170)  jit 103.272 ms  reord  0.00%  rtt  230.44 ms      541 pkt  4 flow
  w11     0.470 Mbps (std  0.137)  jit 110.164 ms  reord  0.00%  rtt  251.47 ms      562 pkt  4 flow
  w12     0.459 Mbps (std  0.549)  jit  73.575 ms  reord  0.00%  rtt  192.11 ms      547 pkt  4 flow
  w13     0.588 Mbps (std  0.297)  jit  58.409 ms  reord  0.15%  rtt  181.73 ms      683 pkt  4 flow
  w14     0.611 Mbps (std  0.100)  jit  94.335 ms  reord  0.00%  rtt  261.43 ms      769 pkt  7 flow
  w15     0.607 Mbps (std  0.112)  jit 102.501 ms  reord  0.00%  rtt  263.10 ms      763 pkt  7 flow
  w16     0.692 Mbps (std  0.991)  jit  79.930 ms  reord  1.20%  rtt  205.63 ms      830 pkt  6 flow
  w17     1.649 Mbps (std  8.663)  jit   0.760 ms  reord  0.00%  rtt    0.55 ms    1,736 pkt  2 flow
  w18     0.562 Mbps (std  2.529)  jit   1.434 ms  reord  0.00%  rtt    0.73 ms      588 pkt  2 flow
  w19     1.678 Mbps (std  3.800)  jit   9.240 ms  reord  0.00%  rtt   86.38 ms    1,734 pkt  4 flow
  w20     2.712 Mbps (std  5.210)  jit  13.879 ms  reord  0.00%  rtt   87.10 ms    2,847 pkt  4 flow
  w21     3.226 Mbps (std 10.729)  jit  43.091 ms  reord  1.03%  rtt  228.48 ms    3,412 pkt  4 flow
  w22     0.340 Mbps (std  0.243)  jit 425.777 ms  reord  0.00%  rtt  292.96 ms      383 pkt  4 flow
  w23     0.340 Mbps (std  0.148)  jit 133.085 ms  reord  0.00%  rtt  357.39 ms      426 pkt  4 flow
  w24     0.339 Mbps (std  0.183)  jit  90.933 ms  reord  0.00%  rtt  306.50 ms      405 pkt  4 flow
  w25     0.336 Mbps (std  0.151)  jit 141.647 ms  reord  0.25%  rtt  274.71 ms      404 pkt  4 flow
  w26     0.760 Mbps (std  0.265)  jit  70.886 ms  reord  1.15%  rtt  159.91 ms      867 pkt  4 flow
  w27     0.790 Mbps (std  0.196)  jit  71.113 ms  reord  0.00%  rtt  162.36 ms      906 pkt  6 flow
  w28     0.833 Mbps (std  0.308)  jit  89.114 ms  reord  1.27%  rtt  184.12 ms    1,022 pkt  6 flow
  w29     1.134 Mbps (std  0.767)  jit  23.537 ms  reord  0.00%  rtt   84.96 ms    1,246 pkt  4 flow
  w30     1.643 Mbps (std  0.196)  jit  59.420 ms  reord  0.05%  rtt  107.82 ms    1,898 pkt  7 flow
  w31     2.208 Mbps (std  6.487)  jit  64.956 ms  reord  1.07%  rtt  123.15 ms    2,515 pkt  7 flow
  w32     1.134 Mbps (std  0.110)  jit  64.513 ms  reord  0.07%  rtt  163.08 ms    1,416 pkt  7 flow
  w33     1.129 Mbps (std  0.184)  jit  67.303 ms  reord  0.14%  rtt  161.63 ms    1,387 pkt  6 flow
  w34     0.220 Mbps (std  0.446)  jit   8.342 ms  reord  0.00%  rtt  101.32 ms      281 pkt  6 flow
  w35     0.000 Mbps (std  0.000)  jit   0.000 ms  reord  0.00%  rtt    0.00 ms        0 pkt  0 flow
  w36  (parsial, 10 cuplikan) 0.000 Mbps
>> selesai: 37 window -> qos_features.csv
>>          cuplikan mentah -> qos_samples.csv (untuk align_qos.py)
