>> run_id=CONT_s2_bola_TearsOfSteel | map=flows | poll=0.1s | window=10.0s -> qos_features.csv
>> menghitung SEMUA flow TCP yang lewat (Ctrl-C untuk berhenti)
>> XDP terpasang di eth0: prog id=227
>> membaca 1 map bernama 'flows': id [60]
>> entri awal di map: 0  (0 = belum ada trafik TCP yang tertangkap)
  w0      0.000 Mbps (std  0.000)  jit   0.000 ms  reord  0.00%  rtt    0.00 ms        0 pkt  0 flow
  w1      0.000 Mbps (std  0.000)  jit   0.000 ms  reord  0.00%  rtt    0.00 ms        0 pkt  0 flow
  w2      0.000 Mbps (std  0.000)  jit   0.000 ms  reord  0.00%  rtt    0.00 ms        0 pkt  0 flow
  w3      0.000 Mbps (std  0.000)  jit   0.000 ms  reord  0.00%  rtt    0.00 ms        0 pkt  0 flow
  w4      0.407 Mbps (std  1.317)  jit   1.077 ms  reord  2.28%  rtt   99.67 ms      527 pkt  4 flow
  w5      4.678 Mbps (std  2.454)  jit   7.261 ms  reord  0.50%  rtt   38.18 ms    5,594 pkt  8 flow
  w6      4.902 Mbps (std  2.151)  jit   6.566 ms  reord  0.54%  rtt   50.59 ms    5,399 pkt  4 flow
  w7      5.796 Mbps (std  1.138)  jit  11.067 ms  reord  0.08%  rtt   34.98 ms    7,116 pkt  4 flow
  w8      6.039 Mbps (std  0.187)  jit   5.577 ms  reord  0.10%  rtt   28.83 ms    7,337 pkt  4 flow
  w9      3.816 Mbps (std  9.022)  jit   7.830 ms  reord  0.70%  rtt   45.22 ms    4,285 pkt  4 flow
  w10     3.218 Mbps (std  0.397)  jit  24.525 ms  reord  0.09%  rtt   67.78 ms    3,261 pkt  4 flow
  w11     3.234 Mbps (std  0.358)  jit  14.816 ms  reord  1.34%  rtt   71.40 ms    3,436 pkt  6 flow
  w12     3.228 Mbps (std  0.351)  jit  16.523 ms  reord  0.09%  rtt   74.64 ms    3,338 pkt  4 flow
  w13     3.296 Mbps (std  0.472)  jit  19.708 ms  reord  0.69%  rtt   68.73 ms    3,472 pkt  4 flow
  w14     3.090 Mbps (std  0.950)  jit  21.527 ms  reord  0.77%  rtt   65.70 ms    3,391 pkt  6 flow
  w15     3.206 Mbps (std  0.628)  jit  15.156 ms  reord  0.83%  rtt   62.60 ms    3,497 pkt  6 flow
  w16     3.367 Mbps (std  0.178)  jit  30.800 ms  reord  0.00%  rtt   56.26 ms    3,997 pkt  6 flow
  w17     3.429 Mbps (std  4.192)  jit  14.229 ms  reord  1.13%  rtt   44.93 ms    3,797 pkt  5 flow
  w18     4.674 Mbps (std  2.315)  jit   7.994 ms  reord  0.60%  rtt   57.76 ms    5,810 pkt  5 flow
  w19     6.076 Mbps (std  0.353)  jit  20.355 ms  reord  0.30%  rtt   47.57 ms    7,912 pkt  6 flow
  w20     6.088 Mbps (std  0.325)  jit   4.598 ms  reord  0.33%  rtt   37.85 ms    8,187 pkt  4 flow
  w21     6.070 Mbps (std  0.276)  jit   8.785 ms  reord  0.15%  rtt   44.08 ms    7,936 pkt  6 flow
  w22     6.017 Mbps (std  0.362)  jit  13.136 ms  reord  0.20%  rtt   49.94 ms    6,868 pkt  6 flow
  w23     1.436 Mbps (std  3.100)  jit  22.382 ms  reord 13.69%  rtt   46.48 ms    1,979 pkt  4 flow
  w24     1.198 Mbps (std  0.940)  jit  24.062 ms  reord 17.20%  rtt   47.98 ms    1,727 pkt  4 flow
  w25     2.242 Mbps (std  2.008)  jit  18.369 ms  reord 23.26%  rtt   53.95 ms    3,474 pkt  6 flow
  w26     2.314 Mbps (std  1.976)  jit  13.417 ms  reord 25.38%  rtt   47.11 ms    3,660 pkt  5 flow
  w27     0.644 Mbps (std  1.361)  jit   8.514 ms  reord  7.83%  rtt   36.56 ms      779 pkt  2 flow
  w28     4.678 Mbps (std  2.535)  jit  15.197 ms  reord  0.12%  rtt   36.58 ms    5,966 pkt  4 flow
  w29     6.039 Mbps (std  0.293)  jit   6.603 ms  reord  0.58%  rtt   38.87 ms    7,777 pkt  4 flow
  w30     4.502 Mbps (std  2.608)  jit   4.351 ms  reord  0.33%  rtt   37.36 ms    5,765 pkt  4 flow
  w31     3.741 Mbps (std  2.896)  jit   2.022 ms  reord  0.34%  rtt   34.42 ms    5,365 pkt  2 flow
  w32     3.895 Mbps (std  2.675)  jit  45.537 ms  reord  0.21%  rtt   46.66 ms    5,274 pkt  6 flow
  w33     0.156 Mbps (std  0.761)  jit  13.248 ms  reord  0.00%  rtt  101.48 ms      186 pkt  2 flow
  w34     0.000 Mbps (std  0.000)  jit   0.000 ms  reord  0.00%  rtt    0.00 ms        0 pkt  0 flow
  w35  (parsial, 88 cuplikan) 0.000 Mbps
>> selesai: 36 window -> qos_features.csv
>>          cuplikan mentah -> qos_samples.csv (untuk align_qos.py)
