>> run_id=CONT_s6_dynamic_ElephantsDream | map=flows | poll=0.1s | window=10.0s -> qos_features.csv
>> menghitung SEMUA flow TCP yang lewat (Ctrl-C untuk berhenti)
>> XDP terpasang di eth0: prog id=528
>> membaca 1 map bernama 'flows': id [146]
>> entri awal di map: 0  (0 = belum ada trafik TCP yang tertangkap)
  w0      0.000 Mbps (std  0.000)  jit   0.000 ms  reord  0.00%  rtt    0.00 ms        0 pkt  0 flow
  w1      0.000 Mbps (std  0.000)  jit   0.000 ms  reord  0.00%  rtt    0.00 ms        0 pkt  0 flow
  w2      0.000 Mbps (std  0.000)  jit   0.000 ms  reord  0.00%  rtt    0.00 ms        0 pkt  0 flow
  w3      0.000 Mbps (std  0.000)  jit   0.000 ms  reord  0.00%  rtt    0.00 ms        0 pkt  0 flow
  w4      0.056 Mbps (std  0.247)  jit   0.498 ms  reord  1.08%  rtt   37.85 ms       93 pkt  3 flow
  w5      0.285 Mbps (std  0.218)  jit  62.425 ms  reord 15.48%  rtt  136.67 ms      420 pkt  3 flow
  w6      0.239 Mbps (std  0.191)  jit  59.697 ms  reord 10.89%  rtt  134.99 ms      349 pkt  2 flow
  w7      0.247 Mbps (std  0.231)  jit  64.345 ms  reord 11.05%  rtt  130.55 ms      353 pkt  2 flow
  w8      0.304 Mbps (std  0.219)  jit  59.786 ms  reord 13.79%  rtt  139.41 ms      428 pkt  2 flow
  w9      0.445 Mbps (std  0.373)  jit  47.333 ms  reord 17.21%  rtt  177.20 ms      680 pkt  4 flow
  w10     1.249 Mbps (std  2.994)  jit  43.823 ms  reord  6.62%  rtt  121.10 ms    1,510 pkt  5 flow
  w11     0.928 Mbps (std  0.293)  jit  20.434 ms  reord  0.00%  rtt  123.40 ms      951 pkt  2 flow
  w12     0.926 Mbps (std  0.284)  jit  20.195 ms  reord  0.00%  rtt  124.78 ms      966 pkt  4 flow
  w13     0.935 Mbps (std  0.187)  jit  47.485 ms  reord  0.00%  rtt  158.90 ms    1,086 pkt  4 flow
  w14     0.895 Mbps (std  0.285)  jit  32.701 ms  reord  0.00%  rtt  139.81 ms      983 pkt  4 flow
  w15     0.931 Mbps (std  0.222)  jit  27.925 ms  reord  0.00%  rtt  139.66 ms    1,023 pkt  4 flow
  w16     1.317 Mbps (std  7.601)  jit  49.005 ms  reord  0.82%  rtt  237.42 ms    1,456 pkt  4 flow
  w17     0.440 Mbps (std  0.135)  jit 103.131 ms  reord  0.00%  rtt  306.84 ms      532 pkt  5 flow
  w18     0.447 Mbps (std  0.145)  jit  96.929 ms  reord  0.00%  rtt  300.51 ms      552 pkt  5 flow
  w19     0.442 Mbps (std  0.143)  jit 104.397 ms  reord  0.00%  rtt  306.34 ms      539 pkt  5 flow
  w20     0.378 Mbps (std  1.045)  jit  77.988 ms  reord  2.01%  rtt  280.24 ms      447 pkt  5 flow
  w21     0.116 Mbps (std  0.271)  jit  40.490 ms  reord  0.00%  rtt  181.15 ms      125 pkt  2 flow
  w22     0.274 Mbps (std  0.241)  jit 116.854 ms  reord  0.92%  rtt  371.40 ms      326 pkt  4 flow
  w23     0.185 Mbps (std  0.438)  jit  64.966 ms  reord 11.76%  rtt  482.55 ms      272 pkt  2 flow
  w24     0.141 Mbps (std  0.093)  jit  48.865 ms  reord  8.51%  rtt  342.91 ms      235 pkt  4 flow
  w25     0.138 Mbps (std  0.087)  jit 145.426 ms  reord  8.68%  rtt  510.96 ms      219 pkt  4 flow
  w26     0.153 Mbps (std  0.164)  jit 132.101 ms  reord 13.62%  rtt  469.37 ms      235 pkt  4 flow
  w27     0.141 Mbps (std  0.212)  jit  40.197 ms  reord  0.00%  rtt  265.48 ms      164 pkt  2 flow
  w28     0.047 Mbps (std  0.209)  jit  27.853 ms  reord  0.00%  rtt  190.23 ms       49 pkt  2 flow
  w29     0.060 Mbps (std  0.243)  jit  30.939 ms  reord  0.00%  rtt  203.10 ms       64 pkt  2 flow
  w30     0.135 Mbps (std  0.256)  jit  82.195 ms  reord  0.69%  rtt  520.78 ms      145 pkt  2 flow
  w31     0.183 Mbps (std  0.242)  jit  64.937 ms  reord  0.93%  rtt  517.77 ms      215 pkt  4 flow
  w32     0.234 Mbps (std  0.966)  jit  77.267 ms  reord  3.68%  rtt  548.77 ms      272 pkt  4 flow
  w33     0.062 Mbps (std  0.454)  jit  10.307 ms  reord  0.00%  rtt   15.21 ms       68 pkt  2 flow
  w34     0.757 Mbps (std  2.102)  jit  15.016 ms  reord  0.00%  rtt   88.06 ms      807 pkt  2 flow
  w35     0.000 Mbps (std  0.000)  jit   0.000 ms  reord  0.00%  rtt    0.00 ms        0 pkt  0 flow
  w36  (parsial, 11 cuplikan) 0.000 Mbps
>> selesai: 37 window -> qos_features.csv
>>          cuplikan mentah -> qos_samples.csv (untuk align_qos.py)
