>> run_id=CONT_s14_dynamic_OfForestAndMen | map=flows | poll=0.1s | window=10.0s -> qos_features.csv
>> menghitung SEMUA flow TCP yang lewat (Ctrl-C untuk berhenti)
>> XDP terpasang di eth0: prog id=985
>> membaca 1 map bernama 'flows': id [276]
>> entri awal di map: 0  (0 = belum ada trafik TCP yang tertangkap)
  w0      0.000 Mbps (std  0.000)  jit   0.000 ms  reord  0.00%  rtt    0.00 ms        0 pkt  0 flow
  w1      0.000 Mbps (std  0.000)  jit   0.000 ms  reord  0.00%  rtt    0.00 ms        0 pkt  0 flow
  w2      0.000 Mbps (std  0.000)  jit   0.000 ms  reord  0.00%  rtt    0.00 ms        0 pkt  0 flow
  w3      0.000 Mbps (std  0.000)  jit   0.000 ms  reord  0.00%  rtt    0.00 ms        0 pkt  0 flow
  w4      0.032 Mbps (std  0.143)  jit   1.397 ms  reord  1.45%  rtt   51.00 ms       69 pkt  2 flow
  w5      0.126 Mbps (std  0.205)  jit  45.405 ms  reord  2.81%  rtt  554.41 ms      178 pkt  5 flow
  w6      0.122 Mbps (std  0.120)  jit  70.297 ms  reord  0.00%  rtt  448.60 ms      158 pkt  2 flow
  w7      0.140 Mbps (std  0.431)  jit  50.060 ms  reord  2.33%  rtt  464.83 ms      172 pkt  2 flow
  w8      0.125 Mbps (std  0.244)  jit  58.858 ms  reord  1.49%  rtt  433.62 ms      134 pkt  2 flow
  w9      0.120 Mbps (std  0.244)  jit  39.766 ms  reord  0.00%  rtt  563.36 ms      128 pkt  2 flow
  w10     0.092 Mbps (std  0.225)  jit  64.418 ms  reord  4.50%  rtt 2845.41 ms      111 pkt  3 flow
  w11     0.121 Mbps (std  0.155)  jit 256.365 ms  reord  0.00%  rtt  506.74 ms      156 pkt  4 flow
  w12     0.976 Mbps (std  8.452)  jit  56.636 ms  reord  1.29%  rtt  522.96 ms    1,011 pkt  6 flow
  w13     0.124 Mbps (std  0.137)  jit 128.443 ms  reord 13.47%  rtt  735.31 ms      193 pkt  4 flow
  w14     0.122 Mbps (std  0.145)  jit 158.230 ms  reord  0.66%  rtt  923.38 ms      151 pkt  3 flow
  w15     0.154 Mbps (std  0.363)  jit  61.300 ms  reord  4.40%  rtt  453.08 ms      182 pkt  2 flow
  w16     0.118 Mbps (std  0.191)  jit 110.715 ms  reord  0.64%  rtt  547.75 ms      156 pkt  3 flow
  w17     0.047 Mbps (std  0.168)  jit  33.577 ms  reord  0.00%  rtt  173.88 ms       52 pkt  2 flow
  w18     0.090 Mbps (std  0.215)  jit  88.841 ms  reord  0.00%  rtt  506.05 ms      101 pkt  2 flow
  w19     0.127 Mbps (std  0.156)  jit  95.208 ms  reord  0.61%  rtt  553.18 ms      163 pkt  4 flow
  w20     0.129 Mbps (std  0.182)  jit 109.574 ms  reord  2.70%  rtt  561.41 ms      185 pkt  4 flow
  w21     0.126 Mbps (std  0.143)  jit 123.910 ms  reord  1.16%  rtt  840.94 ms      172 pkt  4 flow
  w22     0.122 Mbps (std  0.133)  jit 146.559 ms  reord  0.00%  rtt  782.92 ms      164 pkt  4 flow
  w23     0.120 Mbps (std  0.189)  jit 119.689 ms  reord  0.00%  rtt  766.43 ms      141 pkt  2 flow
  w24     0.448 Mbps (std  3.043)  jit  50.701 ms  reord  2.71%  rtt  501.94 ms      480 pkt  4 flow
  w25     0.122 Mbps (std  0.143)  jit 148.580 ms  reord  0.00%  rtt  614.85 ms      161 pkt  4 flow
  w26     0.126 Mbps (std  0.121)  jit 134.412 ms  reord  0.00%  rtt  696.83 ms      181 pkt  4 flow
  w27     0.516 Mbps (std  4.070)  jit  63.266 ms  reord  0.91%  rtt  391.72 ms      548 pkt  2 flow
  w28     0.180 Mbps (std  0.232)  jit  61.805 ms  reord  0.00%  rtt  551.01 ms      209 pkt  4 flow
  w29     0.177 Mbps (std  0.195)  jit  92.822 ms  reord  0.00%  rtt  567.36 ms      206 pkt  2 flow
  w30     0.181 Mbps (std  0.182)  jit 113.774 ms  reord  0.44%  rtt  541.19 ms      227 pkt  4 flow
  w31     0.181 Mbps (std  0.160)  jit 142.298 ms  reord  0.00%  rtt  572.07 ms      221 pkt  4 flow
  w32     1.361 Mbps (std 10.480)  jit  91.493 ms  reord  1.51%  rtt  292.38 ms    1,525 pkt  4 flow
  w33     0.506 Mbps (std  0.129)  jit  95.944 ms  reord  0.00%  rtt  222.96 ms      636 pkt  4 flow
  w34     0.500 Mbps (std  0.176)  jit  33.758 ms  reord  0.00%  rtt  224.09 ms      589 pkt  4 flow
  w35     0.177 Mbps (std  0.259)  jit  11.266 ms  reord  0.00%  rtt  284.66 ms      203 pkt  3 flow
  w36  (parsial, 2 cuplikan) 0.000 Mbps
>> selesai: 37 window -> qos_features.csv
>>          cuplikan mentah -> qos_samples.csv (untuk align_qos.py)
