>> run_id=CONT_s3_dynamic_TearsOfSteel | map=flows | poll=0.1s | window=10.0s -> qos_features.csv
>> menghitung SEMUA flow TCP yang lewat (Ctrl-C untuk berhenti)
>> XDP terpasang di eth0: prog id=1727
>> membaca 1 map bernama 'flows': id [488]
>> entri awal di map: 0  (0 = belum ada trafik TCP yang tertangkap)
  w0      0.000 Mbps (std  0.000)  jit   0.000 ms  reord  0.00%  rtt    0.00 ms        0 pkt  0 flow
  w1      0.000 Mbps (std  0.000)  jit   0.000 ms  reord  0.00%  rtt    0.00 ms        0 pkt  0 flow
  w2      0.000 Mbps (std  0.000)  jit   0.000 ms  reord  0.00%  rtt    0.00 ms        0 pkt  0 flow
  w3      0.000 Mbps (std  0.000)  jit   0.000 ms  reord  0.00%  rtt    0.00 ms        0 pkt  0 flow
  w4      0.058 Mbps (std  0.192)  jit   2.870 ms  reord  2.33%  rtt  251.26 ms       86 pkt  4 flow
  w5      0.309 Mbps (std  0.206)  jit 110.782 ms  reord  1.80%  rtt  349.31 ms      388 pkt  5 flow
  w6      0.298 Mbps (std  0.104)  jit 157.664 ms  reord  0.00%  rtt  325.83 ms      385 pkt  4 flow
  w7      0.600 Mbps (std  2.882)  jit 131.063 ms  reord  3.77%  rtt  272.29 ms      716 pkt  4 flow
  w8      0.316 Mbps (std  0.123)  jit  94.212 ms  reord 10.62%  rtt  261.38 ms      480 pkt  4 flow
  w9      0.347 Mbps (std  0.104)  jit 114.223 ms  reord 12.97%  rtt  334.19 ms      532 pkt  6 flow
  w10     0.817 Mbps (std  1.773)  jit  67.506 ms  reord  1.77%  rtt  165.99 ms      962 pkt  4 flow
  w11     0.583 Mbps (std  0.354)  jit  52.722 ms  reord  0.00%  rtt  136.58 ms      656 pkt  4 flow
  w12     0.650 Mbps (std  0.336)  jit  55.335 ms  reord  0.13%  rtt  156.80 ms      743 pkt  5 flow
  w13     0.767 Mbps (std  0.698)  jit  87.548 ms  reord  1.07%  rtt  110.86 ms      845 pkt  4 flow
  w14     1.542 Mbps (std  0.273)  jit  24.604 ms  reord  0.00%  rtt  109.44 ms    1,698 pkt  7 flow
  w15     1.537 Mbps (std  0.258)  jit  34.734 ms  reord  0.22%  rtt   95.07 ms    1,837 pkt  6 flow
  w16     0.991 Mbps (std  0.284)  jit  52.579 ms  reord  0.09%  rtt  118.12 ms    1,096 pkt  4 flow
  w17     1.018 Mbps (std  0.219)  jit  51.831 ms  reord  0.00%  rtt  122.06 ms    1,133 pkt  4 flow
  w18     1.027 Mbps (std  0.164)  jit  65.872 ms  reord  0.17%  rtt  145.90 ms    1,208 pkt  6 flow
  w19     0.803 Mbps (std  0.464)  jit  30.880 ms  reord  0.00%  rtt  119.89 ms      882 pkt  4 flow
  w20     0.757 Mbps (std  0.400)  jit  27.473 ms  reord  0.00%  rtt  131.15 ms      806 pkt  2 flow
  w21     0.850 Mbps (std  0.186)  jit 121.329 ms  reord  0.00%  rtt  136.30 ms      954 pkt  4 flow
  w22     0.805 Mbps (std  0.300)  jit  50.371 ms  reord  0.00%  rtt  133.73 ms      902 pkt  4 flow
  w23     0.792 Mbps (std  0.348)  jit  59.695 ms  reord  0.24%  rtt  138.15 ms      848 pkt  4 flow
  w24     0.956 Mbps (std  1.739)  jit  65.819 ms  reord  0.95%  rtt  123.98 ms    1,058 pkt  4 flow
  w25     0.287 Mbps (std  0.286)  jit  54.102 ms  reord 13.76%  rtt  139.84 ms      407 pkt  2 flow
  w26     0.296 Mbps (std  0.236)  jit 114.730 ms  reord 15.25%  rtt  155.09 ms      446 pkt  4 flow
  w27     0.455 Mbps (std  0.280)  jit  86.524 ms  reord  8.30%  rtt  173.56 ms      566 pkt  2 flow
  w28     0.475 Mbps (std  0.306)  jit  42.148 ms  reord  7.61%  rtt  164.18 ms      618 pkt  3 flow
  w29     0.489 Mbps (std  0.279)  jit  60.743 ms  reord 12.83%  rtt  203.76 ms      709 pkt  4 flow
  w30     0.492 Mbps (std  0.198)  jit 103.292 ms  reord  1.47%  rtt  223.11 ms      612 pkt  5 flow
  w31     0.521 Mbps (std  0.136)  jit  99.920 ms  reord  0.00%  rtt  257.63 ms      637 pkt  4 flow
  w32     0.524 Mbps (std  0.120)  jit  96.761 ms  reord  0.00%  rtt  242.04 ms      661 pkt  6 flow
  w33     0.522 Mbps (std  0.132)  jit 121.452 ms  reord  0.00%  rtt  266.74 ms      654 pkt  4 flow
  w34     0.211 Mbps (std  0.273)  jit  39.035 ms  reord  0.00%  rtt  251.12 ms      254 pkt  4 flow
  w35     0.000 Mbps (std  0.000)  jit   0.000 ms  reord  0.00%  rtt    0.00 ms        0 pkt  0 flow
  w36  (parsial, 13 cuplikan) 0.000 Mbps
>> selesai: 37 window -> qos_features.csv
>>          cuplikan mentah -> qos_samples.csv (untuk align_qos.py)
