>> run_id=CONT_s2_dynamic_ElephantsDream | map=flows | poll=0.1s | window=10.0s -> qos_features.csv
>> menghitung SEMUA flow TCP yang lewat (Ctrl-C untuk berhenti)
>> XDP terpasang di eth0: prog id=1545
>> membaca 1 map bernama 'flows': id [436]
>> entri awal di map: 0  (0 = belum ada trafik TCP yang tertangkap)
  w0      0.000 Mbps (std  0.000)  jit   0.000 ms  reord  0.00%  rtt    0.00 ms        0 pkt  0 flow
  w1      0.000 Mbps (std  0.000)  jit   0.000 ms  reord  0.00%  rtt    0.00 ms        0 pkt  0 flow
  w2      0.000 Mbps (std  0.000)  jit   0.000 ms  reord  0.00%  rtt    0.00 ms        0 pkt  0 flow
  w3      0.000 Mbps (std  0.000)  jit   0.000 ms  reord  0.00%  rtt    0.00 ms        0 pkt  0 flow
  w4      0.459 Mbps (std  1.493)  jit   0.563 ms  reord  2.30%  rtt   50.94 ms      608 pkt  4 flow
  w5      6.050 Mbps (std  0.207)  jit   2.092 ms  reord  0.63%  rtt   37.49 ms    7,468 pkt  6 flow
  w6      6.041 Mbps (std  0.307)  jit   4.542 ms  reord  0.10%  rtt   43.98 ms    7,353 pkt  4 flow
  w7      6.055 Mbps (std  0.148)  jit   0.195 ms  reord  0.09%  rtt   33.62 ms    7,704 pkt  2 flow
  w8      6.054 Mbps (std  0.241)  jit   0.238 ms  reord  0.09%  rtt   33.95 ms    7,678 pkt  2 flow
  w9      3.723 Mbps (std  2.397)  jit   4.059 ms  reord  1.17%  rtt   51.89 ms    4,278 pkt  2 flow
  w10     3.221 Mbps (std  0.407)  jit   5.318 ms  reord  0.03%  rtt   64.70 ms    3,185 pkt  2 flow
  w11     3.227 Mbps (std  0.424)  jit   6.451 ms  reord  0.06%  rtt   67.26 ms    3,316 pkt  4 flow
  w12     3.235 Mbps (std  0.386)  jit   9.273 ms  reord  1.27%  rtt   70.69 ms    3,462 pkt  4 flow
  w13     3.901 Mbps (std  8.063)  jit   5.230 ms  reord  0.60%  rtt   64.21 ms    4,021 pkt  2 flow
  w14     3.069 Mbps (std  0.997)  jit  11.109 ms  reord  1.82%  rtt   64.18 ms    3,453 pkt  5 flow
  w15     3.347 Mbps (std  0.398)  jit  16.181 ms  reord  0.00%  rtt   75.93 ms    3,548 pkt  6 flow
  w16     3.346 Mbps (std  0.370)  jit  16.023 ms  reord  0.00%  rtt   76.76 ms    3,555 pkt  6 flow
  w17     3.352 Mbps (std  0.334)  jit  15.699 ms  reord  0.00%  rtt   76.84 ms    3,578 pkt  5 flow
  w18     4.423 Mbps (std 13.065)  jit   8.464 ms  reord  0.94%  rtt   65.96 ms    4,993 pkt  4 flow
  w19     5.756 Mbps (std  1.088)  jit   9.250 ms  reord  0.08%  rtt   43.67 ms    6,124 pkt  4 flow
  w20     2.544 Mbps (std  2.953)  jit   1.858 ms  reord  0.31%  rtt   34.30 ms    3,587 pkt  2 flow
  w21     5.470 Mbps (std  1.770)  jit   4.032 ms  reord  0.27%  rtt   43.18 ms    7,051 pkt  5 flow
  w22     4.606 Mbps (std  2.448)  jit   7.473 ms  reord  0.54%  rtt   54.14 ms    5,213 pkt  4 flow
  w23     2.096 Mbps (std  6.032)  jit  18.344 ms  reord  8.22%  rtt   45.13 ms    2,736 pkt  2 flow
  w24     0.915 Mbps (std  2.074)  jit   4.821 ms  reord 29.38%  rtt   63.38 ms    1,508 pkt  4 flow
  w25     4.808 Mbps (std  2.393)  jit   5.694 ms  reord 28.10%  rtt   75.67 ms    7,929 pkt  4 flow
  w26     6.123 Mbps (std  0.447)  jit   3.702 ms  reord 26.30%  rtt   80.07 ms    9,919 pkt  4 flow
  w27     6.530 Mbps (std  3.314)  jit   0.783 ms  reord 12.44%  rtt   55.05 ms    9,743 pkt  2 flow
  w28     6.146 Mbps (std  0.337)  jit   0.978 ms  reord  0.39%  rtt   38.05 ms    9,313 pkt  2 flow
  w29     1.761 Mbps (std  2.755)  jit   7.221 ms  reord  0.28%  rtt   35.10 ms    2,483 pkt  2 flow
  w30     0.000 Mbps (std  0.000)  jit   0.000 ms  reord  0.00%  rtt    0.00 ms        0 pkt  0 flow
  w31     0.000 Mbps (std  0.000)  jit   0.000 ms  reord  0.00%  rtt    0.00 ms        0 pkt  0 flow
  w32     0.591 Mbps (std  1.518)  jit   2.294 ms  reord  2.25%  rtt   61.38 ms      755 pkt  2 flow
  w33     0.365 Mbps (std  1.138)  jit  31.783 ms  reord  0.23%  rtt 2893.20 ms      433 pkt  2 flow
  w34     0.000 Mbps (std  0.001)  jit  53.475 ms  reord  0.00%  rtt  502.23 ms        3 pkt  2 flow
  w35     0.000 Mbps (std  0.000)  jit   0.000 ms  reord  0.00%  rtt    0.00 ms        0 pkt  0 flow
>> selesai: 36 window -> qos_features.csv
>>          cuplikan mentah -> qos_samples.csv (untuk align_qos.py)
