>> run_id=CONT_s14_l2a_OfForestAndMen | map=flows | poll=0.1s | window=10.0s -> qos_features.csv
>> menghitung SEMUA flow TCP yang lewat (Ctrl-C untuk berhenti)
>> XDP terpasang di eth0: prog id=1153
>> membaca 1 map bernama 'flows': id [324]
>> entri awal di map: 0  (0 = belum ada trafik TCP yang tertangkap)
  w0      0.000 Mbps (std  0.000)  jit   0.000 ms  reord  0.00%  rtt    0.00 ms        0 pkt  0 flow
  w1      0.000 Mbps (std  0.000)  jit   0.000 ms  reord  0.00%  rtt    0.00 ms        0 pkt  0 flow
  w2      0.000 Mbps (std  0.000)  jit   0.000 ms  reord  0.00%  rtt    0.00 ms        0 pkt  0 flow
  w3      0.000 Mbps (std  0.000)  jit   0.000 ms  reord  0.00%  rtt    0.00 ms        0 pkt  0 flow
  w4      0.019 Mbps (std  0.116)  jit   0.027 ms  reord  0.00%  rtt    0.39 ms       54 pkt  2 flow
  w5      0.127 Mbps (std  0.231)  jit  39.560 ms  reord  4.00%  rtt  780.75 ms      150 pkt  4 flow
  w6      0.119 Mbps (std  0.172)  jit  59.787 ms  reord  0.74%  rtt  653.29 ms      136 pkt  2 flow
  w7      0.351 Mbps (std  2.313)  jit  37.111 ms  reord  3.47%  rtt  498.44 ms      375 pkt  2 flow
  w8      0.125 Mbps (std  0.221)  jit  44.988 ms  reord  1.47%  rtt  667.18 ms      136 pkt  2 flow
  w9      0.123 Mbps (std  0.237)  jit  38.953 ms  reord  0.76%  rtt  701.47 ms      132 pkt  2 flow
  w10     0.119 Mbps (std  0.234)  jit  37.583 ms  reord  0.76%  rtt  732.50 ms      131 pkt  3 flow
  w11     0.128 Mbps (std  0.188)  jit  83.239 ms  reord  0.64%  rtt  670.98 ms      157 pkt  4 flow
  w12     1.348 Mbps (std 10.644)  jit  49.792 ms  reord  0.99%  rtt  424.47 ms    1,408 pkt  4 flow
  w13     0.122 Mbps (std  0.131)  jit 127.163 ms  reord  8.24%  rtt  652.06 ms      170 pkt  4 flow
  w14     0.124 Mbps (std  0.139)  jit 144.683 ms  reord  1.27%  rtt  881.29 ms      157 pkt  4 flow
  w15     0.106 Mbps (std  0.155)  jit  88.005 ms  reord  0.00%  rtt  632.42 ms      127 pkt  2 flow
  w16     0.119 Mbps (std  0.221)  jit  81.518 ms  reord  3.33%  rtt  613.91 ms      150 pkt  4 flow
  w17     0.124 Mbps (std  0.148)  jit 112.654 ms  reord  0.64%  rtt  426.37 ms      156 pkt  3 flow
  w18     0.117 Mbps (std  0.206)  jit  46.459 ms  reord  0.00%  rtt  581.50 ms      130 pkt  2 flow
  w19     0.120 Mbps (std  0.231)  jit  40.108 ms  reord  0.00%  rtt  694.35 ms      128 pkt  2 flow
  w20     0.365 Mbps (std  2.282)  jit  55.982 ms  reord  6.12%  rtt  505.30 ms      441 pkt  6 flow
  w21     0.123 Mbps (std  0.141)  jit 120.336 ms  reord  6.29%  rtt  791.90 ms      175 pkt  4 flow
  w22     0.125 Mbps (std  0.125)  jit 176.440 ms  reord  0.00%  rtt  835.93 ms      169 pkt  3 flow
  w23     0.122 Mbps (std  0.145)  jit 150.820 ms  reord  0.00%  rtt  983.80 ms      152 pkt  2 flow
  w24     0.092 Mbps (std  0.212)  jit  68.120 ms  reord  0.00%  rtt  560.63 ms      109 pkt  2 flow
  w25     0.124 Mbps (std  0.180)  jit 103.653 ms  reord  0.00%  rtt  788.68 ms      154 pkt  4 flow
  w26     0.122 Mbps (std  0.146)  jit 134.942 ms  reord  0.00%  rtt  914.16 ms      155 pkt  4 flow
  w27     0.096 Mbps (std  0.193)  jit  85.584 ms  reord  4.27%  rtt  637.39 ms      117 pkt  2 flow
  w28     0.182 Mbps (std  0.262)  jit  54.675 ms  reord  0.00%  rtt  510.33 ms      194 pkt  2 flow
  w29     0.178 Mbps (std  0.212)  jit  84.185 ms  reord  0.00%  rtt  561.57 ms      211 pkt  4 flow
  w30     0.181 Mbps (std  0.171)  jit  58.494 ms  reord  0.00%  rtt  339.38 ms      224 pkt  4 flow
  w31     0.179 Mbps (std  0.138)  jit 155.101 ms  reord  0.00%  rtt  697.69 ms      222 pkt  2 flow
  w32     0.304 Mbps (std  0.337)  jit  68.313 ms  reord  1.67%  rtt  284.51 ms      359 pkt  4 flow
  w33     0.506 Mbps (std  0.158)  jit  91.816 ms  reord  0.00%  rtt  254.66 ms      615 pkt  4 flow
  w34     0.503 Mbps (std  0.165)  jit  47.789 ms  reord  0.00%  rtt  188.96 ms      613 pkt  4 flow
  w35     0.463 Mbps (std  0.219)  jit  32.430 ms  reord  0.00%  rtt  204.67 ms      548 pkt  3 flow
  w36  (parsial, 14 cuplikan) 0.000 Mbps
>> selesai: 37 window -> qos_features.csv
>>          cuplikan mentah -> qos_samples.csv (untuk align_qos.py)
