>> run_id=CONT_s8_dynamic_BigBuckBunny | map=flows | poll=0.1s | window=10.0s -> qos_features.csv
>> menghitung SEMUA flow TCP yang lewat (Ctrl-C untuk berhenti)
>> XDP terpasang di eth0: prog id=290
>> membaca 1 map bernama 'flows': id [78]
>> entri awal di map: 0  (0 = belum ada trafik TCP yang tertangkap)
  w0      0.000 Mbps (std  0.000)  jit   0.000 ms  reord  0.00%  rtt    0.00 ms        0 pkt  0 flow
  w1      0.000 Mbps (std  0.000)  jit   0.000 ms  reord  0.00%  rtt    0.00 ms        0 pkt  0 flow
  w2      0.000 Mbps (std  0.000)  jit   0.000 ms  reord  0.00%  rtt    0.00 ms        0 pkt  0 flow
  w3      0.000 Mbps (std  0.000)  jit   0.000 ms  reord  0.00%  rtt    0.00 ms        0 pkt  0 flow
  w4      0.011 Mbps (std  0.055)  jit   1.926 ms  reord 13.16%  rtt  118.11 ms       38 pkt  4 flow
  w5      0.144 Mbps (std  0.148)  jit 119.352 ms  reord 10.20%  rtt  524.19 ms      245 pkt  4 flow
  w6      0.127 Mbps (std  0.097)  jit  77.027 ms  reord 12.87%  rtt  557.03 ms      202 pkt  2 flow
  w7      0.140 Mbps (std  0.142)  jit  72.606 ms  reord  4.28%  rtt  378.12 ms      187 pkt  2 flow
  w8      0.137 Mbps (std  0.130)  jit  62.704 ms  reord  3.48%  rtt  333.47 ms      201 pkt  2 flow
  w9      0.132 Mbps (std  0.218)  jit  49.680 ms  reord  4.17%  rtt  455.06 ms      168 pkt  2 flow
  w10     0.075 Mbps (std  0.216)  jit  30.479 ms  reord  0.00%  rtt  286.25 ms       82 pkt  2 flow
  w11     0.093 Mbps (std  0.238)  jit  50.294 ms  reord  0.87%  rtt  261.65 ms      115 pkt  3 flow
  w12     0.152 Mbps (std  0.197)  jit 109.474 ms  reord  0.00%  rtt  640.37 ms      191 pkt  4 flow
  w13     0.982 Mbps (std  8.513)  jit 115.094 ms  reord  1.05%  rtt  578.29 ms    1,043 pkt  4 flow
  w14     0.126 Mbps (std  0.191)  jit  78.738 ms  reord  0.00%  rtt  454.89 ms      147 pkt  2 flow
  w15     0.118 Mbps (std  0.200)  jit  45.375 ms  reord  0.00%  rtt  564.36 ms      131 pkt  2 flow
  w16     0.106 Mbps (std  0.216)  jit  69.058 ms  reord  0.84%  rtt 2412.89 ms      119 pkt  2 flow
  w17     0.116 Mbps (std  0.255)  jit 114.744 ms  reord  0.00%  rtt  477.12 ms      128 pkt  3 flow
  w18     0.166 Mbps (std  0.207)  jit  75.008 ms  reord  2.97%  rtt  332.62 ms      202 pkt  4 flow
  w19     0.164 Mbps (std  0.170)  jit  87.368 ms  reord  1.86%  rtt  316.87 ms      215 pkt  4 flow
  w20     0.102 Mbps (std  0.251)  jit  51.531 ms  reord  0.00%  rtt  281.06 ms      112 pkt  2 flow
  w21     0.168 Mbps (std  0.231)  jit  53.313 ms  reord  0.00%  rtt  437.33 ms      183 pkt  2 flow
  w22     0.219 Mbps (std  0.207)  jit 108.939 ms  reord  1.79%  rtt  470.72 ms      280 pkt  4 flow
  w23     0.124 Mbps (std  0.226)  jit  32.179 ms  reord  0.00%  rtt  158.84 ms      142 pkt  2 flow
  w24     0.154 Mbps (std  0.309)  jit  52.274 ms  reord  0.00%  rtt  164.11 ms      175 pkt  2 flow
  w25     1.187 Mbps (std  8.930)  jit 120.016 ms  reord  1.40%  rtt  353.20 ms    1,290 pkt  4 flow
  w26     0.154 Mbps (std  0.127)  jit 153.173 ms  reord  5.80%  rtt  700.07 ms      207 pkt  3 flow
  w27     0.160 Mbps (std  0.149)  jit 121.336 ms  reord  0.46%  rtt  687.33 ms      216 pkt  4 flow
  w28     1.072 Mbps (std  9.052)  jit 113.743 ms  reord  1.92%  rtt  572.36 ms    1,143 pkt  4 flow
  w29     0.182 Mbps (std  0.205)  jit  74.829 ms  reord  0.43%  rtt  282.99 ms      234 pkt  3 flow
  w30     0.215 Mbps (std  0.239)  jit 131.188 ms  reord  0.74%  rtt  347.55 ms      269 pkt  4 flow
  w31     0.171 Mbps (std  0.252)  jit 107.636 ms  reord  0.98%  rtt  381.21 ms      204 pkt  3 flow
  w32     1.286 Mbps (std  8.104)  jit 121.348 ms  reord  3.31%  rtt  513.98 ms    1,479 pkt  5 flow
  w33     0.164 Mbps (std  0.224)  jit  84.914 ms  reord  5.16%  rtt  294.88 ms      213 pkt  3 flow
  w34     0.208 Mbps (std  0.165)  jit  55.669 ms  reord  9.24%  rtt  499.19 ms      303 pkt  4 flow
  w35     0.099 Mbps (std  0.118)  jit  12.801 ms  reord  3.85%  rtt  676.92 ms      156 pkt  2 flow
  w36  (parsial, 18 cuplikan) 0.000 Mbps
>> selesai: 37 window -> qos_features.csv
>>          cuplikan mentah -> qos_samples.csv (untuk align_qos.py)
