>> run_id=CONT_s10_throughput_OfForestAndMen | map=flows | poll=0.1s | window=10.0s -> qos_features.csv
>> menghitung SEMUA flow TCP yang lewat (Ctrl-C untuk berhenti)
>> XDP terpasang di eth0: prog id=2281
>> membaca 1 map bernama 'flows': id [646]
>> entri awal di map: 0  (0 = belum ada trafik TCP yang tertangkap)
  w0      0.000 Mbps (std  0.000)  jit   0.000 ms  reord  0.00%  rtt    0.00 ms        0 pkt  0 flow
  w1      0.000 Mbps (std  0.000)  jit   0.000 ms  reord  0.00%  rtt    0.00 ms        0 pkt  0 flow
  w2      0.000 Mbps (std  0.000)  jit   0.000 ms  reord  0.00%  rtt    0.00 ms        0 pkt  0 flow
  w3      0.000 Mbps (std  0.000)  jit   0.000 ms  reord  0.00%  rtt    0.00 ms        0 pkt  0 flow
  w4      0.095 Mbps (std  0.315)  jit   1.416 ms  reord  0.75%  rtt   75.65 ms      134 pkt  3 flow
  w5      1.018 Mbps (std  0.279)  jit  23.908 ms  reord  0.28%  rtt  133.71 ms    1,082 pkt  4 flow
  w6      1.012 Mbps (std  0.285)  jit  31.165 ms  reord  0.00%  rtt  136.59 ms    1,095 pkt  4 flow
  w7      1.052 Mbps (std  0.316)  jit  22.124 ms  reord  0.36%  rtt  128.79 ms    1,125 pkt  4 flow
  w8      1.077 Mbps (std  0.176)  jit  45.626 ms  reord  0.00%  rtt  153.68 ms    1,269 pkt  5 flow
  w9      1.060 Mbps (std  0.278)  jit  39.214 ms  reord  0.00%  rtt  138.68 ms    1,215 pkt  5 flow
  w10     0.541 Mbps (std  0.584)  jit  21.314 ms  reord  0.00%  rtt  117.91 ms      561 pkt  2 flow
  w11     0.629 Mbps (std  0.505)  jit  30.279 ms  reord  1.95%  rtt  131.42 ms      666 pkt  2 flow
  w12     0.838 Mbps (std  0.211)  jit  51.837 ms  reord  0.00%  rtt  166.41 ms      975 pkt  4 flow
  w13     0.851 Mbps (std  0.121)  jit  39.001 ms  reord  0.00%  rtt  129.41 ms    1,076 pkt  6 flow
  w14     0.546 Mbps (std  0.462)  jit  25.867 ms  reord  0.00%  rtt  125.78 ms      597 pkt  2 flow
  w15     0.527 Mbps (std  0.614)  jit  37.066 ms  reord  1.77%  rtt  191.83 ms      566 pkt  2 flow
  w16     0.500 Mbps (std  0.329)  jit  35.586 ms  reord  0.00%  rtt  191.30 ms      534 pkt  2 flow
  w17     0.534 Mbps (std  0.254)  jit  65.321 ms  reord  0.00%  rtt  242.08 ms      623 pkt  4 flow
  w18     1.806 Mbps (std 13.087)  jit  85.782 ms  reord  1.18%  rtt  276.65 ms    1,947 pkt  4 flow
  w19     0.454 Mbps (std  0.160)  jit  49.668 ms  reord  0.00%  rtt  163.85 ms      520 pkt  2 flow
  w20     0.423 Mbps (std  0.269)  jit  35.770 ms  reord  0.00%  rtt  199.78 ms      456 pkt  2 flow
  w21     0.453 Mbps (std  0.239)  jit  33.155 ms  reord  0.00%  rtt  239.87 ms      473 pkt  2 flow
  w22     0.324 Mbps (std  0.313)  jit  38.147 ms  reord  0.00%  rtt  234.97 ms      346 pkt  2 flow
  w23     0.969 Mbps (std  6.906)  jit  36.066 ms  reord  2.85%  rtt  174.93 ms    1,086 pkt  2 flow
  w24     0.201 Mbps (std  0.135)  jit  46.727 ms  reord  7.90%  rtt  348.70 ms      291 pkt  2 flow
  w25     0.198 Mbps (std  0.106)  jit  75.583 ms  reord  8.09%  rtt  338.52 ms      309 pkt  4 flow
  w26     0.206 Mbps (std  0.147)  jit  36.376 ms  reord  9.42%  rtt  340.18 ms      329 pkt  2 flow
  w27     0.169 Mbps (std  0.175)  jit  50.688 ms  reord  3.46%  rtt  253.21 ms      231 pkt  2 flow
  w28     0.145 Mbps (std  0.173)  jit  52.937 ms  reord  0.00%  rtt  426.89 ms      170 pkt  2 flow
  w29     0.144 Mbps (std  0.174)  jit  51.551 ms  reord  0.00%  rtt  400.83 ms      168 pkt  2 flow
  w30     0.143 Mbps (std  0.172)  jit  53.625 ms  reord  0.00%  rtt  438.94 ms      167 pkt  2 flow
  w31     0.142 Mbps (std  0.150)  jit 116.893 ms  reord  1.08%  rtt  765.02 ms      186 pkt  4 flow
  w32     0.146 Mbps (std  0.164)  jit  99.210 ms  reord  0.00%  rtt  579.22 ms      181 pkt  3 flow
  w33     0.044 Mbps (std  0.184)  jit  28.515 ms  reord  0.00%  rtt  174.01 ms       50 pkt  2 flow
  w34     0.000 Mbps (std  0.001)  jit   8.228 ms  reord  0.00%  rtt    0.61 ms        3 pkt  2 flow
  w35     0.000 Mbps (std  0.000)  jit   0.000 ms  reord  0.00%  rtt    0.00 ms        0 pkt  0 flow
  w36  (parsial, 16 cuplikan) 0.000 Mbps
>> selesai: 37 window -> qos_features.csv
>>          cuplikan mentah -> qos_samples.csv (untuk align_qos.py)
