>> run_id=CONT_s11_bola_OfForestAndMen | map=flows | poll=0.1s | window=10.0s -> qos_features.csv
>> menghitung SEMUA flow TCP yang lewat (Ctrl-C untuk berhenti)
>> XDP terpasang di eth0: prog id=346
>> membaca 1 map bernama 'flows': id [94]
>> entri awal di map: 0  (0 = belum ada trafik TCP yang tertangkap)
  w0      0.000 Mbps (std  0.000)  jit   0.000 ms  reord  0.00%  rtt    0.00 ms        0 pkt  0 flow
  w1      0.000 Mbps (std  0.000)  jit   0.000 ms  reord  0.00%  rtt    0.00 ms        0 pkt  0 flow
  w2      0.000 Mbps (std  0.000)  jit   0.000 ms  reord  0.00%  rtt    0.00 ms        0 pkt  0 flow
  w3      0.000 Mbps (std  0.000)  jit   0.000 ms  reord  0.00%  rtt    0.00 ms        0 pkt  0 flow
  w4      0.120 Mbps (std  0.298)  jit   4.077 ms  reord  0.00%  rtt  147.95 ms      159 pkt  4 flow
  w5      0.664 Mbps (std  0.129)  jit  35.182 ms  reord  0.48%  rtt  139.54 ms      825 pkt  5 flow
  w6      0.666 Mbps (std  0.102)  jit  24.517 ms  reord  0.00%  rtt  104.27 ms      841 pkt  2 flow
  w7      0.729 Mbps (std  1.393)  jit  21.681 ms  reord  0.45%  rtt  102.68 ms      888 pkt  2 flow
  w8      0.425 Mbps (std  0.500)  jit  31.612 ms  reord  0.00%  rtt  124.45 ms      437 pkt  2 flow
  w9      0.493 Mbps (std  0.474)  jit  29.964 ms  reord  0.00%  rtt  126.97 ms      520 pkt  2 flow
  w10     0.852 Mbps (std  0.296)  jit  21.740 ms  reord  0.00%  rtt  133.64 ms      880 pkt  4 flow
  w11     1.165 Mbps (std  3.532)  jit  42.498 ms  reord  1.00%  rtt  142.48 ms    1,298 pkt  4 flow
  w12     0.549 Mbps (std  0.520)  jit  23.880 ms  reord  0.00%  rtt  138.30 ms      565 pkt  2 flow
  w13     0.642 Mbps (std  0.506)  jit  33.870 ms  reord  0.00%  rtt  140.98 ms      687 pkt  4 flow
  w14     2.047 Mbps (std  7.863)  jit  46.150 ms  reord  1.77%  rtt  156.99 ms    2,266 pkt  5 flow
  w15     0.890 Mbps (std  0.137)  jit  39.013 ms  reord  0.00%  rtt  120.01 ms    1,033 pkt  4 flow
  w16     0.892 Mbps (std  0.175)  jit  19.960 ms  reord  0.00%  rtt   79.58 ms    1,012 pkt  2 flow
  w17     0.624 Mbps (std  2.168)  jit  31.675 ms  reord  3.20%  rtt  190.46 ms      751 pkt  5 flow
  w18     0.410 Mbps (std  0.101)  jit  44.842 ms  reord  4.34%  rtt  243.24 ms      576 pkt  4 flow
  w19     0.409 Mbps (std  0.099)  jit  83.341 ms  reord  3.24%  rtt  242.42 ms      586 pkt  5 flow
  w20     0.383 Mbps (std  0.202)  jit  81.332 ms  reord  8.62%  rtt  250.31 ms      557 pkt  5 flow
  w21     0.390 Mbps (std  0.189)  jit  96.480 ms  reord  0.00%  rtt  222.41 ms      497 pkt  4 flow
  w22     0.421 Mbps (std  0.226)  jit  59.022 ms  reord  0.21%  rtt  215.60 ms      466 pkt  3 flow
  w23     0.429 Mbps (std  0.189)  jit  79.157 ms  reord  0.00%  rtt  224.76 ms      495 pkt  4 flow
  w24     0.535 Mbps (std  1.094)  jit  44.811 ms  reord  1.71%  rtt  234.66 ms      586 pkt  4 flow
  w25     0.183 Mbps (std  1.285)  jit   0.902 ms  reord  0.00%  rtt    0.70 ms      191 pkt  2 flow
  w26     0.733 Mbps (std  4.978)  jit   1.033 ms  reord  0.00%  rtt    0.77 ms      778 pkt  2 flow
  w27     0.323 Mbps (std  2.261)  jit   0.388 ms  reord  0.00%  rtt    0.80 ms      344 pkt  2 flow
  w28     2.245 Mbps (std  4.233)  jit  14.383 ms  reord  0.00%  rtt   87.70 ms    2,349 pkt  5 flow
  w29     1.606 Mbps (std  3.296)  jit  11.710 ms  reord  0.00%  rtt   94.36 ms    1,678 pkt  4 flow
  w30     0.450 Mbps (std  0.574)  jit  26.821 ms  reord  0.00%  rtt  113.53 ms      472 pkt  2 flow
  w31     1.097 Mbps (std  0.194)  jit  17.645 ms  reord  0.00%  rtt  107.63 ms    1,149 pkt  2 flow
  w32     1.095 Mbps (std  0.223)  jit  25.866 ms  reord  0.00%  rtt  127.02 ms    1,180 pkt  4 flow
  w33     1.041 Mbps (std  2.944)  jit  43.815 ms  reord  5.39%  rtt  167.31 ms    1,298 pkt  4 flow
  w34     0.075 Mbps (std  0.213)  jit  10.440 ms  reord  2.86%  rtt  139.94 ms      105 pkt  4 flow
  w35     0.000 Mbps (std  0.000)  jit   0.000 ms  reord  0.00%  rtt    0.00 ms        0 pkt  0 flow
  w36  (parsial, 13 cuplikan) 0.000 Mbps
>> selesai: 37 window -> qos_features.csv
>>          cuplikan mentah -> qos_samples.csv (untuk align_qos.py)
