>> run_id=CONT_s1_bola_BigBuckBunny | map=flows | poll=0.1s | window=10.0s -> qos_features.csv
>> menghitung SEMUA flow TCP yang lewat (Ctrl-C untuk berhenti)
>> XDP terpasang di eth0: prog id=423
>> membaca 1 map bernama 'flows': id [116]
>> entri awal di map: 0  (0 = belum ada trafik TCP yang tertangkap)
  w0      0.000 Mbps (std  0.000)  jit   0.000 ms  reord  0.00%  rtt    0.00 ms        0 pkt  0 flow
  w1      0.000 Mbps (std  0.000)  jit   0.000 ms  reord  0.00%  rtt    0.00 ms        0 pkt  0 flow
  w2      0.000 Mbps (std  0.000)  jit   0.000 ms  reord  0.00%  rtt    0.00 ms        0 pkt  0 flow
  w3      0.000 Mbps (std  0.000)  jit   0.000 ms  reord  0.00%  rtt    0.00 ms        0 pkt  0 flow
  w4      0.041 Mbps (std  0.161)  jit   3.395 ms  reord  3.85%  rtt  268.84 ms       78 pkt  4 flow
  w5     22.790 Mbps (std 81.643)  jit  13.294 ms  reord  0.05%  rtt   74.28 ms   23,735 pkt  6 flow
  w6      3.269 Mbps (std 18.184)  jit   0.007 ms  reord  0.00%  rtt    0.39 ms    3,412 pkt  2 flow
  w7      5.437 Mbps (std 31.310)  jit   0.209 ms  reord  0.00%  rtt    0.27 ms    5,726 pkt  2 flow
  w8      2.425 Mbps (std 14.399)  jit   3.093 ms  reord  0.00%  rtt    8.11 ms    2,521 pkt  2 flow
  w9      0.230 Mbps (std  0.206)  jit  72.415 ms  reord  0.39%  rtt  386.88 ms      255 pkt  2 flow
  w10     0.240 Mbps (std  0.136)  jit 134.367 ms  reord  0.00%  rtt  520.14 ms      294 pkt  4 flow
  w11     1.381 Mbps (std 10.796)  jit  92.013 ms  reord  3.15%  rtt  373.19 ms    1,556 pkt  6 flow
  w12     0.289 Mbps (std  0.095)  jit  92.639 ms  reord  4.20%  rtt  373.92 ms      405 pkt  4 flow
  w13     0.260 Mbps (std  0.177)  jit  57.448 ms  reord  5.53%  rtt  292.63 ms      380 pkt  5 flow
  w14     0.209 Mbps (std  0.204)  jit  54.387 ms  reord  1.77%  rtt  342.65 ms      283 pkt  2 flow
  w15     0.228 Mbps (std  0.172)  jit  80.790 ms  reord  5.39%  rtt  393.89 ms      334 pkt  4 flow
  w16     0.565 Mbps (std  0.333)  jit  76.890 ms  reord  2.86%  rtt  258.02 ms      700 pkt  5 flow
  w17     0.317 Mbps (std  0.430)  jit  34.151 ms  reord  0.00%  rtt  136.87 ms      339 pkt  2 flow
  w18     1.197 Mbps (std  3.301)  jit  24.585 ms  reord  0.71%  rtt  136.55 ms    1,267 pkt  2 flow
  w19     0.950 Mbps (std  0.651)  jit  28.741 ms  reord  0.19%  rtt  102.68 ms    1,040 pkt  4 flow
  w20     0.944 Mbps (std  0.643)  jit  26.338 ms  reord  0.00%  rtt  101.09 ms    1,054 pkt  4 flow
  w21     1.307 Mbps (std  0.358)  jit  37.310 ms  reord  0.07%  rtt  111.33 ms    1,477 pkt  4 flow
  w22     1.098 Mbps (std  0.556)  jit  15.474 ms  reord  0.00%  rtt   67.47 ms    1,242 pkt  4 flow
  w23     0.555 Mbps (std  1.646)  jit  19.499 ms  reord  2.40%  rtt   89.83 ms      583 pkt  2 flow
  w24     0.450 Mbps (std  0.465)  jit  30.793 ms  reord  0.00%  rtt  134.49 ms      470 pkt  2 flow
  w25     0.790 Mbps (std  0.291)  jit  27.911 ms  reord  0.00%  rtt  136.54 ms      865 pkt  3 flow
  w26     0.830 Mbps (std  0.196)  jit  52.021 ms  reord  0.00%  rtt  174.10 ms      982 pkt  4 flow
  w27     0.826 Mbps (std  0.163)  jit  52.286 ms  reord  0.00%  rtt  173.68 ms      998 pkt  5 flow
  w28     0.823 Mbps (std  0.231)  jit  29.335 ms  reord  0.00%  rtt  147.26 ms      908 pkt  4 flow
  w29     0.538 Mbps (std  0.573)  jit  16.303 ms  reord  1.67%  rtt  129.47 ms      598 pkt  2 flow
  w30     1.216 Mbps (std  0.902)  jit  24.914 ms  reord  0.00%  rtt   90.55 ms    1,308 pkt  4 flow
  w31     1.836 Mbps (std  0.148)  jit  27.415 ms  reord  0.05%  rtt   90.99 ms    2,136 pkt  5 flow
  w32     1.646 Mbps (std  0.590)  jit  18.776 ms  reord  0.00%  rtt   96.83 ms    1,824 pkt  4 flow
  w33     0.003 Mbps (std  0.017)  jit  13.017 ms  reord  0.00%  rtt   31.39 ms       12 pkt  2 flow
  w34     0.000 Mbps (std  0.001)  jit  18.064 ms  reord  0.00%  rtt   54.96 ms        3 pkt  2 flow
  w35  (parsial, 98 cuplikan) 0.000 Mbps
>> selesai: 36 window -> qos_features.csv
>>          cuplikan mentah -> qos_samples.csv (untuk align_qos.py)
