>> run_id=CONT_s6_dynamic_BigBuckBunny | map=flows | poll=0.1s | window=10.0s -> qos_features.csv
>> menghitung SEMUA flow TCP yang lewat (Ctrl-C untuk berhenti)
>> XDP terpasang di eth0: prog id=1510
>> membaca 1 map bernama 'flows': id [426]
>> entri awal di map: 0  (0 = belum ada trafik TCP yang tertangkap)
  w0      0.000 Mbps (std  0.000)  jit   0.000 ms  reord  0.00%  rtt    0.00 ms        0 pkt  0 flow
  w1      0.000 Mbps (std  0.000)  jit   0.000 ms  reord  0.00%  rtt    0.00 ms        0 pkt  0 flow
  w2      0.000 Mbps (std  0.000)  jit   0.000 ms  reord  0.00%  rtt    0.00 ms        0 pkt  0 flow
  w3      0.000 Mbps (std  0.000)  jit   0.000 ms  reord  0.00%  rtt    0.00 ms        0 pkt  0 flow
  w4      0.011 Mbps (std  0.083)  jit   1.415 ms  reord  2.63%  rtt  289.14 ms       38 pkt  2 flow
  w5      0.540 Mbps (std  0.371)  jit  27.464 ms  reord 16.14%  rtt  139.18 ms      824 pkt  4 flow
  w6      0.584 Mbps (std  0.345)  jit  28.972 ms  reord 12.44%  rtt  152.24 ms      844 pkt  2 flow
  w7      0.526 Mbps (std  0.338)  jit  30.503 ms  reord 15.94%  rtt  146.77 ms      784 pkt  2 flow
  w8      0.412 Mbps (std  0.276)  jit  42.306 ms  reord 14.05%  rtt  140.82 ms      598 pkt  2 flow
  w9      0.615 Mbps (std  0.323)  jit  36.251 ms  reord 13.81%  rtt  177.30 ms      927 pkt  4 flow
  w10     0.782 Mbps (std  0.324)  jit  38.087 ms  reord  7.10%  rtt  181.92 ms    1,000 pkt  5 flow
  w11     0.220 Mbps (std  0.456)  jit  28.294 ms  reord  0.00%  rtt  104.63 ms      228 pkt  2 flow
  w12     0.291 Mbps (std  0.471)  jit  29.548 ms  reord  0.00%  rtt  125.37 ms      305 pkt  2 flow
  w13     0.852 Mbps (std  0.333)  jit  41.716 ms  reord  0.10%  rtt  151.46 ms      997 pkt  4 flow
  w14     0.864 Mbps (std  0.271)  jit  28.022 ms  reord  0.00%  rtt  100.84 ms    1,070 pkt  4 flow
  w15     0.558 Mbps (std  0.507)  jit  34.261 ms  reord  0.17%  rtt  123.14 ms      602 pkt  4 flow
  w16     1.141 Mbps (std  6.261)  jit  76.314 ms  reord  0.86%  rtt  236.52 ms    1,278 pkt  5 flow
  w17     0.442 Mbps (std  0.079)  jit  99.615 ms  reord  0.00%  rtt  304.36 ms      572 pkt  4 flow
  w18     0.444 Mbps (std  0.081)  jit  91.683 ms  reord  0.00%  rtt  300.21 ms      582 pkt  5 flow
  w19     0.443 Mbps (std  0.080)  jit 100.249 ms  reord  0.00%  rtt  300.68 ms      575 pkt  5 flow
  w20     0.593 Mbps (std  3.304)  jit 101.941 ms  reord  0.59%  rtt  290.96 ms      675 pkt  3 flow
  w21     0.229 Mbps (std  0.245)  jit  58.714 ms  reord  0.00%  rtt  322.73 ms      255 pkt  2 flow
  w22     0.463 Mbps (std  1.760)  jit  94.697 ms  reord  2.01%  rtt  373.59 ms      547 pkt  4 flow
  w23     0.123 Mbps (std  0.135)  jit  58.481 ms  reord  9.74%  rtt  283.82 ms      195 pkt  2 flow
  w24     0.141 Mbps (std  0.076)  jit  38.149 ms  reord  6.69%  rtt  227.77 ms      239 pkt  4 flow
  w25     0.140 Mbps (std  0.076)  jit 134.144 ms  reord  9.87%  rtt  626.37 ms      233 pkt  4 flow
  w26     0.155 Mbps (std  0.184)  jit 114.565 ms  reord  9.09%  rtt  416.90 ms      231 pkt  4 flow
  w27     0.128 Mbps (std  0.185)  jit  41.017 ms  reord  0.00%  rtt  242.86 ms      154 pkt  2 flow
  w28     0.050 Mbps (std  0.224)  jit  23.748 ms  reord  0.00%  rtt  148.88 ms       51 pkt  2 flow
  w29     0.047 Mbps (std  0.210)  jit  26.217 ms  reord  2.00%  rtt  229.48 ms       50 pkt  2 flow
  w30     0.108 Mbps (std  0.256)  jit  82.422 ms  reord  0.84%  rtt  376.65 ms      119 pkt  2 flow
  w31     0.184 Mbps (std  0.180)  jit 131.989 ms  reord  0.43%  rtt  596.48 ms      235 pkt  4 flow
  w32     0.205 Mbps (std  0.777)  jit  66.106 ms  reord  2.48%  rtt  392.43 ms      242 pkt  2 flow
  w33     0.392 Mbps (std  1.664)  jit  12.851 ms  reord  0.00%  rtt   34.88 ms      420 pkt  2 flow
  w34     0.467 Mbps (std  1.478)  jit   7.169 ms  reord  0.00%  rtt   93.88 ms      489 pkt  4 flow
  w35     0.000 Mbps (std  0.000)  jit   0.000 ms  reord  0.00%  rtt    0.00 ms        0 pkt  0 flow
  w36  (parsial, 7 cuplikan) 0.000 Mbps
>> selesai: 37 window -> qos_features.csv
>>          cuplikan mentah -> qos_samples.csv (untuk align_qos.py)
