>> run_id=CONT_s2_l2a_Valkaama | map=flows | poll=0.1s | window=10.0s -> qos_features.csv
>> menghitung SEMUA flow TCP yang lewat (Ctrl-C untuk berhenti)
>> XDP terpasang di eth0: prog id=318
>> membaca 1 map bernama 'flows': id [86]
>> entri awal di map: 0  (0 = belum ada trafik TCP yang tertangkap)
  w0      0.000 Mbps (std  0.000)  jit   0.000 ms  reord  0.00%  rtt    0.00 ms        0 pkt  0 flow
  w1      0.000 Mbps (std  0.000)  jit   0.000 ms  reord  0.00%  rtt    0.00 ms        0 pkt  0 flow
  w2      0.000 Mbps (std  0.000)  jit   0.000 ms  reord  0.00%  rtt    0.00 ms        0 pkt  0 flow
  w3      0.000 Mbps (std  0.000)  jit   0.000 ms  reord  0.00%  rtt    0.00 ms        0 pkt  0 flow
  w4      0.645 Mbps (std  1.779)  jit   0.846 ms  reord  2.13%  rtt   43.01 ms      892 pkt  6 flow
  w5      5.642 Mbps (std  1.493)  jit   2.441 ms  reord  0.15%  rtt   40.23 ms    6,650 pkt  5 flow
  w6      4.282 Mbps (std  2.486)  jit   7.921 ms  reord  0.57%  rtt   47.33 ms    4,548 pkt  4 flow
  w7      3.054 Mbps (std  2.977)  jit   2.604 ms  reord  0.10%  rtt   34.92 ms    3,833 pkt  2 flow
  w8      4.683 Mbps (std  2.508)  jit   1.592 ms  reord  0.27%  rtt   34.63 ms    6,234 pkt  2 flow
  w9      2.303 Mbps (std  5.839)  jit   6.908 ms  reord  1.03%  rtt   58.00 ms    2,812 pkt  2 flow
  w10     3.233 Mbps (std  0.424)  jit   5.329 ms  reord  0.12%  rtt   66.04 ms    3,425 pkt  2 flow
  w11     3.141 Mbps (std  0.687)  jit   7.068 ms  reord  1.31%  rtt   68.79 ms    3,291 pkt  4 flow
  w12     2.744 Mbps (std  1.183)  jit   9.995 ms  reord  0.04%  rtt   70.90 ms    2,797 pkt  4 flow
  w13     2.202 Mbps (std  1.558)  jit   7.065 ms  reord  0.13%  rtt   65.50 ms    2,293 pkt  2 flow
  w14     3.349 Mbps (std  0.375)  jit  12.994 ms  reord  0.03%  rtt   77.21 ms    3,516 pkt  6 flow
  w15     3.348 Mbps (std  0.352)  jit  16.019 ms  reord  0.00%  rtt   76.70 ms    3,537 pkt  6 flow
  w16     3.340 Mbps (std  0.392)  jit  16.299 ms  reord  0.00%  rtt   77.13 ms    3,530 pkt  5 flow
  w17     3.351 Mbps (std  0.392)  jit  15.758 ms  reord  0.00%  rtt   77.34 ms    3,556 pkt  6 flow
  w18     7.009 Mbps (std  8.119)  jit   5.545 ms  reord  0.48%  rtt   46.14 ms    7,962 pkt  6 flow
  w19     6.035 Mbps (std  0.277)  jit   4.859 ms  reord  0.10%  rtt   45.84 ms    7,339 pkt  4 flow
  w20     6.052 Mbps (std  0.182)  jit   0.303 ms  reord  0.10%  rtt   34.30 ms    7,755 pkt  2 flow
  w21     6.044 Mbps (std  0.301)  jit   3.398 ms  reord  0.11%  rtt   41.70 ms    7,557 pkt  6 flow
  w22     6.028 Mbps (std  0.346)  jit   6.477 ms  reord  0.10%  rtt   50.79 ms    7,104 pkt  4 flow
  w23     1.498 Mbps (std  1.701)  jit  19.832 ms  reord  9.08%  rtt   46.95 ms    2,059 pkt  2 flow
  w24     0.684 Mbps (std  0.429)  jit  26.012 ms  reord 15.92%  rtt   47.56 ms      986 pkt  2 flow
  w25     1.488 Mbps (std  1.961)  jit  22.964 ms  reord 26.45%  rtt   58.95 ms    2,344 pkt  4 flow
  w26     2.265 Mbps (std  2.124)  jit  12.980 ms  reord 25.17%  rtt   53.08 ms    3,540 pkt  4 flow
  w27     3.820 Mbps (std  2.516)  jit   9.241 ms  reord  2.22%  rtt   40.15 ms    4,905 pkt  2 flow
  w28     6.072 Mbps (std  0.222)  jit   0.406 ms  reord  0.23%  rtt   35.43 ms    8,098 pkt  2 flow
  w29     6.883 Mbps (std  7.915)  jit   0.886 ms  reord  0.48%  rtt   30.18 ms    9,105 pkt  2 flow
  w30     5.614 Mbps (std  1.453)  jit   2.925 ms  reord  0.00%  rtt   19.60 ms    5,853 pkt  2 flow
  w31     0.003 Mbps (std  0.015)  jit   7.138 ms  reord  0.00%  rtt   25.14 ms        9 pkt  2 flow
  w32     0.557 Mbps (std  1.487)  jit   1.910 ms  reord  2.37%  rtt   66.21 ms      716 pkt  2 flow
  w33     0.403 Mbps (std  1.229)  jit  32.755 ms  reord  0.00%  rtt   85.80 ms      469 pkt  2 flow
  w34     0.000 Mbps (std  0.000)  jit   0.000 ms  reord  0.00%  rtt    0.00 ms        0 pkt  0 flow
  w35     0.000 Mbps (std  0.000)  jit   0.000 ms  reord  0.00%  rtt    0.00 ms        0 pkt  0 flow
  w36  (parsial, 5 cuplikan) 0.000 Mbps
>> selesai: 37 window -> qos_features.csv
>>          cuplikan mentah -> qos_samples.csv (untuk align_qos.py)
