>> run_id=CONT_s9_l2a_TearsOfSteel | map=flows | poll=0.1s | window=10.0s -> qos_features.csv
>> menghitung SEMUA flow TCP yang lewat (Ctrl-C untuk berhenti)
>> XDP terpasang di eth0: prog id=409
>> membaca 1 map bernama 'flows': id [112]
>> entri awal di map: 0  (0 = belum ada trafik TCP yang tertangkap)
  w0      0.000 Mbps (std  0.000)  jit   0.000 ms  reord  0.00%  rtt    0.00 ms        0 pkt  0 flow
  w1      0.000 Mbps (std  0.000)  jit   0.000 ms  reord  0.00%  rtt    0.00 ms        0 pkt  0 flow
  w2      0.000 Mbps (std  0.000)  jit   0.000 ms  reord  0.00%  rtt    0.00 ms        0 pkt  0 flow
  w3      0.000 Mbps (std  0.000)  jit   0.000 ms  reord  0.00%  rtt    0.00 ms        0 pkt  0 flow
  w4      0.173 Mbps (std  0.424)  jit   2.613 ms  reord  0.84%  rtt  101.31 ms      237 pkt  8 flow
  w5      1.059 Mbps (std  0.147)  jit  57.480 ms  reord  0.22%  rtt  150.58 ms    1,346 pkt  9 flow
  w6      2.065 Mbps (std  9.583)  jit  59.356 ms  reord  0.83%  rtt  126.48 ms    2,409 pkt  6 flow
  w7      1.184 Mbps (std  0.253)  jit  47.620 ms  reord  0.00%  rtt   97.17 ms    1,235 pkt  4 flow
  w8      1.210 Mbps (std  0.168)  jit  54.573 ms  reord  0.00%  rtt  103.80 ms    1,257 pkt  4 flow
  w9      1.216 Mbps (std  0.190)  jit  59.896 ms  reord  0.16%  rtt  111.99 ms    1,276 pkt  4 flow
  w10     1.081 Mbps (std  0.426)  jit  88.946 ms  reord  0.15%  rtt   99.70 ms    1,297 pkt  6 flow
  w11     0.751 Mbps (std  0.651)  jit  20.240 ms  reord  0.00%  rtt  100.70 ms      782 pkt  2 flow
  w12     2.395 Mbps (std  1.098)  jit  10.451 ms  reord  0.08%  rtt   70.36 ms    2,433 pkt  4 flow
  w13     2.857 Mbps (std  0.336)  jit  16.628 ms  reord  1.07%  rtt   77.16 ms    3,174 pkt  6 flow
  w14     2.997 Mbps (std  7.908)  jit  16.860 ms  reord  0.81%  rtt   61.58 ms    3,198 pkt  6 flow
  w15     1.404 Mbps (std  0.222)  jit  42.878 ms  reord  0.00%  rtt   90.33 ms    1,515 pkt  4 flow
  w16     1.401 Mbps (std  0.277)  jit  41.096 ms  reord  0.00%  rtt   96.42 ms    1,487 pkt  4 flow
  w17     1.339 Mbps (std  0.357)  jit  55.253 ms  reord  0.13%  rtt  115.78 ms    1,591 pkt  6 flow
  w18     0.582 Mbps (std  0.735)  jit  20.583 ms  reord  0.00%  rtt   83.36 ms      601 pkt  2 flow
  w19     1.339 Mbps (std  4.482)  jit  33.478 ms  reord  3.09%  rtt   92.35 ms    1,454 pkt  2 flow
  w20     0.506 Mbps (std  0.306)  jit  75.948 ms  reord 11.52%  rtt   95.14 ms      712 pkt  4 flow
  w21     0.491 Mbps (std  0.311)  jit  80.959 ms  reord 15.48%  rtt   95.83 ms      717 pkt  4 flow
  w22     3.217 Mbps (std  2.267)  jit  28.023 ms  reord  1.79%  rtt   63.41 ms    4,240 pkt  4 flow
  w23     5.042 Mbps (std  0.344)  jit   7.841 ms  reord  0.36%  rtt   46.85 ms    6,393 pkt  4 flow
  w24     5.072 Mbps (std  0.359)  jit  10.062 ms  reord  0.39%  rtt   50.37 ms    6,854 pkt  6 flow
  w25     5.045 Mbps (std  0.305)  jit   8.757 ms  reord  0.36%  rtt   49.35 ms    6,400 pkt  4 flow
  w26     5.048 Mbps (std  0.364)  jit   6.618 ms  reord  0.41%  rtt   46.28 ms    6,548 pkt  4 flow
  w27     8.622 Mbps (std 21.751)  jit  10.871 ms  reord  0.48%  rtt   47.37 ms   10,409 pkt  8 flow
  w28     2.232 Mbps (std  2.582)  jit   5.759 ms  reord  1.37%  rtt   75.48 ms    2,775 pkt  4 flow
  w29     0.171 Mbps (std  0.787)  jit   1.266 ms  reord  0.00%  rtt   84.62 ms      195 pkt  2 flow
  w30     0.436 Mbps (std  1.393)  jit   1.121 ms  reord  2.95%  rtt   51.87 ms      577 pkt  2 flow
  w31     1.668 Mbps (std  1.788)  jit   9.331 ms  reord  1.78%  rtt   79.49 ms    2,028 pkt  4 flow
  w32     1.203 Mbps (std  1.374)  jit  10.569 ms  reord  0.53%  rtt   59.07 ms    1,511 pkt  4 flow
  w33     0.000 Mbps (std  0.002)  jit  50.070 ms  reord  0.00%  rtt 5962.31 ms        6 pkt  4 flow
  w34     0.000 Mbps (std  0.000)  jit   0.000 ms  reord  0.00%  rtt    0.00 ms        0 pkt  0 flow
  w35  (parsial, 98 cuplikan) 0.000 Mbps
>> selesai: 36 window -> qos_features.csv
>>          cuplikan mentah -> qos_samples.csv (untuk align_qos.py)
