>> run_id=CONT_s6_l2a_RedBullPlayStreets | map=flows | poll=0.1s | window=10.0s -> qos_features.csv
>> menghitung SEMUA flow TCP yang lewat (Ctrl-C untuk berhenti)
>> XDP terpasang di eth0: prog id=556
>> membaca 1 map bernama 'flows': id [154]
>> entri awal di map: 0  (0 = belum ada trafik TCP yang tertangkap)
  w0      0.000 Mbps (std  0.000)  jit   0.000 ms  reord  0.00%  rtt    0.00 ms        0 pkt  0 flow
  w1      0.000 Mbps (std  0.000)  jit   0.000 ms  reord  0.00%  rtt    0.00 ms        0 pkt  0 flow
  w2      0.000 Mbps (std  0.000)  jit   0.000 ms  reord  0.00%  rtt    0.00 ms        0 pkt  0 flow
  w3      0.000 Mbps (std  0.000)  jit   0.000 ms  reord  0.00%  rtt    0.00 ms        0 pkt  0 flow
  w4      0.202 Mbps (std  1.633)  jit   1.279 ms  reord 10.85%  rtt  146.27 ms      258 pkt  3 flow
  w5      0.248 Mbps (std  0.230)  jit  62.379 ms  reord 17.11%  rtt  136.95 ms      380 pkt  4 flow
  w6      0.214 Mbps (std  0.164)  jit  70.712 ms  reord 11.58%  rtt  140.36 ms      311 pkt  2 flow
  w7      0.637 Mbps (std  0.279)  jit  24.103 ms  reord 13.67%  rtt  176.25 ms      951 pkt  2 flow
  w8      0.515 Mbps (std  0.296)  jit  40.059 ms  reord 12.53%  rtt  154.17 ms      734 pkt  2 flow
  w9      0.731 Mbps (std  0.270)  jit  25.045 ms  reord 11.69%  rtt  253.38 ms    1,069 pkt  4 flow
  w10     1.946 Mbps (std 10.574)  jit  40.858 ms  reord  2.06%  rtt  153.06 ms    2,186 pkt  5 flow
  w11     0.933 Mbps (std  0.175)  jit  19.159 ms  reord  0.00%  rtt   75.26 ms    1,059 pkt  2 flow
  w12     0.929 Mbps (std  0.173)  jit  19.193 ms  reord  0.00%  rtt   75.44 ms    1,052 pkt  2 flow
  w13     0.941 Mbps (std  0.068)  jit  46.598 ms  reord  0.00%  rtt  145.11 ms    1,201 pkt  6 flow
  w14     0.936 Mbps (std  0.062)  jit  25.775 ms  reord  0.00%  rtt   91.68 ms    1,189 pkt  4 flow
  w15     0.939 Mbps (std  0.063)  jit  26.490 ms  reord  0.00%  rtt   98.91 ms    1,201 pkt  4 flow
  w16     2.032 Mbps (std 13.858)  jit  82.302 ms  reord  1.43%  rtt  268.79 ms    2,304 pkt  5 flow
  w17     0.441 Mbps (std  0.138)  jit 104.357 ms  reord  0.00%  rtt  307.88 ms      536 pkt  5 flow
  w18     0.440 Mbps (std  0.137)  jit  99.038 ms  reord  0.00%  rtt  302.23 ms      542 pkt  5 flow
  w19     0.443 Mbps (std  0.152)  jit 107.890 ms  reord  0.00%  rtt  315.29 ms      542 pkt  4 flow
  w20     0.354 Mbps (std  0.789)  jit  61.465 ms  reord  2.19%  rtt  300.88 ms      411 pkt  4 flow
  w21     0.283 Mbps (std  0.287)  jit  34.933 ms  reord  0.00%  rtt  352.99 ms      301 pkt  2 flow
  w22     0.277 Mbps (std  0.245)  jit 106.067 ms  reord  1.47%  rtt  448.40 ms      339 pkt  4 flow
  w23     0.146 Mbps (std  0.114)  jit  57.890 ms  reord  7.83%  rtt  260.80 ms      230 pkt  2 flow
  w24     0.138 Mbps (std  0.143)  jit  57.011 ms  reord  5.71%  rtt  352.60 ms      210 pkt  4 flow
  w25     0.140 Mbps (std  0.071)  jit 154.938 ms  reord 13.85%  rtt  702.57 ms      231 pkt  4 flow
  w26     0.167 Mbps (std  0.176)  jit 127.891 ms  reord  6.05%  rtt  421.26 ms      248 pkt  4 flow
  w27     0.198 Mbps (std  0.173)  jit  53.473 ms  reord  0.00%  rtt  327.63 ms      232 pkt  2 flow
  w28     0.201 Mbps (std  0.170)  jit  53.556 ms  reord  0.00%  rtt  325.41 ms      234 pkt  2 flow
  w29     0.201 Mbps (std  0.175)  jit  51.995 ms  reord  0.00%  rtt  328.41 ms      234 pkt  2 flow
  w30     0.200 Mbps (std  0.631)  jit  55.829 ms  reord  3.49%  rtt  341.16 ms      229 pkt  2 flow
  w31     0.180 Mbps (std  0.151)  jit  93.190 ms  reord  0.44%  rtt  534.72 ms      225 pkt  4 flow
  w32    11.964 Mbps (std 50.950)  jit  72.389 ms  reord  0.05%  rtt  540.22 ms   12,890 pkt  3 flow
  w33     4.838 Mbps (std 22.822)  jit   0.127 ms  reord  0.00%  rtt    0.37 ms    5,190 pkt  2 flow
  w34     0.808 Mbps (std  3.033)  jit   3.827 ms  reord  0.00%  rtt  155.33 ms      841 pkt  2 flow
  w35     0.000 Mbps (std  0.000)  jit   0.000 ms  reord  0.00%  rtt    0.00 ms        0 pkt  0 flow
  w36  (parsial, 2 cuplikan) 0.000 Mbps
>> selesai: 37 window -> qos_features.csv
>>          cuplikan mentah -> qos_samples.csv (untuk align_qos.py)
