>> run_id=CONT_s13_throughput_OfForestAndMen | map=flows | poll=0.1s | window=10.0s -> qos_features.csv
>> menghitung SEMUA flow TCP yang lewat (Ctrl-C untuk berhenti)
>> XDP terpasang di eth0: prog id=1706
>> membaca 1 map bernama 'flows': id [482]
>> entri awal di map: 0  (0 = belum ada trafik TCP yang tertangkap)
  w0      0.000 Mbps (std  0.000)  jit   0.000 ms  reord  0.00%  rtt    0.00 ms        0 pkt  0 flow
  w1      0.000 Mbps (std  0.000)  jit   0.000 ms  reord  0.00%  rtt    0.00 ms        0 pkt  0 flow
  w2      0.000 Mbps (std  0.000)  jit   0.000 ms  reord  0.00%  rtt    0.00 ms        0 pkt  0 flow
  w3      0.000 Mbps (std  0.000)  jit   0.000 ms  reord  0.00%  rtt    0.00 ms        0 pkt  0 flow
  w4      0.112 Mbps (std  0.316)  jit   3.866 ms  reord  0.00%  rtt  130.43 ms      149 pkt  4 flow
  w5      0.902 Mbps (std  3.533)  jit  51.119 ms  reord  3.61%  rtt  155.86 ms    1,054 pkt  5 flow
  w6      0.264 Mbps (std  0.206)  jit  65.340 ms  reord 11.84%  rtt  142.36 ms      380 pkt  2 flow
  w7      0.242 Mbps (std  0.168)  jit  59.511 ms  reord 10.12%  rtt  137.69 ms      346 pkt  2 flow
  w8      0.255 Mbps (std  0.202)  jit  61.865 ms  reord 11.20%  rtt  151.30 ms      393 pkt  4 flow
  w9      0.216 Mbps (std  0.162)  jit 119.132 ms  reord  6.84%  rtt  443.50 ms      307 pkt  4 flow
  w10     0.194 Mbps (std  0.143)  jit 132.883 ms  reord  0.00%  rtt  614.53 ms      244 pkt  4 flow
  w11     1.292 Mbps (std  7.421)  jit 111.034 ms  reord  1.22%  rtt  444.04 ms    1,390 pkt  4 flow
  w12     0.041 Mbps (std  0.172)  jit  33.038 ms  reord  0.00%  rtt   38.37 ms       47 pkt  2 flow
  w13     0.066 Mbps (std  0.272)  jit  13.173 ms  reord  1.30%  rtt   85.09 ms       77 pkt  2 flow
  w14     0.054 Mbps (std  0.243)  jit  25.190 ms  reord  0.00%  rtt   73.30 ms       56 pkt  2 flow
  w15     1.134 Mbps (std  4.493)  jit  86.494 ms  reord  1.67%  rtt  195.36 ms    1,254 pkt  4 flow
  w16     0.966 Mbps (std  0.233)  jit  45.838 ms  reord  0.00%  rtt  179.20 ms    1,067 pkt  5 flow
  w17     0.961 Mbps (std  0.162)  jit  46.922 ms  reord  0.00%  rtt  154.38 ms    1,124 pkt  5 flow
  w18     0.962 Mbps (std  0.149)  jit  31.094 ms  reord  0.00%  rtt  102.93 ms    1,130 pkt  4 flow
  w19     2.343 Mbps (std 12.139)  jit  36.957 ms  reord  3.84%  rtt  107.63 ms    2,659 pkt  4 flow
  w20     1.271 Mbps (std  0.174)  jit  14.045 ms  reord  0.00%  rtt   55.12 ms    1,454 pkt  2 flow
  w21     1.272 Mbps (std  0.174)  jit  13.994 ms  reord  0.00%  rtt   54.77 ms    1,459 pkt  2 flow
  w22     1.268 Mbps (std  0.261)  jit  38.808 ms  reord  0.00%  rtt  140.87 ms    1,428 pkt  4 flow
  w23     1.272 Mbps (std  0.231)  jit  37.820 ms  reord  0.00%  rtt  132.12 ms    1,442 pkt  5 flow
  w24     3.222 Mbps (std 12.682)  jit  23.929 ms  reord  1.13%  rtt   96.17 ms    3,438 pkt  4 flow
  w25     3.196 Mbps (std  0.366)  jit   5.886 ms  reord  0.09%  rtt   68.30 ms    3,297 pkt  2 flow
  w26     3.190 Mbps (std  0.451)  jit  10.755 ms  reord  0.00%  rtt   78.47 ms    3,261 pkt  4 flow
  w27     2.747 Mbps (std  1.185)  jit  13.864 ms  reord  0.03%  rtt   70.20 ms    3,000 pkt  4 flow
  w28     3.207 Mbps (std  0.374)  jit  12.070 ms  reord  0.99%  rtt   65.05 ms    3,531 pkt  4 flow
  w29     3.291 Mbps (std  6.541)  jit   6.665 ms  reord  0.50%  rtt   70.08 ms    3,393 pkt  2 flow
  w30     2.920 Mbps (std  0.366)  jit  16.312 ms  reord  0.00%  rtt   71.60 ms    3,260 pkt  5 flow
  w31     2.929 Mbps (std  0.264)  jit  17.652 ms  reord  0.97%  rtt   77.25 ms    3,304 pkt  4 flow
  w32     2.922 Mbps (std  0.183)  jit   8.417 ms  reord  0.00%  rtt   46.27 ms    3,071 pkt  4 flow
  w33     0.886 Mbps (std  1.336)  jit  15.592 ms  reord  0.00%  rtt   37.67 ms      938 pkt  2 flow
  w34     0.000 Mbps (std  0.001)  jit   7.194 ms  reord  0.00%  rtt    0.53 ms        3 pkt  2 flow
  w35     0.000 Mbps (std  0.000)  jit   0.000 ms  reord  0.00%  rtt    0.00 ms        0 pkt  0 flow
  w36  (parsial, 4 cuplikan) 0.000 Mbps
>> selesai: 37 window -> qos_features.csv
>>          cuplikan mentah -> qos_samples.csv (untuk align_qos.py)
