>> run_id=CONT_s14_throughput_BigBuckBunny | map=flows | poll=0.1s | window=10.0s -> qos_features.csv
>> menghitung SEMUA flow TCP yang lewat (Ctrl-C untuk berhenti)
>> XDP terpasang di eth0: prog id=2667
>> membaca 1 map bernama 'flows': id [756]
>> entri awal di map: 0  (0 = belum ada trafik TCP yang tertangkap)
  w0      0.000 Mbps (std  0.000)  jit   0.000 ms  reord  0.00%  rtt    0.00 ms        0 pkt  0 flow
  w1      0.000 Mbps (std  0.000)  jit   0.000 ms  reord  0.00%  rtt    0.00 ms        0 pkt  0 flow
  w2      0.000 Mbps (std  0.000)  jit   0.000 ms  reord  0.00%  rtt    0.00 ms        0 pkt  0 flow
  w3      0.000 Mbps (std  0.000)  jit   0.000 ms  reord  0.00%  rtt    0.00 ms        0 pkt  0 flow
  w4      0.032 Mbps (std  0.143)  jit   1.265 ms  reord  1.47%  rtt   67.11 ms       68 pkt  2 flow
  w5      0.126 Mbps (std  0.206)  jit  43.651 ms  reord  2.78%  rtt  555.83 ms      180 pkt  5 flow
  w6      0.125 Mbps (std  0.119)  jit  70.848 ms  reord  0.00%  rtt  457.64 ms      160 pkt  2 flow
  w7      0.176 Mbps (std  0.659)  jit  53.394 ms  reord  2.34%  rtt  417.28 ms      214 pkt  2 flow
  w8      0.056 Mbps (std  0.195)  jit  34.267 ms  reord  0.00%  rtt  357.17 ms       61 pkt  2 flow
  w9      0.061 Mbps (std  0.234)  jit  51.129 ms  reord  0.00%  rtt  214.86 ms       63 pkt  2 flow
  w10     0.087 Mbps (std  0.207)  jit 111.189 ms  reord  1.80%  rtt 2080.82 ms      111 pkt  4 flow
  w11     0.122 Mbps (std  0.173)  jit 197.107 ms  reord  0.00%  rtt  832.95 ms      148 pkt  4 flow
  w12     0.193 Mbps (std  0.637)  jit  58.638 ms  reord  5.63%  rtt  682.68 ms      231 pkt  4 flow
  w13     0.122 Mbps (std  0.139)  jit 146.272 ms  reord  1.23%  rtt  633.53 ms      163 pkt  3 flow
  w14     0.120 Mbps (std  0.140)  jit 133.421 ms  reord  0.67%  rtt  997.53 ms      149 pkt  4 flow
  w15     0.213 Mbps (std  0.929)  jit  71.064 ms  reord  4.88%  rtt  553.15 ms      246 pkt  2 flow
  w16     0.103 Mbps (std  0.151)  jit 118.295 ms  reord  3.55%  rtt  636.96 ms      141 pkt  4 flow
  w17     0.116 Mbps (std  0.206)  jit  66.632 ms  reord  0.00%  rtt  524.33 ms      126 pkt  2 flow
  w18     0.045 Mbps (std  0.194)  jit  17.823 ms  reord  0.00%  rtt  318.77 ms       49 pkt  2 flow
  w19     0.076 Mbps (std  0.235)  jit  36.018 ms  reord  0.00%  rtt  321.46 ms       90 pkt  4 flow
  w20     0.126 Mbps (std  0.208)  jit 146.087 ms  reord  3.55%  rtt  620.46 ms      169 pkt  3 flow
  w21     0.121 Mbps (std  0.129)  jit 195.364 ms  reord  0.00%  rtt  827.11 ms      161 pkt  4 flow
  w22     0.128 Mbps (std  0.124)  jit 147.196 ms  reord  0.00%  rtt  751.57 ms      187 pkt  5 flow
  w23     0.123 Mbps (std  0.119)  jit 175.441 ms  reord  0.00%  rtt  896.02 ms      158 pkt  3 flow
  w24     0.221 Mbps (std  1.065)  jit  67.928 ms  reord  1.85%  rtt  383.62 ms      271 pkt  4 flow
  w25     0.126 Mbps (std  0.134)  jit 128.600 ms  reord  0.58%  rtt  682.45 ms      172 pkt  3 flow
  w26     0.121 Mbps (std  0.141)  jit 163.616 ms  reord  1.30%  rtt  943.82 ms      154 pkt  3 flow
  w27     0.116 Mbps (std  0.343)  jit  97.408 ms  reord  4.17%  rtt  397.60 ms      144 pkt  2 flow
  w28     0.086 Mbps (std  0.229)  jit  51.841 ms  reord  0.90%  rtt  218.02 ms      111 pkt  4 flow
  w29     0.110 Mbps (std  0.186)  jit 144.258 ms  reord  0.00%  rtt  382.57 ms      136 pkt  2 flow
  w30     0.138 Mbps (std  0.212)  jit 148.872 ms  reord  1.69%  rtt  401.89 ms      178 pkt  3 flow
  w31     0.185 Mbps (std  0.116)  jit 189.449 ms  reord  0.00%  rtt  425.16 ms      262 pkt  5 flow
  w32     1.463 Mbps (std  8.251)  jit  71.520 ms  reord  1.27%  rtt  268.23 ms    1,576 pkt  4 flow
  w33     0.503 Mbps (std  0.167)  jit  86.352 ms  reord  0.00%  rtt  229.19 ms      606 pkt  6 flow
  w34     0.504 Mbps (std  0.234)  jit  35.951 ms  reord  0.00%  rtt  210.02 ms      583 pkt  3 flow
  w35     0.204 Mbps (std  0.288)  jit  13.054 ms  reord  0.00%  rtt  184.13 ms      239 pkt  3 flow
>> selesai: 36 window -> qos_features.csv
>>          cuplikan mentah -> qos_samples.csv (untuk align_qos.py)
