>> run_id=CONT_s13_l2a_RedBullPlayStreets | map=flows | poll=0.1s | window=10.0s -> qos_features.csv
>> menghitung SEMUA flow TCP yang lewat (Ctrl-C untuk berhenti)
>> XDP terpasang di eth0: prog id=1965
>> membaca 1 map bernama 'flows': id [556]
>> entri awal di map: 0  (0 = belum ada trafik TCP yang tertangkap)
  w0      0.000 Mbps (std  0.000)  jit   0.000 ms  reord  0.00%  rtt    0.00 ms        0 pkt  0 flow
  w1      0.000 Mbps (std  0.000)  jit   0.000 ms  reord  0.00%  rtt    0.00 ms        0 pkt  0 flow
  w2      0.000 Mbps (std  0.000)  jit   0.000 ms  reord  0.00%  rtt    0.00 ms        0 pkt  0 flow
  w3      0.000 Mbps (std  0.000)  jit   0.000 ms  reord  0.00%  rtt    0.00 ms        0 pkt  0 flow
  w4      0.119 Mbps (std  0.297)  jit   4.029 ms  reord  0.00%  rtt  147.22 ms      154 pkt  4 flow
  w5      0.846 Mbps (std  3.568)  jit  46.856 ms  reord  3.31%  rtt  151.30 ms      968 pkt  5 flow
  w6      0.225 Mbps (std  0.171)  jit  61.295 ms  reord 14.11%  rtt  136.77 ms      333 pkt  2 flow
  w7      0.200 Mbps (std  0.144)  jit  74.705 ms  reord 15.18%  rtt  138.45 ms      303 pkt  2 flow
  w8      0.386 Mbps (std  0.236)  jit  45.878 ms  reord 11.47%  rtt  195.44 ms      532 pkt  4 flow
  w9      0.210 Mbps (std  0.200)  jit 113.608 ms  reord  6.05%  rtt  437.38 ms      281 pkt  4 flow
  w10     0.191 Mbps (std  0.140)  jit 146.058 ms  reord  0.41%  rtt  603.13 ms      244 pkt  4 flow
  w11     0.520 Mbps (std  1.900)  jit 111.773 ms  reord  1.32%  rtt  380.48 ms      604 pkt  2 flow
  w12     0.447 Mbps (std  0.156)  jit  40.168 ms  reord  0.00%  rtt  156.86 ms      506 pkt  2 flow
  w13     0.439 Mbps (std  0.254)  jit  36.418 ms  reord  0.00%  rtt  192.56 ms      491 pkt  2 flow
  w14     0.441 Mbps (std  0.194)  jit  41.318 ms  reord  0.00%  rtt  201.94 ms      484 pkt  2 flow
  w15     1.629 Mbps (std  9.080)  jit  44.180 ms  reord  4.43%  rtt  177.36 ms    1,828 pkt  4 flow
  w16     0.965 Mbps (std  0.136)  jit  47.464 ms  reord  0.00%  rtt  143.09 ms    1,165 pkt  5 flow
  w17     0.962 Mbps (std  0.139)  jit  51.321 ms  reord  0.00%  rtt  146.32 ms    1,150 pkt  4 flow
  w18     0.966 Mbps (std  0.142)  jit  31.533 ms  reord  0.00%  rtt  112.10 ms    1,135 pkt  4 flow
  w19     2.427 Mbps (std 11.436)  jit  33.666 ms  reord  1.00%  rtt  102.64 ms    2,703 pkt  4 flow
  w20     1.269 Mbps (std  0.168)  jit  14.004 ms  reord  0.00%  rtt   55.39 ms    1,451 pkt  2 flow
  w21     1.272 Mbps (std  0.184)  jit  15.631 ms  reord  0.00%  rtt   63.48 ms    1,464 pkt  4 flow
  w22     1.263 Mbps (std  0.280)  jit  40.463 ms  reord  0.00%  rtt  147.86 ms    1,404 pkt  5 flow
  w23     1.272 Mbps (std  0.261)  jit  40.056 ms  reord  0.00%  rtt  147.49 ms    1,420 pkt  5 flow
  w24     2.433 Mbps (std 11.215)  jit  26.125 ms  reord  0.34%  rtt  114.47 ms    2,618 pkt  4 flow
  w25     3.200 Mbps (std  0.448)  jit   5.622 ms  reord  0.06%  rtt   65.62 ms    3,342 pkt  4 flow
  w26     3.192 Mbps (std  0.398)  jit  12.530 ms  reord  0.00%  rtt   77.88 ms    3,291 pkt  4 flow
  w27     3.202 Mbps (std  0.454)  jit  13.763 ms  reord  0.09%  rtt   79.12 ms    3,331 pkt  5 flow
  w28     3.765 Mbps (std  5.661)  jit  11.287 ms  reord  0.48%  rtt   73.46 ms    3,939 pkt  4 flow
  w29     3.211 Mbps (std  3.021)  jit   6.572 ms  reord  0.39%  rtt   68.82 ms    3,330 pkt  3 flow
  w30     2.924 Mbps (std  0.414)  jit  17.596 ms  reord  0.00%  rtt   89.49 ms    3,134 pkt  5 flow
  w31     2.917 Mbps (std  0.381)  jit  18.643 ms  reord  0.00%  rtt   88.16 ms    3,145 pkt  4 flow
  w32     2.915 Mbps (std  0.401)  jit   7.320 ms  reord  0.16%  rtt   73.42 ms    3,042 pkt  4 flow
  w33     2.509 Mbps (std  1.078)  jit   6.201 ms  reord  0.27%  rtt   71.61 ms    2,599 pkt  2 flow
  w34     0.812 Mbps (std  1.317)  jit   1.853 ms  reord  0.00%  rtt   72.34 ms      816 pkt  2 flow
  w35     0.000 Mbps (std  0.000)  jit   0.000 ms  reord  0.00%  rtt    0.00 ms        0 pkt  0 flow
  w36  (parsial, 3 cuplikan) 0.000 Mbps
>> selesai: 37 window -> qos_features.csv
>>          cuplikan mentah -> qos_samples.csv (untuk align_qos.py)
