>> run_id=CONT_s8_l2a_OfForestAndMen | map=flows | poll=0.1s | window=10.0s -> qos_features.csv
>> menghitung SEMUA flow TCP yang lewat (Ctrl-C untuk berhenti)
>> XDP terpasang di eth0: prog id=844
>> membaca 1 map bernama 'flows': id [236]
>> entri awal di map: 0  (0 = belum ada trafik TCP yang tertangkap)
  w0      0.000 Mbps (std  0.000)  jit   0.000 ms  reord  0.00%  rtt    0.00 ms        0 pkt  0 flow
  w1      0.000 Mbps (std  0.000)  jit   0.000 ms  reord  0.00%  rtt    0.00 ms        0 pkt  0 flow
  w2      0.000 Mbps (std  0.000)  jit   0.000 ms  reord  0.00%  rtt    0.00 ms        0 pkt  0 flow
  w3      0.000 Mbps (std  0.000)  jit   0.000 ms  reord  0.00%  rtt    0.00 ms        0 pkt  0 flow
  w4      0.011 Mbps (std  0.053)  jit   2.219 ms  reord  5.00%  rtt  135.08 ms       40 pkt  3 flow
  w5      0.146 Mbps (std  0.119)  jit  47.101 ms  reord 12.93%  rtt  641.63 ms      263 pkt  4 flow
  w6      0.136 Mbps (std  0.102)  jit  48.534 ms  reord  4.78%  rtt  400.20 ms      209 pkt  3 flow
  w7      0.147 Mbps (std  0.097)  jit  57.686 ms  reord  5.02%  rtt  277.35 ms      219 pkt  3 flow
  w8      0.141 Mbps (std  0.104)  jit  65.467 ms  reord  1.97%  rtt  362.72 ms      203 pkt  2 flow
  w9      0.122 Mbps (std  0.175)  jit  96.059 ms  reord  3.59%  rtt 1410.18 ms      167 pkt  2 flow
  w10     0.149 Mbps (std  0.219)  jit  66.095 ms  reord  1.18%  rtt  493.67 ms      169 pkt  4 flow
  w11     0.149 Mbps (std  0.198)  jit  71.118 ms  reord  0.00%  rtt  469.98 ms      178 pkt  4 flow
  w12     0.149 Mbps (std  0.147)  jit 145.666 ms  reord  0.54%  rtt  759.16 ms      186 pkt  3 flow
  w13     0.912 Mbps (std  5.546)  jit  96.979 ms  reord  1.39%  rtt  513.55 ms    1,008 pkt  8 flow
  w14     0.123 Mbps (std  0.117)  jit  85.211 ms  reord  0.00%  rtt  428.95 ms      158 pkt  2 flow
  w15     0.123 Mbps (std  0.118)  jit  71.637 ms  reord  0.00%  rtt  479.33 ms      158 pkt  2 flow
  w16     0.124 Mbps (std  0.120)  jit  70.508 ms  reord  0.00%  rtt  488.30 ms      159 pkt  2 flow
  w17     0.139 Mbps (std  0.233)  jit  70.206 ms  reord  2.22%  rtt  467.82 ms      180 pkt  2 flow
  w18     0.174 Mbps (std  0.205)  jit  87.057 ms  reord  0.50%  rtt  372.18 ms      199 pkt  3 flow
  w19     0.170 Mbps (std  0.197)  jit 120.958 ms  reord  0.00%  rtt  430.87 ms      206 pkt  5 flow
  w20     0.168 Mbps (std  0.233)  jit  44.448 ms  reord  0.00%  rtt  445.67 ms      182 pkt  2 flow
  w21     0.163 Mbps (std  0.233)  jit  43.362 ms  reord  0.00%  rtt  494.22 ms      177 pkt  2 flow
  w22     0.233 Mbps (std  0.273)  jit  86.473 ms  reord  3.06%  rtt  378.75 ms      294 pkt  4 flow
  w23     0.361 Mbps (std  0.206)  jit  45.743 ms  reord  0.00%  rtt  219.31 ms      403 pkt  2 flow
  w24     0.361 Mbps (std  0.177)  jit  47.740 ms  reord  0.00%  rtt  257.65 ms      401 pkt  4 flow
  w25     1.033 Mbps (std  5.211)  jit  93.637 ms  reord  2.32%  rtt  372.94 ms    1,121 pkt  4 flow
  w26     0.157 Mbps (std  0.130)  jit 159.081 ms  reord  0.00%  rtt  622.94 ms      218 pkt  4 flow
  w27     0.160 Mbps (std  0.152)  jit 130.554 ms  reord  0.47%  rtt  580.67 ms      215 pkt  5 flow
  w28     0.632 Mbps (std  3.462)  jit 125.885 ms  reord  1.38%  rtt  517.78 ms      724 pkt  4 flow
  w29     0.199 Mbps (std  0.228)  jit  69.839 ms  reord  0.00%  rtt  258.09 ms      240 pkt  4 flow
  w30     0.242 Mbps (std  0.180)  jit 125.753 ms  reord  0.00%  rtt  379.08 ms      295 pkt  4 flow
  w31     0.248 Mbps (std  0.169)  jit 114.665 ms  reord  0.00%  rtt  482.21 ms      305 pkt  4 flow
  w32     0.904 Mbps (std  6.871)  jit 103.909 ms  reord  3.28%  rtt  422.94 ms    1,066 pkt  4 flow
  w33     0.131 Mbps (std  0.225)  jit  63.789 ms  reord  5.08%  rtt  316.59 ms      177 pkt  4 flow
  w34     0.214 Mbps (std  0.122)  jit  52.651 ms  reord 17.47%  rtt  654.55 ms      332 pkt  5 flow
  w35     0.002 Mbps (std  0.023)  jit   0.050 ms  reord  0.00%  rtt  599.41 ms        2 pkt  1 flow
  w36  (parsial, 18 cuplikan) 0.000 Mbps
>> selesai: 37 window -> qos_features.csv
>>          cuplikan mentah -> qos_samples.csv (untuk align_qos.py)
