>> run_id=CONT_s10_throughput_TearsOfSteel | map=flows | poll=0.1s | window=10.0s -> qos_features.csv
>> menghitung SEMUA flow TCP yang lewat (Ctrl-C untuk berhenti)
>> XDP terpasang di eth0: prog id=1930
>> membaca 1 map bernama 'flows': id [546]
>> entri awal di map: 0  (0 = belum ada trafik TCP yang tertangkap)
  w0      0.000 Mbps (std  0.000)  jit   0.000 ms  reord  0.00%  rtt    0.00 ms        0 pkt  0 flow
  w1      0.000 Mbps (std  0.000)  jit   0.000 ms  reord  0.00%  rtt    0.00 ms        0 pkt  0 flow
  w2      0.000 Mbps (std  0.000)  jit   0.000 ms  reord  0.00%  rtt    0.00 ms        0 pkt  0 flow
  w3      0.000 Mbps (std  0.000)  jit   0.000 ms  reord  0.00%  rtt    0.00 ms        0 pkt  0 flow
  w4      0.086 Mbps (std  0.317)  jit   0.908 ms  reord  0.69%  rtt   35.83 ms      144 pkt  7 flow
  w5      1.021 Mbps (std  0.128)  jit  43.492 ms  reord  0.24%  rtt  112.38 ms    1,268 pkt  5 flow
  w6      1.022 Mbps (std  0.150)  jit  60.856 ms  reord  0.00%  rtt  137.07 ms    1,251 pkt  6 flow
  w7      0.890 Mbps (std  2.925)  jit  22.770 ms  reord  0.41%  rtt  102.43 ms      966 pkt  4 flow
  w8      1.091 Mbps (std  0.178)  jit 101.291 ms  reord  0.31%  rtt  125.95 ms    1,281 pkt  6 flow
  w9      0.965 Mbps (std  0.370)  jit  46.835 ms  reord  0.09%  rtt  124.40 ms    1,149 pkt  5 flow
  w10     0.909 Mbps (std  0.464)  jit 130.189 ms  reord  0.00%  rtt  110.66 ms      977 pkt  4 flow
  w11     0.880 Mbps (std  0.278)  jit  66.385 ms  reord  0.41%  rtt  139.80 ms      971 pkt  4 flow
  w12     0.861 Mbps (std  0.131)  jit  64.253 ms  reord  0.00%  rtt  180.19 ms    1,113 pkt  8 flow
  w13     0.853 Mbps (std  0.113)  jit  81.854 ms  reord  0.00%  rtt  187.19 ms    1,097 pkt  6 flow
  w14     0.856 Mbps (std  0.115)  jit  60.215 ms  reord  0.00%  rtt  137.54 ms    1,102 pkt  4 flow
  w15     0.559 Mbps (std  0.293)  jit  57.344 ms  reord  0.00%  rtt  171.67 ms      639 pkt  4 flow
  w16     0.439 Mbps (std  0.361)  jit  63.885 ms  reord  0.21%  rtt  169.19 ms      478 pkt  3 flow
  w17     0.580 Mbps (std  0.217)  jit  80.481 ms  reord  0.44%  rtt  234.26 ms      688 pkt  5 flow
  w18     1.537 Mbps (std 10.449)  jit 158.040 ms  reord  1.25%  rtt  260.38 ms    1,755 pkt  6 flow
  w19     0.455 Mbps (std  0.145)  jit 106.873 ms  reord  0.00%  rtt  241.82 ms      545 pkt  4 flow
  w20     0.452 Mbps (std  0.220)  jit  95.442 ms  reord  0.39%  rtt  253.04 ms      513 pkt  4 flow
  w21     0.462 Mbps (std  0.210)  jit  91.753 ms  reord  0.00%  rtt  234.77 ms      547 pkt  4 flow
  w22     0.457 Mbps (std  0.171)  jit 100.262 ms  reord  0.00%  rtt  189.82 ms      540 pkt  4 flow
  w23     0.304 Mbps (std  0.270)  jit  49.580 ms  reord  6.38%  rtt  156.77 ms      392 pkt  2 flow
  w24     0.201 Mbps (std  0.115)  jit 118.215 ms  reord  5.14%  rtt  266.47 ms      311 pkt  4 flow
  w25     0.200 Mbps (std  0.143)  jit 183.222 ms  reord 12.29%  rtt  521.20 ms      301 pkt  5 flow
  w26     0.203 Mbps (std  0.120)  jit 216.428 ms  reord  5.31%  rtt  411.48 ms      320 pkt  4 flow
  w27     0.168 Mbps (std  0.154)  jit 152.701 ms  reord  5.51%  rtt  357.77 ms      236 pkt  3 flow
  w28     0.141 Mbps (std  0.163)  jit  71.407 ms  reord  0.00%  rtt  486.11 ms      171 pkt  2 flow
  w29     0.142 Mbps (std  0.239)  jit  80.737 ms  reord  0.64%  rtt  673.51 ms      156 pkt  3 flow
  w30     0.145 Mbps (std  0.139)  jit 358.451 ms  reord  0.53%  rtt  576.52 ms      187 pkt  3 flow
  w31     0.144 Mbps (std  0.136)  jit 187.213 ms  reord  1.04%  rtt  743.84 ms      192 pkt  4 flow
  w32     0.354 Mbps (std  2.083)  jit 289.670 ms  reord  1.43%  rtt  656.11 ms      419 pkt  3 flow
  w33     0.127 Mbps (std  0.159)  jit 241.314 ms  reord  1.20%  rtt  583.00 ms      166 pkt  3 flow
  w34     0.001 Mbps (std  0.011)  jit   3.833 ms  reord  0.00%  rtt    0.00 ms        1 pkt  1 flow
  w35  (parsial, 97 cuplikan) 0.000 Mbps
>> selesai: 36 window -> qos_features.csv
>>          cuplikan mentah -> qos_samples.csv (untuk align_qos.py)
