>> run_id=CONT_s1_bola_TearsOfSteel | map=flows | poll=0.1s | window=10.0s -> qos_features.csv
>> menghitung SEMUA flow TCP yang lewat (Ctrl-C untuk berhenti)
>> XDP terpasang di eth0: prog id=711
>> membaca 1 map bernama 'flows': id [198]
>> entri awal di map: 0  (0 = belum ada trafik TCP yang tertangkap)
  w0      0.000 Mbps (std  0.000)  jit   0.000 ms  reord  0.00%  rtt    0.00 ms        0 pkt  0 flow
  w1      0.000 Mbps (std  0.000)  jit   0.000 ms  reord  0.00%  rtt    0.00 ms        0 pkt  0 flow
  w2      0.000 Mbps (std  0.000)  jit   0.000 ms  reord  0.00%  rtt    0.00 ms        0 pkt  0 flow
  w3      0.000 Mbps (std  0.000)  jit   0.000 ms  reord  0.00%  rtt    0.00 ms        0 pkt  0 flow
  w4      0.530 Mbps (std  2.714)  jit   1.393 ms  reord  1.06%  rtt  210.60 ms      568 pkt  4 flow
  w5     70.265 Mbps (std 138.926)  jit   4.925 ms  reord  0.00%  rtt   53.63 ms   73,670 pkt  8 flow
  w6     11.968 Mbps (std 56.081)  jit   0.130 ms  reord  0.00%  rtt    0.27 ms   12,525 pkt  2 flow
  w7     13.231 Mbps (std 49.698)  jit   0.150 ms  reord  0.00%  rtt    0.31 ms   13,853 pkt  2 flow
  w8      4.137 Mbps (std 33.393)  jit  32.476 ms  reord  0.02%  rtt  256.24 ms    4,333 pkt  2 flow
  w9      0.234 Mbps (std  0.251)  jit 113.795 ms  reord  0.80%  rtt  417.61 ms      251 pkt  3 flow
  w10     0.236 Mbps (std  0.238)  jit 410.653 ms  reord  0.71%  rtt  466.89 ms      282 pkt  4 flow
  w11     0.451 Mbps (std  1.578)  jit 191.385 ms  reord 10.13%  rtt  444.42 ms      622 pkt  4 flow
  w12     0.274 Mbps (std  0.156)  jit 139.181 ms  reord 11.17%  rtt  413.83 ms      403 pkt  4 flow
  w13     0.296 Mbps (std  0.098)  jit  44.016 ms  reord  7.35%  rtt  430.26 ms      449 pkt  5 flow
  w14     0.289 Mbps (std  0.097)  jit 113.772 ms  reord  5.08%  rtt  415.36 ms      413 pkt  4 flow
  w15     0.293 Mbps (std  0.094)  jit 147.334 ms  reord  5.36%  rtt  400.48 ms      429 pkt  4 flow
  w16     0.680 Mbps (std  0.284)  jit  96.955 ms  reord  2.47%  rtt  250.23 ms      890 pkt  6 flow
  w17     0.625 Mbps (std  0.441)  jit  67.415 ms  reord  0.00%  rtt  119.39 ms      685 pkt  4 flow
  w18     0.464 Mbps (std  0.512)  jit  26.145 ms  reord  2.30%  rtt  103.79 ms      521 pkt  2 flow
  w19     1.275 Mbps (std  0.406)  jit  72.141 ms  reord  0.00%  rtt  113.24 ms    1,451 pkt  6 flow
  w20     1.374 Mbps (std  0.169)  jit  57.903 ms  reord  0.00%  rtt  115.67 ms    1,591 pkt  6 flow
  w21     1.373 Mbps (std  0.183)  jit  53.498 ms  reord  0.00%  rtt  126.95 ms    1,633 pkt  6 flow
  w22     1.086 Mbps (std  0.575)  jit  25.104 ms  reord  0.00%  rtt   87.99 ms    1,216 pkt  6 flow
  w23     1.779 Mbps (std  6.009)  jit  17.423 ms  reord  2.24%  rtt   88.88 ms    1,917 pkt  2 flow
  w24     0.826 Mbps (std  0.216)  jit 145.350 ms  reord  0.00%  rtt  144.81 ms      941 pkt  4 flow
  w25     0.827 Mbps (std  0.158)  jit  59.927 ms  reord  0.00%  rtt  125.58 ms      962 pkt  4 flow
  w26     0.830 Mbps (std  0.155)  jit  66.033 ms  reord  0.10%  rtt  174.06 ms    1,000 pkt  6 flow
  w27     0.831 Mbps (std  0.139)  jit 102.306 ms  reord  0.10%  rtt  176.09 ms    1,030 pkt  6 flow
  w28     0.572 Mbps (std  0.439)  jit  51.234 ms  reord  0.00%  rtt  128.89 ms      680 pkt  6 flow
  w29     1.109 Mbps (std  0.796)  jit  24.711 ms  reord  0.68%  rtt   90.88 ms    1,180 pkt  2 flow
  w30     1.830 Mbps (std  0.217)  jit  42.712 ms  reord  0.00%  rtt   78.79 ms    1,982 pkt  4 flow
  w31     1.834 Mbps (std  0.163)  jit  58.301 ms  reord  0.00%  rtt  114.73 ms    2,084 pkt  6 flow
  w32     1.831 Mbps (std  0.162)  jit  33.582 ms  reord  0.00%  rtt  104.14 ms    2,059 pkt  6 flow
  w33     0.375 Mbps (std  0.728)  jit  19.573 ms  reord  0.00%  rtt   82.14 ms      404 pkt  2 flow
  w34     0.000 Mbps (std  0.002)  jit  14.097 ms  reord  0.00%  rtt   60.70 ms        6 pkt  4 flow
  w35  (parsial, 95 cuplikan) 0.000 Mbps
>> selesai: 36 window -> qos_features.csv
>>          cuplikan mentah -> qos_samples.csv (untuk align_qos.py)
