>> run_id=CONT_s5_throughput_OfForestAndMen | map=flows | poll=0.1s | window=10.0s -> qos_features.csv
>> menghitung SEMUA flow TCP yang lewat (Ctrl-C untuk berhenti)
>> XDP terpasang di eth0: prog id=1853
>> membaca 1 map bernama 'flows': id [524]
>> entri awal di map: 0  (0 = belum ada trafik TCP yang tertangkap)
  w0      0.000 Mbps (std  0.000)  jit   0.000 ms  reord  0.00%  rtt    0.00 ms        0 pkt  0 flow
  w1      0.000 Mbps (std  0.000)  jit   0.000 ms  reord  0.00%  rtt    0.00 ms        0 pkt  0 flow
  w2      0.000 Mbps (std  0.000)  jit   0.000 ms  reord  0.00%  rtt    0.00 ms        0 pkt  0 flow
  w3      0.000 Mbps (std  0.000)  jit   0.000 ms  reord  0.00%  rtt    0.00 ms        0 pkt  0 flow
  w4      0.355 Mbps (std  0.825)  jit   1.500 ms  reord  0.25%  rtt   78.63 ms      395 pkt  5 flow
  w5      2.195 Mbps (std  0.229)  jit  12.329 ms  reord  0.13%  rtt   92.49 ms    2,274 pkt  6 flow
  w6      2.672 Mbps (std  6.240)  jit   9.523 ms  reord  1.13%  rtt   98.86 ms    2,838 pkt  2 flow
  w7      1.404 Mbps (std  0.220)  jit  13.140 ms  reord  1.61%  rtt  109.62 ms    1,673 pkt  2 flow
  w8      1.399 Mbps (std  0.288)  jit  13.653 ms  reord  1.65%  rtt  101.94 ms    1,635 pkt  2 flow
  w9      0.801 Mbps (std  0.327)  jit  24.271 ms  reord 13.89%  rtt   90.99 ms    1,152 pkt  4 flow
  w10     0.524 Mbps (std  0.232)  jit  23.592 ms  reord 17.35%  rtt   48.82 ms      807 pkt  4 flow
  w11     0.703 Mbps (std  0.114)  jit  29.403 ms  reord 15.15%  rtt   94.53 ms    1,069 pkt  5 flow
  w12     0.697 Mbps (std  0.132)  jit  30.290 ms  reord 15.65%  rtt   84.35 ms    1,067 pkt  6 flow
  w13     0.567 Mbps (std  0.225)  jit  26.078 ms  reord 16.30%  rtt   58.34 ms      871 pkt  4 flow
  w14     0.204 Mbps (std  0.284)  jit  33.887 ms  reord 11.95%  rtt   98.14 ms      293 pkt  2 flow
  w15     0.303 Mbps (std  0.250)  jit  76.881 ms  reord  0.00%  rtt  238.81 ms      362 pkt  4 flow
  w16     0.372 Mbps (std  0.123)  jit 128.617 ms  reord  0.00%  rtt  344.69 ms      463 pkt  4 flow
  w17     0.369 Mbps (std  0.144)  jit 119.469 ms  reord  0.22%  rtt  335.03 ms      452 pkt  4 flow
  w18     0.350 Mbps (std  1.750)  jit 107.696 ms  reord  2.70%  rtt  437.26 ms      407 pkt  4 flow
  w19     0.189 Mbps (std  0.143)  jit 159.919 ms  reord  0.00%  rtt  683.85 ms      240 pkt  4 flow
  w20     0.192 Mbps (std  0.162)  jit 110.203 ms  reord  0.00%  rtt  502.55 ms      227 pkt  4 flow
  w21     0.247 Mbps (std  0.292)  jit  33.923 ms  reord  0.34%  rtt  167.76 ms      291 pkt  2 flow
  w22     0.114 Mbps (std  0.268)  jit  45.210 ms  reord  0.00%  rtt  135.85 ms      124 pkt  2 flow
  w23     1.143 Mbps (std  7.144)  jit  73.293 ms  reord  1.23%  rtt  199.71 ms    1,215 pkt  4 flow
  w24     0.398 Mbps (std  0.530)  jit  34.821 ms  reord  0.22%  rtt  114.65 ms      450 pkt  4 flow
  w25     0.980 Mbps (std  0.190)  jit  58.606 ms  reord  0.09%  rtt  147.32 ms    1,126 pkt  5 flow
  w26     0.928 Mbps (std  0.253)  jit  30.854 ms  reord  0.00%  rtt  101.24 ms    1,095 pkt  4 flow
  w27     0.551 Mbps (std  0.769)  jit  20.529 ms  reord  0.00%  rtt  100.82 ms      579 pkt  2 flow
  w28     2.222 Mbps (std  0.604)  jit  22.771 ms  reord  1.36%  rtt   73.65 ms    2,428 pkt  4 flow
  w29     2.379 Mbps (std  0.146)  jit  10.355 ms  reord  0.00%  rtt   38.87 ms    2,732 pkt  4 flow
  w30     1.560 Mbps (std  1.145)  jit  11.609 ms  reord  1.39%  rtt   49.31 ms    1,794 pkt  4 flow
  w31     5.167 Mbps (std 19.848)  jit  11.693 ms  reord  0.27%  rtt  107.33 ms    5,596 pkt  4 flow
  w32     4.015 Mbps (std 12.978)  jit  16.249 ms  reord  0.00%  rtt   88.01 ms    4,265 pkt  4 flow
  w33     2.351 Mbps (std  8.636)  jit  34.580 ms  reord  0.00%  rtt   95.23 ms    2,522 pkt  4 flow
  w34     0.583 Mbps (std  2.237)  jit   3.740 ms  reord  0.00%  rtt   86.31 ms      633 pkt  4 flow
  w35     0.000 Mbps (std  0.000)  jit   0.000 ms  reord  0.00%  rtt    0.00 ms        0 pkt  0 flow
  w36  (parsial, 2 cuplikan) 0.000 Mbps
>> selesai: 37 window -> qos_features.csv
>>          cuplikan mentah -> qos_samples.csv (untuk align_qos.py)
