>> run_id=CONT_s6_l2a_Valkaama | map=flows | poll=0.1s | window=10.0s -> qos_features.csv
>> menghitung SEMUA flow TCP yang lewat (Ctrl-C untuk berhenti)
>> XDP terpasang di eth0: prog id=2555
>> membaca 1 map bernama 'flows': id [724]
>> entri awal di map: 0  (0 = belum ada trafik TCP yang tertangkap)
  w0      0.000 Mbps (std  0.000)  jit   0.000 ms  reord  0.00%  rtt    0.00 ms        0 pkt  0 flow
  w1      0.000 Mbps (std  0.000)  jit   0.000 ms  reord  0.00%  rtt    0.00 ms        0 pkt  0 flow
  w2      0.000 Mbps (std  0.000)  jit   0.000 ms  reord  0.00%  rtt    0.00 ms        0 pkt  0 flow
  w3      0.000 Mbps (std  0.000)  jit   0.000 ms  reord  0.00%  rtt    0.00 ms        0 pkt  0 flow
  w4      0.052 Mbps (std  0.238)  jit   2.317 ms  reord  3.19%  rtt  178.10 ms       94 pkt  2 flow
  w5      0.237 Mbps (std  0.182)  jit  67.773 ms  reord 18.36%  rtt  138.00 ms      365 pkt  4 flow
  w6      0.219 Mbps (std  0.163)  jit  63.707 ms  reord 12.70%  rtt  145.97 ms      315 pkt  2 flow
  w7      0.571 Mbps (std  0.289)  jit  24.847 ms  reord 14.77%  rtt  183.26 ms      860 pkt  2 flow
  w8      0.448 Mbps (std  0.254)  jit  41.921 ms  reord 16.99%  rtt  139.51 ms      665 pkt  2 flow
  w9      0.595 Mbps (std  0.337)  jit  35.982 ms  reord 13.18%  rtt  151.72 ms      880 pkt  4 flow
  w10     0.849 Mbps (std  0.300)  jit  39.489 ms  reord  5.44%  rtt  153.82 ms    1,066 pkt  5 flow
  w11     0.934 Mbps (std  0.284)  jit  22.316 ms  reord  0.00%  rtt  129.56 ms      984 pkt  2 flow
  w12     0.926 Mbps (std  0.227)  jit  22.004 ms  reord  0.00%  rtt  132.57 ms      982 pkt  2 flow
  w13     0.937 Mbps (std  0.164)  jit  48.140 ms  reord  0.00%  rtt  157.35 ms    1,116 pkt  4 flow
  w14     0.894 Mbps (std  0.276)  jit  30.783 ms  reord  0.00%  rtt  137.70 ms      978 pkt  4 flow
  w15     0.932 Mbps (std  0.214)  jit  29.126 ms  reord  0.00%  rtt  141.53 ms    1,028 pkt  4 flow
  w16     1.842 Mbps (std 12.366)  jit  69.637 ms  reord  1.89%  rtt  253.66 ms    2,010 pkt  5 flow
  w17     0.441 Mbps (std  0.134)  jit  99.257 ms  reord  0.00%  rtt  298.77 ms      543 pkt  4 flow
  w18     0.442 Mbps (std  0.131)  jit  97.125 ms  reord  0.00%  rtt  294.40 ms      545 pkt  5 flow
  w19     0.441 Mbps (std  0.145)  jit 105.055 ms  reord  0.00%  rtt  311.04 ms      536 pkt  4 flow
  w20     0.578 Mbps (std  2.061)  jit  73.936 ms  reord  1.39%  rtt  297.94 ms      646 pkt  5 flow
  w21     0.285 Mbps (std  0.246)  jit  39.437 ms  reord  3.08%  rtt  304.45 ms      325 pkt  2 flow
  w22     0.562 Mbps (std  2.801)  jit  38.900 ms  reord  1.62%  rtt  345.75 ms      616 pkt  4 flow
  w23     0.140 Mbps (std  0.125)  jit  59.664 ms  reord 11.16%  rtt  601.19 ms      224 pkt  4 flow
  w24     0.141 Mbps (std  0.146)  jit  54.319 ms  reord 10.28%  rtt  429.59 ms      214 pkt  2 flow
  w25     0.140 Mbps (std  0.077)  jit  87.822 ms  reord 10.08%  rtt  600.94 ms      238 pkt  4 flow
  w26     0.161 Mbps (std  0.154)  jit 152.052 ms  reord  3.75%  rtt  473.77 ms      240 pkt  3 flow
  w27     0.201 Mbps (std  0.171)  jit  55.840 ms  reord  0.00%  rtt  325.11 ms      235 pkt  2 flow
  w28     0.202 Mbps (std  0.173)  jit  53.221 ms  reord  0.00%  rtt  323.77 ms      237 pkt  2 flow
  w29     0.197 Mbps (std  0.172)  jit  52.288 ms  reord  0.00%  rtt  331.87 ms      231 pkt  2 flow
  w30     0.228 Mbps (std  0.554)  jit  42.357 ms  reord  2.76%  rtt  382.24 ms      254 pkt  2 flow
  w31     0.179 Mbps (std  0.206)  jit  66.921 ms  reord  0.46%  rtt  445.35 ms      217 pkt  4 flow
  w32     8.282 Mbps (std 39.414)  jit 102.270 ms  reord  0.06%  rtt  535.02 ms    8,921 pkt  3 flow
  w33     5.220 Mbps (std 30.019)  jit   0.013 ms  reord  0.00%  rtt    0.33 ms    5,655 pkt  2 flow
  w34     0.754 Mbps (std  2.395)  jit   6.365 ms  reord  0.00%  rtt   91.95 ms      805 pkt  2 flow
  w35     0.000 Mbps (std  0.000)  jit   0.000 ms  reord  0.00%  rtt    0.00 ms        0 pkt  0 flow
  w36  (parsial, 4 cuplikan) 0.000 Mbps
>> selesai: 37 window -> qos_features.csv
>>          cuplikan mentah -> qos_samples.csv (untuk align_qos.py)
