>> run_id=CONT_s3_l2a_OfForestAndMen | map=flows | poll=0.1s | window=10.0s -> qos_features.csv
>> menghitung SEMUA flow TCP yang lewat (Ctrl-C untuk berhenti)
>> XDP terpasang di eth0: prog id=213
>> membaca 1 map bernama 'flows': id [56]
>> entri awal di map: 0  (0 = belum ada trafik TCP yang tertangkap)
  w0      0.000 Mbps (std  0.000)  jit   0.000 ms  reord  0.00%  rtt    0.00 ms        0 pkt  0 flow
  w1      0.000 Mbps (std  0.000)  jit   0.000 ms  reord  0.00%  rtt    0.00 ms        0 pkt  0 flow
  w2      0.000 Mbps (std  0.000)  jit   0.000 ms  reord  0.00%  rtt    0.00 ms        0 pkt  0 flow
  w3      0.000 Mbps (std  0.000)  jit   0.000 ms  reord  0.00%  rtt    0.00 ms        0 pkt  0 flow
  w4      0.059 Mbps (std  0.185)  jit   4.186 ms  reord  0.00%  rtt  218.68 ms       92 pkt  4 flow
  w5      0.301 Mbps (std  0.165)  jit  99.663 ms  reord  1.31%  rtt  354.49 ms      382 pkt  5 flow
  w6      0.301 Mbps (std  0.103)  jit  61.750 ms  reord  0.00%  rtt  226.00 ms      380 pkt  2 flow
  w7      0.663 Mbps (std  3.723)  jit  50.349 ms  reord  4.16%  rtt  208.89 ms      794 pkt  2 flow
  w8      0.255 Mbps (std  0.145)  jit  53.248 ms  reord 12.34%  rtt  153.60 ms      389 pkt  4 flow
  w9      0.276 Mbps (std  0.119)  jit  74.846 ms  reord 11.30%  rtt  215.55 ms      407 pkt  4 flow
  w10     0.602 Mbps (std  0.294)  jit  37.037 ms  reord  2.11%  rtt   98.44 ms      712 pkt  2 flow
  w11     0.756 Mbps (std  0.122)  jit  23.427 ms  reord  0.00%  rtt   93.15 ms      860 pkt  4 flow
  w12     0.759 Mbps (std  0.122)  jit  47.611 ms  reord  0.00%  rtt  160.08 ms      953 pkt  6 flow
  w13     1.591 Mbps (std  5.060)  jit  17.548 ms  reord  0.23%  rtt   97.35 ms    1,728 pkt  2 flow
  w14     1.540 Mbps (std  0.274)  jit  21.285 ms  reord  0.00%  rtt  110.61 ms    1,634 pkt  5 flow
  w15     1.534 Mbps (std  0.266)  jit  17.799 ms  reord  0.00%  rtt   88.01 ms    1,606 pkt  4 flow
  w16     1.649 Mbps (std  6.279)  jit  19.999 ms  reord  1.56%  rtt  129.74 ms    1,734 pkt  2 flow
  w17     1.018 Mbps (std  0.301)  jit  21.613 ms  reord  0.00%  rtt  134.70 ms    1,072 pkt  4 flow
  w18     1.014 Mbps (std  0.247)  jit  37.093 ms  reord  0.00%  rtt  154.22 ms    1,088 pkt  4 flow
  w19     1.018 Mbps (std  0.261)  jit  18.257 ms  reord  0.00%  rtt  114.97 ms    1,050 pkt  2 flow
  w20     1.474 Mbps (std  5.746)  jit  22.152 ms  reord  1.32%  rtt  126.91 ms    1,596 pkt  2 flow
  w21     0.849 Mbps (std  0.279)  jit  22.133 ms  reord  0.00%  rtt  130.81 ms      885 pkt  2 flow
  w22     0.856 Mbps (std  0.290)  jit  21.759 ms  reord  0.00%  rtt  136.80 ms      886 pkt  2 flow
  w23     0.849 Mbps (std  0.288)  jit  21.873 ms  reord  0.00%  rtt  136.37 ms      876 pkt  2 flow
  w24     0.823 Mbps (std  0.337)  jit  21.889 ms  reord  0.00%  rtt  135.43 ms      851 pkt  2 flow
  w25     0.458 Mbps (std  1.983)  jit  45.167 ms  reord  8.16%  rtt  148.33 ms      564 pkt  2 flow
  w26     0.267 Mbps (std  0.174)  jit  63.162 ms  reord 13.01%  rtt  142.94 ms      392 pkt  2 flow
  w27     0.232 Mbps (std  0.156)  jit  70.764 ms  reord 15.86%  rtt  129.36 ms      353 pkt  2 flow
  w28     0.236 Mbps (std  0.166)  jit  65.283 ms  reord 13.31%  rtt  141.69 ms      353 pkt  2 flow
  w29     0.234 Mbps (std  0.174)  jit  70.285 ms  reord 15.30%  rtt  133.01 ms      353 pkt  2 flow
  w30     0.477 Mbps (std  0.228)  jit  57.683 ms  reord  1.70%  rtt  186.84 ms      588 pkt  4 flow
  w31     0.521 Mbps (std  0.170)  jit  39.983 ms  reord  0.00%  rtt  138.85 ms      598 pkt  3 flow
  w32     0.520 Mbps (std  0.174)  jit  43.830 ms  reord  0.00%  rtt  165.40 ms      612 pkt  4 flow
  w33     0.519 Mbps (std  0.150)  jit  78.710 ms  reord  0.00%  rtt  227.85 ms      616 pkt  4 flow
  w34     0.291 Mbps (std  0.289)  jit  19.512 ms  reord  0.00%  rtt  136.99 ms      333 pkt  2 flow
  w35     0.000 Mbps (std  0.000)  jit   0.000 ms  reord  0.00%  rtt    0.00 ms        0 pkt  0 flow
  w36  (parsial, 23 cuplikan) 0.000 Mbps
>> selesai: 37 window -> qos_features.csv
>>          cuplikan mentah -> qos_samples.csv (untuk align_qos.py)
