>> run_id=CONT_s9_throughput_TheSwissAccount | map=flows | poll=0.1s | window=10.0s -> qos_features.csv
>> menghitung SEMUA flow TCP yang lewat (Ctrl-C untuk berhenti)
>> XDP terpasang di eth0: prog id=683
>> membaca 1 map bernama 'flows': id [190]
>> entri awal di map: 0  (0 = belum ada trafik TCP yang tertangkap)
  w0      0.000 Mbps (std  0.000)  jit   0.000 ms  reord  0.00%  rtt    0.00 ms        0 pkt  0 flow
  w1      0.000 Mbps (std  0.000)  jit   0.000 ms  reord  0.00%  rtt    0.00 ms        0 pkt  0 flow
  w2      0.000 Mbps (std  0.000)  jit   0.000 ms  reord  0.00%  rtt    0.00 ms        0 pkt  0 flow
  w3      0.000 Mbps (std  0.000)  jit   0.000 ms  reord  0.00%  rtt    0.00 ms        0 pkt  0 flow
  w4      0.182 Mbps (std  0.414)  jit   2.939 ms  reord  0.44%  rtt  107.22 ms      226 pkt  4 flow
  w5      1.057 Mbps (std  0.139)  jit  43.228 ms  reord  0.38%  rtt  140.58 ms    1,305 pkt  6 flow
  w6      2.151 Mbps (std  7.493)  jit  37.792 ms  reord  0.78%  rtt  123.37 ms    2,430 pkt  5 flow
  w7      0.476 Mbps (std  0.625)  jit  27.038 ms  reord  0.00%  rtt   94.87 ms      490 pkt  2 flow
  w8      0.299 Mbps (std  0.540)  jit  21.521 ms  reord  0.00%  rtt  103.26 ms      308 pkt  2 flow
  w9      0.786 Mbps (std  0.626)  jit  27.371 ms  reord  0.00%  rtt  111.07 ms      808 pkt  2 flow
  w10     1.214 Mbps (std  0.273)  jit  29.254 ms  reord  0.00%  rtt  129.40 ms    1,322 pkt  4 flow
  w11     1.129 Mbps (std  0.415)  jit  17.255 ms  reord  0.00%  rtt  118.36 ms    1,166 pkt  2 flow
  w12     0.570 Mbps (std  1.123)  jit  10.431 ms  reord  0.17%  rtt   57.70 ms      593 pkt  2 flow
  w13     2.858 Mbps (std  0.330)  jit  10.962 ms  reord  0.10%  rtt   66.85 ms    3,133 pkt  6 flow
  w14     2.470 Mbps (std  5.824)  jit  10.196 ms  reord  1.60%  rtt   58.13 ms    2,746 pkt  4 flow
  w15     1.406 Mbps (std  0.269)  jit  15.995 ms  reord  0.00%  rtt  101.84 ms    1,464 pkt  4 flow
  w16     0.867 Mbps (std  0.716)  jit  18.875 ms  reord  0.00%  rtt  100.56 ms      908 pkt  4 flow
  w17     1.403 Mbps (std  0.179)  jit  35.467 ms  reord  0.00%  rtt  122.88 ms    1,600 pkt  4 flow
  w18     1.405 Mbps (std  0.252)  jit  15.186 ms  reord  0.00%  rtt  100.74 ms    1,462 pkt  2 flow
  w19     0.844 Mbps (std  1.864)  jit  10.105 ms  reord  0.92%  rtt   97.86 ms      874 pkt  2 flow
  w20     0.453 Mbps (std  0.228)  jit  51.136 ms  reord 14.87%  rtt   96.10 ms      659 pkt  2 flow
  w21     0.465 Mbps (std  0.217)  jit  43.212 ms  reord 13.50%  rtt   96.56 ms      652 pkt  2 flow
  w22     2.770 Mbps (std  2.316)  jit  21.404 ms  reord  1.45%  rtt   68.22 ms    3,305 pkt  2 flow
  w23     5.044 Mbps (std  0.316)  jit   1.694 ms  reord  0.33%  rtt   44.44 ms    6,404 pkt  2 flow
  w24     5.034 Mbps (std  0.386)  jit   3.356 ms  reord  0.31%  rtt   46.47 ms    6,217 pkt  4 flow
  w25     5.035 Mbps (std  0.334)  jit   3.378 ms  reord  0.29%  rtt   46.71 ms    6,286 pkt  4 flow
  w26     2.820 Mbps (std  2.509)  jit   2.023 ms  reord  0.23%  rtt   43.77 ms    3,485 pkt  2 flow
  w27     4.792 Mbps (std  8.293)  jit   7.388 ms  reord  2.17%  rtt   49.34 ms    6,175 pkt  5 flow
  w28     4.806 Mbps (std  2.306)  jit   8.768 ms  reord  0.56%  rtt   50.42 ms    5,334 pkt  5 flow
  w29     6.103 Mbps (std  0.326)  jit   1.916 ms  reord  0.32%  rtt   39.56 ms    8,510 pkt  4 flow
  w30     5.536 Mbps (std  1.812)  jit   1.566 ms  reord  0.34%  rtt   36.32 ms    8,048 pkt  4 flow
  w31     5.371 Mbps (std  5.662)  jit   8.413 ms  reord  1.62%  rtt   43.99 ms    6,168 pkt  4 flow
  w32     3.138 Mbps (std  0.202)  jit  12.425 ms  reord  1.63%  rtt   85.62 ms    3,986 pkt  5 flow
  w33     2.370 Mbps (std  1.358)  jit   9.860 ms  reord  0.49%  rtt   74.75 ms    2,859 pkt  2 flow
  w34     0.001 Mbps (std  0.008)  jit   7.165 ms  reord  0.00%  rtt   23.83 ms        6 pkt  2 flow
  w35     0.000 Mbps (std  0.000)  jit   0.000 ms  reord  0.00%  rtt    0.00 ms        0 pkt  0 flow
  w36  (parsial, 14 cuplikan) 0.000 Mbps
>> selesai: 37 window -> qos_features.csv
>>          cuplikan mentah -> qos_samples.csv (untuk align_qos.py)
