>> run_id=CONT_s11_dynamic_ElephantsDream | map=flows | poll=0.1s | window=10.0s -> qos_features.csv
>> menghitung SEMUA flow TCP yang lewat (Ctrl-C untuk berhenti)
>> XDP terpasang di eth0: prog id=65
>> membaca 1 map bernama 'flows': id [14]
>> entri awal di map: 0  (0 = belum ada trafik TCP yang tertangkap)
  w0      0.000 Mbps (std  0.000)  jit   0.000 ms  reord  0.00%  rtt    0.00 ms        0 pkt  0 flow
  w1      0.000 Mbps (std  0.000)  jit   0.000 ms  reord  0.00%  rtt    0.00 ms        0 pkt  0 flow
  w2      0.000 Mbps (std  0.000)  jit   0.000 ms  reord  0.00%  rtt    0.00 ms        0 pkt  0 flow
  w3      0.000 Mbps (std  0.000)  jit   0.000 ms  reord  0.00%  rtt    0.00 ms        0 pkt  0 flow
  w4      0.106 Mbps (std  0.290)  jit   3.382 ms  reord  0.00%  rtt  140.92 ms      142 pkt  4 flow
  w5      0.665 Mbps (std  0.146)  jit  33.207 ms  reord  0.74%  rtt  136.34 ms      816 pkt  5 flow
  w6      0.667 Mbps (std  0.103)  jit  24.533 ms  reord  0.00%  rtt  103.55 ms      845 pkt  2 flow
  w7      0.920 Mbps (std  3.223)  jit  21.903 ms  reord  0.37%  rtt  102.83 ms    1,071 pkt  2 flow
  w8      0.420 Mbps (std  0.478)  jit  30.775 ms  reord  0.00%  rtt  121.16 ms      437 pkt  2 flow
  w9      0.853 Mbps (std  0.254)  jit  27.283 ms  reord  0.00%  rtt  136.89 ms      889 pkt  2 flow
  w10     0.857 Mbps (std  0.295)  jit  21.798 ms  reord  0.00%  rtt  131.98 ms      877 pkt  2 flow
  w11     1.870 Mbps (std  9.719)  jit  39.151 ms  reord  1.17%  rtt  144.61 ms    1,959 pkt  4 flow
  w12     0.612 Mbps (std  0.525)  jit  21.826 ms  reord  0.00%  rtt  131.49 ms      642 pkt  2 flow
  w13     0.953 Mbps (std  0.241)  jit  30.665 ms  reord  0.00%  rtt  147.54 ms    1,032 pkt  4 flow
  w14     2.115 Mbps (std 11.808)  jit  48.467 ms  reord  0.94%  rtt  157.03 ms    2,332 pkt  5 flow
  w15     0.896 Mbps (std  0.144)  jit  37.973 ms  reord  0.00%  rtt  115.67 ms    1,043 pkt  4 flow
  w16     0.891 Mbps (std  0.176)  jit  19.862 ms  reord  0.00%  rtt   78.51 ms    1,015 pkt  2 flow
  w17     0.577 Mbps (std  2.921)  jit  31.996 ms  reord  2.61%  rtt  138.24 ms      652 pkt  2 flow
  w18     0.355 Mbps (std  0.229)  jit  57.318 ms  reord  5.45%  rtt  224.48 ms      459 pkt  4 flow
  w19     0.410 Mbps (std  0.156)  jit  82.424 ms  reord  3.87%  rtt  273.01 ms      568 pkt  5 flow
  w20     0.403 Mbps (std  0.180)  jit  75.391 ms  reord  9.57%  rtt  298.57 ms      575 pkt  5 flow
  w21     0.430 Mbps (std  0.142)  jit 106.172 ms  reord  0.00%  rtt  309.37 ms      525 pkt  5 flow
  w22     0.279 Mbps (std  0.285)  jit  45.223 ms  reord  0.00%  rtt  158.01 ms      316 pkt  2 flow
  w23     0.168 Mbps (std  0.299)  jit  36.172 ms  reord  0.00%  rtt  159.30 ms      191 pkt  3 flow
  w24     0.232 Mbps (std  0.293)  jit  76.117 ms  reord  0.74%  rtt  210.85 ms      269 pkt  3 flow
  w25     0.560 Mbps (std  2.859)  jit   0.852 ms  reord  0.00%  rtt    0.62 ms      593 pkt  2 flow
  w26     0.209 Mbps (std  1.466)  jit   0.925 ms  reord  0.00%  rtt    0.87 ms      220 pkt  2 flow
  w27     0.481 Mbps (std  2.751)  jit   0.665 ms  reord  0.00%  rtt    0.75 ms      509 pkt  2 flow
  w28     1.802 Mbps (std  3.515)  jit  13.659 ms  reord  0.00%  rtt   84.31 ms    1,867 pkt  4 flow
  w29     1.824 Mbps (std  3.315)  jit  15.269 ms  reord  0.00%  rtt   87.06 ms    1,882 pkt  4 flow
  w30     0.296 Mbps (std  1.187)  jit  24.178 ms  reord  0.00%  rtt   99.43 ms      310 pkt  2 flow
  w31     1.094 Mbps (std  0.242)  jit  21.849 ms  reord  0.00%  rtt  109.28 ms    1,140 pkt  2 flow
  w32     1.092 Mbps (std  0.186)  jit  26.422 ms  reord  0.00%  rtt  129.20 ms    1,172 pkt  4 flow
  w33     0.637 Mbps (std  0.328)  jit  36.692 ms  reord  5.04%  rtt  150.78 ms      834 pkt  4 flow
  w34     0.195 Mbps (std  0.311)  jit  18.383 ms  reord  3.49%  rtt  111.91 ms      258 pkt  4 flow
  w35     0.000 Mbps (std  0.000)  jit   0.000 ms  reord  0.00%  rtt    0.00 ms        0 pkt  0 flow
  w36  (parsial, 19 cuplikan) 0.000 Mbps
>> selesai: 37 window -> qos_features.csv
>>          cuplikan mentah -> qos_samples.csv (untuk align_qos.py)
