>> run_id=CONT_s9_throughput_Valkaama | map=flows | poll=0.1s | window=10.0s -> qos_features.csv
>> menghitung SEMUA flow TCP yang lewat (Ctrl-C untuk berhenti)
>> XDP terpasang di eth0: prog id=999
>> membaca 1 map bernama 'flows': id [280]
>> entri awal di map: 0  (0 = belum ada trafik TCP yang tertangkap)
  w0      0.000 Mbps (std  0.000)  jit   0.000 ms  reord  0.00%  rtt    0.00 ms        0 pkt  0 flow
  w1      0.000 Mbps (std  0.000)  jit   0.000 ms  reord  0.00%  rtt    0.00 ms        0 pkt  0 flow
  w2      0.000 Mbps (std  0.000)  jit   0.000 ms  reord  0.00%  rtt    0.00 ms        0 pkt  0 flow
  w3      0.000 Mbps (std  0.000)  jit   0.000 ms  reord  0.00%  rtt    0.00 ms        0 pkt  0 flow
  w4      0.165 Mbps (std  0.410)  jit   2.626 ms  reord  0.00%  rtt  111.02 ms      207 pkt  4 flow
  w5      1.059 Mbps (std  0.153)  jit  43.364 ms  reord  0.31%  rtt  139.72 ms    1,311 pkt  6 flow
  w6      2.186 Mbps (std  8.405)  jit  39.382 ms  reord  0.52%  rtt  125.13 ms    2,511 pkt  5 flow
  w7      0.392 Mbps (std  0.596)  jit  18.008 ms  reord  0.00%  rtt   78.50 ms      437 pkt  4 flow
  w8      0.438 Mbps (std  0.608)  jit  28.007 ms  reord  0.00%  rtt   99.39 ms      448 pkt  2 flow
  w9      0.591 Mbps (std  0.643)  jit  24.429 ms  reord  0.00%  rtt  103.96 ms      606 pkt  2 flow
  w10     1.213 Mbps (std  0.202)  jit  29.648 ms  reord  0.00%  rtt  129.26 ms    1,294 pkt  4 flow
  w11     1.725 Mbps (std  3.887)  jit  14.933 ms  reord  0.56%  rtt   94.54 ms    1,776 pkt  2 flow
  w12     0.824 Mbps (std  1.310)  jit   6.694 ms  reord  0.12%  rtt   67.08 ms      837 pkt  2 flow
  w13     1.694 Mbps (std  1.414)  jit  11.444 ms  reord  0.00%  rtt   65.78 ms    1,738 pkt  4 flow
  w14     2.929 Mbps (std  6.378)  jit  10.355 ms  reord  0.78%  rtt   61.40 ms    3,059 pkt  4 flow
  w15     1.405 Mbps (std  0.064)  jit  12.645 ms  reord  0.00%  rtt   50.06 ms    1,594 pkt  2 flow
  w16     1.411 Mbps (std  0.073)  jit  12.593 ms  reord  0.00%  rtt   49.52 ms    1,610 pkt  4 flow
  w17     1.408 Mbps (std  0.141)  jit  34.697 ms  reord  0.00%  rtt   99.49 ms    1,678 pkt  4 flow
  w18     1.410 Mbps (std  0.062)  jit  12.951 ms  reord  0.00%  rtt   49.59 ms    1,607 pkt  2 flow
  w19     0.674 Mbps (std  0.623)  jit  25.071 ms  reord  6.02%  rtt   84.94 ms      798 pkt  2 flow
  w20     0.438 Mbps (std  0.172)  jit  46.898 ms  reord 16.59%  rtt   95.84 ms      639 pkt  2 flow
  w21     0.580 Mbps (std  0.268)  jit  37.624 ms  reord 13.97%  rtt   97.22 ms      809 pkt  2 flow
  w22     0.867 Mbps (std  1.729)  jit  25.874 ms  reord  4.36%  rtt   77.90 ms      986 pkt  2 flow
  w23     0.473 Mbps (std  1.429)  jit   7.067 ms  reord  0.00%  rtt   36.37 ms      525 pkt  2 flow
  w24     0.718 Mbps (std  1.612)  jit   5.297 ms  reord  2.80%  rtt   38.58 ms      927 pkt  2 flow
  w25     0.869 Mbps (std  1.734)  jit   8.096 ms  reord  0.00%  rtt   46.77 ms    1,003 pkt  4 flow
  w26     3.781 Mbps (std  2.206)  jit   2.550 ms  reord  0.25%  rtt   44.50 ms    4,823 pkt  2 flow
  w27     6.476 Mbps (std  8.019)  jit   7.041 ms  reord  0.68%  rtt   54.39 ms    7,316 pkt  5 flow
  w28     4.479 Mbps (std  2.364)  jit   8.713 ms  reord  0.70%  rtt   50.34 ms    5,464 pkt  4 flow
  w29     4.086 Mbps (std  2.742)  jit   4.326 ms  reord  0.54%  rtt   34.49 ms    4,781 pkt  4 flow
  w30     6.060 Mbps (std  0.287)  jit   1.179 ms  reord  0.13%  rtt   34.63 ms    7,667 pkt  2 flow
  w31     5.784 Mbps (std  5.306)  jit   5.252 ms  reord  0.40%  rtt   46.62 ms    7,468 pkt  4 flow
  w32     1.946 Mbps (std  1.389)  jit  16.890 ms  reord  2.78%  rtt   67.89 ms    2,516 pkt  4 flow
  w33     0.719 Mbps (std  1.319)  jit  10.411 ms  reord  0.57%  rtt   68.90 ms      883 pkt  2 flow
  w34     0.000 Mbps (std  0.001)  jit  14.662 ms  reord  0.00%  rtt   10.53 ms        3 pkt  2 flow
  w35     0.000 Mbps (std  0.000)  jit   0.000 ms  reord  0.00%  rtt    0.00 ms        0 pkt  0 flow
  w36  (parsial, 18 cuplikan) 0.000 Mbps
>> selesai: 37 window -> qos_features.csv
>>          cuplikan mentah -> qos_samples.csv (untuk align_qos.py)
