>> run_id=CONT_s5_throughput_BigBuckBunny | map=flows | poll=0.1s | window=10.0s -> qos_features.csv
>> menghitung SEMUA flow TCP yang lewat (Ctrl-C untuk berhenti)
>> XDP terpasang di eth0: prog id=2625
>> membaca 1 map bernama 'flows': id [744]
>> entri awal di map: 0  (0 = belum ada trafik TCP yang tertangkap)
  w0      0.000 Mbps (std  0.000)  jit   0.000 ms  reord  0.00%  rtt    0.00 ms        0 pkt  0 flow
  w1      0.000 Mbps (std  0.000)  jit   0.000 ms  reord  0.00%  rtt    0.00 ms        0 pkt  0 flow
  w2      0.000 Mbps (std  0.000)  jit   0.000 ms  reord  0.00%  rtt    0.00 ms        0 pkt  0 flow
  w3      0.000 Mbps (std  0.000)  jit   0.000 ms  reord  0.00%  rtt    0.00 ms        0 pkt  0 flow
  w4      0.341 Mbps (std  0.810)  jit   1.422 ms  reord  1.21%  rtt   68.95 ms      413 pkt  5 flow
  w5      2.193 Mbps (std  0.229)  jit  12.223 ms  reord  0.13%  rtt   84.48 ms    2,313 pkt  6 flow
  w6      1.984 Mbps (std  5.153)  jit  11.793 ms  reord  0.98%  rtt   93.18 ms    2,047 pkt  2 flow
  w7      1.266 Mbps (std  0.460)  jit  15.268 ms  reord  1.33%  rtt  105.62 ms    1,502 pkt  2 flow
  w8      1.206 Mbps (std  0.549)  jit  15.738 ms  reord  2.15%  rtt   93.80 ms    1,398 pkt  2 flow
  w9      0.808 Mbps (std  0.312)  jit  28.283 ms  reord 12.37%  rtt   93.52 ms    1,148 pkt  5 flow
  w10     0.588 Mbps (std  0.227)  jit  24.420 ms  reord 15.54%  rtt   47.60 ms      888 pkt  4 flow
  w11     0.699 Mbps (std  0.129)  jit  34.748 ms  reord 15.11%  rtt  105.47 ms    1,046 pkt  5 flow
  w12     0.695 Mbps (std  0.087)  jit  26.794 ms  reord 17.09%  rtt   83.87 ms    1,065 pkt  6 flow
  w13     0.615 Mbps (std  0.210)  jit  26.328 ms  reord 16.21%  rtt   64.64 ms      950 pkt  6 flow
  w14     0.274 Mbps (std  0.301)  jit  39.071 ms  reord 12.37%  rtt  107.42 ms      396 pkt  2 flow
  w15     0.301 Mbps (std  0.264)  jit  64.947 ms  reord  0.28%  rtt  243.39 ms      355 pkt  4 flow
  w16     0.369 Mbps (std  0.111)  jit 123.756 ms  reord  0.00%  rtt  346.88 ms      463 pkt  5 flow
  w17     0.367 Mbps (std  0.123)  jit 116.262 ms  reord  0.00%  rtt  336.63 ms      449 pkt  4 flow
  w18     0.423 Mbps (std  2.614)  jit  76.991 ms  reord  2.31%  rtt  466.02 ms      476 pkt  4 flow
  w19     0.189 Mbps (std  0.146)  jit 151.083 ms  reord  0.42%  rtt  671.16 ms      238 pkt  4 flow
  w20     0.175 Mbps (std  0.155)  jit  96.095 ms  reord  0.00%  rtt  364.62 ms      240 pkt  5 flow
  w21     0.194 Mbps (std  0.306)  jit  37.856 ms  reord  0.00%  rtt  197.22 ms      214 pkt  2 flow
  w22     0.421 Mbps (std  0.298)  jit  50.797 ms  reord  0.00%  rtt  214.03 ms      455 pkt  2 flow
  w23     1.351 Mbps (std  9.163)  jit  49.530 ms  reord  0.27%  rtt  263.06 ms    1,473 pkt  4 flow
  w24     0.939 Mbps (std  0.328)  jit  43.545 ms  reord  0.09%  rtt  142.99 ms    1,055 pkt  6 flow
  w25     0.979 Mbps (std  0.147)  jit  59.223 ms  reord  0.00%  rtt  144.61 ms    1,194 pkt  6 flow
  w26     0.973 Mbps (std  0.150)  jit  36.188 ms  reord  0.00%  rtt   96.06 ms    1,147 pkt  6 flow
  w27     0.965 Mbps (std  0.732)  jit  17.381 ms  reord  0.00%  rtt   82.65 ms    1,083 pkt  4 flow
  w28     2.375 Mbps (std  0.247)  jit  22.077 ms  reord  0.00%  rtt   81.85 ms    2,670 pkt  6 flow
  w29     2.368 Mbps (std  0.216)  jit   9.553 ms  reord  0.00%  rtt   52.79 ms    2,498 pkt  4 flow
  w30     1.911 Mbps (std  0.942)  jit  12.242 ms  reord  0.00%  rtt   57.13 ms    2,027 pkt  4 flow
  w31     3.527 Mbps (std  7.679)  jit  11.841 ms  reord  0.40%  rtt   83.42 ms    3,777 pkt  4 flow
  w32     4.214 Mbps (std 14.052)  jit   8.480 ms  reord  0.00%  rtt  161.56 ms    4,517 pkt  4 flow
  w33     2.201 Mbps (std  4.775)  jit  36.457 ms  reord  0.00%  rtt   82.52 ms    2,352 pkt  4 flow
  w34     0.309 Mbps (std  1.220)  jit   2.758 ms  reord  0.00%  rtt  103.20 ms      334 pkt  2 flow
  w35  (parsial, 96 cuplikan) 0.000 Mbps
>> selesai: 36 window -> qos_features.csv
>>          cuplikan mentah -> qos_samples.csv (untuk align_qos.py)
