>> run_id=CONT_s4_bola_BigBuckBunny | map=flows | poll=0.1s | window=10.0s -> qos_features.csv
>> menghitung SEMUA flow TCP yang lewat (Ctrl-C untuk berhenti)
>> XDP terpasang di eth0: prog id=1538
>> membaca 1 map bernama 'flows': id [434]
>> entri awal di map: 0  (0 = belum ada trafik TCP yang tertangkap)
  w0      0.000 Mbps (std  0.000)  jit   0.000 ms  reord  0.00%  rtt    0.00 ms        0 pkt  0 flow
  w1      0.000 Mbps (std  0.000)  jit   0.000 ms  reord  0.00%  rtt    0.00 ms        0 pkt  0 flow
  w2      0.000 Mbps (std  0.000)  jit   0.000 ms  reord  0.00%  rtt    0.00 ms        0 pkt  0 flow
  w3      0.000 Mbps (std  0.000)  jit   0.000 ms  reord  0.00%  rtt    0.00 ms        0 pkt  0 flow
  w4      0.011 Mbps (std  0.054)  jit   1.697 ms  reord 10.26%  rtt  124.30 ms       39 pkt  2 flow
  w5      0.243 Mbps (std  0.199)  jit  46.377 ms  reord  1.86%  rtt  269.13 ms      323 pkt  6 flow
  w6      0.253 Mbps (std  0.057)  jit  64.753 ms  reord  0.00%  rtt  251.18 ms      320 pkt  2 flow
  w7      0.250 Mbps (std  0.052)  jit  65.614 ms  reord  0.00%  rtt  258.41 ms      318 pkt  2 flow
  w8      0.237 Mbps (std  0.198)  jit  58.698 ms  reord  1.30%  rtt  250.90 ms      308 pkt  2 flow
  w9      0.383 Mbps (std  0.352)  jit  68.844 ms  reord  0.25%  rtt  931.74 ms      402 pkt  2 flow
  w10     0.466 Mbps (std  0.209)  jit  41.661 ms  reord  0.00%  rtt  199.67 ms      500 pkt  2 flow
  w11     0.465 Mbps (std  0.268)  jit  63.279 ms  reord  0.00%  rtt  218.84 ms      497 pkt  4 flow
  w12     0.437 Mbps (std  0.330)  jit  35.185 ms  reord  1.24%  rtt  211.93 ms      484 pkt  2 flow
  w13     0.604 Mbps (std  0.190)  jit  52.844 ms  reord  0.00%  rtt  213.08 ms      696 pkt  4 flow
  w14     0.608 Mbps (std  0.163)  jit  71.533 ms  reord  0.00%  rtt  217.91 ms      735 pkt  5 flow
  w15     0.603 Mbps (std  0.145)  jit  79.086 ms  reord  0.00%  rtt  230.77 ms      723 pkt  4 flow
  w16     1.278 Mbps (std  8.652)  jit  36.526 ms  reord  0.74%  rtt  157.49 ms    1,359 pkt  2 flow
  w17     0.536 Mbps (std  3.756)  jit   0.131 ms  reord  0.00%  rtt    0.41 ms      547 pkt  2 flow
  w18     0.777 Mbps (std  4.436)  jit   0.215 ms  reord  0.00%  rtt    0.63 ms      817 pkt  2 flow
  w19     1.969 Mbps (std  4.850)  jit   9.710 ms  reord  0.00%  rtt   96.54 ms    2,059 pkt  4 flow
  w20     2.408 Mbps (std  4.714)  jit  14.144 ms  reord  0.00%  rtt   92.03 ms    2,491 pkt  4 flow
  w21     1.384 Mbps (std  3.840)  jit  24.099 ms  reord  0.07%  rtt  127.04 ms    1,419 pkt  3 flow
  w22     0.336 Mbps (std  0.255)  jit  53.019 ms  reord  0.00%  rtt  320.84 ms      355 pkt  2 flow
  w23     0.266 Mbps (std  0.304)  jit  34.076 ms  reord  0.00%  rtt  273.62 ms      283 pkt  2 flow
  w24     0.340 Mbps (std  0.289)  jit  40.024 ms  reord  0.00%  rtt  277.35 ms      364 pkt  2 flow
  w25     0.337 Mbps (std  0.292)  jit  33.207 ms  reord  0.00%  rtt  299.99 ms      355 pkt  2 flow
  w26     0.282 Mbps (std  0.858)  jit  31.661 ms  reord  3.34%  rtt  141.12 ms      299 pkt  2 flow
  w27     0.528 Mbps (std  0.434)  jit  51.557 ms  reord  0.00%  rtt  154.80 ms      593 pkt  4 flow
  w28     1.187 Mbps (std  3.574)  jit  47.008 ms  reord  0.45%  rtt  125.33 ms    1,342 pkt  4 flow
  w29     1.262 Mbps (std  0.730)  jit  24.469 ms  reord  0.74%  rtt   94.53 ms    1,359 pkt  4 flow
  w30     1.640 Mbps (std  0.183)  jit  31.394 ms  reord  0.95%  rtt   98.09 ms    1,891 pkt  4 flow
  w31     2.447 Mbps (std 11.117)  jit  30.499 ms  reord  3.87%  rtt  104.63 ms    2,789 pkt  5 flow
  w32     1.129 Mbps (std  0.094)  jit  43.315 ms  reord  0.00%  rtt  124.94 ms    1,373 pkt  5 flow
  w33     1.128 Mbps (std  0.101)  jit  43.525 ms  reord  0.00%  rtt  124.66 ms    1,369 pkt  5 flow
  w34     0.086 Mbps (std  0.293)  jit  11.848 ms  reord  0.00%  rtt   77.79 ms      113 pkt  4 flow
  w35     0.000 Mbps (std  0.000)  jit   0.000 ms  reord  0.00%  rtt    0.00 ms        0 pkt  0 flow
  w36  (parsial, 16 cuplikan) 0.000 Mbps
>> selesai: 37 window -> qos_features.csv
>>          cuplikan mentah -> qos_samples.csv (untuk align_qos.py)
