>> run_id=CONT_s7_bola_Valkaama | map=flows | poll=0.1s | window=10.0s -> qos_features.csv
>> menghitung SEMUA flow TCP yang lewat (Ctrl-C untuk berhenti)
>> XDP terpasang di eth0: prog id=746
>> membaca 1 map bernama 'flows': id [208]
>> entri awal di map: 0  (0 = belum ada trafik TCP yang tertangkap)
  w0      0.000 Mbps (std  0.000)  jit   0.000 ms  reord  0.00%  rtt    0.00 ms        0 pkt  0 flow
  w1      0.000 Mbps (std  0.000)  jit   0.000 ms  reord  0.00%  rtt    0.00 ms        0 pkt  0 flow
  w2      0.000 Mbps (std  0.000)  jit   0.000 ms  reord  0.00%  rtt    0.00 ms        0 pkt  0 flow
  w3      0.000 Mbps (std  0.000)  jit   0.000 ms  reord  0.00%  rtt    0.00 ms        0 pkt  0 flow
  w4      0.011 Mbps (std  0.053)  jit   2.108 ms  reord  0.00%  rtt  168.81 ms       33 pkt  2 flow
  w5     24.771 Mbps (std 80.796)  jit  14.214 ms  reord  0.05%  rtt  165.24 ms   25,963 pkt  4 flow
  w6      7.046 Mbps (std 35.356)  jit   0.074 ms  reord  0.00%  rtt    0.42 ms    7,355 pkt  2 flow
  w7      6.268 Mbps (std 27.207)  jit   4.920 ms  reord  0.00%  rtt  119.59 ms    6,489 pkt  4 flow
  w8      8.539 Mbps (std 30.676)  jit   8.884 ms  reord  0.00%  rtt  158.68 ms    8,874 pkt  4 flow
  w9      1.208 Mbps (std  1.884)  jit  42.798 ms  reord  7.95%  rtt  310.77 ms    1,610 pkt  5 flow
  w10     0.979 Mbps (std  0.446)  jit  57.913 ms  reord  4.67%  rtt  304.05 ms    1,305 pkt  4 flow
  w11     0.915 Mbps (std  0.518)  jit  48.317 ms  reord  2.28%  rtt  303.20 ms    1,226 pkt  4 flow
  w12     1.180 Mbps (std  0.094)  jit  15.105 ms  reord  0.31%  rtt  346.38 ms    1,595 pkt  4 flow
  w13     1.110 Mbps (std  0.279)  jit  25.767 ms  reord  3.39%  rtt  337.53 ms    1,536 pkt  5 flow
  w14     0.160 Mbps (std  0.382)  jit  39.458 ms  reord 18.61%  rtt  138.08 ms      231 pkt  3 flow
  w15     0.692 Mbps (std  0.568)  jit  41.191 ms  reord 19.03%  rtt   45.38 ms    1,051 pkt  2 flow
  w16     1.247 Mbps (std  1.198)  jit  21.488 ms  reord 13.38%  rtt   48.49 ms    1,689 pkt  4 flow
  w17     2.458 Mbps (std  1.295)  jit  15.193 ms  reord  1.32%  rtt   44.17 ms    2,868 pkt  6 flow
  w18     3.312 Mbps (std  0.167)  jit  15.975 ms  reord  0.00%  rtt   56.35 ms    3,691 pkt  4 flow
  w19     1.717 Mbps (std  1.647)  jit   7.216 ms  reord  0.00%  rtt   36.94 ms    1,800 pkt  4 flow
  w20     1.190 Mbps (std  1.367)  jit  12.369 ms  reord  1.60%  rtt   67.29 ms    1,247 pkt  2 flow
  w21     1.738 Mbps (std  1.292)  jit  11.314 ms  reord  0.11%  rtt   77.76 ms    1,784 pkt  2 flow
  w22     2.660 Mbps (std  0.341)  jit  15.153 ms  reord  0.04%  rtt   84.29 ms    2,856 pkt  6 flow
  w23     3.193 Mbps (std  9.090)  jit  12.992 ms  reord  0.61%  rtt   73.06 ms    3,433 pkt  4 flow
  w24     1.201 Mbps (std  1.332)  jit  11.595 ms  reord  0.00%  rtt   75.23 ms    1,213 pkt  2 flow
  w25     2.444 Mbps (std  7.663)  jit  11.276 ms  reord  2.20%  rtt   70.25 ms    2,587 pkt  2 flow
  w26     1.952 Mbps (std  0.537)  jit  16.320 ms  reord 15.16%  rtt  107.59 ms    2,948 pkt  4 flow
  w27     0.807 Mbps (std  0.760)  jit  29.547 ms  reord 17.93%  rtt   57.70 ms    1,188 pkt  5 flow
  w28     1.129 Mbps (std  0.526)  jit  19.265 ms  reord 15.03%  rtt   51.72 ms    1,643 pkt  4 flow
  w29     1.583 Mbps (std  0.783)  jit  14.003 ms  reord 15.09%  rtt   91.50 ms    2,353 pkt  4 flow
  w30     0.403 Mbps (std  0.909)  jit  15.453 ms  reord  4.79%  rtt   21.62 ms      501 pkt  2 flow
  w31     2.195 Mbps (std  1.416)  jit  10.390 ms  reord  3.34%  rtt   34.23 ms    2,547 pkt  2 flow
  w32     1.484 Mbps (std  1.425)  jit  13.480 ms  reord  4.98%  rtt   34.48 ms    1,829 pkt  2 flow
  w33     2.962 Mbps (std  0.893)  jit   6.275 ms  reord  2.85%  rtt   34.80 ms    3,476 pkt  2 flow
  w34     0.000 Mbps (std  0.000)  jit   0.000 ms  reord  0.00%  rtt    0.00 ms        0 pkt  0 flow
  w35  (parsial, 90 cuplikan) 0.000 Mbps
>> selesai: 36 window -> qos_features.csv
>>          cuplikan mentah -> qos_samples.csv (untuk align_qos.py)
