>> run_id=CONT_s7_dynamic_Valkaama | map=flows | poll=0.1s | window=10.0s -> qos_features.csv
>> menghitung SEMUA flow TCP yang lewat (Ctrl-C untuk berhenti)
>> XDP terpasang di eth0: prog id=2119
>> membaca 1 map bernama 'flows': id [600]
>> entri awal di map: 0  (0 = belum ada trafik TCP yang tertangkap)
  w0      0.000 Mbps (std  0.000)  jit   0.000 ms  reord  0.00%  rtt    0.00 ms        0 pkt  0 flow
  w1      0.000 Mbps (std  0.000)  jit   0.000 ms  reord  0.00%  rtt    0.00 ms        0 pkt  0 flow
  w2      0.000 Mbps (std  0.000)  jit   0.000 ms  reord  0.00%  rtt    0.00 ms        0 pkt  0 flow
  w3      0.000 Mbps (std  0.000)  jit   0.000 ms  reord  0.00%  rtt    0.00 ms        0 pkt  0 flow
  w4      0.011 Mbps (std  0.053)  jit   1.687 ms  reord  0.00%  rtt  120.75 ms       34 pkt  3 flow
  w5      1.351 Mbps (std  8.681)  jit  20.104 ms  reord  1.02%  rtt  338.27 ms    1,469 pkt  4 flow
  w6      0.801 Mbps (std  4.557)  jit   0.600 ms  reord  0.00%  rtt    0.51 ms      831 pkt  2 flow
  w7      2.232 Mbps (std  5.638)  jit  10.084 ms  reord  0.00%  rtt   88.65 ms    2,341 pkt  4 flow
  w8      2.292 Mbps (std  5.569)  jit  14.814 ms  reord  0.00%  rtt   90.34 ms    2,349 pkt  3 flow
  w9      1.205 Mbps (std  1.495)  jit  44.851 ms  reord  5.84%  rtt  291.34 ms    1,542 pkt  4 flow
  w10     1.005 Mbps (std  0.433)  jit  49.156 ms  reord  4.26%  rtt  312.25 ms    1,337 pkt  5 flow
  w11     0.797 Mbps (std  0.588)  jit  54.909 ms  reord  1.15%  rtt  238.18 ms      871 pkt  3 flow
  w12     0.935 Mbps (std  0.642)  jit  17.790 ms  reord  1.85%  rtt  235.84 ms    1,138 pkt  4 flow
  w13     1.124 Mbps (std  0.358)  jit  26.826 ms  reord  4.15%  rtt  325.91 ms    1,591 pkt  4 flow
  w14     0.673 Mbps (std  0.704)  jit  23.343 ms  reord 19.50%  rtt   96.12 ms    1,010 pkt  3 flow
  w15     0.749 Mbps (std  0.603)  jit  20.505 ms  reord 19.39%  rtt   46.27 ms    1,145 pkt  2 flow
  w16     1.574 Mbps (std  0.993)  jit  15.222 ms  reord 15.33%  rtt   47.83 ms    2,238 pkt  4 flow
  w17     3.304 Mbps (std  0.432)  jit  17.774 ms  reord  0.03%  rtt   80.95 ms    3,480 pkt  5 flow
  w18     3.301 Mbps (std  0.395)  jit  20.967 ms  reord  0.00%  rtt   79.60 ms    3,476 pkt  6 flow
  w19     2.195 Mbps (std  1.596)  jit  10.816 ms  reord  0.29%  rtt   65.66 ms    2,392 pkt  6 flow
  w20     1.721 Mbps (std  3.148)  jit   9.758 ms  reord  1.14%  rtt   69.56 ms    1,753 pkt  2 flow
  w21     2.649 Mbps (std  0.408)  jit   7.594 ms  reord  0.15%  rtt   78.50 ms    2,716 pkt  2 flow
  w22     2.660 Mbps (std  0.369)  jit  13.678 ms  reord  0.07%  rtt   83.37 ms    2,833 pkt  5 flow
  w23     3.128 Mbps (std 10.328)  jit  11.278 ms  reord  0.73%  rtt   74.24 ms    3,441 pkt  4 flow
  w24     1.578 Mbps (std  1.347)  jit   8.674 ms  reord  0.06%  rtt   77.16 ms    1,602 pkt  2 flow
  w25     3.274 Mbps (std  4.933)  jit   7.516 ms  reord  1.81%  rtt   72.10 ms    3,475 pkt  2 flow
  w26     1.851 Mbps (std  0.586)  jit  15.609 ms  reord 17.46%  rtt   99.64 ms    2,835 pkt  5 flow
  w27     1.261 Mbps (std  1.069)  jit  12.360 ms  reord 14.58%  rtt  112.31 ms    1,859 pkt  4 flow
  w28     0.710 Mbps (std  1.017)  jit  15.967 ms  reord 20.11%  rtt  100.80 ms    1,099 pkt  2 flow
  w29     1.954 Mbps (std  0.638)  jit  14.289 ms  reord 14.92%  rtt   97.34 ms    2,923 pkt  4 flow
  w30     3.474 Mbps (std  6.293)  jit   7.038 ms  reord  4.80%  rtt   48.54 ms    4,080 pkt  2 flow
  w31     2.250 Mbps (std  1.480)  jit   5.675 ms  reord  2.51%  rtt   35.95 ms    2,670 pkt  2 flow
  w32     1.248 Mbps (std  1.520)  jit  12.272 ms  reord  4.08%  rtt   33.86 ms    1,471 pkt  2 flow
  w33     0.003 Mbps (std  0.016)  jit  21.523 ms  reord  0.00%  rtt   37.07 ms       12 pkt  2 flow
  w34     0.000 Mbps (std  0.001)  jit  15.697 ms  reord  0.00%  rtt   10.53 ms        3 pkt  2 flow
  w35  (parsial, 97 cuplikan) 0.000 Mbps
>> selesai: 36 window -> qos_features.csv
>>          cuplikan mentah -> qos_samples.csv (untuk align_qos.py)
