>> run_id=CONT_s12_dynamic_BigBuckBunny | map=flows | poll=0.1s | window=10.0s -> qos_features.csv
>> menghitung SEMUA flow TCP yang lewat (Ctrl-C untuk berhenti)
>> XDP terpasang di eth0: prog id=22
>> membaca 1 map bernama 'flows': id [2]
>> entri awal di map: 596  (0 = belum ada trafik TCP yang tertangkap)
  w0      0.000 Mbps (std  0.000)  jit   0.000 ms  reord  0.00%  rtt    0.00 ms        0 pkt  0 flow
  w1      0.000 Mbps (std  0.000)  jit   0.000 ms  reord  0.00%  rtt    0.00 ms        0 pkt  0 flow
  w2      0.000 Mbps (std  0.000)  jit   0.000 ms  reord  0.00%  rtt    0.00 ms        0 pkt  0 flow
  w3      0.043 Mbps (std  0.123)  jit   8.939 ms  reord  4.42%  rtt  284.97 ms      113 pkt  3 flow
  w4      0.202 Mbps (std  0.120)  jit 163.550 ms  reord  0.00%  rtt  588.96 ms      391 pkt  4 flow
  w5      0.884 Mbps (std  5.218)  jit 184.845 ms  reord  5.44%  rtt  327.06 ms    1,580 pkt  4 flow
  w6      0.408 Mbps (std  0.048)  jit  74.179 ms  reord 10.38%  rtt  217.03 ms      886 pkt  5 flow
  w7      0.410 Mbps (std  0.060)  jit  64.700 ms  reord  6.98%  rtt  192.37 ms      874 pkt  4 flow
  w8      0.213 Mbps (std  0.308)  jit  59.219 ms  reord  3.12%  rtt  408.61 ms      353 pkt  2 flow
  w9      0.178 Mbps (std  0.158)  jit  62.287 ms  reord  0.00%  rtt  441.54 ms      285 pkt  2 flow
  w10     0.102 Mbps (std  0.201)  jit  68.878 ms  reord  0.00%  rtt  251.93 ms      166 pkt  2 flow
  w11     0.208 Mbps (std  0.189)  jit 130.572 ms  reord  3.71%  rtt  420.47 ms      377 pkt  4 flow
  w12     0.226 Mbps (std  0.172)  jit 100.976 ms  reord  0.00%  rtt  343.80 ms      398 pkt  4 flow
  w13     2.523 Mbps (std 13.786)  jit  24.255 ms  reord  0.23%  rtt  142.03 ms    3,916 pkt  4 flow
  w14     0.780 Mbps (std  2.185)  jit   7.493 ms  reord  0.00%  rtt   90.33 ms    1,207 pkt  4 flow
  w15     0.156 Mbps (std  0.189)  jit  93.376 ms  reord  1.20%  rtt  567.50 ms      250 pkt  2 flow
  w16     0.213 Mbps (std  0.577)  jit  57.439 ms  reord  5.93%  rtt  523.01 ms      371 pkt  4 flow
  w17     0.119 Mbps (std  0.137)  jit  88.454 ms  reord  7.00%  rtt  442.72 ms      257 pkt  2 flow
  w18     0.130 Mbps (std  0.086)  jit  92.198 ms  reord 10.23%  rtt  658.58 ms      303 pkt  4 flow
  w19     0.129 Mbps (std  0.094)  jit 105.530 ms  reord 12.21%  rtt  413.48 ms      303 pkt  2 flow
  w20     0.126 Mbps (std  0.130)  jit  78.574 ms  reord  5.42%  rtt  414.17 ms      240 pkt  2 flow
  w21     0.121 Mbps (std  0.118)  jit  80.803 ms  reord  0.00%  rtt  473.46 ms      210 pkt  2 flow
  w22     0.125 Mbps (std  0.121)  jit  79.464 ms  reord  0.00%  rtt  438.14 ms      217 pkt  2 flow
  w23     0.053 Mbps (std  0.134)  jit  42.329 ms  reord  0.00%  rtt  308.17 ms       91 pkt  2 flow
  w24  (parsial, 56 cuplikan) 0.000 Mbps
>> selesai: 25 window -> qos_features.csv
>>          cuplikan mentah -> qos_samples.csv (untuk align_qos.py)
