>> run_id=CONT_s13_bola_Valkaama | map=flows | poll=0.1s | window=10.0s -> qos_features.csv
>> menghitung SEMUA flow TCP yang lewat (Ctrl-C untuk berhenti)
>> XDP terpasang di eth0: prog id=2161
>> membaca 1 map bernama 'flows': id [612]
>> entri awal di map: 0  (0 = belum ada trafik TCP yang tertangkap)
  w0      0.000 Mbps (std  0.000)  jit   0.000 ms  reord  0.00%  rtt    0.00 ms        0 pkt  0 flow
  w1      0.000 Mbps (std  0.000)  jit   0.000 ms  reord  0.00%  rtt    0.00 ms        0 pkt  0 flow
  w2      0.000 Mbps (std  0.000)  jit   0.000 ms  reord  0.00%  rtt    0.00 ms        0 pkt  0 flow
  w3      0.000 Mbps (std  0.000)  jit   0.000 ms  reord  0.00%  rtt    0.00 ms        0 pkt  0 flow
  w4      0.121 Mbps (std  0.288)  jit   3.715 ms  reord  0.65%  rtt  156.33 ms      153 pkt  4 flow
  w5      0.805 Mbps (std  3.326)  jit  43.850 ms  reord  2.56%  rtt  179.22 ms      939 pkt  5 flow
  w6      0.255 Mbps (std  0.201)  jit  67.223 ms  reord 11.39%  rtt  139.53 ms      360 pkt  2 flow
  w7      0.211 Mbps (std  0.161)  jit  63.581 ms  reord 14.24%  rtt  143.50 ms      309 pkt  2 flow
  w8      0.204 Mbps (std  0.142)  jit  73.073 ms  reord 13.18%  rtt  137.89 ms      311 pkt  4 flow
  w9      0.224 Mbps (std  0.207)  jit 139.398 ms  reord  2.62%  rtt  386.80 ms      305 pkt  4 flow
  w10     0.192 Mbps (std  0.122)  jit 150.096 ms  reord  0.00%  rtt  564.77 ms      250 pkt  4 flow
  w11     1.606 Mbps (std  9.110)  jit 109.277 ms  reord  1.28%  rtt  334.52 ms    1,724 pkt  4 flow
  w12     0.448 Mbps (std  0.155)  jit  40.179 ms  reord  0.00%  rtt  152.62 ms      510 pkt  2 flow
  w13     0.450 Mbps (std  0.223)  jit  36.401 ms  reord  0.20%  rtt  205.84 ms      493 pkt  4 flow
  w14     0.445 Mbps (std  0.210)  jit  39.546 ms  reord  0.00%  rtt  202.82 ms      478 pkt  2 flow
  w15     0.681 Mbps (std  0.335)  jit  43.621 ms  reord  0.88%  rtt  172.58 ms      799 pkt  4 flow
  w16     0.966 Mbps (std  0.129)  jit  48.594 ms  reord  0.00%  rtt  136.51 ms    1,177 pkt  5 flow
  w17     0.963 Mbps (std  0.154)  jit  50.065 ms  reord  0.00%  rtt  163.27 ms    1,149 pkt  4 flow
  w18     0.744 Mbps (std  0.472)  jit  24.984 ms  reord  0.25%  rtt  132.02 ms      802 pkt  4 flow
  w19     0.862 Mbps (std  0.509)  jit  40.789 ms  reord  1.21%  rtt  132.11 ms      994 pkt  4 flow
  w20     1.268 Mbps (std  0.278)  jit  20.168 ms  reord  0.00%  rtt  112.33 ms    1,325 pkt  2 flow
  w21     1.030 Mbps (std  0.554)  jit  17.708 ms  reord  0.00%  rtt  114.64 ms    1,091 pkt  4 flow
  w22     1.272 Mbps (std  0.176)  jit  34.078 ms  reord  0.00%  rtt   94.24 ms    1,547 pkt  4 flow
  w23     1.273 Mbps (std  0.200)  jit  43.047 ms  reord  0.14%  rtt  122.43 ms    1,461 pkt  5 flow
  w24     2.550 Mbps (std 10.269)  jit  25.189 ms  reord  0.95%  rtt  108.75 ms    2,746 pkt  4 flow
  w25     0.390 Mbps (std  1.039)  jit   7.491 ms  reord  0.00%  rtt   53.65 ms      400 pkt  2 flow
  w26     1.642 Mbps (std  1.521)  jit  13.817 ms  reord  1.62%  rtt   45.47 ms    1,856 pkt  4 flow
  w27     1.702 Mbps (std  1.507)  jit  12.868 ms  reord  1.08%  rtt   34.55 ms    1,951 pkt  4 flow
  w28     1.822 Mbps (std  1.518)  jit  15.165 ms  reord  0.70%  rtt   42.43 ms    1,998 pkt  4 flow
  w29     3.508 Mbps (std  5.865)  jit   6.420 ms  reord  0.73%  rtt   72.55 ms    3,713 pkt  2 flow
  w30     2.922 Mbps (std  0.389)  jit  17.596 ms  reord  0.00%  rtt   84.77 ms    3,189 pkt  6 flow
  w31     2.932 Mbps (std  0.320)  jit  17.267 ms  reord  0.00%  rtt   67.61 ms    3,361 pkt  4 flow
  w32     1.086 Mbps (std  1.390)  jit  11.532 ms  reord  0.00%  rtt   61.40 ms    1,123 pkt  4 flow
  w33     2.925 Mbps (std  0.392)  jit   7.128 ms  reord  0.35%  rtt   73.05 ms    3,131 pkt  2 flow
  w34     0.073 Mbps (std  0.441)  jit   3.114 ms  reord  0.00%  rtt   37.99 ms       79 pkt  2 flow
  w35     0.000 Mbps (std  0.000)  jit   0.000 ms  reord  0.00%  rtt    0.00 ms        0 pkt  0 flow
  w36  (parsial, 4 cuplikan) 0.000 Mbps
>> selesai: 37 window -> qos_features.csv
>>          cuplikan mentah -> qos_samples.csv (untuk align_qos.py)
