>> run_id=CONT_s10_dynamic_Valkaama | map=flows | poll=0.1s | window=10.0s -> qos_features.csv
>> menghitung SEMUA flow TCP yang lewat (Ctrl-C untuk berhenti)
>> XDP terpasang di eth0: prog id=2443
>> membaca 1 map bernama 'flows': id [692]
>> entri awal di map: 0  (0 = belum ada trafik TCP yang tertangkap)
  w0      0.000 Mbps (std  0.000)  jit   0.000 ms  reord  0.00%  rtt    0.00 ms        0 pkt  0 flow
  w1      0.000 Mbps (std  0.000)  jit   0.000 ms  reord  0.00%  rtt    0.00 ms        0 pkt  0 flow
  w2      0.000 Mbps (std  0.000)  jit   0.000 ms  reord  0.00%  rtt    0.00 ms        0 pkt  0 flow
  w3      0.000 Mbps (std  0.000)  jit   0.000 ms  reord  0.00%  rtt    0.00 ms        0 pkt  0 flow
  w4      0.099 Mbps (std  0.328)  jit   1.356 ms  reord  0.71%  rtt   63.28 ms      140 pkt  3 flow
  w5      1.013 Mbps (std  0.295)  jit  23.267 ms  reord  0.28%  rtt  137.52 ms    1,076 pkt  4 flow
  w6      0.876 Mbps (std  0.419)  jit  29.222 ms  reord  0.00%  rtt  138.67 ms      957 pkt  4 flow
  w7      0.828 Mbps (std  0.894)  jit  25.614 ms  reord  1.14%  rtt  121.16 ms      876 pkt  4 flow
  w8      1.076 Mbps (std  0.234)  jit  46.171 ms  reord  0.00%  rtt  172.91 ms    1,182 pkt  5 flow
  w9      1.077 Mbps (std  0.161)  jit  44.501 ms  reord  0.00%  rtt  127.63 ms    1,220 pkt  4 flow
  w10     0.627 Mbps (std  0.573)  jit  23.210 ms  reord  0.00%  rtt  111.53 ms      650 pkt  2 flow
  w11     1.659 Mbps (std  7.643)  jit  22.977 ms  reord  1.25%  rtt  137.90 ms    1,762 pkt  2 flow
  w12     0.856 Mbps (std  0.164)  jit  45.340 ms  reord  0.00%  rtt  157.26 ms    1,070 pkt  6 flow
  w13     0.851 Mbps (std  0.150)  jit  40.606 ms  reord  0.00%  rtt  136.00 ms    1,059 pkt  4 flow
  w14     0.842 Mbps (std  0.248)  jit  24.346 ms  reord  0.00%  rtt  146.15 ms      897 pkt  2 flow
  w15     0.578 Mbps (std  0.254)  jit  32.778 ms  reord  0.16%  rtt  176.36 ms      624 pkt  2 flow
  w16     0.576 Mbps (std  0.190)  jit  36.325 ms  reord  0.00%  rtt  190.86 ms      627 pkt  2 flow
  w17     0.580 Mbps (std  0.181)  jit  63.955 ms  reord  0.00%  rtt  236.53 ms      680 pkt  5 flow
  w18     1.735 Mbps (std 11.081)  jit  86.998 ms  reord  1.12%  rtt  253.49 ms    1,872 pkt  4 flow
  w19     0.456 Mbps (std  0.214)  jit  49.682 ms  reord  0.00%  rtt  211.12 ms      503 pkt  4 flow
  w20     0.456 Mbps (std  0.194)  jit  41.443 ms  reord  0.00%  rtt  217.02 ms      497 pkt  2 flow
  w21     0.421 Mbps (std  0.261)  jit  37.359 ms  reord  0.00%  rtt  219.13 ms      459 pkt  2 flow
  w22     0.188 Mbps (std  0.324)  jit  34.233 ms  reord  0.00%  rtt  214.67 ms      200 pkt  2 flow
  w23     0.165 Mbps (std  0.254)  jit  65.678 ms  reord  3.21%  rtt  294.69 ms      218 pkt  2 flow
  w24     0.200 Mbps (std  0.188)  jit  41.188 ms  reord  6.86%  rtt  402.18 ms      277 pkt  2 flow
  w25     0.203 Mbps (std  0.134)  jit  67.387 ms  reord  9.18%  rtt  361.71 ms      316 pkt  4 flow
  w26     0.200 Mbps (std  0.115)  jit  44.482 ms  reord  8.41%  rtt  240.01 ms      309 pkt  2 flow
  w27     0.148 Mbps (std  0.226)  jit  39.979 ms  reord  3.72%  rtt  292.77 ms      188 pkt  2 flow
  w28     0.145 Mbps (std  0.228)  jit  50.436 ms  reord  1.80%  rtt  512.72 ms      167 pkt  2 flow
  w29     0.135 Mbps (std  0.240)  jit  40.669 ms  reord  0.67%  rtt  427.88 ms      150 pkt  2 flow
  w30     0.084 Mbps (std  0.251)  jit  38.419 ms  reord  0.00%  rtt  278.10 ms       89 pkt  2 flow
  w31     0.152 Mbps (std  0.203)  jit 170.274 ms  reord  1.59%  rtt  510.48 ms      189 pkt  3 flow
  w32     0.143 Mbps (std  0.172)  jit 154.785 ms  reord  0.00%  rtt  560.81 ms      183 pkt  4 flow
  w33     0.125 Mbps (std  0.218)  jit  52.592 ms  reord  4.55%  rtt  467.95 ms      154 pkt  2 flow
  w34     0.003 Mbps (std  0.035)  jit   1.778 ms  reord  0.00%  rtt  508.94 ms        4 pkt  1 flow
  w35     0.000 Mbps (std  0.000)  jit   0.000 ms  reord  0.00%  rtt    0.00 ms        0 pkt  0 flow
  w36  (parsial, 8 cuplikan) 0.000 Mbps
>> selesai: 37 window -> qos_features.csv
>>          cuplikan mentah -> qos_samples.csv (untuk align_qos.py)
