>> run_id=CONT_s7_bola_RedBullPlayStreets | map=flows | poll=0.1s | window=10.0s -> qos_features.csv
>> menghitung SEMUA flow TCP yang lewat (Ctrl-C untuk berhenti)
>> XDP terpasang di eth0: prog id=2436
>> membaca 1 map bernama 'flows': id [690]
>> entri awal di map: 0  (0 = belum ada trafik TCP yang tertangkap)
  w0      0.000 Mbps (std  0.000)  jit   0.000 ms  reord  0.00%  rtt    0.00 ms        0 pkt  0 flow
  w1      0.000 Mbps (std  0.000)  jit   0.000 ms  reord  0.00%  rtt    0.00 ms        0 pkt  0 flow
  w2      0.000 Mbps (std  0.000)  jit   0.000 ms  reord  0.00%  rtt    0.00 ms        0 pkt  0 flow
  w3      0.000 Mbps (std  0.000)  jit   0.000 ms  reord  0.00%  rtt    0.00 ms        0 pkt  0 flow
  w4      0.011 Mbps (std  0.050)  jit   1.679 ms  reord  0.00%  rtt  152.36 ms       35 pkt  2 flow
  w5      0.582 Mbps (std  3.121)  jit  17.947 ms  reord  1.79%  rtt  217.85 ms      671 pkt  4 flow
  w6      0.215 Mbps (std  1.518)  jit   0.867 ms  reord  0.00%  rtt    0.80 ms      223 pkt  2 flow
  w7      1.864 Mbps (std  3.468)  jit   9.193 ms  reord  0.00%  rtt   92.64 ms    1,939 pkt  4 flow
  w8      1.729 Mbps (std  2.853)  jit  17.223 ms  reord  0.00%  rtt   91.99 ms    1,763 pkt  4 flow
  w9      1.294 Mbps (std  2.090)  jit  44.149 ms  reord  6.03%  rtt  288.68 ms    1,641 pkt  5 flow
  w10     0.936 Mbps (std  0.486)  jit  82.958 ms  reord  3.72%  rtt  301.71 ms    1,236 pkt  4 flow
  w11     0.757 Mbps (std  0.667)  jit  70.890 ms  reord  0.70%  rtt  224.69 ms      860 pkt  3 flow
  w12     0.579 Mbps (std  0.623)  jit  18.565 ms  reord  3.01%  rtt  243.02 ms      732 pkt  4 flow
  w13     1.047 Mbps (std  0.432)  jit  31.074 ms  reord  5.03%  rtt  317.39 ms    1,452 pkt  4 flow
  w14     0.919 Mbps (std  0.764)  jit  21.221 ms  reord 21.05%  rtt   73.92 ms    1,406 pkt  2 flow
  w15     1.208 Mbps (std  0.664)  jit  15.090 ms  reord 22.14%  rtt   46.28 ms    1,870 pkt  2 flow
  w16     2.164 Mbps (std  2.904)  jit  12.256 ms  reord 14.95%  rtt   48.00 ms    2,970 pkt  4 flow
  w17     2.595 Mbps (std  1.253)  jit  17.076 ms  reord  0.97%  rtt   49.97 ms    2,884 pkt  4 flow
  w18     3.126 Mbps (std  0.746)  jit  22.370 ms  reord  0.34%  rtt   60.26 ms    3,507 pkt  6 flow
  w19     3.309 Mbps (std  0.371)  jit   6.713 ms  reord  0.11%  rtt   64.80 ms    3,522 pkt  4 flow
  w20     1.582 Mbps (std  1.367)  jit   7.751 ms  reord  1.24%  rtt   71.72 ms    1,688 pkt  2 flow
  w21     2.107 Mbps (std  1.115)  jit  10.086 ms  reord  0.14%  rtt   77.65 ms    2,146 pkt  2 flow
  w22     2.662 Mbps (std  0.369)  jit  14.428 ms  reord  0.04%  rtt   85.31 ms    2,820 pkt  5 flow
  w23     3.415 Mbps (std  7.185)  jit  13.666 ms  reord  0.48%  rtt   55.52 ms    3,747 pkt  4 flow
  w24     1.919 Mbps (std  1.227)  jit   7.817 ms  reord  0.56%  rtt   38.95 ms    2,146 pkt  2 flow
  w25     2.953 Mbps (std  4.590)  jit   6.144 ms  reord  0.50%  rtt   76.40 ms    3,026 pkt  2 flow
  w26     1.956 Mbps (std  0.538)  jit  16.717 ms  reord 15.28%  rtt  104.68 ms    2,932 pkt  4 flow
  w27     0.804 Mbps (std  0.757)  jit  30.862 ms  reord 18.47%  rtt   61.20 ms    1,202 pkt  4 flow
  w28     1.023 Mbps (std  0.494)  jit  20.798 ms  reord 15.32%  rtt   49.41 ms    1,469 pkt  4 flow
  w29     1.701 Mbps (std  0.645)  jit  18.124 ms  reord 12.92%  rtt   87.98 ms    2,485 pkt  4 flow
  w30     2.049 Mbps (std  1.346)  jit  11.107 ms  reord  5.27%  rtt   34.31 ms    2,469 pkt  2 flow
  w31     2.981 Mbps (std  0.740)  jit   6.944 ms  reord  3.74%  rtt   28.99 ms    3,526 pkt  2 flow
  w32     3.015 Mbps (std  0.681)  jit   6.787 ms  reord  3.26%  rtt   34.69 ms    3,554 pkt  2 flow
  w33     0.778 Mbps (std  1.315)  jit  24.491 ms  reord  4.66%  rtt   25.14 ms      922 pkt  2 flow
  w34     0.000 Mbps (std  0.000)  jit   0.000 ms  reord  0.00%  rtt    0.00 ms        0 pkt  0 flow
  w35  (parsial, 97 cuplikan) 0.000 Mbps
>> selesai: 36 window -> qos_features.csv
>>          cuplikan mentah -> qos_samples.csv (untuk align_qos.py)
