>> run_id=CONT_s2_bola_BigBuckBunny | map=flows | poll=0.1s | window=10.0s -> qos_features.csv
>> menghitung SEMUA flow TCP yang lewat (Ctrl-C untuk berhenti)
>> XDP terpasang di eth0: prog id=22
>> membaca 1 map bernama 'flows': id [2]
>> entri awal di map: 478  (0 = belum ada trafik TCP yang tertangkap)
  w0      0.000 Mbps (std  0.000)  jit   0.000 ms  reord  0.00%  rtt    0.00 ms        0 pkt  0 flow
  w1      0.000 Mbps (std  0.000)  jit   0.000 ms  reord  0.00%  rtt    0.00 ms        0 pkt  0 flow
  w2      0.000 Mbps (std  0.000)  jit   0.000 ms  reord  0.00%  rtt    0.00 ms        0 pkt  0 flow
  w3      2.452 Mbps (std  2.866)  jit   1.960 ms  reord  1.75%  rtt   39.65 ms    4,234 pkt  6 flow
  w4      6.048 Mbps (std  0.257)  jit   3.483 ms  reord  0.13%  rtt   41.19 ms   10,293 pkt  4 flow
  w5      6.056 Mbps (std  0.111)  jit   0.182 ms  reord  0.11%  rtt   33.48 ms   10,695 pkt  2 flow
  w6      6.357 Mbps (std  6.510)  jit   1.053 ms  reord  0.33%  rtt   38.05 ms   10,792 pkt  2 flow
  w7      2.306 Mbps (std  1.474)  jit   5.000 ms  reord  0.43%  rtt   62.40 ms    3,258 pkt  2 flow
  w8      3.229 Mbps (std  0.280)  jit   8.894 ms  reord  0.97%  rtt   70.11 ms    4,754 pkt  4 flow
  w9      1.185 Mbps (std  1.540)  jit   7.935 ms  reord  0.18%  rtt   62.41 ms    1,711 pkt  2 flow
  w10     2.440 Mbps (std  1.421)  jit  13.227 ms  reord  0.74%  rtt   63.50 ms    3,671 pkt  6 flow
  w11     3.350 Mbps (std  0.259)  jit  16.066 ms  reord  0.00%  rtt   76.45 ms    4,933 pkt  6 flow
  w12     3.355 Mbps (std  0.286)  jit  14.450 ms  reord  0.00%  rtt   62.38 ms    5,187 pkt  6 flow
  w13     2.984 Mbps (std  2.362)  jit  12.657 ms  reord  0.54%  rtt   63.09 ms    4,448 pkt  4 flow
  w14     2.744 Mbps (std  2.852)  jit   5.184 ms  reord  0.08%  rtt   44.27 ms    4,719 pkt  4 flow
  w15     6.046 Mbps (std  0.242)  jit   3.367 ms  reord  0.10%  rtt   41.77 ms   10,385 pkt  6 flow
  w16     5.430 Mbps (std  8.912)  jit   9.658 ms  reord  1.63%  rtt   45.80 ms    9,071 pkt  4 flow
  w17     0.908 Mbps (std  0.974)  jit  18.896 ms  reord 17.01%  rtt   48.51 ms    1,840 pkt  4 flow
  w18     3.123 Mbps (std  2.829)  jit   9.703 ms  reord 29.42%  rtt   90.52 ms    7,105 pkt  4 flow
  w19     6.121 Mbps (std  1.521)  jit   3.278 ms  reord 22.72%  rtt   68.69 ms   12,968 pkt  4 flow
  w20     3.561 Mbps (std  2.898)  jit   2.218 ms  reord  0.20%  rtt   28.83 ms    6,535 pkt  2 flow
  w21     3.676 Mbps (std  2.929)  jit   2.990 ms  reord  0.23%  rtt   33.80 ms    6,944 pkt  2 flow
  w22     6.131 Mbps (std  0.218)  jit   0.742 ms  reord  0.32%  rtt   36.88 ms   12,546 pkt  2 flow
  w23     3.512 Mbps (std  2.737)  jit   5.782 ms  reord  0.59%  rtt   45.75 ms    6,807 pkt  4 flow
  w24     0.039 Mbps (std  0.271)  jit  16.341 ms  reord  0.00%  rtt   39.44 ms       65 pkt  2 flow
  w25     0.000 Mbps (std  0.000)  jit   0.000 ms  reord  0.00%  rtt    0.00 ms        0 pkt  0 flow
  w26  (parsial, 10 cuplikan) 0.000 Mbps
>> selesai: 27 window -> qos_features.csv
>>          cuplikan mentah -> qos_samples.csv (untuk align_qos.py)
