>> run_id=CONT_s10_bola_RedBullPlayStreets | map=flows | poll=0.1s | window=10.0s -> qos_features.csv
>> menghitung SEMUA flow TCP yang lewat (Ctrl-C untuk berhenti)
>> XDP terpasang di eth0: prog id=1559
>> membaca 1 map bernama 'flows': id [440]
>> entri awal di map: 0  (0 = belum ada trafik TCP yang tertangkap)
  w0      0.000 Mbps (std  0.000)  jit   0.000 ms  reord  0.00%  rtt    0.00 ms        0 pkt  0 flow
  w1      0.000 Mbps (std  0.000)  jit   0.000 ms  reord  0.00%  rtt    0.00 ms        0 pkt  0 flow
  w2      0.000 Mbps (std  0.000)  jit   0.000 ms  reord  0.00%  rtt    0.00 ms        0 pkt  0 flow
  w3      0.000 Mbps (std  0.000)  jit   0.000 ms  reord  0.00%  rtt    0.00 ms        0 pkt  0 flow
  w4      0.084 Mbps (std  0.297)  jit   1.224 ms  reord  0.79%  rtt   56.84 ms      127 pkt  3 flow
  w5      1.009 Mbps (std  0.282)  jit  22.952 ms  reord  0.28%  rtt  140.90 ms    1,069 pkt  4 flow
  w6      1.012 Mbps (std  0.255)  jit  31.399 ms  reord  0.00%  rtt  144.39 ms    1,098 pkt  4 flow
  w7      1.747 Mbps (std  6.755)  jit  19.144 ms  reord  1.14%  rtt   81.11 ms    1,930 pkt  4 flow
  w8      1.078 Mbps (std  0.199)  jit  44.083 ms  reord  0.00%  rtt  136.42 ms    1,267 pkt  5 flow
  w9      1.077 Mbps (std  0.244)  jit  43.655 ms  reord  0.00%  rtt  164.70 ms    1,178 pkt  6 flow
  w10     1.072 Mbps (std  0.225)  jit  17.442 ms  reord  0.00%  rtt  107.86 ms    1,101 pkt  2 flow
  w11     1.207 Mbps (std  3.115)  jit  19.686 ms  reord  1.36%  rtt   86.82 ms    1,326 pkt  2 flow
  w12     0.851 Mbps (std  0.132)  jit  45.374 ms  reord  0.00%  rtt  158.87 ms    1,032 pkt  6 flow
  w13     0.851 Mbps (std  0.117)  jit  41.891 ms  reord  0.00%  rtt  131.80 ms    1,079 pkt  4 flow
  w14     0.692 Mbps (std  0.372)  jit  19.460 ms  reord  0.00%  rtt   81.86 ms      868 pkt  2 flow
  w15     0.537 Mbps (std  0.338)  jit  37.463 ms  reord  2.06%  rtt  179.03 ms      583 pkt  2 flow
  w16     0.523 Mbps (std  0.338)  jit  34.564 ms  reord  0.00%  rtt  191.36 ms      561 pkt  2 flow
  w17     0.561 Mbps (std  0.252)  jit  63.930 ms  reord  0.00%  rtt  214.89 ms      649 pkt  4 flow
  w18     1.858 Mbps (std 13.275)  jit  77.655 ms  reord  1.11%  rtt  239.27 ms    1,988 pkt  5 flow
  w19     0.378 Mbps (std  0.216)  jit  37.085 ms  reord  0.00%  rtt  157.09 ms      492 pkt  7 flow
  w20     0.115 Mbps (std  0.281)  jit  33.997 ms  reord  0.00%  rtt  158.09 ms      122 pkt  2 flow
  w21     0.151 Mbps (std  0.303)  jit  56.708 ms  reord  0.00%  rtt  155.56 ms      158 pkt  2 flow
  w22     0.453 Mbps (std  0.222)  jit  52.794 ms  reord  0.00%  rtt  232.80 ms      495 pkt  2 flow
  w23     0.460 Mbps (std  1.361)  jit  73.791 ms  reord  4.42%  rtt  274.02 ms      520 pkt  2 flow
  w24     0.202 Mbps (std  0.143)  jit  95.341 ms  reord  4.67%  rtt  443.30 ms      321 pkt  4 flow
  w25     0.203 Mbps (std  0.140)  jit  64.556 ms  reord 10.00%  rtt  402.60 ms      310 pkt  4 flow
  w26     0.202 Mbps (std  0.107)  jit  50.333 ms  reord  9.09%  rtt  202.77 ms      319 pkt  2 flow
  w27     0.159 Mbps (std  0.208)  jit  54.528 ms  reord  5.41%  rtt  278.07 ms      222 pkt  2 flow
  w28     0.143 Mbps (std  0.170)  jit  56.315 ms  reord  0.00%  rtt  422.47 ms      168 pkt  2 flow
  w29     0.141 Mbps (std  0.172)  jit  53.709 ms  reord  0.00%  rtt  425.29 ms      165 pkt  2 flow
  w30     0.143 Mbps (std  0.172)  jit  53.833 ms  reord  0.00%  rtt  441.13 ms      167 pkt  2 flow
  w31     0.143 Mbps (std  0.148)  jit 110.740 ms  reord  0.54%  rtt  638.91 ms      184 pkt  4 flow
  w32     0.144 Mbps (std  0.157)  jit 112.926 ms  reord  0.00%  rtt  678.09 ms      180 pkt  4 flow
  w33     0.142 Mbps (std  0.568)  jit  40.113 ms  reord  4.32%  rtt  444.93 ms      162 pkt  2 flow
  w34     0.019 Mbps (std  0.133)  jit   7.207 ms  reord  0.00%  rtt  295.81 ms       20 pkt  2 flow
  w35     0.000 Mbps (std  0.000)  jit   0.000 ms  reord  0.00%  rtt    0.00 ms        0 pkt  0 flow
  w36  (parsial, 10 cuplikan) 0.000 Mbps
>> selesai: 37 window -> qos_features.csv
>>          cuplikan mentah -> qos_samples.csv (untuk align_qos.py)
