>> run_id=CONT_s13_bola_TearsOfSteel | map=flows | poll=0.1s | window=10.0s -> qos_features.csv
>> menghitung SEMUA flow TCP yang lewat (Ctrl-C untuk berhenti)
>> XDP terpasang di eth0: prog id=2380
>> membaca 1 map bernama 'flows': id [674]
>> entri awal di map: 0  (0 = belum ada trafik TCP yang tertangkap)
  w0      0.000 Mbps (std  0.000)  jit   0.000 ms  reord  0.00%  rtt    0.00 ms        0 pkt  0 flow
  w1      0.000 Mbps (std  0.000)  jit   0.000 ms  reord  0.00%  rtt    0.00 ms        0 pkt  0 flow
  w2      0.000 Mbps (std  0.000)  jit   0.000 ms  reord  0.00%  rtt    0.00 ms        0 pkt  0 flow
  w3      0.000 Mbps (std  0.000)  jit   0.000 ms  reord  0.00%  rtt    0.00 ms        0 pkt  0 flow
  w4      0.114 Mbps (std  0.285)  jit   3.504 ms  reord  0.00%  rtt  148.56 ms      145 pkt  4 flow
  w5      1.082 Mbps (std  6.544)  jit  43.560 ms  reord  2.08%  rtt  189.81 ms    1,248 pkt  9 flow
  w6      0.254 Mbps (std  0.212)  jit  86.932 ms  reord 13.74%  rtt  146.38 ms      364 pkt  3 flow
  w7      0.295 Mbps (std  0.186)  jit 145.644 ms  reord 15.61%  rtt  191.24 ms      442 pkt  4 flow
  w8      0.285 Mbps (std  0.203)  jit 117.248 ms  reord 14.97%  rtt  163.34 ms      441 pkt  6 flow
  w9      0.207 Mbps (std  0.178)  jit 222.758 ms  reord  4.95%  rtt  494.80 ms      303 pkt  5 flow
  w10     0.192 Mbps (std  0.125)  jit 222.655 ms  reord  0.38%  rtt  533.56 ms      260 pkt  3 flow
  w11     0.826 Mbps (std  3.659)  jit 267.713 ms  reord  0.83%  rtt  391.48 ms      966 pkt  6 flow
  w12     0.450 Mbps (std  0.171)  jit 109.511 ms  reord  0.18%  rtt  215.70 ms      545 pkt  4 flow
  w13     0.454 Mbps (std  0.221)  jit  69.316 ms  reord  0.37%  rtt  188.71 ms      542 pkt  4 flow
  w14     0.442 Mbps (std  0.182)  jit 105.711 ms  reord  0.00%  rtt  196.45 ms      531 pkt  4 flow
  w15     0.716 Mbps (std  0.325)  jit  91.225 ms  reord  1.25%  rtt  189.30 ms      879 pkt  7 flow
  w16     0.966 Mbps (std  0.154)  jit  68.753 ms  reord  0.09%  rtt  140.29 ms    1,168 pkt  6 flow
  w17     0.938 Mbps (std  0.232)  jit  58.118 ms  reord  0.00%  rtt  147.97 ms    1,132 pkt  6 flow
  w18     0.847 Mbps (std  0.393)  jit  38.006 ms  reord  0.00%  rtt  153.12 ms      974 pkt  4 flow
  w19     2.009 Mbps (std 10.080)  jit  97.585 ms  reord  1.06%  rtt  117.82 ms    2,268 pkt  6 flow
  w20     0.426 Mbps (std  0.657)  jit  22.040 ms  reord  0.00%  rtt   86.93 ms      448 pkt  2 flow
  w21     0.681 Mbps (std  0.664)  jit  25.566 ms  reord  0.00%  rtt  110.78 ms      748 pkt  4 flow
  w22     1.270 Mbps (std  0.164)  jit 119.046 ms  reord  0.00%  rtt  132.85 ms    1,508 pkt  7 flow
  w23     1.280 Mbps (std  0.138)  jit  67.714 ms  reord  0.00%  rtt  128.01 ms    1,570 pkt  6 flow
  w24     1.832 Mbps (std  7.845)  jit  23.701 ms  reord  0.49%  rtt   94.95 ms    2,028 pkt  6 flow
  w25     3.009 Mbps (std  0.833)  jit   8.753 ms  reord  0.06%  rtt   68.93 ms    3,115 pkt  4 flow
  w26     2.806 Mbps (std  1.083)  jit  32.385 ms  reord  0.00%  rtt   51.97 ms    3,072 pkt  6 flow
  w27     3.206 Mbps (std  0.119)  jit  28.195 ms  reord  0.00%  rtt   61.18 ms    3,597 pkt  6 flow
  w28     3.831 Mbps (std  5.273)  jit  22.515 ms  reord  0.73%  rtt   58.31 ms    4,115 pkt  6 flow
  w29     2.943 Mbps (std  0.306)  jit  17.745 ms  reord  0.95%  rtt   52.80 ms    3,566 pkt  6 flow
  w30     2.931 Mbps (std  0.330)  jit  28.434 ms  reord  0.00%  rtt   80.19 ms    3,330 pkt  7 flow
  w31     2.624 Mbps (std  0.830)  jit  15.384 ms  reord  0.32%  rtt   43.93 ms    3,167 pkt  4 flow
  w32     1.082 Mbps (std  1.376)  jit   9.266 ms  reord  0.24%  rtt   64.25 ms    1,237 pkt  2 flow
  w33     2.255 Mbps (std  1.249)  jit  10.667 ms  reord  0.04%  rtt   70.45 ms    2,303 pkt  2 flow
  w34     0.122 Mbps (std  0.610)  jit   2.882 ms  reord  0.00%  rtt   73.98 ms      131 pkt  4 flow
  w35  (parsial, 83 cuplikan) 0.000 Mbps
>> selesai: 36 window -> qos_features.csv
>>          cuplikan mentah -> qos_samples.csv (untuk align_qos.py)
