>> run_id=CONT_s8_dynamic_TheSwissAccount | map=flows | poll=0.1s | window=10.0s -> qos_features.csv
>> menghitung SEMUA flow TCP yang lewat (Ctrl-C untuk berhenti)
>> XDP terpasang di eth0: prog id=2408
>> membaca 1 map bernama 'flows': id [682]
>> entri awal di map: 0  (0 = belum ada trafik TCP yang tertangkap)
  w0      0.000 Mbps (std  0.000)  jit   0.000 ms  reord  0.00%  rtt    0.00 ms        0 pkt  0 flow
  w1      0.000 Mbps (std  0.000)  jit   0.000 ms  reord  0.00%  rtt    0.00 ms        0 pkt  0 flow
  w2      0.000 Mbps (std  0.000)  jit   0.000 ms  reord  0.00%  rtt    0.00 ms        0 pkt  0 flow
  w3      0.000 Mbps (std  0.000)  jit   0.000 ms  reord  0.00%  rtt    0.00 ms        0 pkt  0 flow
  w4      0.011 Mbps (std  0.052)  jit   1.704 ms  reord 14.29%  rtt  160.85 ms       42 pkt  3 flow
  w5      0.148 Mbps (std  0.174)  jit  61.843 ms  reord 26.34%  rtt  472.48 ms      262 pkt  4 flow
  w6      0.137 Mbps (std  0.156)  jit  52.932 ms  reord 19.82%  rtt  436.87 ms      217 pkt  2 flow
  w7      0.131 Mbps (std  0.132)  jit  79.345 ms  reord  4.74%  rtt  296.53 ms      190 pkt  2 flow
  w8      0.101 Mbps (std  0.188)  jit  75.655 ms  reord  0.00%  rtt  374.03 ms      122 pkt  2 flow
  w9      0.100 Mbps (std  0.236)  jit  56.050 ms  reord  8.26%  rtt  410.90 ms      121 pkt  2 flow
  w10     0.126 Mbps (std  0.230)  jit  62.002 ms  reord  0.00%  rtt  394.33 ms      137 pkt  2 flow
  w11     0.149 Mbps (std  0.222)  jit  49.092 ms  reord  1.18%  rtt  454.87 ms      170 pkt  4 flow
  w12     0.155 Mbps (std  0.179)  jit 120.804 ms  reord  0.97%  rtt  663.24 ms      207 pkt  5 flow
  w13     1.166 Mbps (std  9.700)  jit  97.523 ms  reord  1.91%  rtt  638.94 ms    1,256 pkt  4 flow
  w14     0.110 Mbps (std  0.215)  jit  68.898 ms  reord  0.79%  rtt  524.70 ms      127 pkt  2 flow
  w15     0.118 Mbps (std  0.218)  jit  49.897 ms  reord  1.53%  rtt  531.06 ms      131 pkt  2 flow
  w16     0.122 Mbps (std  0.233)  jit  42.176 ms  reord  0.76%  rtt  593.28 ms      131 pkt  2 flow
  w17     0.116 Mbps (std  0.261)  jit  36.784 ms  reord  0.00%  rtt  579.59 ms      122 pkt  2 flow
  w18     0.136 Mbps (std  0.249)  jit  54.213 ms  reord  5.66%  rtt  378.50 ms      159 pkt  2 flow
  w19     0.169 Mbps (std  0.198)  jit  82.604 ms  reord  0.49%  rtt  416.37 ms      205 pkt  4 flow
  w20     0.168 Mbps (std  0.222)  jit  45.695 ms  reord  0.00%  rtt  441.96 ms      183 pkt  2 flow
  w21     0.164 Mbps (std  0.255)  jit  39.939 ms  reord  0.00%  rtt  451.45 ms      178 pkt  2 flow
  w22     0.169 Mbps (std  0.444)  jit  70.114 ms  reord  4.93%  rtt  449.26 ms      203 pkt  2 flow
  w23     0.228 Mbps (std  0.325)  jit  51.417 ms  reord  0.00%  rtt  255.80 ms      244 pkt  2 flow
  w24     0.362 Mbps (std  0.285)  jit  34.447 ms  reord  0.00%  rtt  290.89 ms      379 pkt  4 flow
  w25     1.690 Mbps (std 10.289)  jit  93.352 ms  reord  1.45%  rtt  364.68 ms    1,799 pkt  4 flow
  w26     0.157 Mbps (std  0.140)  jit 116.384 ms  reord  1.42%  rtt  490.78 ms      211 pkt  4 flow
  w27     0.157 Mbps (std  0.155)  jit 124.786 ms  reord  0.00%  rtt  758.01 ms      199 pkt  5 flow
  w28     1.354 Mbps (std 11.921)  jit 120.302 ms  reord  1.16%  rtt  652.88 ms    1,464 pkt  4 flow
  w29     0.242 Mbps (std  0.152)  jit  73.449 ms  reord  1.70%  rtt  285.87 ms      294 pkt  4 flow
  w30     0.244 Mbps (std  0.214)  jit 104.000 ms  reord  1.01%  rtt  368.02 ms      298 pkt  4 flow
  w31     0.222 Mbps (std  0.216)  jit  99.606 ms  reord  1.09%  rtt  313.21 ms      276 pkt  4 flow
  w32     0.741 Mbps (std  4.226)  jit 121.684 ms  reord  5.12%  rtt  513.62 ms      879 pkt  4 flow
  w33     0.202 Mbps (std  0.244)  jit  73.810 ms  reord  1.63%  rtt  332.67 ms      246 pkt  4 flow
  w34     0.184 Mbps (std  0.172)  jit  56.759 ms  reord  6.62%  rtt  448.40 ms      272 pkt  4 flow
  w35     0.068 Mbps (std  0.104)  jit  21.789 ms  reord  2.88%  rtt  364.34 ms      104 pkt  2 flow
  w36  (parsial, 28 cuplikan) 0.000 Mbps
>> selesai: 37 window -> qos_features.csv
>>          cuplikan mentah -> qos_samples.csv (untuk align_qos.py)
