>> run_id=CONT_s3_bola_ElephantsDream | map=flows | poll=0.1s | window=10.0s -> qos_features.csv
>> menghitung SEMUA flow TCP yang lewat (Ctrl-C untuk berhenti)
>> XDP terpasang di eth0: prog id=493
>> membaca 1 map bernama 'flows': id [136]
>> entri awal di map: 0  (0 = belum ada trafik TCP yang tertangkap)
  w0      0.000 Mbps (std  0.000)  jit   0.000 ms  reord  0.00%  rtt    0.00 ms        0 pkt  0 flow
  w1      0.000 Mbps (std  0.000)  jit   0.000 ms  reord  0.00%  rtt    0.00 ms        0 pkt  0 flow
  w2      0.000 Mbps (std  0.000)  jit   0.000 ms  reord  0.00%  rtt    0.00 ms        0 pkt  0 flow
  w3      0.000 Mbps (std  0.000)  jit   0.000 ms  reord  0.00%  rtt    0.00 ms        0 pkt  0 flow
  w4      0.058 Mbps (std  0.193)  jit   2.851 ms  reord  2.30%  rtt  241.01 ms       87 pkt  4 flow
  w5      0.306 Mbps (std  0.217)  jit  98.840 ms  reord  1.04%  rtt  376.70 ms      386 pkt  6 flow
  w6      0.299 Mbps (std  0.102)  jit 120.337 ms  reord  0.00%  rtt  215.00 ms      379 pkt  3 flow
  w7      0.520 Mbps (std  1.958)  jit  49.177 ms  reord  2.13%  rtt  210.12 ms      609 pkt  2 flow
  w8      0.261 Mbps (std  0.206)  jit  54.599 ms  reord 11.89%  rtt  205.61 ms      387 pkt  4 flow
  w9      0.278 Mbps (std  0.126)  jit  77.587 ms  reord 10.72%  rtt  231.04 ms      401 pkt  4 flow
  w10     0.335 Mbps (std  0.374)  jit  28.731 ms  reord  2.48%  rtt  103.43 ms      403 pkt  2 flow
  w11     0.253 Mbps (std  0.420)  jit  38.856 ms  reord  0.00%  rtt  117.01 ms      278 pkt  2 flow
  w12     0.581 Mbps (std  0.356)  jit  49.502 ms  reord  0.15%  rtt  159.17 ms      675 pkt  5 flow
  w13     1.198 Mbps (std  5.401)  jit  18.616 ms  reord  0.78%  rtt  136.07 ms    1,274 pkt  2 flow
  w14     1.061 Mbps (std  0.737)  jit  26.546 ms  reord  0.17%  rtt   98.87 ms    1,179 pkt  5 flow
  w15     0.746 Mbps (std  0.783)  jit  16.919 ms  reord  0.00%  rtt   86.19 ms      814 pkt  4 flow
  w16     0.775 Mbps (std  0.509)  jit  27.494 ms  reord  0.00%  rtt  118.63 ms      799 pkt  2 flow
  w17     1.016 Mbps (std  0.253)  jit  20.721 ms  reord  0.00%  rtt  122.77 ms    1,067 pkt  4 flow
  w18     1.022 Mbps (std  0.242)  jit  34.171 ms  reord  0.00%  rtt  146.80 ms    1,097 pkt  4 flow
  w19     0.740 Mbps (std  0.519)  jit  20.982 ms  reord  0.00%  rtt  115.02 ms      765 pkt  2 flow
  w20     0.552 Mbps (std  0.495)  jit  29.823 ms  reord  0.00%  rtt  128.75 ms      575 pkt  2 flow
  w21     0.854 Mbps (std  0.290)  jit  22.058 ms  reord  0.00%  rtt  136.91 ms      884 pkt  2 flow
  w22     0.774 Mbps (std  0.372)  jit  21.576 ms  reord  0.00%  rtt  135.94 ms      804 pkt  2 flow
  w23     0.632 Mbps (std  0.447)  jit  27.035 ms  reord  0.00%  rtt  135.15 ms      664 pkt  2 flow
  w24     0.413 Mbps (std  0.458)  jit  29.026 ms  reord  0.00%  rtt  132.60 ms      440 pkt  2 flow
  w25     0.292 Mbps (std  0.222)  jit  62.238 ms  reord 13.47%  rtt  140.21 ms      438 pkt  2 flow
  w26     0.306 Mbps (std  0.248)  jit  54.820 ms  reord 13.27%  rtt  134.46 ms      437 pkt  2 flow
  w27     0.196 Mbps (std  0.171)  jit  70.366 ms  reord 16.61%  rtt  133.58 ms      301 pkt  2 flow
  w28     0.171 Mbps (std  0.177)  jit  75.367 ms  reord 16.09%  rtt  134.32 ms      261 pkt  2 flow
  w29     0.232 Mbps (std  0.165)  jit  73.847 ms  reord 16.38%  rtt  134.42 ms      354 pkt  2 flow
  w30     0.444 Mbps (std  0.237)  jit  51.979 ms  reord  0.90%  rtt  151.17 ms      554 pkt  4 flow
  w31     0.170 Mbps (std  0.314)  jit  49.815 ms  reord  0.00%  rtt  112.66 ms      194 pkt  2 flow
  w32     0.418 Mbps (std  0.305)  jit  55.466 ms  reord  0.00%  rtt  217.94 ms      456 pkt  4 flow
  w33     0.517 Mbps (std  0.223)  jit  55.432 ms  reord  0.00%  rtt  212.54 ms      560 pkt  4 flow
  w34     0.249 Mbps (std  0.291)  jit  15.608 ms  reord  0.00%  rtt  198.06 ms      264 pkt  2 flow
  w35     0.000 Mbps (std  0.000)  jit   0.000 ms  reord  0.00%  rtt    0.00 ms        0 pkt  0 flow
  w36  (parsial, 18 cuplikan) 0.000 Mbps
>> selesai: 37 window -> qos_features.csv
>>          cuplikan mentah -> qos_samples.csv (untuk align_qos.py)
