>> run_id=CONT_s8_dynamic_Valkaama | map=flows | poll=0.1s | window=10.0s -> qos_features.csv
>> menghitung SEMUA flow TCP yang lewat (Ctrl-C untuk berhenti)
>> XDP terpasang di eth0: prog id=732
>> membaca 1 map bernama 'flows': id [204]
>> entri awal di map: 0  (0 = belum ada trafik TCP yang tertangkap)
  w0      0.000 Mbps (std  0.000)  jit   0.000 ms  reord  0.00%  rtt    0.00 ms        0 pkt  0 flow
  w1      0.000 Mbps (std  0.000)  jit   0.000 ms  reord  0.00%  rtt    0.00 ms        0 pkt  0 flow
  w2      0.000 Mbps (std  0.000)  jit   0.000 ms  reord  0.00%  rtt    0.00 ms        0 pkt  0 flow
  w3      0.000 Mbps (std  0.000)  jit   0.000 ms  reord  0.00%  rtt    0.00 ms        0 pkt  0 flow
  w4      0.011 Mbps (std  0.055)  jit   1.851 ms  reord 17.07%  rtt  158.80 ms       41 pkt  2 flow
  w5      0.146 Mbps (std  0.167)  jit  62.566 ms  reord 22.05%  rtt  567.49 ms      263 pkt  4 flow
  w6      0.222 Mbps (std  0.718)  jit  52.872 ms  reord 12.30%  rtt  614.36 ms      309 pkt  2 flow
  w7      0.131 Mbps (std  0.160)  jit  54.140 ms  reord  4.76%  rtt  412.55 ms      189 pkt  2 flow
  w8      0.141 Mbps (std  0.145)  jit  53.865 ms  reord  4.04%  rtt  360.92 ms      198 pkt  2 flow
  w9      0.148 Mbps (std  0.242)  jit  44.557 ms  reord  3.59%  rtt  403.73 ms      167 pkt  2 flow
  w10     0.144 Mbps (std  0.250)  jit  35.053 ms  reord  0.00%  rtt  601.72 ms      152 pkt  2 flow
  w11     0.136 Mbps (std  0.251)  jit  37.962 ms  reord  0.63%  rtt  306.99 ms      159 pkt  2 flow
  w12     0.150 Mbps (std  0.172)  jit 182.074 ms  reord  1.04%  rtt  554.92 ms      193 pkt  7 flow
  w13     0.840 Mbps (std  6.835)  jit  90.523 ms  reord  1.93%  rtt  480.97 ms      932 pkt  4 flow
  w14     0.123 Mbps (std  0.200)  jit  64.625 ms  reord  0.71%  rtt  525.94 ms      141 pkt  2 flow
  w15     0.118 Mbps (std  0.228)  jit  39.122 ms  reord  0.00%  rtt  657.06 ms      126 pkt  2 flow
  w16     0.126 Mbps (std  0.236)  jit  39.003 ms  reord  0.00%  rtt  702.82 ms      132 pkt  2 flow
  w17     0.224 Mbps (std  0.791)  jit  72.372 ms  reord  3.73%  rtt  606.26 ms      241 pkt  3 flow
  w18     0.086 Mbps (std  0.231)  jit  97.315 ms  reord  0.00%  rtt  229.83 ms       99 pkt  4 flow
  w19     0.158 Mbps (std  0.221)  jit  81.670 ms  reord  0.53%  rtt  420.44 ms      188 pkt  4 flow
  w20     0.096 Mbps (std  0.263)  jit  39.470 ms  reord  0.00%  rtt  322.08 ms      100 pkt  2 flow
  w21     0.167 Mbps (std  0.216)  jit  61.672 ms  reord  0.00%  rtt  462.12 ms      190 pkt  4 flow
  w22     0.274 Mbps (std  1.446)  jit  83.677 ms  reord  2.19%  rtt  563.11 ms      319 pkt  4 flow
  w23     0.106 Mbps (std  0.265)  jit  48.253 ms  reord  0.87%  rtt  127.94 ms      115 pkt  2 flow
  w24     0.271 Mbps (std  0.253)  jit  74.390 ms  reord  0.00%  rtt  280.90 ms      318 pkt  4 flow
  w25     0.718 Mbps (std  3.274)  jit 104.581 ms  reord  4.35%  rtt  369.44 ms      851 pkt  6 flow
  w26     0.156 Mbps (std  0.145)  jit 161.943 ms  reord 16.67%  rtt  569.21 ms      234 pkt  3 flow
  w27     0.160 Mbps (std  0.149)  jit 134.246 ms  reord  0.47%  rtt  630.77 ms      214 pkt  5 flow
  w28     0.257 Mbps (std  1.041)  jit 130.324 ms  reord  1.92%  rtt  674.13 ms      312 pkt  4 flow
  w29     0.101 Mbps (std  0.266)  jit  22.273 ms  reord  1.69%  rtt  271.34 ms      118 pkt  2 flow
  w30     0.226 Mbps (std  0.222)  jit 147.839 ms  reord  0.38%  rtt  303.08 ms      261 pkt  3 flow
  w31     0.246 Mbps (std  0.229)  jit 107.520 ms  reord  0.99%  rtt  387.32 ms      302 pkt  4 flow
  w32     1.021 Mbps (std  7.887)  jit  79.278 ms  reord  5.84%  rtt  625.04 ms    1,131 pkt  4 flow
  w33     0.222 Mbps (std  0.260)  jit  51.563 ms  reord  2.94%  rtt  301.98 ms      272 pkt  4 flow
  w34     0.220 Mbps (std  0.118)  jit  61.633 ms  reord  6.76%  rtt  571.70 ms      355 pkt  5 flow
  w35     0.020 Mbps (std  0.066)  jit   2.021 ms  reord  3.45%  rtt  435.19 ms       29 pkt  2 flow
  w36  (parsial, 22 cuplikan) 0.000 Mbps
>> selesai: 37 window -> qos_features.csv
>>          cuplikan mentah -> qos_samples.csv (untuk align_qos.py)
