>> run_id=CONT_s13_dynamic_Valkaama | map=flows | poll=0.1s | window=10.0s -> qos_features.csv
>> menghitung SEMUA flow TCP yang lewat (Ctrl-C untuk berhenti)
>> XDP terpasang di eth0: prog id=936
>> membaca 1 map bernama 'flows': id [262]
>> entri awal di map: 0  (0 = belum ada trafik TCP yang tertangkap)
  w0      0.000 Mbps (std  0.000)  jit   0.000 ms  reord  0.00%  rtt    0.00 ms        0 pkt  0 flow
  w1      0.000 Mbps (std  0.000)  jit   0.000 ms  reord  0.00%  rtt    0.00 ms        0 pkt  0 flow
  w2      0.000 Mbps (std  0.000)  jit   0.000 ms  reord  0.00%  rtt    0.00 ms        0 pkt  0 flow
  w3      0.000 Mbps (std  0.000)  jit   0.000 ms  reord  0.00%  rtt    0.00 ms        0 pkt  0 flow
  w4      0.106 Mbps (std  0.277)  jit   3.596 ms  reord  0.00%  rtt  129.35 ms      144 pkt  4 flow
  w5      1.045 Mbps (std  4.817)  jit  37.971 ms  reord  3.66%  rtt  200.23 ms    1,257 pkt  5 flow
  w6      0.231 Mbps (std  0.164)  jit  61.776 ms  reord 13.02%  rtt  136.50 ms      338 pkt  2 flow
  w7      0.222 Mbps (std  0.150)  jit  72.182 ms  reord 13.62%  rtt  135.10 ms      323 pkt  2 flow
  w8      0.222 Mbps (std  0.189)  jit  70.788 ms  reord 17.01%  rtt  143.37 ms      341 pkt  4 flow
  w9      0.204 Mbps (std  0.167)  jit 137.352 ms  reord  3.56%  rtt  528.93 ms      281 pkt  4 flow
  w10     0.191 Mbps (std  0.151)  jit 128.195 ms  reord  0.00%  rtt  699.04 ms      232 pkt  4 flow
  w11     1.287 Mbps (std  9.529)  jit 115.664 ms  reord  1.60%  rtt  359.11 ms    1,373 pkt  4 flow
  w12     0.414 Mbps (std  0.203)  jit  38.396 ms  reord  0.00%  rtt  141.97 ms      474 pkt  2 flow
  w13     0.188 Mbps (std  0.274)  jit  50.318 ms  reord  0.00%  rtt  191.35 ms      202 pkt  2 flow
  w14     0.176 Mbps (std  0.309)  jit  34.211 ms  reord  0.00%  rtt  155.62 ms      201 pkt  2 flow
  w15     1.502 Mbps (std  9.002)  jit  47.762 ms  reord  0.75%  rtt  150.44 ms    1,607 pkt  4 flow
  w16     0.971 Mbps (std  0.111)  jit  44.932 ms  reord  0.00%  rtt  141.25 ms    1,231 pkt  6 flow
  w17     0.960 Mbps (std  0.202)  jit  51.703 ms  reord  0.00%  rtt  157.20 ms    1,097 pkt  4 flow
  w18     0.973 Mbps (std  0.085)  jit  29.938 ms  reord  0.00%  rtt  102.58 ms    1,243 pkt  4 flow
  w19     2.376 Mbps (std 13.246)  jit  31.989 ms  reord  1.06%  rtt  116.13 ms    2,645 pkt  4 flow
  w20     0.380 Mbps (std  0.606)  jit  19.640 ms  reord  0.00%  rtt  108.92 ms      395 pkt  2 flow
  w21     0.418 Mbps (std  0.604)  jit  28.857 ms  reord  0.00%  rtt  103.02 ms      444 pkt  4 flow
  w22     1.274 Mbps (std  0.239)  jit  37.495 ms  reord  0.14%  rtt  124.32 ms    1,451 pkt  5 flow
  w23     1.279 Mbps (std  0.168)  jit  35.696 ms  reord  0.00%  rtt   93.65 ms    1,592 pkt  4 flow
  w24     1.906 Mbps (std 11.693)  jit  26.413 ms  reord  0.58%  rtt  149.13 ms    2,075 pkt  4 flow
  w25     3.196 Mbps (std  0.362)  jit   7.006 ms  reord  0.09%  rtt   67.33 ms    3,372 pkt  2 flow
  w26     3.209 Mbps (std  0.273)  jit  11.811 ms  reord  0.80%  rtt   61.80 ms    3,481 pkt  4 flow
  w27     2.647 Mbps (std  1.219)  jit  11.390 ms  reord  0.10%  rtt   44.47 ms    3,087 pkt  4 flow
  w28     2.439 Mbps (std  1.385)  jit  13.715 ms  reord  1.58%  rtt   66.09 ms    2,725 pkt  4 flow
  w29     1.819 Mbps (std  1.452)  jit  10.515 ms  reord  0.05%  rtt   72.91 ms    1,874 pkt  2 flow
  w30     2.920 Mbps (std  0.381)  jit  17.678 ms  reord  0.00%  rtt   88.32 ms    3,159 pkt  5 flow
  w31     2.917 Mbps (std  0.416)  jit  18.656 ms  reord  0.00%  rtt   92.30 ms    3,106 pkt  4 flow
  w32     2.371 Mbps (std  1.173)  jit   7.821 ms  reord  0.24%  rtt   71.74 ms    2,541 pkt  4 flow
  w33     2.914 Mbps (std  0.435)  jit   6.795 ms  reord  0.10%  rtt   74.23 ms    3,066 pkt  2 flow
  w34     0.206 Mbps (std  0.758)  jit   0.415 ms  reord  0.00%  rtt   67.49 ms      203 pkt  2 flow
  w35  (parsial, 98 cuplikan) 0.000 Mbps
>> selesai: 36 window -> qos_features.csv
>>          cuplikan mentah -> qos_samples.csv (untuk align_qos.py)
