>> run_id=CONT_s14_l2a_RedBullPlayStreets | map=flows | poll=0.1s | window=10.0s -> qos_features.csv
>> menghitung SEMUA flow TCP yang lewat (Ctrl-C untuk berhenti)
>> XDP terpasang di eth0: prog id=248
>> membaca 1 map bernama 'flows': id [66]
>> entri awal di map: 0  (0 = belum ada trafik TCP yang tertangkap)
  w0      0.000 Mbps (std  0.000)  jit   0.000 ms  reord  0.00%  rtt    0.00 ms        0 pkt  0 flow
  w1      0.000 Mbps (std  0.000)  jit   0.000 ms  reord  0.00%  rtt    0.00 ms        0 pkt  0 flow
  w2      0.000 Mbps (std  0.000)  jit   0.000 ms  reord  0.00%  rtt    0.00 ms        0 pkt  0 flow
  w3      0.000 Mbps (std  0.000)  jit   0.000 ms  reord  0.00%  rtt    0.00 ms        0 pkt  0 flow
  w4      0.033 Mbps (std  0.149)  jit   1.031 ms  reord  2.74%  rtt   62.63 ms       73 pkt  2 flow
  w5      0.121 Mbps (std  0.196)  jit  49.219 ms  reord  2.74%  rtt  619.74 ms      146 pkt  4 flow
  w6      0.119 Mbps (std  0.176)  jit  58.741 ms  reord  0.00%  rtt  662.27 ms      134 pkt  2 flow
  w7      1.324 Mbps (std  9.671)  jit  32.680 ms  reord  1.55%  rtt  432.75 ms    1,359 pkt  2 flow
  w8      0.117 Mbps (std  0.207)  jit  40.088 ms  reord  0.00%  rtt  753.91 ms      125 pkt  2 flow
  w9      0.121 Mbps (std  0.193)  jit  41.876 ms  reord  1.38%  rtt  590.83 ms      145 pkt  2 flow
  w10     0.124 Mbps (std  0.171)  jit  70.592 ms  reord  0.00%  rtt  604.76 ms      151 pkt  4 flow
  w11     0.126 Mbps (std  0.121)  jit 110.378 ms  reord  0.00%  rtt  745.55 ms      180 pkt  5 flow
  w12     1.965 Mbps (std 18.343)  jit  72.297 ms  reord  0.93%  rtt  608.75 ms    2,049 pkt  4 flow
  w13     0.122 Mbps (std  0.144)  jit  61.609 ms  reord  8.07%  rtt  547.62 ms      161 pkt  3 flow
  w14     0.083 Mbps (std  0.113)  jit  48.422 ms  reord  0.00%  rtt  595.02 ms      104 pkt  2 flow
  w15     0.220 Mbps (std  2.053)  jit   0.282 ms  reord  2.55%  rtt   42.87 ms      235 pkt  2 flow
  w16     0.086 Mbps (std  0.192)  jit  23.870 ms  reord  0.00%  rtt  530.45 ms       95 pkt  2 flow
  w17     0.000 Mbps (std  0.000)  jit   0.000 ms  reord  0.00%  rtt    0.00 ms        0 pkt  0 flow
  w18     0.000 Mbps (std  0.000)  jit   0.000 ms  reord  0.00%  rtt    0.00 ms        0 pkt  0 flow
  w19     0.087 Mbps (std  0.191)  jit  20.263 ms  reord  0.96%  rtt  589.71 ms      104 pkt  2 flow
  w20     1.087 Mbps (std  7.888)  jit  34.293 ms  reord  0.59%  rtt  417.63 ms    1,184 pkt  3 flow
  w21     0.122 Mbps (std  0.117)  jit  67.671 ms  reord  0.00%  rtt  594.65 ms      156 pkt  2 flow
  w22     0.121 Mbps (std  0.117)  jit  60.990 ms  reord  0.00%  rtt  557.67 ms      162 pkt  3 flow
  w23     0.019 Mbps (std  0.063)  jit  11.861 ms  reord  0.00%  rtt  596.20 ms       23 pkt  2 flow
  w24     0.102 Mbps (std  0.210)  jit  28.236 ms  reord  8.27%  rtt  452.03 ms      133 pkt  3 flow
  w25     0.125 Mbps (std  0.122)  jit  64.539 ms  reord  0.00%  rtt  553.17 ms      166 pkt  3 flow
  w26     0.007 Mbps (std  0.040)  jit   5.116 ms  reord  0.00%  rtt  599.01 ms        8 pkt  2 flow
  w27     0.000 Mbps (std  0.000)  jit   0.000 ms  reord  0.00%  rtt    0.00 ms        0 pkt  0 flow
  w28     0.119 Mbps (std  0.193)  jit  28.427 ms  reord  0.69%  rtt  442.76 ms      144 pkt  2 flow
  w29     0.069 Mbps (std  0.164)  jit  12.194 ms  reord  1.15%  rtt  351.90 ms       87 pkt  2 flow
  w30     0.144 Mbps (std  0.203)  jit  42.918 ms  reord  0.00%  rtt  521.75 ms      161 pkt  2 flow
  w31     0.098 Mbps (std  0.203)  jit  21.186 ms  reord  0.83%  rtt  433.40 ms      121 pkt  2 flow
  w32     1.169 Mbps (std  8.533)  jit  43.830 ms  reord  0.32%  rtt  306.86 ms    1,244 pkt  3 flow
  w33     0.501 Mbps (std  0.236)  jit  36.637 ms  reord  0.00%  rtt  227.84 ms      557 pkt  3 flow
  w34     0.366 Mbps (std  0.275)  jit  26.569 ms  reord  0.00%  rtt  202.89 ms      429 pkt  3 flow
  w35     0.000 Mbps (std  0.000)  jit   0.000 ms  reord  0.00%  rtt    0.00 ms        0 pkt  0 flow
  w36  (parsial, 1 cuplikan) 0.000 Mbps
>> selesai: 37 window -> qos_features.csv
>>          cuplikan mentah -> qos_samples.csv (untuk align_qos.py)
