>> run_id=CONT_s11_dynamic_RedBullPlayStreets | map=flows | poll=0.1s | window=10.0s -> qos_features.csv
>> menghitung SEMUA flow TCP yang lewat (Ctrl-C untuk berhenti)
>> XDP terpasang di eth0: prog id=1125
>> membaca 1 map bernama 'flows': id [316]
>> entri awal di map: 0  (0 = belum ada trafik TCP yang tertangkap)
  w0      0.000 Mbps (std  0.000)  jit   0.000 ms  reord  0.00%  rtt    0.00 ms        0 pkt  0 flow
  w1      0.000 Mbps (std  0.000)  jit   0.000 ms  reord  0.00%  rtt    0.00 ms        0 pkt  0 flow
  w2      0.000 Mbps (std  0.000)  jit   0.000 ms  reord  0.00%  rtt    0.00 ms        0 pkt  0 flow
  w3      0.000 Mbps (std  0.000)  jit   0.000 ms  reord  0.00%  rtt    0.00 ms        0 pkt  0 flow
  w4      0.100 Mbps (std  0.280)  jit   2.946 ms  reord  0.75%  rtt  178.57 ms      133 pkt  4 flow
  w5      0.671 Mbps (std  0.165)  jit  34.806 ms  reord  0.49%  rtt  138.86 ms      823 pkt  5 flow
  w6      0.667 Mbps (std  0.101)  jit  24.639 ms  reord  0.00%  rtt  104.10 ms      844 pkt  2 flow
  w7      0.462 Mbps (std  0.351)  jit  24.149 ms  reord  0.00%  rtt  111.64 ms      562 pkt  2 flow
  w8      0.377 Mbps (std  0.464)  jit  37.274 ms  reord  0.00%  rtt  129.29 ms      388 pkt  2 flow
  w9      0.246 Mbps (std  0.423)  jit  26.776 ms  reord  0.00%  rtt  115.87 ms      257 pkt  2 flow
  w10     0.841 Mbps (std  0.299)  jit  32.740 ms  reord  0.00%  rtt  143.53 ms      891 pkt  3 flow
  w11     2.104 Mbps (std 11.977)  jit  44.442 ms  reord  0.96%  rtt  152.34 ms    2,288 pkt  4 flow
  w12     0.703 Mbps (std  0.488)  jit  22.181 ms  reord  0.00%  rtt  103.58 ms      750 pkt  2 flow
  w13     0.637 Mbps (std  0.503)  jit  26.434 ms  reord  0.00%  rtt  137.15 ms      716 pkt  4 flow
  w14     2.057 Mbps (std  8.521)  jit  48.489 ms  reord  1.07%  rtt  165.51 ms    2,240 pkt  5 flow
  w15     0.891 Mbps (std  0.187)  jit  39.630 ms  reord  0.00%  rtt  148.77 ms      994 pkt  4 flow
  w16     0.394 Mbps (std  0.489)  jit  22.851 ms  reord  0.00%  rtt  129.76 ms      418 pkt  2 flow
  w17     0.400 Mbps (std  0.359)  jit  44.144 ms  reord  5.33%  rtt  195.09 ms      488 pkt  2 flow
  w18     0.406 Mbps (std  0.200)  jit  44.961 ms  reord  7.10%  rtt  241.91 ms      535 pkt  4 flow
  w19     0.409 Mbps (std  0.113)  jit  79.886 ms  reord  4.53%  rtt  273.78 ms      596 pkt  5 flow
  w20     0.425 Mbps (std  0.139)  jit  82.922 ms  reord  7.17%  rtt  261.72 ms      586 pkt  4 flow
  w21     0.406 Mbps (std  0.178)  jit  86.079 ms  reord  0.00%  rtt  253.36 ms      497 pkt  4 flow
  w22     0.123 Mbps (std  0.277)  jit  37.257 ms  reord  0.00%  rtt  139.06 ms      131 pkt  2 flow
  w23     0.226 Mbps (std  0.304)  jit  63.259 ms  reord  0.00%  rtt  207.75 ms      260 pkt  4 flow
  w24     0.625 Mbps (std  2.199)  jit  44.883 ms  reord  1.45%  rtt  222.17 ms      692 pkt  4 flow
  w25     0.369 Mbps (std  2.102)  jit   0.771 ms  reord  0.00%  rtt    0.73 ms      384 pkt  2 flow
  w26     0.243 Mbps (std  1.625)  jit   3.862 ms  reord  0.00%  rtt    1.77 ms      255 pkt  2 flow
  w27     4.630 Mbps (std 25.029)  jit   0.008 ms  reord  0.00%  rtt    0.37 ms    4,902 pkt  2 flow
  w28    37.172 Mbps (std 92.958)  jit   9.100 ms  reord  0.00%  rtt   78.78 ms   39,474 pkt  4 flow
  w29     1.207 Mbps (std  2.193)  jit  22.409 ms  reord  0.00%  rtt   87.41 ms    1,239 pkt  4 flow
  w30     0.000 Mbps (std  0.000)  jit   0.000 ms  reord  0.00%  rtt    0.00 ms        0 pkt  0 flow
  w31     0.000 Mbps (std  0.000)  jit   0.000 ms  reord  0.00%  rtt    0.00 ms        0 pkt  0 flow
  w32     0.382 Mbps (std  0.554)  jit   6.334 ms  reord  0.00%  rtt  119.60 ms      408 pkt  2 flow
  w33     0.687 Mbps (std  1.323)  jit  27.262 ms  reord  4.86%  rtt  163.20 ms      864 pkt  3 flow
  w34     0.089 Mbps (std  0.233)  jit  58.094 ms  reord  6.40%  rtt  238.72 ms      125 pkt  2 flow
  w35     0.000 Mbps (std  0.000)  jit   0.000 ms  reord  0.00%  rtt    0.00 ms        0 pkt  0 flow
  w36  (parsial, 20 cuplikan) 0.000 Mbps
>> selesai: 37 window -> qos_features.csv
>>          cuplikan mentah -> qos_samples.csv (untuk align_qos.py)
