>> run_id=CONT_s13_bola_OfForestAndMen | map=flows | poll=0.1s | window=10.0s -> qos_features.csv
>> menghitung SEMUA flow TCP yang lewat (Ctrl-C untuk berhenti)
>> XDP terpasang di eth0: prog id=500
>> membaca 1 map bernama 'flows': id [138]
>> entri awal di map: 0  (0 = belum ada trafik TCP yang tertangkap)
  w0      0.000 Mbps (std  0.000)  jit   0.000 ms  reord  0.00%  rtt    0.00 ms        0 pkt  0 flow
  w1      0.000 Mbps (std  0.000)  jit   0.000 ms  reord  0.00%  rtt    0.00 ms        0 pkt  0 flow
  w2      0.000 Mbps (std  0.000)  jit   0.000 ms  reord  0.00%  rtt    0.00 ms        0 pkt  0 flow
  w3      0.000 Mbps (std  0.000)  jit   0.000 ms  reord  0.00%  rtt    0.00 ms        0 pkt  0 flow
  w4      0.115 Mbps (std  0.301)  jit   3.774 ms  reord  0.00%  rtt  155.15 ms      152 pkt  4 flow
  w5      0.872 Mbps (std  3.763)  jit  41.350 ms  reord  3.91%  rtt  158.43 ms    1,022 pkt  5 flow
  w6      0.318 Mbps (std  0.207)  jit  44.117 ms  reord 17.76%  rtt  219.36 ms      501 pkt  4 flow
  w7      0.376 Mbps (std  0.196)  jit  40.307 ms  reord 11.65%  rtt  162.77 ms      558 pkt  2 flow
  w8      0.394 Mbps (std  0.249)  jit  40.411 ms  reord 12.82%  rtt  160.38 ms      585 pkt  4 flow
  w9      0.207 Mbps (std  0.180)  jit 124.006 ms  reord  5.76%  rtt  484.88 ms      278 pkt  4 flow
  w10     0.192 Mbps (std  0.139)  jit 139.255 ms  reord  0.41%  rtt  571.52 ms      246 pkt  4 flow
  w11     0.974 Mbps (std  6.544)  jit 109.768 ms  reord  1.88%  rtt  323.58 ms    1,064 pkt  4 flow
  w12     0.450 Mbps (std  0.194)  jit  41.550 ms  reord  0.00%  rtt  205.48 ms      490 pkt  2 flow
  w13     0.367 Mbps (std  0.268)  jit  40.781 ms  reord  0.24%  rtt  191.61 ms      410 pkt  4 flow
  w14     0.267 Mbps (std  0.303)  jit  49.228 ms  reord  0.00%  rtt  193.77 ms      285 pkt  2 flow
  w15     0.612 Mbps (std  0.434)  jit  47.675 ms  reord  1.12%  rtt  181.89 ms      716 pkt  4 flow
  w16     0.968 Mbps (std  0.180)  jit  47.726 ms  reord  0.00%  rtt  161.08 ms    1,161 pkt  5 flow
  w17     0.959 Mbps (std  0.170)  jit  48.627 ms  reord  0.00%  rtt  159.66 ms    1,149 pkt  5 flow
  w18     0.681 Mbps (std  0.522)  jit  31.357 ms  reord  0.27%  rtt  142.88 ms      737 pkt  4 flow
  w19     1.533 Mbps (std  4.102)  jit  40.398 ms  reord  2.21%  rtt  120.96 ms    1,719 pkt  4 flow
  w20     1.156 Mbps (std  0.426)  jit  16.421 ms  reord  0.00%  rtt   97.93 ms    1,200 pkt  2 flow
  w21     1.268 Mbps (std  0.217)  jit  14.582 ms  reord  0.00%  rtt   90.86 ms    1,323 pkt  4 flow
  w22     1.265 Mbps (std  0.286)  jit  40.103 ms  reord  0.00%  rtt  147.68 ms    1,408 pkt  5 flow
  w23     1.271 Mbps (std  0.269)  jit  39.235 ms  reord  0.00%  rtt  146.91 ms    1,422 pkt  6 flow
  w24     2.373 Mbps (std  9.482)  jit  25.337 ms  reord  0.63%  rtt  104.99 ms    2,555 pkt  4 flow
  w25     3.221 Mbps (std  0.372)  jit   5.609 ms  reord  0.68%  rtt   61.67 ms    3,835 pkt  2 flow
  w26     3.052 Mbps (std  0.751)  jit  12.625 ms  reord  0.12%  rtt   76.47 ms    3,223 pkt  4 flow
  w27     2.597 Mbps (std  1.262)  jit  12.547 ms  reord  0.04%  rtt   64.68 ms    2,791 pkt  4 flow
  w28     3.935 Mbps (std  6.284)  jit  11.775 ms  reord  0.28%  rtt   49.35 ms    4,289 pkt  6 flow
  w29     2.907 Mbps (std  0.448)  jit   6.522 ms  reord  0.00%  rtt   73.16 ms    2,908 pkt  2 flow
  w30     2.924 Mbps (std  0.410)  jit  16.400 ms  reord  0.03%  rtt   87.45 ms    3,176 pkt  5 flow
  w31     2.924 Mbps (std  0.361)  jit  18.054 ms  reord  0.00%  rtt   83.63 ms    3,221 pkt  5 flow
  w32     2.238 Mbps (std  1.251)  jit  10.768 ms  reord  0.20%  rtt   68.68 ms    2,461 pkt  4 flow
  w33     2.920 Mbps (std  0.445)  jit   6.635 ms  reord  0.26%  rtt   73.43 ms    3,137 pkt  2 flow
  w34     0.523 Mbps (std  1.131)  jit   1.509 ms  reord  0.18%  rtt   62.49 ms      555 pkt  2 flow
  w35  (parsial, 98 cuplikan) 0.000 Mbps
>> selesai: 36 window -> qos_features.csv
>>          cuplikan mentah -> qos_samples.csv (untuk align_qos.py)
