>> run_id=CONT_s8_l2a_BigBuckBunny | map=flows | poll=0.1s | window=10.0s -> qos_features.csv
>> menghitung SEMUA flow TCP yang lewat (Ctrl-C untuk berhenti)
>> XDP terpasang di eth0: prog id=893
>> membaca 1 map bernama 'flows': id [250]
>> entri awal di map: 0  (0 = belum ada trafik TCP yang tertangkap)
  w0      0.000 Mbps (std  0.000)  jit   0.000 ms  reord  0.00%  rtt    0.00 ms        0 pkt  0 flow
  w1      0.000 Mbps (std  0.000)  jit   0.000 ms  reord  0.00%  rtt    0.00 ms        0 pkt  0 flow
  w2      0.000 Mbps (std  0.000)  jit   0.000 ms  reord  0.00%  rtt    0.00 ms        0 pkt  0 flow
  w3      0.000 Mbps (std  0.000)  jit   0.000 ms  reord  0.00%  rtt    0.00 ms        0 pkt  0 flow
  w4      0.011 Mbps (std  0.044)  jit   2.204 ms  reord 11.90%  rtt  132.42 ms       42 pkt  3 flow
  w5      0.140 Mbps (std  0.143)  jit  54.953 ms  reord 17.89%  rtt  706.36 ms      246 pkt  4 flow
  w6      0.143 Mbps (std  0.111)  jit  52.312 ms  reord  6.51%  rtt  465.52 ms      215 pkt  2 flow
  w7      0.138 Mbps (std  0.134)  jit  49.337 ms  reord 15.81%  rtt  563.46 ms      215 pkt  2 flow
  w8      0.142 Mbps (std  0.073)  jit  34.025 ms  reord  1.78%  rtt  689.21 ms      225 pkt  2 flow
  w9      0.151 Mbps (std  0.225)  jit  44.369 ms  reord 13.46%  rtt  435.10 ms      208 pkt  2 flow
  w10     0.145 Mbps (std  0.179)  jit  61.626 ms  reord  0.00%  rtt  610.72 ms      165 pkt  2 flow
  w11     0.151 Mbps (std  0.217)  jit  55.509 ms  reord  1.12%  rtt  474.32 ms      178 pkt  4 flow
  w12     0.149 Mbps (std  0.141)  jit 148.893 ms  reord  0.51%  rtt  691.52 ms      197 pkt  4 flow
  w13     1.032 Mbps (std  8.123)  jit 102.447 ms  reord  1.22%  rtt  576.24 ms    1,069 pkt  4 flow
  w14     0.122 Mbps (std  0.206)  jit  49.983 ms  reord  0.00%  rtt  484.42 ms      134 pkt  2 flow
  w15     0.120 Mbps (std  0.228)  jit  42.300 ms  reord  0.00%  rtt  674.95 ms      130 pkt  2 flow
  w16     0.124 Mbps (std  0.237)  jit  38.179 ms  reord  0.00%  rtt  706.12 ms      130 pkt  2 flow
  w17     0.100 Mbps (std  0.266)  jit  39.867 ms  reord  0.00%  rtt  382.00 ms      106 pkt  2 flow
  w18     0.149 Mbps (std  0.242)  jit  59.141 ms  reord  4.42%  rtt  389.16 ms      181 pkt  4 flow
  w19     0.172 Mbps (std  0.107)  jit  91.630 ms  reord  1.27%  rtt  436.14 ms      236 pkt  4 flow
  w20     0.167 Mbps (std  0.109)  jit  71.244 ms  reord  0.00%  rtt  344.78 ms      216 pkt  2 flow
  w21     0.169 Mbps (std  0.111)  jit  69.776 ms  reord  0.00%  rtt  374.96 ms      221 pkt  4 flow
  w22     0.184 Mbps (std  0.196)  jit 102.743 ms  reord  1.29%  rtt  553.97 ms      233 pkt  4 flow
  w23     0.364 Mbps (std  0.209)  jit  45.837 ms  reord  0.00%  rtt  227.63 ms      402 pkt  2 flow
  w24     0.360 Mbps (std  0.230)  jit  47.733 ms  reord  0.00%  rtt  255.00 ms      401 pkt  4 flow
  w25     1.713 Mbps (std 14.170)  jit 109.042 ms  reord  1.27%  rtt  330.83 ms    1,810 pkt  4 flow
  w26     0.159 Mbps (std  0.147)  jit 127.021 ms  reord  0.49%  rtt  654.18 ms      204 pkt  4 flow
  w27     0.156 Mbps (std  0.139)  jit 119.268 ms  reord  0.00%  rtt  607.99 ms      208 pkt  3 flow
  w28     1.248 Mbps (std 10.754)  jit 149.405 ms  reord  1.56%  rtt  568.09 ms    1,343 pkt  3 flow
  w29     0.141 Mbps (std  0.223)  jit  77.152 ms  reord  0.00%  rtt  232.40 ms      174 pkt  4 flow
  w30     0.242 Mbps (std  0.110)  jit 141.685 ms  reord  0.00%  rtt  468.83 ms      301 pkt  4 flow
  w31     0.246 Mbps (std  0.233)  jit  82.804 ms  reord  0.34%  rtt  355.70 ms      295 pkt  4 flow
  w32     1.150 Mbps (std  8.319)  jit  90.015 ms  reord  2.15%  rtt  475.80 ms    1,302 pkt  5 flow
  w33     0.169 Mbps (std  0.196)  jit  54.995 ms  reord  7.38%  rtt  255.62 ms      244 pkt  2 flow
  w34     0.227 Mbps (std  0.157)  jit  61.168 ms  reord 13.60%  rtt  540.33 ms      353 pkt  4 flow
  w35     0.036 Mbps (std  0.082)  jit   3.040 ms  reord  3.57%  rtt  411.47 ms       56 pkt  2 flow
  w36  (parsial, 17 cuplikan) 0.000 Mbps
>> selesai: 37 window -> qos_features.csv
>>          cuplikan mentah -> qos_samples.csv (untuk align_qos.py)
