>> run_id=CONT_s5_dynamic_TheSwissAccount | map=flows | poll=0.1s | window=10.0s -> qos_features.csv
>> menghitung SEMUA flow TCP yang lewat (Ctrl-C untuk berhenti)
>> XDP terpasang di eth0: prog id=2042
>> membaca 1 map bernama 'flows': id [578]
>> entri awal di map: 0  (0 = belum ada trafik TCP yang tertangkap)
  w0      0.000 Mbps (std  0.000)  jit   0.000 ms  reord  0.00%  rtt    0.00 ms        0 pkt  0 flow
  w1      0.000 Mbps (std  0.000)  jit   0.000 ms  reord  0.00%  rtt    0.00 ms        0 pkt  0 flow
  w2      0.000 Mbps (std  0.000)  jit   0.000 ms  reord  0.00%  rtt    0.00 ms        0 pkt  0 flow
  w3      0.000 Mbps (std  0.000)  jit   0.000 ms  reord  0.00%  rtt    0.00 ms        0 pkt  0 flow
  w4      0.336 Mbps (std  0.812)  jit   1.290 ms  reord  0.00%  rtt   78.36 ms      367 pkt  4 flow
  w5      2.192 Mbps (std  0.325)  jit  13.090 ms  reord  0.18%  rtt   81.86 ms    2,241 pkt  5 flow
  w6      1.378 Mbps (std  1.041)  jit   9.628 ms  reord  0.57%  rtt   82.18 ms    1,392 pkt  2 flow
  w7      0.709 Mbps (std  0.748)  jit  25.504 ms  reord  3.29%  rtt   92.58 ms      820 pkt  2 flow
  w8      0.906 Mbps (std  0.701)  jit  16.624 ms  reord  2.14%  rtt  103.97 ms    1,074 pkt  2 flow
  w9      0.679 Mbps (std  0.358)  jit  27.068 ms  reord 17.13%  rtt   81.32 ms    1,010 pkt  4 flow
  w10     0.582 Mbps (std  0.255)  jit  23.586 ms  reord 16.65%  rtt   47.19 ms      901 pkt  4 flow
  w11     0.700 Mbps (std  0.112)  jit  31.451 ms  reord 14.25%  rtt   96.07 ms    1,060 pkt  5 flow
  w12     0.698 Mbps (std  0.074)  jit  27.919 ms  reord 15.87%  rtt   76.13 ms    1,065 pkt  7 flow
  w13     0.609 Mbps (std  0.208)  jit  27.865 ms  reord 15.73%  rtt   60.05 ms      928 pkt  4 flow
  w14     0.301 Mbps (std  1.033)  jit  21.541 ms  reord 11.34%  rtt   55.58 ms      397 pkt  2 flow
  w15     0.226 Mbps (std  0.282)  jit  69.464 ms  reord  0.37%  rtt  229.60 ms      269 pkt  3 flow
  w16     0.372 Mbps (std  0.141)  jit 116.601 ms  reord  0.22%  rtt  283.23 ms      465 pkt  4 flow
  w17     0.365 Mbps (std  0.111)  jit 125.532 ms  reord  0.00%  rtt  351.13 ms      437 pkt  4 flow
  w18     0.200 Mbps (std  0.179)  jit  77.396 ms  reord  1.97%  rtt  442.18 ms      254 pkt  4 flow
  w19     0.190 Mbps (std  0.147)  jit 136.333 ms  reord  0.00%  rtt  650.06 ms      237 pkt  3 flow
  w20     0.192 Mbps (std  0.162)  jit 120.198 ms  reord  0.00%  rtt  509.72 ms      229 pkt  3 flow
  w21     0.259 Mbps (std  1.446)  jit  36.402 ms  reord  2.47%  rtt  184.72 ms      283 pkt  2 flow
  w22     0.475 Mbps (std  0.235)  jit  48.207 ms  reord  0.00%  rtt  227.00 ms      498 pkt  2 flow
  w23     0.761 Mbps (std  1.901)  jit  42.041 ms  reord  1.44%  rtt  192.05 ms      836 pkt  4 flow
  w24     0.477 Mbps (std  0.527)  jit  26.129 ms  reord  0.00%  rtt   98.37 ms      569 pkt  4 flow
  w25     0.976 Mbps (std  0.143)  jit  56.315 ms  reord  0.00%  rtt  137.26 ms    1,187 pkt  5 flow
  w26     0.977 Mbps (std  0.145)  jit  33.298 ms  reord  0.00%  rtt  103.49 ms    1,150 pkt  4 flow
  w27     0.597 Mbps (std  1.959)  jit  11.950 ms  reord  0.00%  rtt   89.40 ms      652 pkt  2 flow
  w28     2.302 Mbps (std  0.430)  jit  23.006 ms  reord  0.04%  rtt   58.00 ms    2,695 pkt  6 flow
  w29     2.364 Mbps (std  0.192)  jit  11.218 ms  reord  0.00%  rtt   56.48 ms    2,494 pkt  4 flow
  w30     2.369 Mbps (std  0.190)  jit   9.084 ms  reord  0.00%  rtt   52.54 ms    2,503 pkt  4 flow
  w31     5.721 Mbps (std 23.698)  jit   9.902 ms  reord  0.23%  rtt  109.50 ms    6,048 pkt  5 flow
  w32     2.629 Mbps (std  6.645)  jit  12.014 ms  reord  0.00%  rtt   96.51 ms    2,823 pkt  4 flow
  w33     3.302 Mbps (std 16.124)  jit  27.650 ms  reord  0.00%  rtt   87.58 ms    3,547 pkt  4 flow
  w34     0.630 Mbps (std  2.268)  jit   3.859 ms  reord  0.00%  rtt   90.64 ms      684 pkt  4 flow
  w35     0.000 Mbps (std  0.000)  jit   0.000 ms  reord  0.00%  rtt    0.00 ms        0 pkt  0 flow
  w36  (parsial, 2 cuplikan) 0.000 Mbps
>> selesai: 37 window -> qos_features.csv
>>          cuplikan mentah -> qos_samples.csv (untuk align_qos.py)
