>> run_id=CONT_s9_throughput_TearsOfSteel | map=flows | poll=0.1s | window=10.0s -> qos_features.csv
>> menghitung SEMUA flow TCP yang lewat (Ctrl-C untuk berhenti)
>> XDP terpasang di eth0: prog id=1713
>> membaca 1 map bernama 'flows': id [484]
>> entri awal di map: 0  (0 = belum ada trafik TCP yang tertangkap)
  w0      0.000 Mbps (std  0.000)  jit   0.000 ms  reord  0.00%  rtt    0.00 ms        0 pkt  0 flow
  w1      0.000 Mbps (std  0.000)  jit   0.000 ms  reord  0.00%  rtt    0.00 ms        0 pkt  0 flow
  w2      0.000 Mbps (std  0.000)  jit   0.000 ms  reord  0.00%  rtt    0.00 ms        0 pkt  0 flow
  w3      0.000 Mbps (std  0.000)  jit   0.000 ms  reord  0.00%  rtt    0.00 ms        0 pkt  0 flow
  w4      0.174 Mbps (std  0.419)  jit   2.873 ms  reord  0.00%  rtt  106.14 ms      215 pkt  4 flow
  w5      1.067 Mbps (std  0.159)  jit  54.687 ms  reord  0.30%  rtt  159.85 ms    1,351 pkt  10 flow
  w6      2.319 Mbps (std  9.047)  jit  57.252 ms  reord  0.91%  rtt  151.76 ms    2,648 pkt  6 flow
  w7      1.215 Mbps (std  0.181)  jit  48.696 ms  reord  0.00%  rtt  104.29 ms    1,353 pkt  4 flow
  w8      1.164 Mbps (std  0.322)  jit  38.022 ms  reord  0.00%  rtt  109.00 ms    1,263 pkt  4 flow
  w9      0.661 Mbps (std  0.651)  jit  31.903 ms  reord  0.43%  rtt  110.07 ms      691 pkt  4 flow
  w10     1.159 Mbps (std  0.327)  jit 144.144 ms  reord  0.23%  rtt  121.16 ms    1,281 pkt  5 flow
  w11     1.430 Mbps (std  2.131)  jit  51.427 ms  reord  0.68%  rtt  100.09 ms    1,479 pkt  8 flow
  w12     2.081 Mbps (std  1.308)  jit  16.695 ms  reord  1.23%  rtt   70.01 ms    2,191 pkt  4 flow
  w13     2.866 Mbps (std  0.278)  jit  15.959 ms  reord  0.03%  rtt   60.02 ms    3,349 pkt  6 flow
  w14     2.890 Mbps (std  8.008)  jit  18.894 ms  reord  2.21%  rtt   61.54 ms    3,347 pkt  4 flow
  w15     1.020 Mbps (std  0.688)  jit  17.598 ms  reord  0.00%  rtt   92.29 ms    1,055 pkt  2 flow
  w16     1.114 Mbps (std  0.617)  jit  17.497 ms  reord  0.09%  rtt   90.65 ms    1,170 pkt  4 flow
  w17     1.408 Mbps (std  0.115)  jit 112.693 ms  reord  0.18%  rtt  102.44 ms    1,642 pkt  7 flow
  w18     0.902 Mbps (std  0.714)  jit  24.937 ms  reord  0.00%  rtt   91.25 ms      962 pkt  4 flow
  w19     0.638 Mbps (std  0.585)  jit  82.055 ms  reord  9.39%  rtt   93.41 ms      788 pkt  4 flow
  w20     0.572 Mbps (std  0.274)  jit 110.614 ms  reord 13.43%  rtt   95.62 ms      834 pkt  4 flow
  w21     0.815 Mbps (std  0.376)  jit  56.471 ms  reord 13.13%  rtt   96.44 ms    1,158 pkt  4 flow
  w22     0.699 Mbps (std  1.266)  jit  21.383 ms  reord  5.66%  rtt   73.17 ms      865 pkt  4 flow
  w23     0.482 Mbps (std  1.397)  jit   8.269 ms  reord  0.00%  rtt   26.81 ms      526 pkt  2 flow
  w24     4.303 Mbps (std  1.794)  jit   6.514 ms  reord  0.33%  rtt   50.37 ms    5,506 pkt  4 flow
  w25     5.008 Mbps (std  0.378)  jit  24.614 ms  reord  0.23%  rtt   47.37 ms    5,693 pkt  4 flow
  w26     2.156 Mbps (std  2.413)  jit   5.922 ms  reord  0.16%  rtt   31.95 ms    2,535 pkt  4 flow
  w27     2.711 Mbps (std  2.364)  jit  11.403 ms  reord  1.27%  rtt   56.93 ms    3,077 pkt  4 flow
  w28     6.011 Mbps (std  0.359)  jit  20.583 ms  reord  0.26%  rtt   45.87 ms    6,647 pkt  7 flow
  w29     4.956 Mbps (std  2.275)  jit   6.742 ms  reord  0.14%  rtt   27.03 ms    5,869 pkt  6 flow
  w30     3.539 Mbps (std  2.788)  jit   3.078 ms  reord  0.07%  rtt   39.74 ms    4,495 pkt  4 flow
  w31     4.833 Mbps (std  8.575)  jit  30.957 ms  reord  1.80%  rtt   57.54 ms    5,596 pkt  5 flow
  w32     2.396 Mbps (std  1.337)  jit  19.190 ms  reord  1.90%  rtt   76.21 ms    3,060 pkt  6 flow
  w33     0.151 Mbps (std  0.661)  jit  24.726 ms  reord  0.00%  rtt   56.23 ms      194 pkt  4 flow
  w34     0.000 Mbps (std  0.000)  jit   0.000 ms  reord  0.00%  rtt    0.00 ms        0 pkt  0 flow
  w35  (parsial, 88 cuplikan) 0.000 Mbps
>> selesai: 36 window -> qos_features.csv
>>          cuplikan mentah -> qos_samples.csv (untuk align_qos.py)
