>> run_id=CONT_s1_throughput_TearsOfSteel | map=flows | poll=0.1s | window=10.0s -> qos_features.csv
>> menghitung SEMUA flow TCP yang lewat (Ctrl-C untuk berhenti)
>> XDP terpasang di eth0: prog id=1769
>> membaca 1 map bernama 'flows': id [500]
>> entri awal di map: 0  (0 = belum ada trafik TCP yang tertangkap)
  w0      0.000 Mbps (std  0.000)  jit   0.000 ms  reord  0.00%  rtt    0.00 ms        0 pkt  0 flow
  w1      0.000 Mbps (std  0.000)  jit   0.000 ms  reord  0.00%  rtt    0.00 ms        0 pkt  0 flow
  w2      0.000 Mbps (std  0.000)  jit   0.000 ms  reord  0.00%  rtt    0.00 ms        0 pkt  0 flow
  w3      0.000 Mbps (std  0.000)  jit   0.000 ms  reord  0.00%  rtt    0.00 ms        0 pkt  0 flow
  w4     12.480 Mbps (std 59.999)  jit   0.574 ms  reord  0.01%  rtt   32.07 ms   13,117 pkt  6 flow
  w5     58.327 Mbps (std 116.569)  jit   7.264 ms  reord  0.00%  rtt   50.10 ms   61,069 pkt  6 flow
  w6     12.592 Mbps (std 54.715)  jit   0.305 ms  reord  0.00%  rtt    0.38 ms   13,172 pkt  2 flow
  w7     12.606 Mbps (std 54.114)  jit   0.144 ms  reord  0.00%  rtt    0.31 ms   13,212 pkt  2 flow
  w8      8.099 Mbps (std 41.322)  jit   5.516 ms  reord  0.01%  rtt   63.87 ms    8,464 pkt  2 flow
  w9      0.233 Mbps (std  0.256)  jit  88.797 ms  reord  0.40%  rtt  374.12 ms      247 pkt  3 flow
  w10     0.239 Mbps (std  0.263)  jit  73.228 ms  reord  0.00%  rtt  508.77 ms      274 pkt  5 flow
  w11     1.482 Mbps (std 10.076)  jit 168.115 ms  reord  5.76%  rtt  466.75 ms    1,685 pkt  6 flow
  w12     0.280 Mbps (std  0.127)  jit  91.064 ms  reord  5.44%  rtt  421.97 ms      386 pkt  4 flow
  w13     0.296 Mbps (std  0.124)  jit  33.304 ms  reord 10.46%  rtt  409.74 ms      459 pkt  5 flow
  w14     0.293 Mbps (std  0.088)  jit 117.133 ms  reord  8.66%  rtt  414.25 ms      439 pkt  4 flow
  w15     0.292 Mbps (std  0.084)  jit 120.129 ms  reord  5.08%  rtt  393.72 ms      433 pkt  6 flow
  w16     0.684 Mbps (std  0.282)  jit 103.445 ms  reord  4.31%  rtt  215.43 ms      904 pkt  6 flow
  w17     0.805 Mbps (std  0.208)  jit  56.973 ms  reord  0.70%  rtt  146.49 ms      998 pkt  4 flow
  w18     0.678 Mbps (std  0.579)  jit  27.314 ms  reord  0.00%  rtt  114.28 ms      716 pkt  2 flow
  w19     1.372 Mbps (std  0.251)  jit  62.888 ms  reord  0.07%  rtt  115.51 ms    1,536 pkt  6 flow
  w20     1.372 Mbps (std  0.154)  jit  57.736 ms  reord  0.00%  rtt  118.87 ms    1,629 pkt  7 flow
  w21     1.376 Mbps (std  0.156)  jit  46.794 ms  reord  0.06%  rtt  121.75 ms    1,645 pkt  6 flow
  w22     1.075 Mbps (std  0.617)  jit  28.696 ms  reord  0.00%  rtt  104.50 ms    1,217 pkt  6 flow
  w23     1.629 Mbps (std  5.714)  jit  79.720 ms  reord  1.47%  rtt  111.05 ms    1,771 pkt  4 flow
  w24     0.812 Mbps (std  0.237)  jit  62.298 ms  reord  0.22%  rtt  136.61 ms      925 pkt  5 flow
  w25     0.832 Mbps (std  0.113)  jit  61.725 ms  reord  0.00%  rtt  107.25 ms    1,058 pkt  4 flow
  w26     0.831 Mbps (std  0.128)  jit  65.553 ms  reord  0.00%  rtt  173.68 ms    1,036 pkt  6 flow
  w27     0.833 Mbps (std  0.129)  jit  72.740 ms  reord  0.00%  rtt  196.37 ms    1,045 pkt  7 flow
  w28     0.627 Mbps (std  0.409)  jit  48.742 ms  reord  0.00%  rtt  126.63 ms      758 pkt  6 flow
  w29     0.516 Mbps (std  0.736)  jit  22.763 ms  reord  0.00%  rtt   97.58 ms      544 pkt  2 flow
  w30     1.536 Mbps (std  0.718)  jit  17.389 ms  reord  0.00%  rtt   90.78 ms    1,663 pkt  4 flow
  w31     1.839 Mbps (std  0.146)  jit  85.155 ms  reord  0.00%  rtt  103.60 ms    2,224 pkt  7 flow
  w32     1.748 Mbps (std  0.450)  jit  36.813 ms  reord  0.00%  rtt   91.12 ms    2,081 pkt  6 flow
  w33     0.191 Mbps (std  0.575)  jit  27.457 ms  reord  0.00%  rtt   64.80 ms      216 pkt  4 flow
  w34     0.000 Mbps (std  0.000)  jit   0.000 ms  reord  0.00%  rtt    0.00 ms        0 pkt  0 flow
  w35  (parsial, 89 cuplikan) 0.000 Mbps
>> selesai: 36 window -> qos_features.csv
>>          cuplikan mentah -> qos_samples.csv (untuk align_qos.py)
