>> run_id=CONT_s12_throughput_OfForestAndMen | map=flows | poll=0.1s | window=10.0s -> qos_features.csv
>> menghitung SEMUA flow TCP yang lewat (Ctrl-C untuk berhenti)
>> XDP terpasang di eth0: prog id=374
>> membaca 1 map bernama 'flows': id [102]
>> entri awal di map: 0  (0 = belum ada trafik TCP yang tertangkap)
  w0      0.000 Mbps (std  0.000)  jit   0.000 ms  reord  0.00%  rtt    0.00 ms        0 pkt  0 flow
  w1      0.000 Mbps (std  0.000)  jit   0.000 ms  reord  0.00%  rtt    0.00 ms        0 pkt  0 flow
  w2      0.000 Mbps (std  0.000)  jit   0.000 ms  reord  0.00%  rtt    0.00 ms        0 pkt  0 flow
  w3      0.000 Mbps (std  0.000)  jit   0.000 ms  reord  0.00%  rtt    0.00 ms        0 pkt  0 flow
  w4      0.038 Mbps (std  0.160)  jit   1.948 ms  reord  1.30%  rtt  133.37 ms       77 pkt  3 flow
  w5      0.202 Mbps (std  0.195)  jit  65.591 ms  reord  1.45%  rtt  454.02 ms      276 pkt  7 flow
  w6      0.204 Mbps (std  0.087)  jit 170.597 ms  reord  0.00%  rtt  592.61 ms      266 pkt  4 flow
  w7      1.372 Mbps (std  8.599)  jit 137.394 ms  reord  2.53%  rtt  390.34 ms    1,465 pkt  4 flow
  w8      0.409 Mbps (std  0.094)  jit  63.851 ms  reord 13.33%  rtt  119.52 ms      615 pkt  6 flow
  w9      0.408 Mbps (std  0.083)  jit  81.352 ms  reord 11.56%  rtt  164.99 ms      614 pkt  5 flow
  w10     0.412 Mbps (std  0.093)  jit  68.847 ms  reord  8.14%  rtt  216.59 ms      614 pkt  5 flow
  w11     0.266 Mbps (std  0.265)  jit  58.121 ms  reord 11.31%  rtt  145.55 ms      398 pkt  4 flow
  w12     0.104 Mbps (std  0.244)  jit  50.165 ms  reord  0.00%  rtt  265.30 ms      113 pkt  2 flow
  w13     0.147 Mbps (std  0.243)  jit  59.506 ms  reord  0.62%  rtt  405.49 ms      160 pkt  2 flow
  w14     0.182 Mbps (std  0.225)  jit  47.584 ms  reord  0.00%  rtt  400.98 ms      203 pkt  2 flow
  w15     0.177 Mbps (std  0.217)  jit  48.862 ms  reord  0.00%  rtt  405.48 ms      198 pkt  2 flow
  w16     0.322 Mbps (std  1.013)  jit  56.561 ms  reord  3.54%  rtt  357.51 ms      367 pkt  4 flow
  w17     0.263 Mbps (std  0.141)  jit 126.111 ms  reord  0.00%  rtt  330.29 ms      337 pkt  5 flow
  w18     0.222 Mbps (std  0.254)  jit  53.446 ms  reord  1.10%  rtt  258.71 ms      272 pkt  4 flow
  w19     3.213 Mbps (std 11.179)  jit  51.118 ms  reord  0.30%  rtt  195.32 ms    3,333 pkt  4 flow
  w20     2.115 Mbps (std  4.335)  jit  15.093 ms  reord  0.00%  rtt   88.81 ms    2,197 pkt  4 flow
  w21     0.560 Mbps (std  3.184)  jit  28.801 ms  reord  0.17%  rtt 11253.51 ms      596 pkt  2 flow
  w22     0.125 Mbps (std  0.206)  jit 503.260 ms  reord  1.94%  rtt  441.89 ms      155 pkt  3 flow
  w23     0.159 Mbps (std  0.110)  jit 181.889 ms  reord  0.00%  rtt  399.35 ms      208 pkt  2 flow
  w24     1.474 Mbps (std 12.678)  jit  69.854 ms  reord  0.82%  rtt  430.79 ms    1,593 pkt  4 flow
  w25     0.112 Mbps (std  0.139)  jit  73.369 ms  reord 13.97%  rtt  313.49 ms      179 pkt  2 flow
  w26     0.117 Mbps (std  0.180)  jit  66.783 ms  reord  9.47%  rtt  313.62 ms      190 pkt  3 flow
  w27     0.128 Mbps (std  0.057)  jit 172.206 ms  reord 16.59%  rtt  799.30 ms      211 pkt  4 flow
  w28     0.120 Mbps (std  0.121)  jit 107.554 ms  reord  7.33%  rtt  253.74 ms      191 pkt  2 flow
  w29     0.040 Mbps (std  0.108)  jit  61.748 ms  reord 11.67%  rtt  121.40 ms       60 pkt  2 flow
  w30     0.078 Mbps (std  0.208)  jit  85.080 ms  reord  0.00%  rtt  287.61 ms       97 pkt  2 flow
  w31     0.126 Mbps (std  0.149)  jit  66.861 ms  reord  0.00%  rtt  459.04 ms      173 pkt  4 flow
  w32     0.124 Mbps (std  0.115)  jit  72.466 ms  reord  0.00%  rtt  452.35 ms      163 pkt  2 flow
  w33     0.115 Mbps (std  0.115)  jit  84.975 ms  reord  0.00%  rtt  435.67 ms      154 pkt  3 flow
  w34     0.000 Mbps (std  0.000)  jit   0.000 ms  reord  0.00%  rtt    0.00 ms        0 pkt  0 flow
  w35  (parsial, 91 cuplikan) 0.000 Mbps
>> selesai: 36 window -> qos_features.csv
>>          cuplikan mentah -> qos_samples.csv (untuk align_qos.py)
