>> run_id=CONT_s2_l2a_BigBuckBunny | map=flows | poll=0.1s | window=10.0s -> qos_features.csv
>> menghitung SEMUA flow TCP yang lewat (Ctrl-C untuk berhenti)
>> XDP terpasang di eth0: prog id=22
>> membaca 1 map bernama 'flows': id [2]
>> entri awal di map: 518  (0 = belum ada trafik TCP yang tertangkap)
  w0      0.000 Mbps (std  0.000)  jit   0.000 ms  reord  0.00%  rtt    0.00 ms        0 pkt  0 flow
  w1      0.000 Mbps (std  0.000)  jit   0.000 ms  reord  0.00%  rtt    0.00 ms        0 pkt  0 flow
  w2      0.000 Mbps (std  0.000)  jit   0.000 ms  reord  0.00%  rtt    0.00 ms        0 pkt  0 flow
  w3      2.757 Mbps (std  2.915)  jit   2.848 ms  reord  1.36%  rtt   59.82 ms    4,689 pkt  6 flow
  w4      6.036 Mbps (std  0.196)  jit   4.052 ms  reord  0.10%  rtt   44.13 ms   10,224 pkt  4 flow
  w5      6.053 Mbps (std  0.113)  jit   0.209 ms  reord  0.09%  rtt   33.84 ms   10,882 pkt  2 flow
  w6      6.180 Mbps (std  9.310)  jit   1.837 ms  reord  0.57%  rtt   42.59 ms   10,437 pkt  2 flow
  w7      3.218 Mbps (std  0.312)  jit   5.609 ms  reord  0.02%  rtt   67.07 ms    4,564 pkt  2 flow
  w8      3.231 Mbps (std  0.302)  jit   8.695 ms  reord  0.95%  rtt   69.36 ms    4,929 pkt  4 flow
  w9      3.901 Mbps (std  4.294)  jit   5.412 ms  reord  0.30%  rtt   62.65 ms    5,583 pkt  2 flow
  w10     3.355 Mbps (std  0.267)  jit  13.094 ms  reord  0.78%  rtt   69.35 ms    5,144 pkt  5 flow
  w11     3.218 Mbps (std  0.602)  jit  15.045 ms  reord  0.16%  rtt   63.93 ms    4,859 pkt  6 flow
  w12     4.387 Mbps (std  3.573)  jit  13.632 ms  reord  0.37%  rtt   71.26 ms    6,672 pkt  6 flow
  w13     6.075 Mbps (std  0.247)  jit   5.118 ms  reord  0.25%  rtt   47.36 ms   11,319 pkt  5 flow
  w14     6.132 Mbps (std  0.167)  jit   0.906 ms  reord  0.36%  rtt   33.59 ms   12,645 pkt  2 flow
  w15     6.003 Mbps (std  0.221)  jit   7.487 ms  reord  0.00%  rtt   28.42 ms    9,287 pkt  6 flow
  w16     3.545 Mbps (std  6.627)  jit  15.386 ms  reord  4.08%  rtt   38.52 ms    5,657 pkt  4 flow
  w17     0.684 Mbps (std  1.616)  jit  26.447 ms  reord 27.75%  rtt   63.68 ms    1,557 pkt  4 flow
  w18     1.683 Mbps (std  1.797)  jit  21.401 ms  reord 25.22%  rtt   55.48 ms    3,735 pkt  4 flow
  w19     2.201 Mbps (std  2.602)  jit  12.555 ms  reord  5.43%  rtt   39.84 ms    4,048 pkt  4 flow
  w20     6.061 Mbps (std  0.216)  jit   1.093 ms  reord  0.18%  rtt   36.85 ms   10,972 pkt  2 flow
  w21     6.931 Mbps (std  5.832)  jit   0.745 ms  reord  0.47%  rtt   34.76 ms   13,549 pkt  2 flow
  w22     3.791 Mbps (std  2.877)  jit   7.565 ms  reord  0.00%  rtt   19.62 ms    5,597 pkt  2 flow
  w23     0.679 Mbps (std  1.418)  jit   3.320 ms  reord  1.43%  rtt   60.28 ms    1,189 pkt  2 flow
  w24     0.000 Mbps (std  0.001)  jit  21.101 ms  reord  0.00%  rtt    0.62 ms        3 pkt  2 flow
  w25  (parsial, 52 cuplikan) 0.000 Mbps
>> selesai: 26 window -> qos_features.csv
>>          cuplikan mentah -> qos_samples.csv (untuk align_qos.py)
