>> run_id=CONT_s8_dynamic_RedBullPlayStreets | map=flows | poll=0.1s | window=10.0s -> qos_features.csv
>> menghitung SEMUA flow TCP yang lewat (Ctrl-C untuk berhenti)
>> XDP terpasang di eth0: prog id=7341
>> membaca 1 map bernama 'flows': id [1813]
>> entri awal di map: 0  (0 = belum ada trafik TCP yang tertangkap)
  w0      0.001 Mbps (std  0.002)  jit   0.023 ms  reord  0.00%  rtt    0.00 ms        5 pkt  1 flow
  w1      0.001 Mbps (std  0.002)  jit   0.097 ms  reord  0.00%  rtt    0.00 ms        5 pkt  1 flow
  w2      0.001 Mbps (std  0.002)  jit   0.146 ms  reord  0.00%  rtt    0.00 ms        5 pkt  1 flow
  w3      0.001 Mbps (std  0.002)  jit   0.141 ms  reord  0.00%  rtt    0.00 ms        5 pkt  1 flow
  w4      0.013 Mbps (std  0.056)  jit   1.854 ms  reord  0.00%  rtt    0.00 ms       46 pkt  4 flow
  w5      0.147 Mbps (std  0.217)  jit  53.327 ms  reord  0.00%  rtt    0.00 ms      274 pkt  5 flow
  w6      0.139 Mbps (std  0.186)  jit  62.668 ms  reord  0.00%  rtt    0.00 ms      230 pkt  3 flow
  w7      0.128 Mbps (std  0.237)  jit  60.154 ms  reord  0.00%  rtt    0.00 ms      182 pkt  3 flow
  w8      0.139 Mbps (std  0.304)  jit  57.337 ms  reord  0.00%  rtt    0.00 ms      187 pkt  3 flow
  w9      0.118 Mbps (std  0.232)  jit  66.458 ms  reord  0.00%  rtt    0.00 ms      182 pkt  3 flow
  w10     0.139 Mbps (std  0.232)  jit  39.997 ms  reord  0.00%  rtt    0.00 ms      215 pkt  3 flow
  w11     0.157 Mbps (std  0.187)  jit  53.728 ms  reord  0.00%  rtt    0.00 ms      276 pkt  5 flow
  w12     0.147 Mbps (std  0.136)  jit 142.925 ms  reord  0.00%  rtt    0.00 ms      230 pkt  3 flow
  w13     1.484 Mbps (std 13.522)  jit  82.483 ms  reord  0.00%  rtt    0.00 ms    1,560 pkt  3 flow
  w14     0.125 Mbps (std  0.182)  jit 112.035 ms  reord  0.00%  rtt    0.00 ms      204 pkt  3 flow
  w15     0.118 Mbps (std  0.151)  jit  55.662 ms  reord  0.00%  rtt    0.00 ms      204 pkt  3 flow
  w16     0.130 Mbps (std  0.172)  jit  54.367 ms  reord  0.00%  rtt    0.00 ms      217 pkt  3 flow
  w17     0.121 Mbps (std  0.175)  jit  50.870 ms  reord  0.00%  rtt    0.00 ms      197 pkt  3 flow
  w18     0.157 Mbps (std  0.263)  jit  42.343 ms  reord  0.00%  rtt    0.00 ms      246 pkt  3 flow
  w19     0.167 Mbps (std  0.208)  jit  73.337 ms  reord  0.00%  rtt    0.00 ms      245 pkt  4 flow
  w20     0.172 Mbps (std  0.251)  jit  50.818 ms  reord  0.00%  rtt    0.00 ms      264 pkt  3 flow
  w21     0.127 Mbps (std  0.225)  jit  47.579 ms  reord  0.00%  rtt    0.00 ms      218 pkt  4 flow
  w22     0.194 Mbps (std  0.320)  jit  67.979 ms  reord  0.00%  rtt    0.00 ms      260 pkt  4 flow
  w23     0.322 Mbps (std  0.329)  jit  35.878 ms  reord  0.00%  rtt    0.00 ms      452 pkt  3 flow
  w24     0.366 Mbps (std  0.294)  jit  34.184 ms  reord  0.00%  rtt    0.00 ms      555 pkt  4 flow
  w25     1.966 Mbps (std 16.547)  jit  83.141 ms  reord  0.00%  rtt    0.00 ms    2,115 pkt  4 flow
  w26     0.155 Mbps (std  0.151)  jit 113.876 ms  reord  0.00%  rtt    0.00 ms      230 pkt  5 flow
  w27     0.161 Mbps (std  0.152)  jit 123.997 ms  reord  0.00%  rtt    0.00 ms      254 pkt  5 flow
  w28     0.140 Mbps (std  0.144)  jit 126.015 ms  reord  0.00%  rtt    0.00 ms      202 pkt  4 flow
  w29     0.243 Mbps (std  0.294)  jit  40.666 ms  reord  0.00%  rtt    0.00 ms      371 pkt  4 flow
  w30     0.245 Mbps (std  0.212)  jit  99.022 ms  reord  0.00%  rtt    0.00 ms      349 pkt  4 flow
  w31     0.246 Mbps (std  0.162)  jit 103.505 ms  reord  0.00%  rtt    0.00 ms      378 pkt  4 flow
  w32     1.741 Mbps (std 11.384)  jit  78.610 ms  reord  0.00%  rtt    0.00 ms    1,880 pkt  4 flow
  w33     0.174 Mbps (std  0.301)  jit  52.976 ms  reord  0.00%  rtt    0.00 ms      262 pkt  4 flow
  w34     0.211 Mbps (std  0.132)  jit  52.600 ms  reord  0.00%  rtt    0.00 ms      333 pkt  4 flow
  w35     0.001 Mbps (std  0.002)  jit   0.216 ms  reord  0.00%  rtt    0.00 ms        5 pkt  1 flow
  w36  (parsial, 15 cuplikan) 0.001 Mbps
>> selesai: 37 window -> qos_features.csv
>>          cuplikan mentah -> qos_samples.csv (untuk align_qos.py)
