>> run_id=CONT_s13_l2a_ElephantsDream | map=flows | poll=0.1s | window=10.0s -> qos_features.csv
>> menghitung SEMUA flow TCP yang lewat (Ctrl-C untuk berhenti)
>> XDP terpasang di eth0: prog id=7621
>> membaca 1 map bernama 'flows': id [1853]
>> entri awal di map: 0  (0 = belum ada trafik TCP yang tertangkap)
  w0      0.001 Mbps (std  0.002)  jit   0.012 ms  reord  0.00%  rtt    0.00 ms        5 pkt  1 flow
  w1      0.001 Mbps (std  0.003)  jit   0.086 ms  reord  0.00%  rtt    0.00 ms        6 pkt  1 flow
  w2      0.001 Mbps (std  0.004)  jit   0.132 ms  reord  0.00%  rtt    0.00 ms        9 pkt  1 flow
  w3      0.001 Mbps (std  0.002)  jit   0.181 ms  reord  0.00%  rtt    0.00 ms        5 pkt  1 flow
  w4      0.103 Mbps (std  0.275)  jit   3.036 ms  reord  0.00%  rtt    0.00 ms      144 pkt  4 flow
  w5      0.561 Mbps (std  0.321)  jit  35.434 ms  reord  0.00%  rtt    0.00 ms      796 pkt  5 flow
  w6      0.362 Mbps (std  0.287)  jit  39.944 ms  reord  0.00%  rtt    0.00 ms      565 pkt  3 flow
  w7      0.383 Mbps (std  0.268)  jit  40.011 ms  reord  0.00%  rtt    0.00 ms      583 pkt  3 flow
  w8      0.372 Mbps (std  0.270)  jit  37.186 ms  reord  0.00%  rtt    0.00 ms      618 pkt  3 flow
  w9      0.208 Mbps (std  0.212)  jit  61.172 ms  reord  0.00%  rtt    0.00 ms      359 pkt  5 flow
  w10     0.197 Mbps (std  0.186)  jit 114.666 ms  reord  0.00%  rtt    0.00 ms      295 pkt  4 flow
  w11     0.296 Mbps (std  0.464)  jit  84.315 ms  reord  0.00%  rtt    0.00 ms      476 pkt  5 flow
  w12     0.456 Mbps (std  0.341)  jit  26.247 ms  reord  0.00%  rtt    0.00 ms      654 pkt  3 flow
  w13     0.457 Mbps (std  0.252)  jit  30.524 ms  reord  0.00%  rtt    0.00 ms      670 pkt  3 flow
  w14     0.455 Mbps (std  0.299)  jit  25.276 ms  reord  0.00%  rtt    0.00 ms      672 pkt  3 flow
  w15     1.095 Mbps (std  3.830)  jit  35.749 ms  reord  0.00%  rtt    0.00 ms    1,396 pkt  5 flow
  w16     0.971 Mbps (std  0.329)  jit  32.089 ms  reord  0.00%  rtt    0.00 ms    1,320 pkt  5 flow
  w17     0.968 Mbps (std  0.220)  jit  38.413 ms  reord  0.00%  rtt    0.00 ms    1,290 pkt  5 flow
  w18     0.965 Mbps (std  0.269)  jit  26.182 ms  reord  0.00%  rtt    0.00 ms    1,265 pkt  5 flow
  w19     2.313 Mbps (std  9.438)  jit  29.833 ms  reord  0.00%  rtt    0.00 ms    2,666 pkt  5 flow
  w20     1.272 Mbps (std  0.222)  jit  14.631 ms  reord  0.00%  rtt    0.00 ms    1,616 pkt  3 flow
  w21     1.274 Mbps (std  0.231)  jit  15.264 ms  reord  0.00%  rtt    0.00 ms    1,653 pkt  4 flow
  w22     1.274 Mbps (std  0.176)  jit  29.904 ms  reord  0.00%  rtt    0.00 ms    1,694 pkt  5 flow
  w23     1.283 Mbps (std  0.209)  jit  31.876 ms  reord  0.00%  rtt    0.00 ms    1,696 pkt  5 flow
  w24     3.343 Mbps (std  9.537)  jit  18.340 ms  reord  0.00%  rtt    0.00 ms    3,989 pkt  5 flow
  w25     3.219 Mbps (std  0.320)  jit   5.812 ms  reord  0.00%  rtt    0.00 ms    3,898 pkt  3 flow
  w26     3.213 Mbps (std  0.320)  jit  10.254 ms  reord  0.00%  rtt    0.00 ms    3,923 pkt  5 flow
  w27     3.215 Mbps (std  0.327)  jit  10.921 ms  reord  0.00%  rtt    0.00 ms    3,975 pkt  5 flow
  w28     3.160 Mbps (std  0.407)  jit   9.576 ms  reord  0.00%  rtt    0.00 ms    3,871 pkt  5 flow
  w29     2.926 Mbps (std  0.346)  jit   6.419 ms  reord  0.00%  rtt    0.00 ms    3,534 pkt  4 flow
  w30     2.938 Mbps (std  0.279)  jit  13.277 ms  reord  0.00%  rtt    0.00 ms    3,675 pkt  5 flow
  w31     2.932 Mbps (std  0.260)  jit  14.082 ms  reord  0.00%  rtt    0.00 ms    3,666 pkt  5 flow
  w32     2.931 Mbps (std  0.303)  jit   6.830 ms  reord  0.00%  rtt    0.00 ms    3,554 pkt  4 flow
  w33     2.687 Mbps (std  0.850)  jit   6.443 ms  reord  0.00%  rtt    0.00 ms    3,238 pkt  3 flow
  w34     0.001 Mbps (std  0.002)  jit   0.271 ms  reord  0.00%  rtt    0.00 ms        5 pkt  1 flow
  w35  (parsial, 91 cuplikan) 0.001 Mbps
>> selesai: 36 window -> qos_features.csv
>>          cuplikan mentah -> qos_samples.csv (untuk align_qos.py)
