>> run_id=CONT_s13_bola_ElephantsDream | map=flows | poll=0.1s | window=10.0s -> qos_features.csv
>> menghitung SEMUA flow TCP yang lewat (Ctrl-C untuk berhenti)
>> XDP terpasang di eth0: prog id=5925
>> membaca 1 map bernama 'flows': id [1611]
>> entri awal di map: 0  (0 = belum ada trafik TCP yang tertangkap)
  w0      0.001 Mbps (std  0.004)  jit   0.012 ms  reord  0.00%  rtt    0.00 ms        9 pkt  1 flow
  w1      0.001 Mbps (std  0.002)  jit   0.084 ms  reord  0.00%  rtt    0.00 ms        5 pkt  1 flow
  w2      0.001 Mbps (std  0.002)  jit   0.090 ms  reord  0.00%  rtt    0.00 ms        5 pkt  1 flow
  w3      0.001 Mbps (std  0.003)  jit   0.126 ms  reord  0.00%  rtt    0.00 ms        6 pkt  1 flow
  w4      0.125 Mbps (std  0.308)  jit   3.715 ms  reord  0.00%  rtt    0.00 ms      172 pkt  4 flow
  w5      0.535 Mbps (std  0.383)  jit  39.345 ms  reord  0.00%  rtt    0.00 ms      756 pkt  6 flow
  w6      0.367 Mbps (std  0.261)  jit  42.367 ms  reord  0.00%  rtt    0.00 ms      577 pkt  3 flow
  w7      0.347 Mbps (std  0.259)  jit  40.034 ms  reord  0.00%  rtt    0.00 ms      571 pkt  3 flow
  w8      0.384 Mbps (std  0.278)  jit  40.772 ms  reord  0.00%  rtt    0.00 ms      596 pkt  5 flow
  w9      0.208 Mbps (std  0.180)  jit 101.630 ms  reord  0.00%  rtt    0.00 ms      324 pkt  4 flow
  w10     0.193 Mbps (std  0.172)  jit 108.459 ms  reord  0.00%  rtt    0.00 ms      278 pkt  4 flow
  w11     1.835 Mbps (std 11.092)  jit  86.188 ms  reord  0.00%  rtt    0.00 ms    2,014 pkt  4 flow
  w12     0.452 Mbps (std  0.270)  jit  30.576 ms  reord  0.00%  rtt    0.00 ms      651 pkt  3 flow
  w13     0.447 Mbps (std  0.329)  jit  22.853 ms  reord  0.00%  rtt    0.00 ms      666 pkt  3 flow
  w14     0.352 Mbps (std  0.344)  jit  23.202 ms  reord  0.00%  rtt    0.00 ms      503 pkt  3 flow
  w15     0.669 Mbps (std  0.404)  jit  37.474 ms  reord  0.00%  rtt    0.00 ms      918 pkt  5 flow
  w16     0.966 Mbps (std  0.215)  jit  37.478 ms  reord  0.00%  rtt    0.00 ms    1,304 pkt  5 flow
  w17     0.971 Mbps (std  0.234)  jit  37.001 ms  reord  0.00%  rtt    0.00 ms    1,317 pkt  5 flow
  w18     0.659 Mbps (std  0.524)  jit  28.569 ms  reord  0.00%  rtt    0.00 ms      811 pkt  4 flow
  w19     2.013 Mbps (std  9.147)  jit  30.594 ms  reord  0.00%  rtt    0.00 ms    2,346 pkt  5 flow
  w20     1.272 Mbps (std  0.210)  jit  14.317 ms  reord  0.00%  rtt    0.00 ms    1,626 pkt  3 flow
  w21     1.022 Mbps (std  0.578)  jit  15.160 ms  reord  0.00%  rtt    0.00 ms    1,307 pkt  4 flow
  w22     1.276 Mbps (std  0.155)  jit  32.105 ms  reord  0.00%  rtt    0.00 ms    1,642 pkt  5 flow
  w23     1.276 Mbps (std  0.196)  jit  30.871 ms  reord  0.00%  rtt    0.00 ms    1,619 pkt  5 flow
  w24     1.285 Mbps (std  1.196)  jit  17.307 ms  reord  0.00%  rtt    0.00 ms    1,573 pkt  5 flow
  w25     3.213 Mbps (std  0.338)  jit   6.106 ms  reord  0.00%  rtt    0.00 ms    3,863 pkt  4 flow
  w26     2.600 Mbps (std  1.295)  jit   9.897 ms  reord  0.00%  rtt    0.00 ms    3,229 pkt  5 flow
  w27     2.548 Mbps (std  1.267)  jit  10.085 ms  reord  0.00%  rtt    0.00 ms    3,067 pkt  5 flow
  w28     2.426 Mbps (std  1.375)  jit  11.278 ms  reord  0.00%  rtt    0.00 ms    2,891 pkt  5 flow
  w29     2.662 Mbps (std  0.909)  jit   6.968 ms  reord  0.00%  rtt    0.00 ms    3,234 pkt  4 flow
  w30     2.948 Mbps (std  0.275)  jit  12.603 ms  reord  0.00%  rtt    0.00 ms    3,781 pkt  5 flow
  w31     2.729 Mbps (std  0.681)  jit  15.086 ms  reord  0.00%  rtt    0.00 ms    3,211 pkt  5 flow
  w32     1.120 Mbps (std  1.420)  jit   5.755 ms  reord  0.00%  rtt    0.00 ms    1,380 pkt  3 flow
  w33     2.722 Mbps (std  0.805)  jit   6.344 ms  reord  0.00%  rtt    0.00 ms    3,306 pkt  3 flow
  w34     0.001 Mbps (std  0.003)  jit   0.288 ms  reord  0.00%  rtt    0.00 ms        7 pkt  1 flow
  w35  (parsial, 93 cuplikan) 0.001 Mbps
>> selesai: 36 window -> qos_features.csv
>>          cuplikan mentah -> qos_samples.csv (untuk align_qos.py)
