>> run_id=CONT_s9_l2a_OfForestAndMen | map=flows | poll=0.1s | window=10.0s -> qos_features.csv
>> menghitung SEMUA flow TCP yang lewat (Ctrl-C untuk berhenti)
>> XDP terpasang di eth0: prog id=6535
>> membaca 1 map bernama 'flows': id [1698]
>> entri awal di map: 0  (0 = belum ada trafik TCP yang tertangkap)
  w0      0.001 Mbps (std  0.002)  jit   0.029 ms  reord  0.00%  rtt    0.00 ms        5 pkt  1 flow
  w1      0.001 Mbps (std  0.002)  jit   0.074 ms  reord  0.00%  rtt    0.00 ms        5 pkt  1 flow
  w2      0.001 Mbps (std  0.002)  jit   0.137 ms  reord  0.00%  rtt    0.00 ms        5 pkt  1 flow
  w3      0.001 Mbps (std  0.002)  jit   0.203 ms  reord  0.00%  rtt    0.00 ms        5 pkt  1 flow
  w4      0.183 Mbps (std  0.426)  jit   3.279 ms  reord  0.00%  rtt    0.00 ms      221 pkt  4 flow
  w5      1.056 Mbps (std  0.312)  jit  35.009 ms  reord  0.00%  rtt    0.00 ms    1,352 pkt  6 flow
  w6      2.722 Mbps (std 11.988)  jit  29.045 ms  reord  0.00%  rtt    0.00 ms    3,021 pkt  5 flow
  w7      1.223 Mbps (std  0.289)  jit  15.568 ms  reord  0.00%  rtt    0.00 ms    1,543 pkt  3 flow
  w8      1.216 Mbps (std  0.246)  jit  15.171 ms  reord  0.00%  rtt    0.00 ms    1,535 pkt  3 flow
  w9      1.219 Mbps (std  0.304)  jit  14.951 ms  reord  0.00%  rtt    0.00 ms    1,535 pkt  3 flow
  w10     1.221 Mbps (std  0.321)  jit  25.165 ms  reord  0.00%  rtt    0.00 ms    1,545 pkt  5 flow
  w11     1.307 Mbps (std  0.478)  jit  13.962 ms  reord  0.00%  rtt    0.00 ms    1,687 pkt  4 flow
  w12     2.854 Mbps (std  0.311)  jit   6.757 ms  reord  0.00%  rtt    0.00 ms    3,359 pkt  3 flow
  w13     2.856 Mbps (std  0.342)  jit   9.479 ms  reord  0.00%  rtt    0.00 ms    3,399 pkt  5 flow
  w14     2.251 Mbps (std  0.776)  jit   9.464 ms  reord  0.00%  rtt    0.00 ms    2,709 pkt  5 flow
  w15     1.411 Mbps (std  0.227)  jit  13.483 ms  reord  0.00%  rtt    0.00 ms    1,747 pkt  3 flow
  w16     1.409 Mbps (std  0.251)  jit  13.660 ms  reord  0.00%  rtt    0.00 ms    1,750 pkt  5 flow
  w17     1.413 Mbps (std  0.239)  jit  28.289 ms  reord  0.00%  rtt    0.00 ms    1,779 pkt  5 flow
  w18     1.410 Mbps (std  0.240)  jit  13.363 ms  reord  0.00%  rtt    0.00 ms    1,751 pkt  3 flow
  w19     1.292 Mbps (std  0.458)  jit  14.328 ms  reord  0.00%  rtt    0.00 ms    1,657 pkt  3 flow
  w20     0.825 Mbps (std  0.273)  jit  20.482 ms  reord  0.00%  rtt    0.00 ms    1,211 pkt  3 flow
  w21     0.769 Mbps (std  0.295)  jit  23.808 ms  reord  0.00%  rtt    0.00 ms    1,170 pkt  3 flow
  w22     3.036 Mbps (std  2.198)  jit  13.848 ms  reord  0.00%  rtt    0.00 ms    3,768 pkt  3 flow
  w23     5.000 Mbps (std  0.296)  jit   4.010 ms  reord  0.00%  rtt    0.00 ms    5,846 pkt  3 flow
  w24     5.009 Mbps (std  0.294)  jit   5.008 ms  reord  0.00%  rtt    0.00 ms    5,878 pkt  5 flow
  w25     5.003 Mbps (std  0.317)  jit   4.856 ms  reord  0.00%  rtt    0.00 ms    5,907 pkt  5 flow
  w26     5.005 Mbps (std  0.330)  jit   3.987 ms  reord  0.00%  rtt    0.00 ms    5,839 pkt  3 flow
  w27     7.151 Mbps (std 15.008)  jit   5.706 ms  reord  0.00%  rtt    0.00 ms    8,246 pkt  5 flow
  w28     6.020 Mbps (std  0.258)  jit   7.377 ms  reord  0.00%  rtt    0.00 ms    7,212 pkt  5 flow
  w29     6.020 Mbps (std  0.281)  jit   4.208 ms  reord  0.00%  rtt    0.00 ms    7,178 pkt  5 flow
  w30     6.010 Mbps (std  0.285)  jit   3.567 ms  reord  0.00%  rtt    0.00 ms    7,126 pkt  4 flow
  w31     5.405 Mbps (std  1.241)  jit   8.114 ms  reord  0.00%  rtt    0.00 ms    6,415 pkt  5 flow
  w32     3.140 Mbps (std  0.204)  jit  11.009 ms  reord  0.00%  rtt    0.00 ms    4,062 pkt  6 flow
  w33     3.119 Mbps (std  0.325)  jit   6.066 ms  reord  0.00%  rtt    0.00 ms    3,727 pkt  3 flow
  w34     0.460 Mbps (std  1.110)  jit   0.987 ms  reord  0.00%  rtt    0.00 ms      561 pkt  3 flow
  w35     0.001 Mbps (std  0.002)  jit   0.142 ms  reord  0.00%  rtt    0.00 ms        5 pkt  1 flow
  w36  (parsial, 11 cuplikan) 0.001 Mbps
>> selesai: 37 window -> qos_features.csv
>>          cuplikan mentah -> qos_samples.csv (untuk align_qos.py)
