>> run_id=CONT_s5_throughput_OfForestAndMen | map=flows | poll=0.1s | window=10.0s -> qos_features.csv
>> menghitung SEMUA flow TCP yang lewat (Ctrl-C untuk berhenti)
>> XDP terpasang di eth0: prog id=7320
>> membaca 1 map bernama 'flows': id [1810]
>> entri awal di map: 1  (0 = belum ada trafik TCP yang tertangkap)
  w0      0.001 Mbps (std  0.002)  jit   0.012 ms  reord  0.00%  rtt    0.00 ms        5 pkt  1 flow
  w1      0.001 Mbps (std  0.002)  jit   0.036 ms  reord  0.00%  rtt    0.00 ms        5 pkt  1 flow
  w2      0.001 Mbps (std  0.002)  jit   0.083 ms  reord  0.00%  rtt    0.00 ms        5 pkt  1 flow
  w3      0.001 Mbps (std  0.002)  jit   0.104 ms  reord  0.00%  rtt    0.00 ms        5 pkt  1 flow
  w4      0.369 Mbps (std  0.849)  jit   1.699 ms  reord  0.00%  rtt    0.00 ms      452 pkt  5 flow
  w5      2.199 Mbps (std  0.272)  jit  10.893 ms  reord  0.00%  rtt    0.00 ms    2,632 pkt  6 flow
  w6      1.905 Mbps (std  0.544)  jit  10.146 ms  reord  0.00%  rtt    0.00 ms    2,321 pkt  3 flow
  w7      1.413 Mbps (std  0.296)  jit  13.684 ms  reord  0.00%  rtt    0.00 ms    1,705 pkt  3 flow
  w8      1.409 Mbps (std  0.210)  jit  12.702 ms  reord  0.00%  rtt    0.00 ms    1,784 pkt  3 flow
  w9      0.841 Mbps (std  0.468)  jit  32.919 ms  reord  0.00%  rtt    0.00 ms    1,233 pkt  5 flow
  w10     0.682 Mbps (std  0.237)  jit  25.176 ms  reord  0.00%  rtt    0.00 ms    1,075 pkt  5 flow
  w11     0.708 Mbps (std  0.161)  jit  30.780 ms  reord  0.00%  rtt    0.00 ms    1,227 pkt  6 flow
  w12     0.695 Mbps (std  0.187)  jit  36.887 ms  reord  0.00%  rtt    0.00 ms    1,110 pkt  5 flow
  w13     0.691 Mbps (std  0.285)  jit  30.501 ms  reord  0.00%  rtt    0.00 ms    1,114 pkt  5 flow
  w14     0.321 Mbps (std  0.352)  jit  27.217 ms  reord  0.00%  rtt    0.00 ms      510 pkt  3 flow
  w15     0.251 Mbps (std  0.235)  jit  28.316 ms  reord  0.00%  rtt    0.00 ms      423 pkt  4 flow
  w16     0.370 Mbps (std  0.179)  jit  82.867 ms  reord  0.00%  rtt    0.00 ms      531 pkt  5 flow
  w17     0.371 Mbps (std  0.192)  jit  90.106 ms  reord  0.00%  rtt    0.00 ms      517 pkt  5 flow
  w18     0.193 Mbps (std  0.257)  jit  60.911 ms  reord  0.00%  rtt    0.00 ms      292 pkt  4 flow
  w19     0.192 Mbps (std  0.167)  jit 123.975 ms  reord  0.00%  rtt    0.00 ms      286 pkt  5 flow
  w20     0.187 Mbps (std  0.285)  jit  78.649 ms  reord  0.00%  rtt    0.00 ms      273 pkt  4 flow
  w21     0.077 Mbps (std  0.261)  jit  20.524 ms  reord  0.00%  rtt    0.00 ms      118 pkt  3 flow
  w22     0.062 Mbps (std  0.247)  jit  38.995 ms  reord  0.00%  rtt    0.00 ms       98 pkt  2 flow
  w23     1.135 Mbps (std  7.115)  jit  52.383 ms  reord  0.00%  rtt    0.00 ms    1,217 pkt  4 flow
  w24     0.876 Mbps (std  0.406)  jit  36.594 ms  reord  0.00%  rtt    0.00 ms    1,168 pkt  5 flow
  w25     0.980 Mbps (std  0.255)  jit  41.365 ms  reord  0.00%  rtt    0.00 ms    1,304 pkt  5 flow
  w26     0.980 Mbps (std  0.322)  jit  26.509 ms  reord  0.00%  rtt    0.00 ms    1,274 pkt  5 flow
  w27     0.701 Mbps (std  0.772)  jit  15.623 ms  reord  0.00%  rtt    0.00 ms      939 pkt  4 flow
  w28     2.181 Mbps (std  0.647)  jit  17.648 ms  reord  0.00%  rtt    0.00 ms    2,547 pkt  5 flow
  w29     0.813 Mbps (std  1.095)  jit  11.472 ms  reord  0.00%  rtt    0.00 ms      989 pkt  3 flow
  w30     2.380 Mbps (std  0.228)  jit   9.633 ms  reord  0.00%  rtt    0.00 ms    2,937 pkt  5 flow
  w31     5.928 Mbps (std 21.330)  jit   7.761 ms  reord  0.00%  rtt    0.00 ms    6,312 pkt  5 flow
  w32     3.658 Mbps (std 11.205)  jit   7.653 ms  reord  0.00%  rtt    0.00 ms    3,894 pkt  3 flow
  w33     5.487 Mbps (std 25.393)  jit  18.707 ms  reord  0.00%  rtt    0.00 ms    5,890 pkt  3 flow
  w34     0.310 Mbps (std  1.223)  jit   2.454 ms  reord  0.00%  rtt    0.00 ms      335 pkt  3 flow
  w35  (parsial, 98 cuplikan) 0.001 Mbps
>> selesai: 36 window -> qos_features.csv
>>          cuplikan mentah -> qos_samples.csv (untuk align_qos.py)
