>> run_id=CONT_s9_throughput_TheSwissAccount | map=flows | poll=0.1s | window=10.0s -> qos_features.csv
>> menghitung SEMUA flow TCP yang lewat (Ctrl-C untuk berhenti)
>> XDP terpasang di eth0: prog id=6121
>> membaca 1 map bernama 'flows': id [1639]
>> entri awal di map: 0  (0 = belum ada trafik TCP yang tertangkap)
  w0      0.001 Mbps (std  0.002)  jit   0.034 ms  reord  0.00%  rtt    0.00 ms        5 pkt  1 flow
  w1      0.001 Mbps (std  0.002)  jit   0.075 ms  reord  0.00%  rtt    0.00 ms        5 pkt  1 flow
  w2      0.001 Mbps (std  0.002)  jit   0.167 ms  reord  0.00%  rtt    0.00 ms        5 pkt  1 flow
  w3      0.001 Mbps (std  0.002)  jit   0.230 ms  reord  0.00%  rtt    0.00 ms        5 pkt  1 flow
  w4      0.171 Mbps (std  0.411)  jit   2.887 ms  reord  0.00%  rtt    0.00 ms      207 pkt  4 flow
  w5      1.057 Mbps (std  0.320)  jit  34.775 ms  reord  0.00%  rtt    0.00 ms    1,341 pkt  6 flow
  w6      2.407 Mbps (std 13.057)  jit  30.841 ms  reord  0.00%  rtt    0.00 ms    2,746 pkt  5 flow
  w7      0.257 Mbps (std  0.551)  jit  16.182 ms  reord  0.00%  rtt    0.00 ms      348 pkt  2 flow
  w8      0.321 Mbps (std  0.572)  jit  12.441 ms  reord  0.00%  rtt    0.00 ms      442 pkt  2 flow
  w9      0.307 Mbps (std  0.565)  jit  14.977 ms  reord  0.00%  rtt    0.00 ms      419 pkt  3 flow
  w10     0.883 Mbps (std  0.583)  jit  26.554 ms  reord  0.00%  rtt    0.00 ms    1,073 pkt  5 flow
  w11     1.222 Mbps (std  0.396)  jit  14.047 ms  reord  0.00%  rtt    0.00 ms    1,606 pkt  4 flow
  w12     0.523 Mbps (std  1.102)  jit   3.918 ms  reord  0.00%  rtt    0.00 ms      674 pkt  2 flow
  w13     1.279 Mbps (std  1.411)  jit  12.599 ms  reord  0.00%  rtt    0.00 ms    1,579 pkt  4 flow
  w14     1.852 Mbps (std  1.169)  jit  10.298 ms  reord  0.00%  rtt    0.00 ms    2,243 pkt  3 flow
  w15     1.408 Mbps (std  0.233)  jit  13.602 ms  reord  0.00%  rtt    0.00 ms    1,754 pkt  3 flow
  w16     1.355 Mbps (std  0.368)  jit  13.083 ms  reord  0.00%  rtt    0.00 ms    1,737 pkt  4 flow
  w17     1.405 Mbps (std  0.279)  jit  30.096 ms  reord  0.00%  rtt    0.00 ms    1,799 pkt  5 flow
  w18     0.900 Mbps (std  0.706)  jit  12.918 ms  reord  0.00%  rtt    0.00 ms    1,168 pkt  3 flow
  w19     0.620 Mbps (std  0.737)  jit  16.334 ms  reord  0.00%  rtt    0.00 ms      860 pkt  3 flow
  w20     0.731 Mbps (std  0.285)  jit  23.873 ms  reord  0.00%  rtt    0.00 ms    1,119 pkt  3 flow
  w21     0.698 Mbps (std  0.355)  jit  23.644 ms  reord  0.00%  rtt    0.00 ms    1,036 pkt  3 flow
  w22     1.099 Mbps (std  1.762)  jit  12.729 ms  reord  0.00%  rtt    0.00 ms    1,431 pkt  3 flow
  w23     0.688 Mbps (std  1.647)  jit   5.212 ms  reord  0.00%  rtt    0.00 ms      858 pkt  3 flow
  w24     0.789 Mbps (std  1.709)  jit   5.374 ms  reord  0.00%  rtt    0.00 ms    1,035 pkt  3 flow
  w25     0.906 Mbps (std  1.746)  jit   5.394 ms  reord  0.00%  rtt    0.00 ms    1,099 pkt  5 flow
  w26     0.396 Mbps (std  1.265)  jit   5.861 ms  reord  0.00%  rtt    0.00 ms      502 pkt  3 flow
  w27     4.542 Mbps (std  2.635)  jit   8.720 ms  reord  0.00%  rtt    0.00 ms    5,508 pkt  5 flow
  w28     6.027 Mbps (std  0.277)  jit   7.304 ms  reord  0.00%  rtt    0.00 ms    7,302 pkt  6 flow
  w29     6.020 Mbps (std  0.304)  jit   4.368 ms  reord  0.00%  rtt    0.00 ms    7,193 pkt  5 flow
  w30     3.658 Mbps (std  2.917)  jit   5.011 ms  reord  0.00%  rtt    0.00 ms    4,358 pkt  4 flow
  w31     4.470 Mbps (std  2.309)  jit   8.102 ms  reord  0.00%  rtt    0.00 ms    5,274 pkt  5 flow
  w32     3.139 Mbps (std  0.284)  jit  11.575 ms  reord  0.00%  rtt    0.00 ms    3,993 pkt  5 flow
  w33     1.393 Mbps (std  1.555)  jit   8.662 ms  reord  0.00%  rtt    0.00 ms    1,706 pkt  3 flow
  w34     0.001 Mbps (std  0.002)  jit   5.519 ms  reord  0.00%  rtt    0.00 ms        6 pkt  1 flow
  w35     0.001 Mbps (std  0.002)  jit   0.282 ms  reord  0.00%  rtt    0.00 ms        5 pkt  1 flow
  w36  (parsial, 11 cuplikan) 0.001 Mbps
>> selesai: 37 window -> qos_features.csv
>>          cuplikan mentah -> qos_samples.csv (untuk align_qos.py)
