>> run_id=CONT_s12_throughput_TearsOfSteel | map=flows | poll=0.1s | window=10.0s -> qos_features.csv
>> menghitung SEMUA flow TCP yang lewat (Ctrl-C untuk berhenti)
>> XDP terpasang di eth0: prog id=6976
>> membaca 1 map bernama 'flows': id [1761]
>> entri awal di map: 0  (0 = belum ada trafik TCP yang tertangkap)
  w0      0.001 Mbps (std  0.002)  jit   0.014 ms  reord  0.00%  rtt    0.00 ms        5 pkt  1 flow
  w1      0.001 Mbps (std  0.004)  jit   0.107 ms  reord  0.00%  rtt    0.00 ms        9 pkt  1 flow
  w2      0.001 Mbps (std  0.002)  jit   0.153 ms  reord  0.00%  rtt    0.00 ms        5 pkt  1 flow
  w3      0.001 Mbps (std  0.002)  jit   0.183 ms  reord  0.00%  rtt    0.00 ms        5 pkt  1 flow
  w4      0.045 Mbps (std  0.164)  jit   1.549 ms  reord  0.00%  rtt    0.00 ms      110 pkt  3 flow
  w5      0.206 Mbps (std  0.082)  jit  48.394 ms  reord  0.00%  rtt    0.00 ms      389 pkt  4 flow
  w6      0.203 Mbps (std  0.100)  jit 111.490 ms  reord  0.00%  rtt    0.00 ms      319 pkt  4 flow
  w7      1.094 Mbps (std  6.209)  jit  92.998 ms  reord  0.00%  rtt    0.00 ms    1,246 pkt  5 flow
  w8      0.410 Mbps (std  0.165)  jit  73.079 ms  reord  0.00%  rtt    0.00 ms      639 pkt  5 flow
  w9      0.411 Mbps (std  0.141)  jit  67.596 ms  reord  0.00%  rtt    0.00 ms      644 pkt  5 flow
  w10     0.409 Mbps (std  0.189)  jit  71.383 ms  reord  0.00%  rtt    0.00 ms      649 pkt  5 flow
  w11     0.373 Mbps (std  0.208)  jit  51.994 ms  reord  0.00%  rtt    0.00 ms      577 pkt  4 flow
  w12     0.178 Mbps (std  0.190)  jit  39.825 ms  reord  0.00%  rtt    0.00 ms      275 pkt  3 flow
  w13     0.185 Mbps (std  0.289)  jit  51.648 ms  reord  0.00%  rtt    0.00 ms      249 pkt  3 flow
  w14     0.181 Mbps (std  0.268)  jit  56.158 ms  reord  0.00%  rtt    0.00 ms      253 pkt  3 flow
  w15     0.182 Mbps (std  0.270)  jit  52.847 ms  reord  0.00%  rtt    0.00 ms      260 pkt  3 flow
  w16     0.218 Mbps (std  0.276)  jit  56.987 ms  reord  0.00%  rtt    0.00 ms      329 pkt  4 flow
  w17     0.258 Mbps (std  0.163)  jit 112.299 ms  reord  0.00%  rtt    0.00 ms      364 pkt  4 flow
  w18     0.264 Mbps (std  0.179)  jit  47.098 ms  reord  0.00%  rtt    0.00 ms      410 pkt  4 flow
  w19     3.287 Mbps (std 18.296)  jit  23.562 ms  reord  0.00%  rtt    0.00 ms    3,541 pkt  4 flow
  w20     2.295 Mbps (std  4.976)  jit   9.177 ms  reord  0.00%  rtt    0.00 ms    2,429 pkt  4 flow
  w21     0.333 Mbps (std  1.950)  jit   3.370 ms  reord  0.00%  rtt    0.00 ms      371 pkt  2 flow
  w22     0.328 Mbps (std  1.514)  jit  40.812 ms  reord  0.00%  rtt    0.00 ms      458 pkt  4 flow
  w23     0.158 Mbps (std  0.247)  jit  44.330 ms  reord  0.00%  rtt    0.00 ms      237 pkt  3 flow
  w24     0.153 Mbps (std  0.156)  jit  78.390 ms  reord  0.00%  rtt    0.00 ms      247 pkt  4 flow
  w25     0.129 Mbps (std  0.260)  jit  67.546 ms  reord  0.00%  rtt    0.00 ms      172 pkt  2 flow
  w26     0.127 Mbps (std  0.243)  jit  72.355 ms  reord  0.00%  rtt    0.00 ms      171 pkt  3 flow
  w27     0.127 Mbps (std  0.142)  jit 124.935 ms  reord  0.00%  rtt    0.00 ms      210 pkt  4 flow
  w28     0.132 Mbps (std  0.163)  jit  66.230 ms  reord  0.00%  rtt    0.00 ms      214 pkt  3 flow
  w29     0.123 Mbps (std  0.187)  jit  57.719 ms  reord  0.00%  rtt    0.00 ms      201 pkt  3 flow
  w30     0.113 Mbps (std  0.208)  jit  31.178 ms  reord  0.00%  rtt    0.00 ms      168 pkt  3 flow
  w31     0.126 Mbps (std  0.234)  jit  56.272 ms  reord  0.00%  rtt    0.00 ms      173 pkt  3 flow
  w32     0.128 Mbps (std  0.214)  jit  69.734 ms  reord  0.00%  rtt    0.00 ms      177 pkt  3 flow
  w33     0.113 Mbps (std  0.137)  jit  60.028 ms  reord  0.00%  rtt    0.00 ms      182 pkt  3 flow
  w34     0.001 Mbps (std  0.002)  jit   0.217 ms  reord  0.00%  rtt    0.00 ms        5 pkt  1 flow
  w35  (parsial, 92 cuplikan) 0.001 Mbps
>> selesai: 36 window -> qos_features.csv
>>          cuplikan mentah -> qos_samples.csv (untuk align_qos.py)
