>> run_id=CONT_s14_bola_OfForestAndMen | map=flows | poll=0.1s | window=10.0s -> qos_features.csv
>> menghitung SEMUA flow TCP yang lewat (Ctrl-C untuk berhenti)
>> XDP terpasang di eth0: prog id=7530
>> membaca 1 map bernama 'flows': id [1840]
>> entri awal di map: 1  (0 = belum ada trafik TCP yang tertangkap)
  w0      0.001 Mbps (std  0.002)  jit   0.025 ms  reord  0.00%  rtt    0.00 ms        5 pkt  1 flow
  w1      0.001 Mbps (std  0.002)  jit   0.076 ms  reord  0.00%  rtt    0.00 ms        5 pkt  1 flow
  w2      0.001 Mbps (std  0.002)  jit   0.181 ms  reord  0.00%  rtt    0.00 ms        5 pkt  1 flow
  w3      0.001 Mbps (std  0.002)  jit   0.196 ms  reord  0.00%  rtt    0.00 ms        5 pkt  1 flow
  w4      0.011 Mbps (std  0.082)  jit   0.862 ms  reord  0.00%  rtt    0.00 ms       40 pkt  2 flow
  w5      0.138 Mbps (std  0.133)  jit  30.818 ms  reord  0.00%  rtt    0.00 ms      270 pkt  4 flow
  w6      0.125 Mbps (std  0.073)  jit  52.517 ms  reord  0.00%  rtt    0.00 ms      208 pkt  3 flow
  w7      0.109 Mbps (std  0.239)  jit  42.665 ms  reord  0.00%  rtt    0.00 ms      180 pkt  3 flow
  w8      0.121 Mbps (std  0.298)  jit  31.482 ms  reord  0.00%  rtt    0.00 ms      163 pkt  3 flow
  w9      0.121 Mbps (std  0.272)  jit  48.384 ms  reord  0.00%  rtt    0.00 ms      178 pkt  3 flow
  w10     0.126 Mbps (std  0.241)  jit  48.512 ms  reord  0.00%  rtt    0.00 ms      187 pkt  4 flow
  w11     0.118 Mbps (std  0.218)  jit 107.959 ms  reord  0.00%  rtt    0.00 ms      177 pkt  4 flow
  w12     0.115 Mbps (std  0.264)  jit  48.091 ms  reord  0.00%  rtt    0.00 ms      166 pkt  4 flow
  w13     0.124 Mbps (std  0.150)  jit 155.789 ms  reord  0.00%  rtt    0.00 ms      186 pkt  5 flow
  w14     0.122 Mbps (std  0.191)  jit 128.994 ms  reord  0.00%  rtt    0.00 ms      171 pkt  4 flow
  w15     0.122 Mbps (std  0.235)  jit  61.621 ms  reord  0.00%  rtt    0.00 ms      191 pkt  3 flow
  w16     0.132 Mbps (std  0.221)  jit  98.577 ms  reord  0.00%  rtt    0.00 ms      183 pkt  4 flow
  w17     0.093 Mbps (std  0.276)  jit  39.530 ms  reord  0.00%  rtt    0.00 ms      136 pkt  2 flow
  w18     0.082 Mbps (std  0.172)  jit  95.782 ms  reord  0.00%  rtt    0.00 ms      140 pkt  3 flow
  w19     0.131 Mbps (std  0.185)  jit  72.691 ms  reord  0.00%  rtt    0.00 ms      214 pkt  4 flow
  w20     0.918 Mbps (std  5.811)  jit 100.765 ms  reord  0.00%  rtt    0.00 ms    1,001 pkt  5 flow
  w21     0.120 Mbps (std  0.143)  jit 138.718 ms  reord  0.00%  rtt    0.00 ms      185 pkt  4 flow
  w22     0.127 Mbps (std  0.178)  jit 113.279 ms  reord  0.00%  rtt    0.00 ms      187 pkt  4 flow
  w23     0.124 Mbps (std  0.258)  jit  93.373 ms  reord  0.00%  rtt    0.00 ms      183 pkt  4 flow
  w24     1.440 Mbps (std  9.820)  jit  58.606 ms  reord  0.00%  rtt    0.00 ms    1,541 pkt  4 flow
  w25     0.123 Mbps (std  0.147)  jit 164.141 ms  reord  0.00%  rtt    0.00 ms      186 pkt  4 flow
  w26     0.116 Mbps (std  0.229)  jit  67.871 ms  reord  0.00%  rtt    0.00 ms      191 pkt  3 flow
  w27     0.065 Mbps (std  0.207)  jit  49.799 ms  reord  0.00%  rtt    0.00 ms      112 pkt  3 flow
  w28     0.160 Mbps (std  0.168)  jit 132.880 ms  reord  0.00%  rtt    0.00 ms      252 pkt  5 flow
  w29     0.184 Mbps (std  0.289)  jit  42.924 ms  reord  0.00%  rtt    0.00 ms      276 pkt  4 flow
  w30     0.179 Mbps (std  0.200)  jit 121.411 ms  reord  0.00%  rtt    0.00 ms      261 pkt  5 flow
  w31     0.161 Mbps (std  0.238)  jit  58.328 ms  reord  0.00%  rtt    0.00 ms      251 pkt  4 flow
  w32     0.980 Mbps (std  6.758)  jit 106.135 ms  reord  0.00%  rtt    0.00 ms    1,174 pkt  4 flow
  w33     0.511 Mbps (std  0.161)  jit  65.422 ms  reord  0.00%  rtt    0.00 ms      725 pkt  6 flow
  w34     0.478 Mbps (std  0.209)  jit  39.031 ms  reord  0.00%  rtt    0.00 ms      640 pkt  5 flow
  w35     0.001 Mbps (std  0.002)  jit   0.234 ms  reord  0.00%  rtt    0.00 ms        5 pkt  1 flow
  w36  (parsial, 7 cuplikan) 0.000 Mbps
>> selesai: 37 window -> qos_features.csv
>>          cuplikan mentah -> qos_samples.csv (untuk align_qos.py)
