>> run_id=CONT_s12_bola_Valkaama | map=flows | poll=0.1s | window=10.0s -> qos_features.csv
>> menghitung SEMUA flow TCP yang lewat (Ctrl-C untuk berhenti)
>> XDP terpasang di eth0: prog id=7866
>> membaca 1 map bernama 'flows': id [1888]
>> entri awal di map: 0  (0 = belum ada trafik TCP yang tertangkap)
  w0      0.001 Mbps (std  0.005)  jit   0.023 ms  reord  0.00%  rtt    0.00 ms        9 pkt  2 flow
  w1      0.001 Mbps (std  0.002)  jit   0.093 ms  reord  0.00%  rtt    0.00 ms        5 pkt  1 flow
  w2      0.001 Mbps (std  0.002)  jit   0.115 ms  reord  0.00%  rtt    0.00 ms        5 pkt  1 flow
  w3      0.001 Mbps (std  0.002)  jit   0.133 ms  reord  0.00%  rtt    0.00 ms        5 pkt  1 flow
  w4      0.021 Mbps (std  0.123)  jit   0.818 ms  reord  0.00%  rtt    0.00 ms       60 pkt  3 flow
  w5      0.213 Mbps (std  0.267)  jit  35.357 ms  reord  0.00%  rtt    0.00 ms      384 pkt  4 flow
  w6      0.199 Mbps (std  0.171)  jit 105.616 ms  reord  0.00%  rtt    0.00 ms      301 pkt  5 flow
  w7      0.999 Mbps (std  7.109)  jit  96.642 ms  reord  0.00%  rtt    0.00 ms    1,173 pkt  5 flow
  w8      0.413 Mbps (std  0.146)  jit  63.591 ms  reord  0.00%  rtt    0.00 ms      655 pkt  5 flow
  w9      0.396 Mbps (std  0.242)  jit  60.466 ms  reord  0.00%  rtt    0.00 ms      601 pkt  4 flow
  w10     0.399 Mbps (std  0.186)  jit  54.368 ms  reord  0.00%  rtt    0.00 ms      592 pkt  4 flow
  w11     0.190 Mbps (std  0.259)  jit  54.149 ms  reord  0.00%  rtt    0.00 ms      275 pkt  4 flow
  w12     0.094 Mbps (std  0.184)  jit  79.358 ms  reord  0.00%  rtt    0.00 ms      167 pkt  3 flow
  w13     0.187 Mbps (std  0.276)  jit  42.448 ms  reord  0.00%  rtt    0.00 ms      277 pkt  3 flow
  w14     0.161 Mbps (std  0.295)  jit  40.738 ms  reord  0.00%  rtt    0.00 ms      240 pkt  3 flow
  w15     0.138 Mbps (std  0.224)  jit  55.731 ms  reord  0.00%  rtt    0.00 ms      231 pkt  3 flow
  w16     0.209 Mbps (std  0.298)  jit  52.145 ms  reord  0.00%  rtt    0.00 ms      313 pkt  4 flow
  w17     0.259 Mbps (std  0.216)  jit 112.980 ms  reord  0.00%  rtt    0.00 ms      360 pkt  4 flow
  w18     0.169 Mbps (std  0.276)  jit  48.735 ms  reord  0.00%  rtt    0.00 ms      257 pkt  3 flow
  w19     2.620 Mbps (std 10.904)  jit  35.522 ms  reord  0.00%  rtt    0.00 ms    2,777 pkt  4 flow
  w20     2.219 Mbps (std  3.963)  jit  14.006 ms  reord  0.00%  rtt    0.00 ms    2,321 pkt  4 flow
  w21     0.310 Mbps (std  1.590)  jit   5.466 ms  reord  0.00%  rtt    0.00 ms      344 pkt  2 flow
  w22     0.118 Mbps (std  0.260)  jit  69.955 ms  reord  0.00%  rtt    0.00 ms      179 pkt  3 flow
  w23     0.155 Mbps (std  0.247)  jit  55.345 ms  reord  0.00%  rtt    0.00 ms      229 pkt  3 flow
  w24     1.204 Mbps (std  9.740)  jit  46.387 ms  reord  0.00%  rtt    0.00 ms    1,297 pkt  4 flow
  w25     0.123 Mbps (std  0.254)  jit  60.184 ms  reord  0.00%  rtt    0.00 ms      195 pkt  3 flow
  w26     0.134 Mbps (std  0.229)  jit  61.863 ms  reord  0.00%  rtt    0.00 ms      226 pkt  3 flow
  w27     0.133 Mbps (std  0.138)  jit 104.617 ms  reord  0.00%  rtt    0.00 ms      248 pkt  4 flow
  w28     0.072 Mbps (std  0.188)  jit  69.358 ms  reord  0.00%  rtt    0.00 ms      108 pkt  3 flow
  w29     0.073 Mbps (std  0.200)  jit  74.743 ms  reord  0.00%  rtt    0.00 ms      124 pkt  3 flow
  w30     0.116 Mbps (std  0.266)  jit  55.915 ms  reord  0.00%  rtt    0.00 ms      169 pkt  3 flow
  w31     0.133 Mbps (std  0.262)  jit  67.250 ms  reord  0.00%  rtt    0.00 ms      201 pkt  3 flow
  w32     0.073 Mbps (std  0.164)  jit  60.682 ms  reord  0.00%  rtt    0.00 ms      131 pkt  3 flow
  w33     0.003 Mbps (std  0.010)  jit  21.050 ms  reord  0.00%  rtt    0.00 ms       26 pkt  2 flow
  w34     0.001 Mbps (std  0.002)  jit   8.435 ms  reord  0.00%  rtt    0.00 ms        6 pkt  1 flow
  w35     0.001 Mbps (std  0.004)  jit   0.255 ms  reord  0.00%  rtt    0.00 ms        9 pkt  1 flow
>> selesai: 36 window -> qos_features.csv
>>          cuplikan mentah -> qos_samples.csv (untuk align_qos.py)
