>> run_id=CONT_s2_throughput_Valkaama | map=flows | poll=0.1s | window=10.0s -> qos_features.csv
>> menghitung SEMUA flow TCP yang lewat (Ctrl-C untuk berhenti)
>> XDP terpasang di eth0: prog id=6843
>> membaca 1 map bernama 'flows': id [1742]
>> entri awal di map: 0  (0 = belum ada trafik TCP yang tertangkap)
  w0      0.001 Mbps (std  0.002)  jit   0.010 ms  reord  0.00%  rtt    0.00 ms        5 pkt  1 flow
  w1      0.001 Mbps (std  0.002)  jit   0.089 ms  reord  0.00%  rtt    0.00 ms        5 pkt  1 flow
  w2      0.001 Mbps (std  0.002)  jit   0.202 ms  reord  0.00%  rtt    0.00 ms        5 pkt  1 flow
  w3      0.001 Mbps (std  0.002)  jit   0.217 ms  reord  0.00%  rtt    0.00 ms        5 pkt  1 flow
  w4      0.633 Mbps (std  1.750)  jit   0.754 ms  reord  0.00%  rtt    0.00 ms      872 pkt  5 flow
  w5      6.014 Mbps (std  0.293)  jit   4.337 ms  reord  0.00%  rtt    0.00 ms    7,065 pkt  5 flow
  w6      5.123 Mbps (std  2.145)  jit   6.783 ms  reord  0.00%  rtt    0.00 ms    6,055 pkt  5 flow
  w7      3.326 Mbps (std  2.942)  jit   3.263 ms  reord  0.00%  rtt    0.00 ms    3,859 pkt  3 flow
  w8      4.449 Mbps (std  2.572)  jit   3.232 ms  reord  0.00%  rtt    0.00 ms    5,162 pkt  3 flow
  w9      2.726 Mbps (std  1.983)  jit   5.601 ms  reord  0.00%  rtt    0.00 ms    3,213 pkt  3 flow
  w10     3.240 Mbps (std  0.349)  jit   5.831 ms  reord  0.00%  rtt    0.00 ms    3,825 pkt  3 flow
  w11     3.243 Mbps (std  0.410)  jit   6.694 ms  reord  0.00%  rtt    0.00 ms    3,896 pkt  5 flow
  w12     3.242 Mbps (std  0.359)  jit   7.994 ms  reord  0.00%  rtt    0.00 ms    3,865 pkt  5 flow
  w13     2.073 Mbps (std  1.655)  jit   5.962 ms  reord  0.00%  rtt    0.00 ms    2,424 pkt  3 flow
  w14     2.966 Mbps (std  1.128)  jit  10.437 ms  reord  0.00%  rtt    0.00 ms    3,566 pkt  5 flow
  w15     3.365 Mbps (std  0.349)  jit  12.138 ms  reord  0.00%  rtt    0.00 ms    4,097 pkt  5 flow
  w16     3.365 Mbps (std  0.284)  jit  12.484 ms  reord  0.00%  rtt    0.00 ms    4,135 pkt  5 flow
  w17     4.016 Mbps (std  6.505)  jit  11.830 ms  reord  0.00%  rtt    0.00 ms    4,785 pkt  5 flow
  w18     3.007 Mbps (std  8.312)  jit   7.287 ms  reord  0.00%  rtt    0.00 ms    3,539 pkt  5 flow
  w19     2.678 Mbps (std  2.758)  jit  10.071 ms  reord  0.00%  rtt    0.00 ms    3,128 pkt  5 flow
  w20     3.163 Mbps (std  2.984)  jit   4.120 ms  reord  0.00%  rtt    0.00 ms    3,842 pkt  3 flow
  w21     6.021 Mbps (std  0.284)  jit   5.543 ms  reord  0.00%  rtt    0.00 ms    7,213 pkt  5 flow
  w22     5.571 Mbps (std  1.518)  jit   6.720 ms  reord  0.00%  rtt    0.00 ms    6,666 pkt  5 flow
  w23     1.097 Mbps (std  0.871)  jit  11.631 ms  reord  0.00%  rtt    0.00 ms    1,642 pkt  3 flow
  w24     1.362 Mbps (std  0.554)  jit  12.120 ms  reord  0.00%  rtt    0.00 ms    1,992 pkt  3 flow
  w25     2.057 Mbps (std  1.791)  jit  12.996 ms  reord  0.00%  rtt    0.00 ms    3,215 pkt  4 flow
  w26     2.501 Mbps (std  2.088)  jit  10.891 ms  reord  0.00%  rtt    0.00 ms    3,978 pkt  5 flow
  w27     0.990 Mbps (std  1.779)  jit   6.733 ms  reord  0.00%  rtt    0.00 ms    1,294 pkt  3 flow
  w28     0.818 Mbps (std  1.953)  jit   4.462 ms  reord  0.00%  rtt    0.00 ms    1,024 pkt  2 flow
  w29     0.697 Mbps (std  1.857)  jit   1.945 ms  reord  0.00%  rtt    0.00 ms      866 pkt  2 flow
  w30     5.512 Mbps (std  1.661)  jit   4.175 ms  reord  0.00%  rtt    0.00 ms    6,632 pkt  3 flow
  w31     4.373 Mbps (std  2.674)  jit   7.750 ms  reord  0.00%  rtt    0.00 ms    5,213 pkt  3 flow
  w32     0.653 Mbps (std  1.611)  jit   4.901 ms  reord  0.00%  rtt    0.00 ms      845 pkt  3 flow
  w33     0.315 Mbps (std  1.056)  jit  15.754 ms  reord  0.00%  rtt    0.00 ms      404 pkt  3 flow
  w34     0.001 Mbps (std  0.004)  jit   0.211 ms  reord  0.00%  rtt    0.00 ms        9 pkt  1 flow
  w35  (parsial, 98 cuplikan) 0.001 Mbps
>> selesai: 36 window -> qos_features.csv
>>          cuplikan mentah -> qos_samples.csv (untuk align_qos.py)
