>> run_id=CONT_s8_l2a_TheSwissAccount | map=flows | poll=0.1s | window=10.0s -> qos_features.csv
>> menghitung SEMUA flow TCP yang lewat (Ctrl-C untuk berhenti)
>> XDP terpasang di eth0: prog id=7600
>> membaca 1 map bernama 'flows': id [1850]
>> entri awal di map: 1  (0 = belum ada trafik TCP yang tertangkap)
  w0      0.001 Mbps (std  0.002)  jit   0.020 ms  reord  0.00%  rtt    0.00 ms        5 pkt  1 flow
  w1      0.001 Mbps (std  0.002)  jit   0.047 ms  reord  0.00%  rtt    0.00 ms        5 pkt  1 flow
  w2      0.001 Mbps (std  0.002)  jit   0.110 ms  reord  0.00%  rtt    0.00 ms        5 pkt  1 flow
  w3      0.001 Mbps (std  0.002)  jit   0.120 ms  reord  0.00%  rtt    0.00 ms        5 pkt  1 flow
  w4      0.013 Mbps (std  0.051)  jit   2.174 ms  reord  0.00%  rtt    0.00 ms       45 pkt  4 flow
  w5      0.144 Mbps (std  0.205)  jit  43.034 ms  reord  0.00%  rtt    0.00 ms      292 pkt  4 flow
  w6      0.115 Mbps (std  0.183)  jit  60.590 ms  reord  0.00%  rtt    0.00 ms      205 pkt  3 flow
  w7      0.104 Mbps (std  0.270)  jit  62.081 ms  reord  0.00%  rtt    0.00 ms      147 pkt  3 flow
  w8      0.120 Mbps (std  0.246)  jit  69.244 ms  reord  0.00%  rtt    0.00 ms      171 pkt  3 flow
  w9      0.134 Mbps (std  0.234)  jit  49.755 ms  reord  0.00%  rtt    0.00 ms      214 pkt  3 flow
  w10     0.147 Mbps (std  0.297)  jit  41.221 ms  reord  0.00%  rtt    0.00 ms      201 pkt  3 flow
  w11     0.156 Mbps (std  0.285)  jit  59.663 ms  reord  0.00%  rtt    0.00 ms      223 pkt  4 flow
  w12     0.150 Mbps (std  0.155)  jit 114.490 ms  reord  0.00%  rtt    0.00 ms      252 pkt  6 flow
  w13     1.590 Mbps (std 14.425)  jit 112.770 ms  reord  0.00%  rtt    0.00 ms    1,667 pkt  4 flow
  w14     0.117 Mbps (std  0.234)  jit  65.279 ms  reord  0.00%  rtt    0.00 ms      179 pkt  3 flow
  w15     0.129 Mbps (std  0.280)  jit  43.942 ms  reord  0.00%  rtt    0.00 ms      185 pkt  2 flow
  w16     0.095 Mbps (std  0.230)  jit  69.517 ms  reord  0.00%  rtt    0.00 ms      137 pkt  3 flow
  w17     0.119 Mbps (std  0.222)  jit  50.166 ms  reord  0.00%  rtt    0.00 ms      191 pkt  3 flow
  w18     0.146 Mbps (std  0.298)  jit  39.448 ms  reord  0.00%  rtt    0.00 ms      201 pkt  3 flow
  w19     0.176 Mbps (std  0.300)  jit  47.265 ms  reord  0.00%  rtt    0.00 ms      259 pkt  6 flow
  w20     0.168 Mbps (std  0.250)  jit  40.589 ms  reord  0.00%  rtt    0.00 ms      259 pkt  3 flow
  w21     0.155 Mbps (std  0.197)  jit  43.235 ms  reord  0.00%  rtt    0.00 ms      261 pkt  4 flow
  w22     0.182 Mbps (std  0.251)  jit  66.897 ms  reord  0.00%  rtt    0.00 ms      296 pkt  4 flow
  w23     0.363 Mbps (std  0.304)  jit  33.654 ms  reord  0.00%  rtt    0.00 ms      518 pkt  3 flow
  w24     0.365 Mbps (std  0.310)  jit  37.247 ms  reord  0.00%  rtt    0.00 ms      511 pkt  5 flow
  w25     1.958 Mbps (std 14.993)  jit  96.814 ms  reord  0.00%  rtt    0.00 ms    2,100 pkt  4 flow
  w26     0.159 Mbps (std  0.150)  jit 130.134 ms  reord  0.00%  rtt    0.00 ms      244 pkt  5 flow
  w27     0.157 Mbps (std  0.142)  jit 126.818 ms  reord  0.00%  rtt    0.00 ms      237 pkt  4 flow
  w28     0.152 Mbps (std  0.179)  jit 122.391 ms  reord  0.00%  rtt    0.00 ms      225 pkt  4 flow
  w29     0.245 Mbps (std  0.274)  jit  50.014 ms  reord  0.00%  rtt    0.00 ms      380 pkt  4 flow
  w30     0.245 Mbps (std  0.219)  jit 108.774 ms  reord  0.00%  rtt    0.00 ms      344 pkt  4 flow
  w31     0.245 Mbps (std  0.192)  jit 119.577 ms  reord  0.00%  rtt    0.00 ms      361 pkt  4 flow
  w32     1.028 Mbps (std  5.647)  jit  85.916 ms  reord  0.00%  rtt    0.00 ms    1,148 pkt  4 flow
  w33     0.221 Mbps (std  0.331)  jit 221.436 ms  reord  0.00%  rtt    0.00 ms      316 pkt  5 flow
  w34     0.223 Mbps (std  0.143)  jit  54.807 ms  reord  0.00%  rtt    0.00 ms      362 pkt  4 flow
  w35     0.021 Mbps (std  0.072)  jit   4.506 ms  reord  0.00%  rtt    0.00 ms       32 pkt  3 flow
  w36  (parsial, 16 cuplikan) 0.001 Mbps
>> selesai: 37 window -> qos_features.csv
>>          cuplikan mentah -> qos_samples.csv (untuk align_qos.py)
