>> run_id=CONT_s9_bola_Valkaama | map=flows | poll=0.1s | window=10.0s -> qos_features.csv
>> menghitung SEMUA flow TCP yang lewat (Ctrl-C untuk berhenti)
>> XDP terpasang di eth0: prog id=6717
>> membaca 1 map bernama 'flows': id [1724]
>> entri awal di map: 0  (0 = belum ada trafik TCP yang tertangkap)
  w0      0.001 Mbps (std  0.002)  jit   0.020 ms  reord  0.00%  rtt    0.00 ms        5 pkt  1 flow
  w1      0.001 Mbps (std  0.002)  jit   0.075 ms  reord  0.00%  rtt    0.00 ms        5 pkt  1 flow
  w2      0.001 Mbps (std  0.002)  jit   0.144 ms  reord  0.00%  rtt    0.00 ms        5 pkt  1 flow
  w3      0.001 Mbps (std  0.002)  jit   0.169 ms  reord  0.00%  rtt    0.00 ms        5 pkt  1 flow
  w4      0.175 Mbps (std  0.418)  jit   2.844 ms  reord  0.00%  rtt    0.00 ms      216 pkt  5 flow
  w5      1.053 Mbps (std  0.253)  jit  36.525 ms  reord  0.00%  rtt    0.00 ms    1,348 pkt  6 flow
  w6      2.638 Mbps (std 11.558)  jit  31.865 ms  reord  0.00%  rtt    0.00 ms    2,979 pkt  6 flow
  w7      0.407 Mbps (std  0.605)  jit  14.597 ms  reord  0.00%  rtt    0.00 ms      544 pkt  3 flow
  w8      0.621 Mbps (std  0.621)  jit  13.816 ms  reord  0.00%  rtt    0.00 ms      829 pkt  3 flow
  w9      0.661 Mbps (std  0.656)  jit  13.991 ms  reord  0.00%  rtt    0.00 ms      867 pkt  3 flow
  w10     1.218 Mbps (std  0.251)  jit  23.047 ms  reord  0.00%  rtt    0.00 ms    1,541 pkt  5 flow
  w11     1.244 Mbps (std  0.475)  jit  14.981 ms  reord  0.00%  rtt    0.00 ms    1,585 pkt  4 flow
  w12     1.888 Mbps (std  1.349)  jit   6.239 ms  reord  0.00%  rtt    0.00 ms    2,250 pkt  3 flow
  w13     2.859 Mbps (std  0.355)  jit   9.271 ms  reord  0.00%  rtt    0.00 ms    3,441 pkt  5 flow
  w14     2.252 Mbps (std  0.786)  jit   9.504 ms  reord  0.00%  rtt    0.00 ms    2,706 pkt  5 flow
  w15     1.407 Mbps (std  0.200)  jit  12.920 ms  reord  0.00%  rtt    0.00 ms    1,760 pkt  3 flow
  w16     1.415 Mbps (std  0.252)  jit  13.066 ms  reord  0.00%  rtt    0.00 ms    1,789 pkt  4 flow
  w17     1.415 Mbps (std  0.230)  jit  28.525 ms  reord  0.00%  rtt    0.00 ms    1,822 pkt  5 flow
  w18     1.405 Mbps (std  0.283)  jit  13.389 ms  reord  0.00%  rtt    0.00 ms    1,745 pkt  3 flow
  w19     1.138 Mbps (std  0.480)  jit  14.556 ms  reord  0.00%  rtt    0.00 ms    1,491 pkt  3 flow
  w20     0.900 Mbps (std  0.279)  jit  18.218 ms  reord  0.00%  rtt    0.00 ms    1,311 pkt  3 flow
  w21     0.817 Mbps (std  0.352)  jit  22.157 ms  reord  0.00%  rtt    0.00 ms    1,181 pkt  3 flow
  w22     1.263 Mbps (std  1.989)  jit  16.285 ms  reord  0.00%  rtt    0.00 ms    1,594 pkt  3 flow
  w23     4.700 Mbps (std  1.221)  jit   4.687 ms  reord  0.00%  rtt    0.00 ms    5,557 pkt  3 flow
  w24     3.657 Mbps (std  2.145)  jit   4.926 ms  reord  0.00%  rtt    0.00 ms    4,334 pkt  5 flow
  w25     3.996 Mbps (std  1.958)  jit   4.982 ms  reord  0.00%  rtt    0.00 ms    4,682 pkt  5 flow
  w26     3.093 Mbps (std  2.405)  jit   4.714 ms  reord  0.00%  rtt    0.00 ms    3,677 pkt  3 flow
  w27     4.748 Mbps (std  2.040)  jit   6.592 ms  reord  0.00%  rtt    0.00 ms    5,738 pkt  6 flow
  w28     4.512 Mbps (std  2.350)  jit   8.416 ms  reord  0.00%  rtt    0.00 ms    5,298 pkt  5 flow
  w29     3.105 Mbps (std  2.951)  jit   4.924 ms  reord  0.00%  rtt    0.00 ms    3,725 pkt  5 flow
  w30     6.017 Mbps (std  0.308)  jit   3.356 ms  reord  0.00%  rtt    0.00 ms    7,201 pkt  4 flow
  w31     6.467 Mbps (std  7.566)  jit   7.003 ms  reord  0.00%  rtt    0.00 ms    7,617 pkt  5 flow
  w32     1.779 Mbps (std  1.475)  jit  11.485 ms  reord  0.00%  rtt    0.00 ms    2,355 pkt  4 flow
  w33     0.001 Mbps (std  0.002)  jit   0.258 ms  reord  0.00%  rtt    0.00 ms        5 pkt  1 flow
  w34     0.001 Mbps (std  0.002)  jit  13.219 ms  reord  0.00%  rtt    0.00 ms        6 pkt  1 flow
  w35     0.001 Mbps (std  0.002)  jit   0.285 ms  reord  0.00%  rtt    0.00 ms        5 pkt  1 flow
  w36  (parsial, 10 cuplikan) 0.001 Mbps
>> selesai: 37 window -> qos_features.csv
>>          cuplikan mentah -> qos_samples.csv (untuk align_qos.py)
