>> run_id=CONT_s11_l2a_OfForestAndMen | map=flows | poll=0.1s | window=10.0s -> qos_features.csv
>> menghitung SEMUA flow TCP yang lewat (Ctrl-C untuk berhenti)
>> XDP terpasang di eth0: prog id=7123
>> membaca 1 map bernama 'flows': id [1782]
>> entri awal di map: 0  (0 = belum ada trafik TCP yang tertangkap)
  w0      0.001 Mbps (std  0.002)  jit   0.036 ms  reord  0.00%  rtt    0.00 ms        5 pkt  1 flow
  w1      0.001 Mbps (std  0.002)  jit   0.083 ms  reord  0.00%  rtt    0.00 ms        5 pkt  1 flow
  w2      0.001 Mbps (std  0.002)  jit   0.102 ms  reord  0.00%  rtt    0.00 ms        5 pkt  1 flow
  w3      0.001 Mbps (std  0.002)  jit   0.126 ms  reord  0.00%  rtt    0.00 ms        5 pkt  1 flow
  w4      0.125 Mbps (std  0.317)  jit   3.870 ms  reord  0.00%  rtt    0.00 ms      172 pkt  5 flow
  w5      0.664 Mbps (std  0.409)  jit  33.903 ms  reord  0.00%  rtt    0.00 ms      897 pkt  5 flow
  w6      0.673 Mbps (std  0.190)  jit  17.602 ms  reord  0.00%  rtt    0.00 ms    1,004 pkt  3 flow
  w7      0.677 Mbps (std  0.358)  jit  22.300 ms  reord  0.00%  rtt    0.00 ms      942 pkt  3 flow
  w8      0.864 Mbps (std  0.320)  jit  19.963 ms  reord  0.00%  rtt    0.00 ms    1,124 pkt  3 flow
  w9      0.859 Mbps (std  0.305)  jit  19.191 ms  reord  0.00%  rtt    0.00 ms    1,170 pkt  3 flow
  w10     0.872 Mbps (std  0.287)  jit  17.325 ms  reord  0.00%  rtt    0.00 ms    1,184 pkt  3 flow
  w11     2.090 Mbps (std 11.659)  jit  33.110 ms  reord  0.00%  rtt    0.00 ms    2,495 pkt  5 flow
  w12     0.955 Mbps (std  0.380)  jit  17.746 ms  reord  0.00%  rtt    0.00 ms    1,255 pkt  3 flow
  w13     0.963 Mbps (std  0.335)  jit  25.269 ms  reord  0.00%  rtt    0.00 ms    1,232 pkt  5 flow
  w14     2.178 Mbps (std 12.404)  jit  37.643 ms  reord  0.00%  rtt    0.00 ms    2,527 pkt  5 flow
  w15     0.898 Mbps (std  0.278)  jit  31.397 ms  reord  0.00%  rtt    0.00 ms    1,212 pkt  5 flow
  w16     0.892 Mbps (std  0.370)  jit  20.970 ms  reord  0.00%  rtt    0.00 ms    1,138 pkt  3 flow
  w17     0.486 Mbps (std  0.355)  jit  30.581 ms  reord  0.00%  rtt    0.00 ms      662 pkt  3 flow
  w18     0.408 Mbps (std  0.258)  jit  36.968 ms  reord  0.00%  rtt    0.00 ms      596 pkt  5 flow
  w19     0.406 Mbps (std  0.173)  jit  83.051 ms  reord  0.00%  rtt    0.00 ms      609 pkt  5 flow
  w20     0.410 Mbps (std  0.202)  jit  71.988 ms  reord  0.00%  rtt    0.00 ms      606 pkt  5 flow
  w21     0.430 Mbps (std  0.229)  jit  83.463 ms  reord  0.00%  rtt    0.00 ms      598 pkt  5 flow
  w22     0.432 Mbps (std  0.291)  jit  27.332 ms  reord  0.00%  rtt    0.00 ms      635 pkt  4 flow
  w23     0.430 Mbps (std  0.363)  jit  29.721 ms  reord  0.00%  rtt    0.00 ms      619 pkt  5 flow
  w24     3.146 Mbps (std 17.041)  jit  31.328 ms  reord  0.00%  rtt    0.00 ms    3,518 pkt  4 flow
  w25     4.847 Mbps (std 26.229)  jit   0.231 ms  reord  0.00%  rtt    0.00 ms    5,110 pkt  3 flow
  w26     1.599 Mbps (std  9.537)  jit   0.615 ms  reord  0.00%  rtt    0.00 ms    1,693 pkt  2 flow
  w27     5.001 Mbps (std 27.181)  jit   0.197 ms  reord  0.00%  rtt    0.00 ms    5,245 pkt  3 flow
  w28     7.591 Mbps (std 29.165)  jit  10.198 ms  reord  0.00%  rtt    0.00 ms    7,958 pkt  4 flow
  w29     3.503 Mbps (std 13.860)  jit   7.049 ms  reord  0.00%  rtt    0.00 ms    3,666 pkt  4 flow
  w30     1.758 Mbps (std 11.857)  jit  12.237 ms  reord  0.00%  rtt    0.00 ms    2,018 pkt  4 flow
  w31     1.104 Mbps (std  0.282)  jit  16.438 ms  reord  0.00%  rtt    0.00 ms    1,427 pkt  3 flow
  w32     1.105 Mbps (std  0.259)  jit  19.886 ms  reord  0.00%  rtt    0.00 ms    1,463 pkt  5 flow
  w33     0.781 Mbps (std  0.356)  jit  34.476 ms  reord  0.00%  rtt    0.00 ms    1,119 pkt  5 flow
  w34     0.146 Mbps (std  0.286)  jit   8.454 ms  reord  0.00%  rtt    0.00 ms      213 pkt  4 flow
  w35     0.001 Mbps (std  0.002)  jit   0.252 ms  reord  0.00%  rtt    0.00 ms        5 pkt  1 flow
  w36  (parsial, 13 cuplikan) 0.001 Mbps
>> selesai: 37 window -> qos_features.csv
>>          cuplikan mentah -> qos_samples.csv (untuk align_qos.py)
