>> run_id=CONT_s9_throughput_BigBuckBunny | map=flows | poll=0.1s | window=10.0s -> qos_features.csv
>> menghitung SEMUA flow TCP yang lewat (Ctrl-C untuk berhenti)
>> XDP terpasang di eth0: prog id=7348
>> membaca 1 map bernama 'flows': id [1814]
>> entri awal di map: 0  (0 = belum ada trafik TCP yang tertangkap)
  w0      0.001 Mbps (std  0.003)  jit   0.010 ms  reord  0.00%  rtt    0.00 ms        6 pkt  1 flow
  w1      0.001 Mbps (std  0.002)  jit   0.065 ms  reord  0.00%  rtt    0.00 ms        5 pkt  1 flow
  w2      0.001 Mbps (std  0.002)  jit   0.136 ms  reord  0.00%  rtt    0.00 ms        5 pkt  1 flow
  w3      0.001 Mbps (std  0.002)  jit   0.160 ms  reord  0.00%  rtt    0.00 ms        5 pkt  1 flow
  w4      0.189 Mbps (std  0.436)  jit   3.248 ms  reord  0.00%  rtt    0.00 ms      226 pkt  4 flow
  w5      1.055 Mbps (std  0.307)  jit  35.132 ms  reord  0.00%  rtt    0.00 ms    1,366 pkt  7 flow
  w6      2.265 Mbps (std 11.625)  jit  34.487 ms  reord  0.00%  rtt    0.00 ms    2,591 pkt  5 flow
  w7      0.884 Mbps (std  0.609)  jit  14.688 ms  reord  0.00%  rtt    0.00 ms    1,148 pkt  4 flow
  w8      0.503 Mbps (std  0.620)  jit  12.845 ms  reord  0.00%  rtt    0.00 ms      656 pkt  3 flow
  w9      1.123 Mbps (std  0.400)  jit  18.131 ms  reord  0.00%  rtt    0.00 ms    1,426 pkt  3 flow
  w10     1.222 Mbps (std  0.293)  jit  24.529 ms  reord  0.00%  rtt    0.00 ms    1,556 pkt  5 flow
  w11     1.135 Mbps (std  0.542)  jit  12.929 ms  reord  0.00%  rtt    0.00 ms    1,484 pkt  3 flow
  w12     0.903 Mbps (std  1.312)  jit   7.878 ms  reord  0.00%  rtt    0.00 ms    1,101 pkt  3 flow
  w13     2.859 Mbps (std  0.309)  jit   9.043 ms  reord  0.00%  rtt    0.00 ms    3,429 pkt  5 flow
  w14     1.880 Mbps (std  1.064)  jit   9.654 ms  reord  0.00%  rtt    0.00 ms    2,303 pkt  4 flow
  w15     1.352 Mbps (std  0.377)  jit  13.596 ms  reord  0.00%  rtt    0.00 ms    1,693 pkt  3 flow
  w16     1.412 Mbps (std  0.173)  jit  13.227 ms  reord  0.00%  rtt    0.00 ms    1,780 pkt  4 flow
  w17     1.413 Mbps (std  0.263)  jit  29.894 ms  reord  0.00%  rtt    0.00 ms    1,812 pkt  5 flow
  w18     1.407 Mbps (std  0.239)  jit  13.277 ms  reord  0.00%  rtt    0.00 ms    1,773 pkt  4 flow
  w19     1.125 Mbps (std  0.466)  jit  17.228 ms  reord  0.00%  rtt    0.00 ms    1,475 pkt  4 flow
  w20     0.899 Mbps (std  0.308)  jit  22.163 ms  reord  0.00%  rtt    0.00 ms    1,250 pkt  3 flow
  w21     0.785 Mbps (std  0.325)  jit  23.563 ms  reord  0.00%  rtt    0.00 ms    1,122 pkt  3 flow
  w22     0.637 Mbps (std  1.183)  jit  10.265 ms  reord  0.00%  rtt    0.00 ms      876 pkt  3 flow
  w23     0.669 Mbps (std  1.626)  jit   7.102 ms  reord  0.00%  rtt    0.00 ms      823 pkt  3 flow
  w24     2.411 Mbps (std  2.488)  jit   5.410 ms  reord  0.00%  rtt    0.00 ms    2,903 pkt  5 flow
  w25     4.997 Mbps (std  0.240)  jit   5.042 ms  reord  0.00%  rtt    0.00 ms    5,854 pkt  5 flow
  w26     5.010 Mbps (std  0.303)  jit   4.029 ms  reord  0.00%  rtt    0.00 ms    5,895 pkt  3 flow
  w27     7.085 Mbps (std 10.242)  jit   5.815 ms  reord  0.00%  rtt    0.00 ms    8,278 pkt  5 flow
  w28     6.027 Mbps (std  0.256)  jit   7.297 ms  reord  0.00%  rtt    0.00 ms    7,292 pkt  6 flow
  w29     6.020 Mbps (std  0.362)  jit   4.473 ms  reord  0.00%  rtt    0.00 ms    7,176 pkt  5 flow
  w30     5.148 Mbps (std  2.124)  jit   3.044 ms  reord  0.00%  rtt    0.00 ms    6,156 pkt  4 flow
  w31     4.229 Mbps (std  2.461)  jit  12.921 ms  reord  0.00%  rtt    0.00 ms    5,009 pkt  5 flow
  w32     1.514 Mbps (std  1.419)  jit  11.013 ms  reord  0.00%  rtt    0.00 ms    1,951 pkt  3 flow
  w33     0.001 Mbps (std  0.002)  jit   0.256 ms  reord  0.00%  rtt    0.00 ms        5 pkt  1 flow
  w34     0.001 Mbps (std  0.003)  jit  16.127 ms  reord  0.00%  rtt    0.00 ms        7 pkt  1 flow
  w35     0.001 Mbps (std  0.002)  jit   0.224 ms  reord  0.00%  rtt    0.00 ms        5 pkt  1 flow
  w36  (parsial, 11 cuplikan) 0.000 Mbps
>> selesai: 37 window -> qos_features.csv
>>          cuplikan mentah -> qos_samples.csv (untuk align_qos.py)
