>> run_id=CONT_s13_bola_TheSwissAccount | map=flows | poll=0.1s | window=10.0s -> qos_features.csv
>> menghitung SEMUA flow TCP yang lewat (Ctrl-C untuk berhenti)
>> XDP terpasang di eth0: prog id=5757
>> membaca 1 map bernama 'flows': id [1587]
>> entri awal di map: 1  (0 = belum ada trafik TCP yang tertangkap)
  w0      0.001 Mbps (std  0.002)  jit   0.034 ms  reord  0.00%  rtt    0.00 ms        5 pkt  1 flow
  w1      0.001 Mbps (std  0.002)  jit   0.112 ms  reord  0.00%  rtt    0.00 ms        5 pkt  1 flow
  w2      0.001 Mbps (std  0.002)  jit   0.176 ms  reord  0.00%  rtt    0.00 ms        5 pkt  1 flow
  w3      0.001 Mbps (std  0.002)  jit   0.187 ms  reord  0.00%  rtt    0.00 ms        5 pkt  1 flow
  w4      0.131 Mbps (std  0.343)  jit   3.849 ms  reord  0.00%  rtt    0.00 ms      181 pkt  5 flow
  w5      0.527 Mbps (std  0.293)  jit  41.594 ms  reord  0.00%  rtt    0.00 ms      747 pkt  5 flow
  w6      0.220 Mbps (std  0.337)  jit  44.766 ms  reord  0.00%  rtt    0.00 ms      307 pkt  3 flow
  w7      0.290 Mbps (std  0.346)  jit  36.943 ms  reord  0.00%  rtt    0.00 ms      418 pkt  3 flow
  w8      0.339 Mbps (std  0.338)  jit  43.931 ms  reord  0.00%  rtt    0.00 ms      493 pkt  4 flow
  w9      0.209 Mbps (std  0.236)  jit  88.723 ms  reord  0.00%  rtt    0.00 ms      315 pkt  4 flow
  w10     0.190 Mbps (std  0.141)  jit 133.906 ms  reord  0.00%  rtt    0.00 ms      282 pkt  4 flow
  w11     0.318 Mbps (std  0.448)  jit  85.548 ms  reord  0.00%  rtt    0.00 ms      490 pkt  4 flow
  w12     0.423 Mbps (std  0.405)  jit  28.016 ms  reord  0.00%  rtt    0.00 ms      578 pkt  3 flow
  w13     0.455 Mbps (std  0.249)  jit  25.453 ms  reord  0.00%  rtt    0.00 ms      676 pkt  3 flow
  w14     0.452 Mbps (std  0.315)  jit  29.617 ms  reord  0.00%  rtt    0.00 ms      642 pkt  3 flow
  w15     1.511 Mbps (std  7.734)  jit  26.176 ms  reord  0.00%  rtt    0.00 ms    1,846 pkt  5 flow
  w16     0.967 Mbps (std  0.222)  jit  38.506 ms  reord  0.00%  rtt    0.00 ms    1,247 pkt  5 flow
  w17     0.953 Mbps (std  0.237)  jit  41.525 ms  reord  0.00%  rtt    0.00 ms    1,255 pkt  5 flow
  w18     0.673 Mbps (std  0.494)  jit  25.291 ms  reord  0.00%  rtt    0.00 ms      911 pkt  5 flow
  w19     2.274 Mbps (std 11.872)  jit  28.489 ms  reord  0.00%  rtt    0.00 ms    2,612 pkt  5 flow
  w20     0.581 Mbps (std  0.660)  jit  13.352 ms  reord  0.00%  rtt    0.00 ms      781 pkt  3 flow
  w21     0.583 Mbps (std  0.661)  jit  19.243 ms  reord  0.00%  rtt    0.00 ms      761 pkt  4 flow
  w22     1.279 Mbps (std  0.181)  jit  31.797 ms  reord  0.00%  rtt    0.00 ms    1,646 pkt  5 flow
  w23     1.277 Mbps (std  0.212)  jit  31.699 ms  reord  0.00%  rtt    0.00 ms    1,686 pkt  5 flow
  w24     2.421 Mbps (std 10.367)  jit  19.064 ms  reord  0.00%  rtt    0.00 ms    2,731 pkt  5 flow
  w25     0.716 Mbps (std  1.319)  jit   7.109 ms  reord  0.00%  rtt    0.00 ms      946 pkt  2 flow
  w26     2.561 Mbps (std  1.141)  jit  11.837 ms  reord  0.00%  rtt    0.00 ms    3,025 pkt  4 flow
  w27     3.218 Mbps (std  0.287)  jit  11.277 ms  reord  0.00%  rtt    0.00 ms    3,995 pkt  5 flow
  w28     3.350 Mbps (std  1.590)  jit   8.861 ms  reord  0.00%  rtt    0.00 ms    4,047 pkt  5 flow
  w29     1.814 Mbps (std  1.426)  jit   7.511 ms  reord  0.00%  rtt    0.00 ms    2,199 pkt  4 flow
  w30     2.939 Mbps (std  0.265)  jit  12.931 ms  reord  0.00%  rtt    0.00 ms    3,699 pkt  5 flow
  w31     2.937 Mbps (std  0.219)  jit  13.066 ms  reord  0.00%  rtt    0.00 ms    3,723 pkt  5 flow
  w32     2.376 Mbps (std  1.155)  jit   7.258 ms  reord  0.00%  rtt    0.00 ms    2,908 pkt  3 flow
  w33     0.496 Mbps (std  1.093)  jit  22.199 ms  reord  0.00%  rtt    0.00 ms      643 pkt  4 flow
  w34     0.001 Mbps (std  0.002)  jit   0.303 ms  reord  0.00%  rtt    0.00 ms        5 pkt  1 flow
  w35  (parsial, 93 cuplikan) 0.001 Mbps
>> selesai: 36 window -> qos_features.csv
>>          cuplikan mentah -> qos_samples.csv (untuk align_qos.py)
