>> run_id=CONT_s9_l2a_ElephantsDream | map=flows | poll=0.1s | window=10.0s -> qos_features.csv
>> menghitung SEMUA flow TCP yang lewat (Ctrl-C untuk berhenti)
>> XDP terpasang di eth0: prog id=5666
>> membaca 1 map bernama 'flows': id [1574]
>> entri awal di map: 0  (0 = belum ada trafik TCP yang tertangkap)
  w0      0.001 Mbps (std  0.002)  jit   0.022 ms  reord  0.00%  rtt    0.00 ms        5 pkt  1 flow
  w1      0.001 Mbps (std  0.002)  jit   0.078 ms  reord  0.00%  rtt    0.00 ms        5 pkt  1 flow
  w2      0.001 Mbps (std  0.002)  jit   0.100 ms  reord  0.00%  rtt    0.00 ms        5 pkt  1 flow
  w3      0.001 Mbps (std  0.002)  jit   0.112 ms  reord  0.00%  rtt    0.00 ms        6 pkt  1 flow
  w4      0.173 Mbps (std  0.412)  jit   3.028 ms  reord  0.00%  rtt    0.00 ms      211 pkt  5 flow
  w5      1.063 Mbps (std  0.276)  jit  33.888 ms  reord  0.00%  rtt    0.00 ms    1,365 pkt  6 flow
  w6      2.655 Mbps (std 15.383)  jit  32.054 ms  reord  0.00%  rtt    0.00 ms    3,009 pkt  5 flow
  w7      1.224 Mbps (std  0.286)  jit  14.336 ms  reord  0.00%  rtt    0.00 ms    1,594 pkt  3 flow
  w8      1.218 Mbps (std  0.276)  jit  15.235 ms  reord  0.00%  rtt    0.00 ms    1,522 pkt  3 flow
  w9      1.219 Mbps (std  0.253)  jit  14.633 ms  reord  0.00%  rtt    0.00 ms    1,550 pkt  3 flow
  w10     1.223 Mbps (std  0.224)  jit  23.829 ms  reord  0.00%  rtt    0.00 ms    1,553 pkt  5 flow
  w11     1.243 Mbps (std  0.386)  jit  14.864 ms  reord  0.00%  rtt    0.00 ms    1,567 pkt  3 flow
  w12     2.866 Mbps (std  0.338)  jit   6.651 ms  reord  0.00%  rtt    0.00 ms    3,449 pkt  4 flow
  w13     2.856 Mbps (std  0.278)  jit   9.247 ms  reord  0.00%  rtt    0.00 ms    3,443 pkt  5 flow
  w14     2.470 Mbps (std  2.301)  jit   9.218 ms  reord  0.00%  rtt    0.00 ms    2,972 pkt  5 flow
  w15     1.417 Mbps (std  0.232)  jit  13.215 ms  reord  0.00%  rtt    0.00 ms    1,778 pkt  3 flow
  w16     1.406 Mbps (std  0.240)  jit  13.303 ms  reord  0.00%  rtt    0.00 ms    1,779 pkt  4 flow
  w17     1.421 Mbps (std  0.245)  jit  25.848 ms  reord  0.00%  rtt    0.00 ms    1,817 pkt  5 flow
  w18     1.401 Mbps (std  0.241)  jit  13.790 ms  reord  0.00%  rtt    0.00 ms    1,730 pkt  3 flow
  w19     1.100 Mbps (std  0.468)  jit  19.393 ms  reord  0.00%  rtt    0.00 ms    1,450 pkt  3 flow
  w20     0.799 Mbps (std  0.239)  jit  21.368 ms  reord  0.00%  rtt    0.00 ms    1,184 pkt  3 flow
  w21     0.845 Mbps (std  0.280)  jit  21.400 ms  reord  0.00%  rtt    0.00 ms    1,226 pkt  3 flow
  w22     1.415 Mbps (std  1.970)  jit  10.453 ms  reord  0.00%  rtt    0.00 ms    1,755 pkt  3 flow
  w23     5.012 Mbps (std  0.327)  jit   4.018 ms  reord  0.00%  rtt    0.00 ms    5,896 pkt  3 flow
  w24     5.013 Mbps (std  0.357)  jit   4.932 ms  reord  0.00%  rtt    0.00 ms    5,964 pkt  5 flow
  w25     2.663 Mbps (std  2.476)  jit   4.677 ms  reord  0.00%  rtt    0.00 ms    3,183 pkt  5 flow
  w26     2.454 Mbps (std  2.442)  jit   6.930 ms  reord  0.00%  rtt    0.00 ms    2,936 pkt  3 flow
  w27     5.215 Mbps (std  2.047)  jit   8.126 ms  reord  0.00%  rtt    0.00 ms    6,351 pkt  6 flow
  w28     4.462 Mbps (std  2.384)  jit   8.334 ms  reord  0.00%  rtt    0.00 ms    5,252 pkt  5 flow
  w29     2.903 Mbps (std  2.916)  jit   4.120 ms  reord  0.00%  rtt    0.00 ms    3,525 pkt  5 flow
  w30     2.506 Mbps (std  2.864)  jit   2.938 ms  reord  0.00%  rtt    0.00 ms    3,035 pkt  3 flow
  w31     4.337 Mbps (std  2.181)  jit   9.495 ms  reord  0.00%  rtt    0.00 ms    5,215 pkt  5 flow
  w32     2.987 Mbps (std  0.672)  jit  11.404 ms  reord  0.00%  rtt    0.00 ms    3,804 pkt  5 flow
  w33     2.519 Mbps (std  1.246)  jit   6.928 ms  reord  0.00%  rtt    0.00 ms    3,013 pkt  3 flow
  w34     0.270 Mbps (std  0.864)  jit   0.838 ms  reord  0.00%  rtt    0.00 ms      326 pkt  2 flow
  w35     0.001 Mbps (std  0.002)  jit   0.273 ms  reord  0.00%  rtt    0.00 ms        5 pkt  1 flow
  w36  (parsial, 5 cuplikan) 0.002 Mbps
>> selesai: 37 window -> qos_features.csv
>>          cuplikan mentah -> qos_samples.csv (untuk align_qos.py)
