>> run_id=CONT_s12_l2a_RedBullPlayStreets | map=flows | poll=0.1s | window=10.0s -> qos_features.csv
>> menghitung SEMUA flow TCP yang lewat (Ctrl-C untuk berhenti)
>> XDP terpasang di eth0: prog id=7144
>> membaca 1 map bernama 'flows': id [1785]
>> entri awal di map: 0  (0 = belum ada trafik TCP yang tertangkap)
  w0      0.001 Mbps (std  0.002)  jit   0.034 ms  reord  0.00%  rtt    0.00 ms        5 pkt  1 flow
  w1      0.001 Mbps (std  0.002)  jit   0.094 ms  reord  0.00%  rtt    0.00 ms        5 pkt  1 flow
  w2      0.001 Mbps (std  0.002)  jit   0.186 ms  reord  0.00%  rtt    0.00 ms        5 pkt  1 flow
  w3      0.001 Mbps (std  0.003)  jit   0.270 ms  reord  0.00%  rtt    0.00 ms        7 pkt  1 flow
  w4      0.046 Mbps (std  0.162)  jit   1.490 ms  reord  0.00%  rtt    0.00 ms      119 pkt  3 flow
  w5      0.208 Mbps (std  0.074)  jit  33.689 ms  reord  0.00%  rtt    0.00 ms      429 pkt  4 flow
  w6      0.203 Mbps (std  0.073)  jit  97.087 ms  reord  0.00%  rtt    0.00 ms      340 pkt  5 flow
  w7      1.020 Mbps (std  5.962)  jit 110.647 ms  reord  0.00%  rtt    0.00 ms    1,139 pkt  5 flow
  w8      0.409 Mbps (std  0.140)  jit  70.681 ms  reord  0.00%  rtt    0.00 ms      634 pkt  5 flow
  w9      0.409 Mbps (std  0.142)  jit  73.294 ms  reord  0.00%  rtt    0.00 ms      640 pkt  5 flow
  w10     0.410 Mbps (std  0.104)  jit  73.889 ms  reord  0.00%  rtt    0.00 ms      649 pkt  5 flow
  w11     0.356 Mbps (std  0.199)  jit  48.744 ms  reord  0.00%  rtt    0.00 ms      525 pkt  5 flow
  w12     0.181 Mbps (std  0.131)  jit  54.442 ms  reord  0.00%  rtt    0.00 ms      274 pkt  3 flow
  w13     0.010 Mbps (std  0.049)  jit   2.540 ms  reord  0.00%  rtt    0.00 ms       23 pkt  2 flow
  w14     0.001 Mbps (std  0.003)  jit   0.261 ms  reord  0.00%  rtt    0.00 ms        6 pkt  1 flow
  w15     0.001 Mbps (std  0.004)  jit   0.245 ms  reord  0.00%  rtt    0.00 ms        9 pkt  1 flow
  w16     0.136 Mbps (std  0.236)  jit  16.783 ms  reord  0.00%  rtt    0.00 ms      161 pkt  3 flow
  w17     0.157 Mbps (std  0.227)  jit  25.693 ms  reord  0.00%  rtt    0.00 ms      173 pkt  3 flow
  w18     0.117 Mbps (std  0.235)  jit  13.712 ms  reord  0.00%  rtt    0.00 ms      143 pkt  3 flow
  w19     2.394 Mbps (std 12.776)  jit  11.865 ms  reord  0.00%  rtt    0.00 ms    2,451 pkt  3 flow
  w20     1.654 Mbps (std  4.458)  jit   8.099 ms  reord  0.00%  rtt    0.00 ms    1,721 pkt  3 flow
  w21     0.001 Mbps (std  0.002)  jit   0.266 ms  reord  0.00%  rtt    0.00 ms        5 pkt  1 flow
  w22     0.001 Mbps (std  0.002)  jit   0.273 ms  reord  0.00%  rtt    0.00 ms        5 pkt  1 flow
  w23     0.001 Mbps (std  0.002)  jit   0.257 ms  reord  0.00%  rtt    0.00 ms        5 pkt  1 flow
  w24     0.695 Mbps (std  4.409)  jit  11.719 ms  reord  0.00%  rtt    0.00 ms      717 pkt  3 flow
  w25     0.001 Mbps (std  0.002)  jit   0.262 ms  reord  0.00%  rtt    0.00 ms        5 pkt  1 flow
  w26     0.028 Mbps (std  0.114)  jit   3.300 ms  reord  0.00%  rtt    0.00 ms       62 pkt  3 flow
  w27     0.120 Mbps (std  0.081)  jit  42.889 ms  reord  0.00%  rtt    0.00 ms      193 pkt  3 flow
  w28     0.001 Mbps (std  0.002)  jit   0.301 ms  reord  0.00%  rtt    0.00 ms        5 pkt  1 flow
  w29     0.001 Mbps (std  0.002)  jit   0.290 ms  reord  0.00%  rtt    0.00 ms        5 pkt  1 flow
  w30     0.001 Mbps (std  0.002)  jit   0.311 ms  reord  0.00%  rtt    0.00 ms        5 pkt  1 flow
  w31     0.001 Mbps (std  0.003)  jit   0.366 ms  reord  0.00%  rtt    0.00 ms        6 pkt  1 flow
  w32     0.001 Mbps (std  0.002)  jit   0.271 ms  reord  0.00%  rtt    0.00 ms        5 pkt  1 flow
  w33     0.001 Mbps (std  0.002)  jit   0.240 ms  reord  0.00%  rtt    0.00 ms        5 pkt  1 flow
  w34     0.001 Mbps (std  0.002)  jit   0.227 ms  reord  0.00%  rtt    0.00 ms        5 pkt  1 flow
  w35     0.001 Mbps (std  0.003)  jit   0.263 ms  reord  0.00%  rtt    0.00 ms        6 pkt  1 flow
  w36  (parsial, 1 cuplikan) 0.000 Mbps
>> selesai: 37 window -> qos_features.csv
>>          cuplikan mentah -> qos_samples.csv (untuk align_qos.py)
