>> run_id=CONT_s3_throughput_ElephantsDream | map=flows | poll=0.1s | window=10.0s -> qos_features.csv
>> menghitung SEMUA flow TCP yang lewat (Ctrl-C untuk berhenti)
>> XDP terpasang di eth0: prog id=5988
>> membaca 1 map bernama 'flows': id [1620]
>> entri awal di map: 0  (0 = belum ada trafik TCP yang tertangkap)
  w0      0.001 Mbps (std  0.002)  jit   0.021 ms  reord  0.00%  rtt    0.00 ms        5 pkt  1 flow
  w1      0.001 Mbps (std  0.002)  jit   0.095 ms  reord  0.00%  rtt    0.00 ms        5 pkt  1 flow
  w2      0.001 Mbps (std  0.004)  jit   0.191 ms  reord  0.00%  rtt    0.00 ms        9 pkt  1 flow
  w3      0.001 Mbps (std  0.002)  jit   0.178 ms  reord  0.00%  rtt    0.00 ms        5 pkt  1 flow
  w4      0.065 Mbps (std  0.231)  jit   4.897 ms  reord  0.00%  rtt    0.00 ms      100 pkt  4 flow
  w5      0.305 Mbps (std  0.225)  jit  84.425 ms  reord  0.00%  rtt    0.00 ms      412 pkt  5 flow
  w6      0.303 Mbps (std  0.232)  jit  34.309 ms  reord  0.00%  rtt    0.00 ms      457 pkt  3 flow
  w7      0.277 Mbps (std  0.315)  jit  38.982 ms  reord  0.00%  rtt    0.00 ms      407 pkt  3 flow
  w8      0.327 Mbps (std  0.254)  jit  40.833 ms  reord  0.00%  rtt    0.00 ms      537 pkt  5 flow
  w9      0.334 Mbps (std  0.252)  jit  56.841 ms  reord  0.00%  rtt    0.00 ms      522 pkt  5 flow
  w10     0.421 Mbps (std  0.428)  jit  23.586 ms  reord  0.00%  rtt    0.00 ms      625 pkt  3 flow
  w11     0.361 Mbps (std  0.419)  jit  17.558 ms  reord  0.00%  rtt    0.00 ms      549 pkt  3 flow
  w12     0.771 Mbps (std  0.261)  jit  25.647 ms  reord  0.00%  rtt    0.00 ms    1,157 pkt  5 flow
  w13     0.868 Mbps (std  0.593)  jit  15.877 ms  reord  0.00%  rtt    0.00 ms    1,156 pkt  3 flow
  w14     1.072 Mbps (std  0.735)  jit  19.429 ms  reord  0.00%  rtt    0.00 ms    1,321 pkt  5 flow
  w15     0.783 Mbps (std  0.769)  jit  16.926 ms  reord  0.00%  rtt    0.00 ms    1,028 pkt  5 flow
  w16     1.025 Mbps (std  0.300)  jit  16.448 ms  reord  0.00%  rtt    0.00 ms    1,351 pkt  3 flow
  w17     1.029 Mbps (std  0.293)  jit  18.313 ms  reord  0.00%  rtt    0.00 ms    1,337 pkt  4 flow
  w18     1.027 Mbps (std  0.337)  jit  25.565 ms  reord  0.00%  rtt    0.00 ms    1,340 pkt  5 flow
  w19     1.012 Mbps (std  0.347)  jit  17.700 ms  reord  0.00%  rtt    0.00 ms    1,319 pkt  3 flow
  w20     0.609 Mbps (std  0.472)  jit  15.462 ms  reord  0.00%  rtt    0.00 ms      876 pkt  3 flow
  w21     0.860 Mbps (std  0.280)  jit  18.248 ms  reord  0.00%  rtt    0.00 ms    1,183 pkt  3 flow
  w22     0.651 Mbps (std  0.448)  jit  14.087 ms  reord  0.00%  rtt    0.00 ms      960 pkt  3 flow
  w23     0.649 Mbps (std  0.429)  jit  14.058 ms  reord  0.00%  rtt    0.00 ms      957 pkt  3 flow
  w24     0.506 Mbps (std  0.493)  jit  17.192 ms  reord  0.00%  rtt    0.00 ms      743 pkt  3 flow
  w25     0.503 Mbps (std  0.365)  jit  29.025 ms  reord  0.00%  rtt    0.00 ms      745 pkt  3 flow
  w26     0.524 Mbps (std  0.371)  jit  35.174 ms  reord  0.00%  rtt    0.00 ms      723 pkt  3 flow
  w27     0.470 Mbps (std  0.343)  jit  36.930 ms  reord  0.00%  rtt    0.00 ms      682 pkt  3 flow
  w28     0.360 Mbps (std  0.372)  jit  27.815 ms  reord  0.00%  rtt    0.00 ms      540 pkt  3 flow
  w29     0.438 Mbps (std  0.397)  jit  29.113 ms  reord  0.00%  rtt    0.00 ms      639 pkt  3 flow
  w30     0.450 Mbps (std  0.317)  jit  43.338 ms  reord  0.00%  rtt    0.00 ms      629 pkt  5 flow
  w31     0.431 Mbps (std  0.309)  jit  16.980 ms  reord  0.00%  rtt    0.00 ms      702 pkt  3 flow
  w32     0.414 Mbps (std  0.297)  jit  30.911 ms  reord  0.00%  rtt    0.00 ms      645 pkt  5 flow
  w33     0.487 Mbps (std  0.277)  jit  49.921 ms  reord  0.00%  rtt    0.00 ms      698 pkt  5 flow
  w34     0.146 Mbps (std  0.239)  jit   4.991 ms  reord  0.00%  rtt    0.00 ms      246 pkt  3 flow
  w35     0.001 Mbps (std  0.002)  jit   0.288 ms  reord  0.00%  rtt    0.00 ms        6 pkt  1 flow
  w36  (parsial, 13 cuplikan) 0.001 Mbps
>> selesai: 37 window -> qos_features.csv
>>          cuplikan mentah -> qos_samples.csv (untuk align_qos.py)
