>> run_id=CONT_s4_dynamic_OfForestAndMen | map=flows | poll=0.1s | window=10.0s -> qos_features.csv
>> menghitung SEMUA flow TCP yang lewat (Ctrl-C untuk berhenti)
>> XDP terpasang di eth0: prog id=8126
>> membaca 1 map bernama 'flows': id [1925]
>> entri awal di map: 0  (0 = belum ada trafik TCP yang tertangkap)
  w0      0.001 Mbps (std  0.002)  jit   0.018 ms  reord  0.00%  rtt    0.00 ms        5 pkt  1 flow
  w1      0.001 Mbps (std  0.002)  jit   0.065 ms  reord  0.00%  rtt    0.00 ms        5 pkt  1 flow
  w2      0.001 Mbps (std  0.002)  jit   0.138 ms  reord  0.00%  rtt    0.00 ms        5 pkt  1 flow
  w3      0.001 Mbps (std  0.002)  jit   0.194 ms  reord  0.00%  rtt    0.00 ms        5 pkt  1 flow
  w4      0.011 Mbps (std  0.052)  jit   2.280 ms  reord  0.00%  rtt    0.00 ms       43 pkt  2 flow
  w5      0.236 Mbps (std  0.256)  jit  32.102 ms  reord  0.00%  rtt    0.00 ms      386 pkt  4 flow
  w6      0.257 Mbps (std  0.330)  jit  40.745 ms  reord  0.00%  rtt    0.00 ms      370 pkt  3 flow
  w7      0.244 Mbps (std  0.245)  jit  34.677 ms  reord  0.00%  rtt    0.00 ms      367 pkt  3 flow
  w8      0.284 Mbps (std  0.280)  jit  35.583 ms  reord  0.00%  rtt    0.00 ms      417 pkt  3 flow
  w9      0.460 Mbps (std  0.318)  jit  19.912 ms  reord  0.00%  rtt    0.00 ms      701 pkt  3 flow
  w10     0.382 Mbps (std  0.363)  jit  21.815 ms  reord  0.00%  rtt    0.00 ms      550 pkt  3 flow
  w11     0.268 Mbps (std  0.345)  jit  19.737 ms  reord  0.00%  rtt    0.00 ms      450 pkt  3 flow
  w12     0.395 Mbps (std  0.312)  jit  18.238 ms  reord  0.00%  rtt    0.00 ms      639 pkt  3 flow
  w13     0.618 Mbps (std  0.286)  jit  40.053 ms  reord  0.00%  rtt    0.00 ms      861 pkt  4 flow
  w14     0.613 Mbps (std  0.184)  jit  57.716 ms  reord  0.00%  rtt    0.00 ms      873 pkt  5 flow
  w15     0.607 Mbps (std  0.208)  jit  60.614 ms  reord  0.00%  rtt    0.00 ms      861 pkt  5 flow
  w16     1.138 Mbps (std  4.519)  jit  17.878 ms  reord  0.00%  rtt    0.00 ms    1,466 pkt  3 flow
  w17     0.382 Mbps (std  2.447)  jit   1.351 ms  reord  0.00%  rtt    0.00 ms      415 pkt  2 flow
  w18     0.596 Mbps (std  3.138)  jit   2.838 ms  reord  0.00%  rtt    0.00 ms      638 pkt  2 flow
  w19     1.739 Mbps (std  4.914)  jit   6.301 ms  reord  0.00%  rtt    0.00 ms    1,814 pkt  3 flow
  w20     2.509 Mbps (std  6.459)  jit   9.441 ms  reord  0.00%  rtt    0.00 ms    2,628 pkt  4 flow
  w21     1.384 Mbps (std  4.425)  jit  13.555 ms  reord  0.00%  rtt    0.00 ms    1,455 pkt  4 flow
  w22     0.344 Mbps (std  0.154)  jit  37.407 ms  reord  0.00%  rtt    0.00 ms      551 pkt  3 flow
  w23     0.342 Mbps (std  0.294)  jit  33.129 ms  reord  0.00%  rtt    0.00 ms      502 pkt  3 flow
  w24     0.343 Mbps (std  0.229)  jit  30.342 ms  reord  0.00%  rtt    0.00 ms      531 pkt  3 flow
  w25     0.340 Mbps (std  0.311)  jit  34.976 ms  reord  0.00%  rtt    0.00 ms      484 pkt  3 flow
  w26     0.353 Mbps (std  0.503)  jit  18.856 ms  reord  0.00%  rtt    0.00 ms      504 pkt  3 flow
  w27     0.572 Mbps (std  0.407)  jit  34.750 ms  reord  0.00%  rtt    0.00 ms      805 pkt  5 flow
  w28     0.800 Mbps (std  0.315)  jit  36.009 ms  reord  0.00%  rtt    0.00 ms    1,087 pkt  5 flow
  w29     1.629 Mbps (std  0.360)  jit  18.253 ms  reord  0.00%  rtt    0.00 ms    1,919 pkt  5 flow
  w30     1.640 Mbps (std  0.262)  jit  25.428 ms  reord  0.00%  rtt    0.00 ms    1,939 pkt  6 flow
  w31     1.309 Mbps (std  0.342)  jit  30.518 ms  reord  0.00%  rtt    0.00 ms    1,612 pkt  5 flow
  w32     1.133 Mbps (std  0.230)  jit  34.058 ms  reord  0.00%  rtt    0.00 ms    1,528 pkt  5 flow
  w33     1.126 Mbps (std  0.233)  jit  33.605 ms  reord  0.00%  rtt    0.00 ms    1,389 pkt  5 flow
  w34     0.095 Mbps (std  0.319)  jit   4.459 ms  reord  0.00%  rtt    0.00 ms      107 pkt  4 flow
  w35     0.001 Mbps (std  0.002)  jit   0.216 ms  reord  0.00%  rtt    0.00 ms        5 pkt  1 flow
  w36  (parsial, 13 cuplikan) 0.001 Mbps
>> selesai: 37 window -> qos_features.csv
>>          cuplikan mentah -> qos_samples.csv (untuk align_qos.py)
