>> run_id=CONT_s7_dynamic_Valkaama | map=flows | poll=0.1s | window=10.0s -> qos_features.csv
>> menghitung SEMUA flow TCP yang lewat (Ctrl-C untuk berhenti)
>> XDP terpasang di eth0: prog id=7537
>> membaca 1 map bernama 'flows': id [1841]
>> entri awal di map: 0  (0 = belum ada trafik TCP yang tertangkap)
  w0      0.001 Mbps (std  0.002)  jit   0.019 ms  reord  0.00%  rtt    0.00 ms        5 pkt  1 flow
  w1      0.001 Mbps (std  0.002)  jit   0.068 ms  reord  0.00%  rtt    0.00 ms        5 pkt  1 flow
  w2      0.001 Mbps (std  0.002)  jit   0.109 ms  reord  0.00%  rtt    0.00 ms        5 pkt  1 flow
  w3      0.001 Mbps (std  0.002)  jit   0.157 ms  reord  0.00%  rtt    0.00 ms        5 pkt  1 flow
  w4      0.011 Mbps (std  0.053)  jit   1.802 ms  reord  0.00%  rtt    0.00 ms       39 pkt  2 flow
  w5      1.305 Mbps (std  7.303)  jit  12.424 ms  reord  0.00%  rtt    0.00 ms    1,473 pkt  3 flow
  w6      0.762 Mbps (std  4.356)  jit   0.529 ms  reord  0.00%  rtt    0.00 ms      805 pkt  2 flow
  w7      2.284 Mbps (std  5.896)  jit   6.315 ms  reord  0.00%  rtt    0.00 ms    2,379 pkt  3 flow
  w8      2.277 Mbps (std  6.824)  jit   8.425 ms  reord  0.00%  rtt    0.00 ms    2,339 pkt  4 flow
  w9      1.308 Mbps (std  2.041)  jit  27.501 ms  reord  0.00%  rtt    0.00 ms    1,767 pkt  6 flow
  w10     1.077 Mbps (std  0.428)  jit  29.032 ms  reord  0.00%  rtt    0.00 ms    1,423 pkt  5 flow
  w11     0.826 Mbps (std  0.668)  jit  15.705 ms  reord  0.00%  rtt    0.00 ms    1,073 pkt  3 flow
  w12     0.666 Mbps (std  0.627)  jit  14.751 ms  reord  0.00%  rtt    0.00 ms      846 pkt  3 flow
  w13     1.001 Mbps (std  0.451)  jit  32.906 ms  reord  0.00%  rtt    0.00 ms    1,295 pkt  5 flow
  w14     1.073 Mbps (std  0.504)  jit  15.332 ms  reord  0.00%  rtt    0.00 ms    1,611 pkt  3 flow
  w15     1.019 Mbps (std  0.399)  jit  15.262 ms  reord  0.00%  rtt    0.00 ms    1,643 pkt  3 flow
  w16     1.321 Mbps (std  1.110)  jit  16.887 ms  reord  0.00%  rtt    0.00 ms    1,870 pkt  5 flow
  w17     3.098 Mbps (std  0.817)  jit  12.265 ms  reord  0.00%  rtt    0.00 ms    3,727 pkt  5 flow
  w18     3.323 Mbps (std  0.247)  jit  12.058 ms  reord  0.00%  rtt    0.00 ms    4,096 pkt  5 flow
  w19     2.200 Mbps (std  1.575)  jit   6.438 ms  reord  0.00%  rtt    0.00 ms    2,663 pkt  5 flow
  w20     1.549 Mbps (std  1.385)  jit   6.832 ms  reord  0.00%  rtt    0.00 ms    1,911 pkt  3 flow
  w21     2.671 Mbps (std  0.258)  jit   7.321 ms  reord  0.00%  rtt    0.00 ms    3,234 pkt  3 flow
  w22     2.670 Mbps (std  0.285)  jit   9.953 ms  reord  0.00%  rtt    0.00 ms    3,356 pkt  6 flow
  w23     2.138 Mbps (std  1.092)  jit  13.202 ms  reord  0.00%  rtt    0.00 ms    2,473 pkt  5 flow
  w24     1.679 Mbps (std  1.355)  jit   6.703 ms  reord  0.00%  rtt    0.00 ms    2,011 pkt  3 flow
  w25     2.575 Mbps (std  0.796)  jit   7.653 ms  reord  0.00%  rtt    0.00 ms    3,161 pkt  3 flow
  w26     1.973 Mbps (std  0.463)  jit  14.466 ms  reord  0.00%  rtt    0.00 ms    2,969 pkt  5 flow
  w27     1.063 Mbps (std  0.956)  jit  13.550 ms  reord  0.00%  rtt    0.00 ms    1,576 pkt  5 flow
  w28     0.412 Mbps (std  0.706)  jit  25.311 ms  reord  0.00%  rtt    0.00 ms      627 pkt  4 flow
  w29     1.357 Mbps (std  1.040)  jit  15.928 ms  reord  0.00%  rtt    0.00 ms    2,104 pkt  5 flow
  w30     0.160 Mbps (std  0.540)  jit  17.982 ms  reord  0.00%  rtt    0.00 ms      219 pkt  2 flow
  w31     1.212 Mbps (std  1.583)  jit  11.258 ms  reord  0.00%  rtt    0.00 ms    1,491 pkt  3 flow
  w32     3.289 Mbps (std  0.491)  jit   6.030 ms  reord  0.00%  rtt    0.00 ms    3,978 pkt  3 flow
  w33     0.289 Mbps (std  0.940)  jit  15.919 ms  reord  0.00%  rtt    0.00 ms      361 pkt  3 flow
  w34     0.001 Mbps (std  0.003)  jit   6.912 ms  reord  0.00%  rtt    0.00 ms        7 pkt  1 flow
  w35     0.001 Mbps (std  0.002)  jit   0.230 ms  reord  0.00%  rtt    0.00 ms        5 pkt  1 flow
  w36  (parsial, 2 cuplikan) 0.000 Mbps
>> selesai: 37 window -> qos_features.csv
>>          cuplikan mentah -> qos_samples.csv (untuk align_qos.py)
