>> run_id=CONT_s8_dynamic_OfForestAndMen | map=flows | poll=0.1s | window=10.0s -> qos_features.csv
>> menghitung SEMUA flow TCP yang lewat (Ctrl-C untuk berhenti)
>> XDP terpasang di eth0: prog id=6682
>> membaca 1 map bernama 'flows': id [1719]
>> entri awal di map: 0  (0 = belum ada trafik TCP yang tertangkap)
  w0      0.001 Mbps (std  0.003)  jit   0.044 ms  reord  0.00%  rtt    0.00 ms        6 pkt  1 flow
  w1      0.001 Mbps (std  0.002)  jit   0.085 ms  reord  0.00%  rtt    0.00 ms        5 pkt  1 flow
  w2      0.001 Mbps (std  0.002)  jit   0.095 ms  reord  0.00%  rtt    0.00 ms        5 pkt  1 flow
  w3      0.001 Mbps (std  0.002)  jit   0.142 ms  reord  0.00%  rtt    0.00 ms        5 pkt  1 flow
  w4      0.013 Mbps (std  0.054)  jit   2.266 ms  reord  0.00%  rtt    0.00 ms       43 pkt  3 flow
  w5      0.151 Mbps (std  0.199)  jit  57.461 ms  reord  0.00%  rtt    0.00 ms      294 pkt  4 flow
  w6      0.141 Mbps (std  0.142)  jit  64.151 ms  reord  0.00%  rtt    0.00 ms      245 pkt  4 flow
  w7      0.136 Mbps (std  0.273)  jit  52.301 ms  reord  0.00%  rtt    0.00 ms      194 pkt  2 flow
  w8      0.137 Mbps (std  0.290)  jit  67.551 ms  reord  0.00%  rtt    0.00 ms      188 pkt  3 flow
  w9      0.074 Mbps (std  0.245)  jit  39.706 ms  reord  0.00%  rtt    0.00 ms      107 pkt  2 flow
  w10     0.061 Mbps (std  0.214)  jit  74.230 ms  reord  0.00%  rtt    0.00 ms       96 pkt  3 flow
  w11     0.094 Mbps (std  0.229)  jit  58.997 ms  reord  0.00%  rtt    0.00 ms      134 pkt  3 flow
  w12     0.155 Mbps (std  0.152)  jit  96.616 ms  reord  0.00%  rtt    0.00 ms      268 pkt  5 flow
  w13     1.363 Mbps (std  8.733)  jit  91.968 ms  reord  0.00%  rtt    0.00 ms    1,471 pkt  5 flow
  w14     0.121 Mbps (std  0.269)  jit  66.474 ms  reord  0.00%  rtt    0.00 ms      174 pkt  2 flow
  w15     0.071 Mbps (std  0.220)  jit  64.158 ms  reord  0.00%  rtt    0.00 ms      116 pkt  3 flow
  w16     0.043 Mbps (std  0.187)  jit  50.731 ms  reord  0.00%  rtt    0.00 ms       69 pkt  3 flow
  w17     0.118 Mbps (std  0.204)  jit  83.871 ms  reord  0.00%  rtt    0.00 ms      186 pkt  3 flow
  w18     0.165 Mbps (std  0.287)  jit  51.373 ms  reord  0.00%  rtt    0.00 ms      248 pkt  3 flow
  w19     0.169 Mbps (std  0.313)  jit  63.281 ms  reord  0.00%  rtt    0.00 ms      242 pkt  5 flow
  w20     0.098 Mbps (std  0.194)  jit  52.381 ms  reord  0.00%  rtt    0.00 ms      164 pkt  3 flow
  w21     0.170 Mbps (std  0.285)  jit  53.990 ms  reord  0.00%  rtt    0.00 ms      246 pkt  3 flow
  w22     1.437 Mbps (std  8.948)  jit  66.078 ms  reord  0.00%  rtt    0.00 ms    1,557 pkt  5 flow
  w23     0.118 Mbps (std  0.268)  jit  28.421 ms  reord  0.00%  rtt    0.00 ms      196 pkt  2 flow
  w24     0.212 Mbps (std  0.265)  jit  34.138 ms  reord  0.00%  rtt    0.00 ms      353 pkt  3 flow
  w25     1.718 Mbps (std 14.104)  jit  67.878 ms  reord  0.00%  rtt    0.00 ms    1,882 pkt  4 flow
  w26     0.157 Mbps (std  0.152)  jit 110.776 ms  reord  0.00%  rtt    0.00 ms      237 pkt  5 flow
  w27     0.157 Mbps (std  0.169)  jit 124.853 ms  reord  0.00%  rtt    0.00 ms      242 pkt  5 flow
  w28     0.176 Mbps (std  0.330)  jit 112.222 ms  reord  0.00%  rtt    0.00 ms      265 pkt  5 flow
  w29     0.144 Mbps (std  0.302)  jit  37.329 ms  reord  0.00%  rtt    0.00 ms      222 pkt  3 flow
  w30     0.243 Mbps (std  0.255)  jit 103.823 ms  reord  0.00%  rtt    0.00 ms      286 pkt  4 flow
  w31     0.248 Mbps (std  0.221)  jit  96.426 ms  reord  0.00%  rtt    0.00 ms      370 pkt  4 flow
  w32     0.213 Mbps (std  0.357)  jit  60.833 ms  reord  0.00%  rtt    0.00 ms      290 pkt  6 flow
  w33     0.114 Mbps (std  0.276)  jit  41.927 ms  reord  0.00%  rtt    0.00 ms      163 pkt  2 flow
  w34     0.223 Mbps (std  0.112)  jit  60.937 ms  reord  0.00%  rtt    0.00 ms      373 pkt  3 flow
  w35     0.031 Mbps (std  0.082)  jit   1.839 ms  reord  0.00%  rtt    0.00 ms       49 pkt  3 flow
  w36  (parsial, 20 cuplikan) 0.001 Mbps
>> selesai: 37 window -> qos_features.csv
>>          cuplikan mentah -> qos_samples.csv (untuk align_qos.py)
