>> run_id=CONT_s6_bola_TheSwissAccount | map=flows | poll=0.1s | window=10.0s -> qos_features.csv
>> menghitung SEMUA flow TCP yang lewat (Ctrl-C untuk berhenti)
>> XDP terpasang di eth0: prog id=8063
>> membaca 1 map bernama 'flows': id [1916]
>> entri awal di map: 0  (0 = belum ada trafik TCP yang tertangkap)
  w0      0.001 Mbps (std  0.002)  jit   0.009 ms  reord  0.00%  rtt    0.00 ms        5 pkt  1 flow
  w1      0.001 Mbps (std  0.002)  jit   0.077 ms  reord  0.00%  rtt    0.00 ms        5 pkt  1 flow
  w2      0.001 Mbps (std  0.002)  jit   0.115 ms  reord  0.00%  rtt    0.00 ms        5 pkt  1 flow
  w3      0.001 Mbps (std  0.002)  jit   0.123 ms  reord  0.00%  rtt    0.00 ms        5 pkt  1 flow
  w4      0.066 Mbps (std  0.244)  jit   1.349 ms  reord  0.00%  rtt    0.00 ms      148 pkt  3 flow
  w5      0.459 Mbps (std  0.362)  jit  33.348 ms  reord  0.00%  rtt    0.00 ms      703 pkt  4 flow
  w6      0.362 Mbps (std  0.306)  jit  37.416 ms  reord  0.00%  rtt    0.00 ms      564 pkt  3 flow
  w7      0.352 Mbps (std  0.391)  jit  35.234 ms  reord  0.00%  rtt    0.00 ms      547 pkt  3 flow
  w8      0.332 Mbps (std  0.370)  jit  34.392 ms  reord  0.00%  rtt    0.00 ms      500 pkt  3 flow
  w9      0.499 Mbps (std  0.421)  jit  36.486 ms  reord  0.00%  rtt    0.00 ms      768 pkt  5 flow
  w10     0.882 Mbps (std  0.354)  jit  32.494 ms  reord  0.00%  rtt    0.00 ms    1,214 pkt  5 flow
  w11     0.277 Mbps (std  0.498)  jit   6.125 ms  reord  0.00%  rtt    0.00 ms      417 pkt  4 flow
  w12     0.293 Mbps (std  0.486)  jit  18.556 ms  reord  0.00%  rtt    0.00 ms      430 pkt  2 flow
  w13     0.883 Mbps (std  0.305)  jit  45.321 ms  reord  0.00%  rtt    0.00 ms    1,049 pkt  5 flow
  w14     0.499 Mbps (std  0.566)  jit  21.305 ms  reord  0.00%  rtt    0.00 ms      679 pkt  4 flow
  w15     0.937 Mbps (std  0.384)  jit  21.501 ms  reord  0.00%  rtt    0.00 ms    1,243 pkt  5 flow
  w16     0.478 Mbps (std  0.335)  jit  51.716 ms  reord  0.00%  rtt    0.00 ms      678 pkt  6 flow
  w17     0.447 Mbps (std  0.176)  jit  77.294 ms  reord  0.00%  rtt    0.00 ms      640 pkt  6 flow
  w18     0.444 Mbps (std  0.336)  jit  58.869 ms  reord  0.00%  rtt    0.00 ms      602 pkt  5 flow
  w19     0.444 Mbps (std  0.246)  jit  72.424 ms  reord  0.00%  rtt    0.00 ms      642 pkt  5 flow
  w20     1.808 Mbps (std 11.745)  jit  78.240 ms  reord  0.00%  rtt    0.00 ms    1,995 pkt  5 flow
  w21     0.249 Mbps (std  0.264)  jit  25.435 ms  reord  0.00%  rtt    0.00 ms      388 pkt  3 flow
  w22     1.506 Mbps (std  9.777)  jit  62.111 ms  reord  0.00%  rtt    0.00 ms    1,706 pkt  5 flow
  w23     0.138 Mbps (std  0.166)  jit  71.046 ms  reord  0.00%  rtt    0.00 ms      256 pkt  4 flow
  w24     0.139 Mbps (std  0.224)  jit  51.063 ms  reord  0.00%  rtt    0.00 ms      228 pkt  3 flow
  w25     0.139 Mbps (std  0.154)  jit 106.604 ms  reord  0.00%  rtt    0.00 ms      235 pkt  4 flow
  w26     0.162 Mbps (std  0.225)  jit 110.633 ms  reord  0.00%  rtt    0.00 ms      270 pkt  5 flow
  w27     0.203 Mbps (std  0.274)  jit  47.876 ms  reord  0.00%  rtt    0.00 ms      314 pkt  3 flow
  w28     0.198 Mbps (std  0.302)  jit  33.283 ms  reord  0.00%  rtt    0.00 ms      278 pkt  3 flow
  w29     0.203 Mbps (std  0.312)  jit  48.235 ms  reord  0.00%  rtt    0.00 ms      288 pkt  3 flow
  w30     0.143 Mbps (std  0.211)  jit  38.640 ms  reord  0.00%  rtt    0.00 ms      246 pkt  3 flow
  w31     0.169 Mbps (std  0.203)  jit  48.909 ms  reord  0.00%  rtt    0.00 ms      292 pkt  4 flow
  w32     0.323 Mbps (std  1.516)  jit  60.973 ms  reord  0.00%  rtt    0.00 ms      435 pkt  4 flow
  w33     0.059 Mbps (std  0.556)  jit  31.034 ms  reord  0.00%  rtt    0.00 ms       92 pkt  3 flow
  w34     0.799 Mbps (std  2.982)  jit   3.524 ms  reord  0.00%  rtt    0.00 ms      844 pkt  3 flow
  w35     0.001 Mbps (std  0.002)  jit   0.200 ms  reord  0.00%  rtt    0.00 ms        5 pkt  1 flow
>> selesai: 36 window -> qos_features.csv
>>          cuplikan mentah -> qos_samples.csv (untuk align_qos.py)
