>> run_id=CONT_s8_dynamic_TearsOfSteel | map=flows | poll=0.1s | window=10.0s -> qos_features.csv
>> menghitung SEMUA flow TCP yang lewat (Ctrl-C untuk berhenti)
>> XDP terpasang di eth0: prog id=7060
>> membaca 1 map bernama 'flows': id [1773]
>> entri awal di map: 0  (0 = belum ada trafik TCP yang tertangkap)
  w0      0.001 Mbps (std  0.002)  jit   0.025 ms  reord  0.00%  rtt    0.00 ms        5 pkt  1 flow
  w1      0.001 Mbps (std  0.002)  jit   0.084 ms  reord  0.00%  rtt    0.00 ms        5 pkt  1 flow
  w2      0.001 Mbps (std  0.002)  jit   0.167 ms  reord  0.00%  rtt    0.00 ms        5 pkt  1 flow
  w3      0.001 Mbps (std  0.002)  jit   0.191 ms  reord  0.00%  rtt    0.00 ms        5 pkt  1 flow
  w4      0.011 Mbps (std  0.050)  jit   3.189 ms  reord  0.00%  rtt    0.00 ms       42 pkt  3 flow
  w5      0.149 Mbps (std  0.237)  jit  46.896 ms  reord  0.00%  rtt    0.00 ms      277 pkt  3 flow
  w6      0.162 Mbps (std  0.226)  jit  67.487 ms  reord  0.00%  rtt    0.00 ms      246 pkt  3 flow
  w7      0.139 Mbps (std  0.265)  jit  33.496 ms  reord  0.00%  rtt    0.00 ms      188 pkt  2 flow
  w8      0.137 Mbps (std  0.210)  jit  67.669 ms  reord  0.00%  rtt    0.00 ms      199 pkt  3 flow
  w9      0.138 Mbps (std  0.213)  jit  51.239 ms  reord  0.00%  rtt    0.00 ms      213 pkt  3 flow
  w10     0.143 Mbps (std  0.261)  jit  37.378 ms  reord  0.00%  rtt    0.00 ms      202 pkt  3 flow
  w11     0.159 Mbps (std  0.266)  jit  45.439 ms  reord  0.00%  rtt    0.00 ms      226 pkt  4 flow
  w12     0.152 Mbps (std  0.099)  jit 158.742 ms  reord  0.00%  rtt    0.00 ms      279 pkt  4 flow
  w13     0.989 Mbps (std  8.441)  jit  97.147 ms  reord  0.00%  rtt    0.00 ms    1,075 pkt  4 flow
  w14     0.123 Mbps (std  0.156)  jit  94.417 ms  reord  0.00%  rtt    0.00 ms      181 pkt  3 flow
  w15     0.115 Mbps (std  0.117)  jit  42.587 ms  reord  0.00%  rtt    0.00 ms      193 pkt  3 flow
  w16     0.132 Mbps (std  0.228)  jit  61.917 ms  reord  0.00%  rtt    0.00 ms      185 pkt  3 flow
  w17     0.139 Mbps (std  0.182)  jit  61.492 ms  reord  0.00%  rtt    0.00 ms      218 pkt  3 flow
  w18     0.175 Mbps (std  0.255)  jit  41.644 ms  reord  0.00%  rtt    0.00 ms      254 pkt  3 flow
  w19     0.167 Mbps (std  0.166)  jit  69.554 ms  reord  0.00%  rtt    0.00 ms      253 pkt  4 flow
  w20     0.173 Mbps (std  0.185)  jit  43.006 ms  reord  0.00%  rtt    0.00 ms      269 pkt  3 flow
  w21     0.169 Mbps (std  0.294)  jit  43.780 ms  reord  0.00%  rtt    0.00 ms      240 pkt  3 flow
  w22     0.202 Mbps (std  0.217)  jit  82.265 ms  reord  0.00%  rtt    0.00 ms      305 pkt  3 flow
  w23     0.365 Mbps (std  0.233)  jit  29.649 ms  reord  0.00%  rtt    0.00 ms      530 pkt  3 flow
  w24     0.360 Mbps (std  0.265)  jit  37.736 ms  reord  0.00%  rtt    0.00 ms      495 pkt  4 flow
  w25     1.247 Mbps (std  8.367)  jit  80.227 ms  reord  0.00%  rtt    0.00 ms    1,406 pkt  4 flow
  w26     0.157 Mbps (std  0.273)  jit  79.146 ms  reord  0.00%  rtt    0.00 ms      220 pkt  4 flow
  w27     0.157 Mbps (std  0.160)  jit 126.573 ms  reord  0.00%  rtt    0.00 ms      250 pkt  5 flow
  w28     0.148 Mbps (std  0.152)  jit 120.132 ms  reord  0.00%  rtt    0.00 ms      218 pkt  4 flow
  w29     0.242 Mbps (std  0.279)  jit  93.541 ms  reord  0.00%  rtt    0.00 ms      339 pkt  5 flow
  w30     0.255 Mbps (std  0.225)  jit  79.649 ms  reord  0.00%  rtt    0.00 ms      371 pkt  4 flow
  w31     0.247 Mbps (std  0.213)  jit  85.010 ms  reord  0.00%  rtt    0.00 ms      366 pkt  5 flow
  w32     1.467 Mbps (std 12.352)  jit  98.003 ms  reord  0.00%  rtt    0.00 ms    1,627 pkt  5 flow
  w33     0.211 Mbps (std  0.248)  jit  85.134 ms  reord  0.00%  rtt    0.00 ms      307 pkt  5 flow
  w34     0.176 Mbps (std  0.252)  jit  35.994 ms  reord  0.00%  rtt    0.00 ms      257 pkt  3 flow
  w35     0.160 Mbps (std  0.142)  jit  23.443 ms  reord  0.00%  rtt    0.00 ms      263 pkt  3 flow
  w36  (parsial, 21 cuplikan) 0.001 Mbps
>> selesai: 37 window -> qos_features.csv
>>          cuplikan mentah -> qos_samples.csv (untuk align_qos.py)
