>> run_id=CONT_s6_throughput_TheSwissAccount | map=flows | poll=0.1s | window=10.0s -> qos_features.csv
>> menghitung SEMUA flow TCP yang lewat (Ctrl-C untuk berhenti)
>> XDP terpasang di eth0: prog id=7025
>> membaca 1 map bernama 'flows': id [1768]
>> entri awal di map: 0  (0 = belum ada trafik TCP yang tertangkap)
  w0      0.001 Mbps (std  0.002)  jit   0.019 ms  reord  0.00%  rtt    0.00 ms        5 pkt  1 flow
  w1      0.001 Mbps (std  0.002)  jit   0.110 ms  reord  0.00%  rtt    0.00 ms        5 pkt  1 flow
  w2      0.001 Mbps (std  0.002)  jit   0.175 ms  reord  0.00%  rtt    0.00 ms        5 pkt  1 flow
  w3      0.001 Mbps (std  0.002)  jit   0.241 ms  reord  0.00%  rtt    0.00 ms        5 pkt  1 flow
  w4      0.071 Mbps (std  0.248)  jit   2.330 ms  reord  0.00%  rtt    0.00 ms      154 pkt  3 flow
  w5      0.430 Mbps (std  0.352)  jit  35.942 ms  reord  0.00%  rtt    0.00 ms      658 pkt  4 flow
  w6      0.323 Mbps (std  0.329)  jit  34.952 ms  reord  0.00%  rtt    0.00 ms      520 pkt  2 flow
  w7      0.352 Mbps (std  0.407)  jit  35.902 ms  reord  0.00%  rtt    0.00 ms      509 pkt  3 flow
  w8      0.318 Mbps (std  0.353)  jit  37.953 ms  reord  0.00%  rtt    0.00 ms      497 pkt  3 flow
  w9      0.502 Mbps (std  0.383)  jit  40.047 ms  reord  0.00%  rtt    0.00 ms      753 pkt  5 flow
  w10     0.879 Mbps (std  0.291)  jit  34.091 ms  reord  0.00%  rtt    0.00 ms    1,216 pkt  5 flow
  w11     0.141 Mbps (std  0.381)  jit   5.864 ms  reord  0.00%  rtt    0.00 ms      249 pkt  4 flow
  w12     0.358 Mbps (std  0.517)  jit  17.985 ms  reord  0.00%  rtt    0.00 ms      538 pkt  3 flow
  w13     0.938 Mbps (std  0.215)  jit  40.907 ms  reord  0.00%  rtt    0.00 ms    1,254 pkt  5 flow
  w14     0.818 Mbps (std  0.417)  jit  23.892 ms  reord  0.00%  rtt    0.00 ms    1,072 pkt  5 flow
  w15     0.489 Mbps (std  0.487)  jit  22.918 ms  reord  0.00%  rtt    0.00 ms      676 pkt  4 flow
  w16     1.839 Mbps (std 13.529)  jit  70.883 ms  reord  0.00%  rtt    0.00 ms    1,995 pkt  5 flow
  w17     0.444 Mbps (std  0.153)  jit  86.002 ms  reord  0.00%  rtt    0.00 ms      625 pkt  5 flow
  w18     0.446 Mbps (std  0.162)  jit  72.800 ms  reord  0.00%  rtt    0.00 ms      649 pkt  5 flow
  w19     0.445 Mbps (std  0.230)  jit  73.600 ms  reord  0.00%  rtt    0.00 ms      638 pkt  5 flow
  w20     0.654 Mbps (std  3.724)  jit  57.535 ms  reord  0.00%  rtt    0.00 ms      769 pkt  4 flow
  w21     0.260 Mbps (std  0.341)  jit  38.845 ms  reord  0.00%  rtt    0.00 ms      360 pkt  3 flow
  w22     1.115 Mbps (std  8.402)  jit  83.056 ms  reord  0.00%  rtt    0.00 ms    1,194 pkt  4 flow
  w23     0.139 Mbps (std  0.151)  jit  83.685 ms  reord  0.00%  rtt    0.00 ms      244 pkt  4 flow
  w24     0.138 Mbps (std  0.195)  jit  56.941 ms  reord  0.00%  rtt    0.00 ms      238 pkt  5 flow
  w25     0.139 Mbps (std  0.106)  jit 114.694 ms  reord  0.00%  rtt    0.00 ms      238 pkt  5 flow
  w26     0.164 Mbps (std  0.227)  jit  85.017 ms  reord  0.00%  rtt    0.00 ms      283 pkt  4 flow
  w27     0.199 Mbps (std  0.335)  jit  37.533 ms  reord  0.00%  rtt    0.00 ms      260 pkt  3 flow
  w28     0.207 Mbps (std  0.241)  jit  40.364 ms  reord  0.00%  rtt    0.00 ms      334 pkt  3 flow
  w29     0.179 Mbps (std  0.201)  jit  38.639 ms  reord  0.00%  rtt    0.00 ms      303 pkt  3 flow
  w30     0.155 Mbps (std  0.219)  jit  47.241 ms  reord  0.00%  rtt    0.00 ms      262 pkt  3 flow
  w31     0.182 Mbps (std  0.218)  jit  79.405 ms  reord  0.00%  rtt    0.00 ms      288 pkt  4 flow
  w32     0.307 Mbps (std  1.237)  jit  46.648 ms  reord  0.00%  rtt    0.00 ms      399 pkt  3 flow
  w33     0.379 Mbps (std  2.159)  jit   9.754 ms  reord  0.00%  rtt    0.00 ms      423 pkt  2 flow
  w34     0.518 Mbps (std  2.251)  jit   3.804 ms  reord  0.00%  rtt    0.00 ms      544 pkt  2 flow
  w35     0.001 Mbps (std  0.003)  jit   0.311 ms  reord  0.00%  rtt    0.00 ms        6 pkt  1 flow
>> selesai: 36 window -> qos_features.csv
>>          cuplikan mentah -> qos_samples.csv (untuk align_qos.py)
