>> run_id=CONT_s14_throughput_BigBuckBunny | map=flows | poll=0.1s | window=10.0s -> qos_features.csv
>> menghitung SEMUA flow TCP yang lewat (Ctrl-C untuk berhenti)
>> XDP terpasang di eth0: prog id=8098
>> membaca 1 map bernama 'flows': id [1921]
>> entri awal di map: 0  (0 = belum ada trafik TCP yang tertangkap)
  w0      0.001 Mbps (std  0.002)  jit   0.004 ms  reord  0.00%  rtt    0.00 ms        5 pkt  1 flow
  w1      0.001 Mbps (std  0.002)  jit   0.058 ms  reord  0.00%  rtt    0.00 ms        5 pkt  1 flow
  w2      0.001 Mbps (std  0.002)  jit   0.091 ms  reord  0.00%  rtt    0.00 ms        5 pkt  1 flow
  w3      0.001 Mbps (std  0.002)  jit   0.094 ms  reord  0.00%  rtt    0.00 ms        5 pkt  1 flow
  w4      0.038 Mbps (std  0.151)  jit   1.634 ms  reord  0.00%  rtt    0.00 ms       96 pkt  3 flow
  w5      0.126 Mbps (std  0.058)  jit  43.642 ms  reord  0.00%  rtt    0.00 ms      240 pkt  4 flow
  w6      0.126 Mbps (std  0.115)  jit  43.087 ms  reord  0.00%  rtt    0.00 ms      214 pkt  3 flow
  w7      0.107 Mbps (std  0.134)  jit  46.097 ms  reord  0.00%  rtt    0.00 ms      184 pkt  3 flow
  w8      0.124 Mbps (std  0.253)  jit  50.356 ms  reord  0.00%  rtt    0.00 ms      198 pkt  3 flow
  w9      0.116 Mbps (std  0.249)  jit  42.425 ms  reord  0.00%  rtt    0.00 ms      176 pkt  3 flow
  w10     0.125 Mbps (std  0.257)  jit  51.373 ms  reord  0.00%  rtt    0.00 ms      179 pkt  4 flow
  w11     0.103 Mbps (std  0.168)  jit  96.371 ms  reord  0.00%  rtt    0.00 ms      164 pkt  3 flow
  w12     0.093 Mbps (std  0.174)  jit  65.841 ms  reord  0.00%  rtt    0.00 ms      186 pkt  4 flow
  w13     0.132 Mbps (std  0.221)  jit 104.350 ms  reord  0.00%  rtt    0.00 ms      210 pkt  4 flow
  w14     0.126 Mbps (std  0.160)  jit 137.954 ms  reord  0.00%  rtt    0.00 ms      185 pkt  4 flow
  w15     0.095 Mbps (std  0.266)  jit  54.193 ms  reord  0.00%  rtt    0.00 ms      142 pkt  3 flow
  w16     0.121 Mbps (std  0.216)  jit 132.025 ms  reord  0.00%  rtt    0.00 ms      176 pkt  5 flow
  w17     0.114 Mbps (std  0.267)  jit  54.186 ms  reord  0.00%  rtt    0.00 ms      160 pkt  3 flow
  w18     0.118 Mbps (std  0.269)  jit  52.794 ms  reord  0.00%  rtt    0.00 ms      177 pkt  3 flow
  w19     0.079 Mbps (std  0.217)  jit  60.552 ms  reord  0.00%  rtt    0.00 ms      129 pkt  4 flow
  w20     0.143 Mbps (std  0.243)  jit  95.907 ms  reord  0.00%  rtt    0.00 ms      216 pkt  4 flow
  w21     0.127 Mbps (std  0.147)  jit 135.705 ms  reord  0.00%  rtt    0.00 ms      201 pkt  4 flow
  w22     0.125 Mbps (std  0.142)  jit 148.445 ms  reord  0.00%  rtt    0.00 ms      189 pkt  4 flow
  w23     0.117 Mbps (std  0.167)  jit 160.261 ms  reord  0.00%  rtt    0.00 ms      181 pkt  4 flow
  w24     0.103 Mbps (std  0.274)  jit  50.491 ms  reord  0.00%  rtt    0.00 ms      154 pkt  2 flow
  w25     0.124 Mbps (std  0.165)  jit 130.839 ms  reord  0.00%  rtt    0.00 ms      174 pkt  4 flow
  w26     0.122 Mbps (std  0.145)  jit 141.771 ms  reord  0.00%  rtt    0.00 ms      175 pkt  4 flow
  w27     0.101 Mbps (std  0.271)  jit  35.627 ms  reord  0.00%  rtt    0.00 ms      159 pkt  3 flow
  w28     0.099 Mbps (std  0.215)  jit  53.998 ms  reord  0.00%  rtt    0.00 ms      157 pkt  4 flow
  w29     0.168 Mbps (std  0.163)  jit 112.850 ms  reord  0.00%  rtt    0.00 ms      268 pkt  4 flow
  w30     0.181 Mbps (std  0.216)  jit  77.255 ms  reord  0.00%  rtt    0.00 ms      277 pkt  4 flow
  w31     0.161 Mbps (std  0.235)  jit 106.273 ms  reord  0.00%  rtt    0.00 ms      234 pkt  4 flow
  w32     0.296 Mbps (std  0.301)  jit  80.343 ms  reord  0.00%  rtt    0.00 ms      404 pkt  4 flow
  w33     0.506 Mbps (std  0.167)  jit  63.017 ms  reord  0.00%  rtt    0.00 ms      675 pkt  4 flow
  w34     0.503 Mbps (std  0.169)  jit  33.145 ms  reord  0.00%  rtt    0.00 ms      600 pkt  4 flow
  w35     0.196 Mbps (std  0.255)  jit  11.705 ms  reord  0.00%  rtt    0.00 ms      253 pkt  3 flow
>> selesai: 36 window -> qos_features.csv
>>          cuplikan mentah -> qos_samples.csv (untuk align_qos.py)
