>> run_id=CONT_s12_throughput_BigBuckBunny | map=flows | poll=0.1s | window=10.0s -> qos_features.csv
>> menghitung SEMUA flow TCP yang lewat (Ctrl-C untuk berhenti)
>> XDP terpasang di eth0: prog id=8070
>> membaca 1 map bernama 'flows': id [1917]
>> entri awal di map: 0  (0 = belum ada trafik TCP yang tertangkap)
  w0      0.001 Mbps (std  0.002)  jit   0.016 ms  reord  0.00%  rtt    0.00 ms        5 pkt  1 flow
  w1      0.001 Mbps (std  0.002)  jit   0.069 ms  reord  0.00%  rtt    0.00 ms        5 pkt  1 flow
  w2      0.001 Mbps (std  0.004)  jit   0.144 ms  reord  0.00%  rtt    0.00 ms        9 pkt  1 flow
  w3      0.001 Mbps (std  0.002)  jit   0.156 ms  reord  0.00%  rtt    0.00 ms        5 pkt  1 flow
  w4      0.041 Mbps (std  0.149)  jit   0.906 ms  reord  0.00%  rtt    0.00 ms      102 pkt  3 flow
  w5      0.207 Mbps (std  0.157)  jit  54.588 ms  reord  0.00%  rtt    0.00 ms      386 pkt  5 flow
  w6      0.201 Mbps (std  0.152)  jit 125.721 ms  reord  0.00%  rtt    0.00 ms      296 pkt  4 flow
  w7      0.247 Mbps (std  0.181)  jit 136.555 ms  reord  0.00%  rtt    0.00 ms      366 pkt  4 flow
  w8      0.411 Mbps (std  0.206)  jit  71.421 ms  reord  0.00%  rtt    0.00 ms      656 pkt  5 flow
  w9      0.410 Mbps (std  0.174)  jit  69.180 ms  reord  0.00%  rtt    0.00 ms      632 pkt  5 flow
  w10     0.410 Mbps (std  0.181)  jit  72.343 ms  reord  0.00%  rtt    0.00 ms      646 pkt  5 flow
  w11     0.279 Mbps (std  0.306)  jit  41.093 ms  reord  0.00%  rtt    0.00 ms      453 pkt  5 flow
  w12     0.117 Mbps (std  0.187)  jit  55.609 ms  reord  0.00%  rtt    0.00 ms      201 pkt  3 flow
  w13     0.183 Mbps (std  0.280)  jit  45.091 ms  reord  0.00%  rtt    0.00 ms      268 pkt  3 flow
  w14     0.177 Mbps (std  0.307)  jit  40.167 ms  reord  0.00%  rtt    0.00 ms      243 pkt  3 flow
  w15     0.149 Mbps (std  0.209)  jit  43.490 ms  reord  0.00%  rtt    0.00 ms      244 pkt  3 flow
  w16     0.199 Mbps (std  0.270)  jit  46.019 ms  reord  0.00%  rtt    0.00 ms      310 pkt  4 flow
  w17     0.260 Mbps (std  0.214)  jit 117.895 ms  reord  0.00%  rtt    0.00 ms      351 pkt  4 flow
  w18     0.261 Mbps (std  0.335)  jit  37.339 ms  reord  0.00%  rtt    0.00 ms      377 pkt  4 flow
  w19     3.142 Mbps (std 14.332)  jit  24.277 ms  reord  0.00%  rtt    0.00 ms    3,321 pkt  4 flow
  w20     2.345 Mbps (std  4.875)  jit   8.957 ms  reord  0.00%  rtt    0.00 ms    2,465 pkt  4 flow
  w21     0.740 Mbps (std  3.319)  jit   3.142 ms  reord  0.00%  rtt    0.00 ms      795 pkt  3 flow
  w22     0.122 Mbps (std  0.216)  jit  44.248 ms  reord  0.00%  rtt    0.00 ms      238 pkt  3 flow
  w23     0.158 Mbps (std  0.201)  jit  52.853 ms  reord  0.00%  rtt    0.00 ms      241 pkt  3 flow
  w24     0.153 Mbps (std  0.168)  jit  65.532 ms  reord  0.00%  rtt    0.00 ms      249 pkt  4 flow
  w25     0.127 Mbps (std  0.245)  jit  52.921 ms  reord  0.00%  rtt    0.00 ms      203 pkt  4 flow
  w26     0.132 Mbps (std  0.240)  jit  53.364 ms  reord  0.00%  rtt    0.00 ms      213 pkt  3 flow
  w27     0.131 Mbps (std  0.170)  jit 101.982 ms  reord  0.00%  rtt    0.00 ms      228 pkt  4 flow
  w28     0.085 Mbps (std  0.140)  jit 111.451 ms  reord  0.00%  rtt    0.00 ms      146 pkt  4 flow
  w29     0.116 Mbps (std  0.193)  jit  84.037 ms  reord  0.00%  rtt    0.00 ms      201 pkt  3 flow
  w30     0.118 Mbps (std  0.256)  jit  49.505 ms  reord  0.00%  rtt    0.00 ms      176 pkt  3 flow
  w31     0.085 Mbps (std  0.239)  jit  52.093 ms  reord  0.00%  rtt    0.00 ms      133 pkt  3 flow
  w32     0.054 Mbps (std  0.203)  jit  62.645 ms  reord  0.00%  rtt    0.00 ms       86 pkt  3 flow
  w33     0.092 Mbps (std  0.131)  jit  94.691 ms  reord  0.00%  rtt    0.00 ms      156 pkt  3 flow
  w34     0.001 Mbps (std  0.002)  jit   0.227 ms  reord  0.00%  rtt    0.00 ms        5 pkt  1 flow
  w35  (parsial, 94 cuplikan) 0.001 Mbps
>> selesai: 36 window -> qos_features.csv
>>          cuplikan mentah -> qos_samples.csv (untuk align_qos.py)
