>> run_id=CONT_s12_l2a_BigBuckBunny | map=flows | poll=0.1s | window=10.0s -> qos_features.csv
>> menghitung SEMUA flow TCP yang lewat (Ctrl-C untuk berhenti)
>> XDP terpasang di eth0: prog id=8034
>> membaca 1 map bernama 'flows': id [1912]
>> entri awal di map: 0  (0 = belum ada trafik TCP yang tertangkap)
  w0      0.001 Mbps (std  0.002)  jit   0.005 ms  reord  0.00%  rtt    0.00 ms        5 pkt  1 flow
  w1      0.001 Mbps (std  0.002)  jit   0.057 ms  reord  0.00%  rtt    0.00 ms        5 pkt  1 flow
  w2      0.001 Mbps (std  0.004)  jit   0.109 ms  reord  0.00%  rtt    0.00 ms        9 pkt  1 flow
  w3      0.001 Mbps (std  0.002)  jit   0.162 ms  reord  0.00%  rtt    0.00 ms        5 pkt  1 flow
  w4      0.038 Mbps (std  0.165)  jit   1.092 ms  reord  0.00%  rtt    0.00 ms       96 pkt  3 flow
  w5      0.212 Mbps (std  0.074)  jit  31.050 ms  reord  0.00%  rtt    0.00 ms      426 pkt  4 flow
  w6      0.202 Mbps (std  0.199)  jit  94.391 ms  reord  0.00%  rtt    0.00 ms      324 pkt  5 flow
  w7      0.334 Mbps (std  0.607)  jit  87.943 ms  reord  0.00%  rtt    0.00 ms      495 pkt  6 flow
  w8      0.411 Mbps (std  0.194)  jit  65.730 ms  reord  0.00%  rtt    0.00 ms      663 pkt  5 flow
  w9      0.411 Mbps (std  0.200)  jit  69.380 ms  reord  0.00%  rtt    0.00 ms      632 pkt  5 flow
  w10     0.409 Mbps (std  0.126)  jit  66.282 ms  reord  0.00%  rtt    0.00 ms      666 pkt  6 flow
  w11     0.359 Mbps (std  0.222)  jit  55.583 ms  reord  0.00%  rtt    0.00 ms      570 pkt  5 flow
  w12     0.176 Mbps (std  0.288)  jit  34.703 ms  reord  0.00%  rtt    0.00 ms      262 pkt  3 flow
  w13     0.182 Mbps (std  0.322)  jit  35.493 ms  reord  0.00%  rtt    0.00 ms      230 pkt  3 flow
  w14     0.168 Mbps (std  0.282)  jit  45.757 ms  reord  0.00%  rtt    0.00 ms      249 pkt  3 flow
  w15     0.139 Mbps (std  0.248)  jit  47.995 ms  reord  0.00%  rtt    0.00 ms      228 pkt  3 flow
  w16     0.204 Mbps (std  0.335)  jit  46.457 ms  reord  0.00%  rtt    0.00 ms      286 pkt  4 flow
  w17     0.259 Mbps (std  0.204)  jit 116.091 ms  reord  0.00%  rtt    0.00 ms      360 pkt  4 flow
  w18     0.261 Mbps (std  0.288)  jit  42.689 ms  reord  0.00%  rtt    0.00 ms      383 pkt  4 flow
  w19     7.087 Mbps (std 29.127)  jit  23.912 ms  reord  0.00%  rtt    0.00 ms    7,634 pkt  3 flow
  w20     3.286 Mbps (std  8.828)  jit  12.680 ms  reord  0.00%  rtt    0.00 ms    3,450 pkt  4 flow
  w21     1.246 Mbps (std  7.417)  jit   1.492 ms  reord  0.00%  rtt    0.00 ms    1,317 pkt  3 flow
  w22     0.157 Mbps (std  0.151)  jit  51.974 ms  reord  0.00%  rtt    0.00 ms      282 pkt  4 flow
  w23     0.158 Mbps (std  0.125)  jit  47.615 ms  reord  0.00%  rtt    0.00 ms      256 pkt  3 flow
  w24     0.152 Mbps (std  0.223)  jit  55.219 ms  reord  0.00%  rtt    0.00 ms      239 pkt  4 flow
  w25     0.127 Mbps (std  0.118)  jit 106.781 ms  reord  0.00%  rtt    0.00 ms      202 pkt  4 flow
  w26     0.130 Mbps (std  0.189)  jit  67.531 ms  reord  0.00%  rtt    0.00 ms      209 pkt  3 flow
  w27     0.130 Mbps (std  0.078)  jit  88.377 ms  reord  0.00%  rtt    0.00 ms      238 pkt  4 flow
  w28     0.126 Mbps (std  0.175)  jit  88.659 ms  reord  0.00%  rtt    0.00 ms      218 pkt  3 flow
  w29     0.134 Mbps (std  0.259)  jit  60.639 ms  reord  0.00%  rtt    0.00 ms      203 pkt  3 flow
  w30     0.120 Mbps (std  0.161)  jit  35.916 ms  reord  0.00%  rtt    0.00 ms      199 pkt  3 flow
  w31     0.126 Mbps (std  0.253)  jit  48.178 ms  reord  0.00%  rtt    0.00 ms      185 pkt  3 flow
  w32     0.115 Mbps (std  0.268)  jit  39.319 ms  reord  0.00%  rtt    0.00 ms      170 pkt  2 flow
  w33     0.122 Mbps (std  0.195)  jit  65.926 ms  reord  0.00%  rtt    0.00 ms      207 pkt  3 flow
  w34     0.001 Mbps (std  0.002)  jit   0.189 ms  reord  0.00%  rtt    0.00 ms        5 pkt  1 flow
  w35  (parsial, 94 cuplikan) 0.001 Mbps
>> selesai: 36 window -> qos_features.csv
>>          cuplikan mentah -> qos_samples.csv (untuk align_qos.py)
