>> run_id=CONT_s1_throughput_RedBullPlayStreets | map=flows | poll=0.1s | window=10.0s -> qos_features.csv
>> menghitung SEMUA flow TCP yang lewat (Ctrl-C untuk berhenti)
>> XDP terpasang di eth0: prog id=6885
>> membaca 1 map bernama 'flows': id [1748]
>> entri awal di map: 0  (0 = belum ada trafik TCP yang tertangkap)
  w0      0.001 Mbps (std  0.002)  jit   0.012 ms  reord  0.00%  rtt    0.00 ms        5 pkt  1 flow
  w1      0.001 Mbps (std  0.002)  jit   0.050 ms  reord  0.00%  rtt    0.00 ms        5 pkt  1 flow
  w2      0.001 Mbps (std  0.002)  jit   0.112 ms  reord  0.00%  rtt    0.00 ms        5 pkt  1 flow
  w3      0.001 Mbps (std  0.002)  jit   0.183 ms  reord  0.00%  rtt    0.00 ms        5 pkt  1 flow
  w4     11.906 Mbps (std 56.187)  jit   0.778 ms  reord  0.00%  rtt    0.00 ms   12,277 pkt  4 flow
  w5     31.375 Mbps (std 86.079)  jit   5.135 ms  reord  0.00%  rtt    0.00 ms   32,180 pkt  6 flow
  w6      7.372 Mbps (std 31.600)  jit   0.175 ms  reord  0.00%  rtt    0.00 ms    7,592 pkt  3 flow
  w7      5.050 Mbps (std 29.057)  jit   0.168 ms  reord  0.00%  rtt    0.00 ms    5,201 pkt  3 flow
  w8      4.107 Mbps (std 26.100)  jit  11.116 ms  reord  0.00%  rtt    0.00 ms    4,249 pkt  3 flow
  w9      0.249 Mbps (std  0.039)  jit  33.931 ms  reord  0.00%  rtt    0.00 ms      689 pkt  4 flow
  w10     0.243 Mbps (std  0.083)  jit  76.638 ms  reord  0.00%  rtt    0.00 ms      417 pkt  5 flow
  w11     0.314 Mbps (std  0.353)  jit  87.525 ms  reord  0.00%  rtt    0.00 ms      425 pkt  5 flow
  w12     0.275 Mbps (std  0.154)  jit  97.246 ms  reord  0.00%  rtt    0.00 ms      399 pkt  4 flow
  w13     0.296 Mbps (std  0.232)  jit  38.959 ms  reord  0.00%  rtt    0.00 ms      485 pkt  3 flow
  w14     0.291 Mbps (std  0.197)  jit  42.371 ms  reord  0.00%  rtt    0.00 ms      430 pkt  3 flow
  w15     0.293 Mbps (std  0.230)  jit  39.422 ms  reord  0.00%  rtt    0.00 ms      448 pkt  4 flow
  w16     0.706 Mbps (std  0.307)  jit  46.726 ms  reord  0.00%  rtt    0.00 ms      971 pkt  5 flow
  w17     0.766 Mbps (std  0.345)  jit  21.469 ms  reord  0.00%  rtt    0.00 ms      988 pkt  3 flow
  w18     0.935 Mbps (std  0.377)  jit  18.150 ms  reord  0.00%  rtt    0.00 ms    1,251 pkt  3 flow
  w19     1.376 Mbps (std  0.304)  jit  22.925 ms  reord  0.00%  rtt    0.00 ms    1,739 pkt  5 flow
  w20     1.377 Mbps (std  0.256)  jit  21.640 ms  reord  0.00%  rtt    0.00 ms    1,764 pkt  5 flow
  w21     1.369 Mbps (std  0.270)  jit  28.863 ms  reord  0.00%  rtt    0.00 ms    1,766 pkt  5 flow
  w22     1.171 Mbps (std  0.570)  jit  15.216 ms  reord  0.00%  rtt    0.00 ms    1,468 pkt  4 flow
  w23     0.606 Mbps (std  0.708)  jit  12.534 ms  reord  0.00%  rtt    0.00 ms      814 pkt  3 flow
  w24     0.832 Mbps (std  0.224)  jit  21.476 ms  reord  0.00%  rtt    0.00 ms    1,133 pkt  3 flow
  w25     0.831 Mbps (std  0.355)  jit  19.938 ms  reord  0.00%  rtt    0.00 ms    1,122 pkt  3 flow
  w26     0.832 Mbps (std  0.292)  jit  37.655 ms  reord  0.00%  rtt    0.00 ms    1,121 pkt  5 flow
  w27     0.832 Mbps (std  0.211)  jit  44.761 ms  reord  0.00%  rtt    0.00 ms    1,142 pkt  5 flow
  w28     0.726 Mbps (std  0.423)  jit  21.524 ms  reord  0.00%  rtt    0.00 ms    1,010 pkt  4 flow
  w29     0.337 Mbps (std  0.567)  jit  12.083 ms  reord  0.00%  rtt    0.00 ms      480 pkt  3 flow
  w30     1.065 Mbps (std  0.951)  jit  14.912 ms  reord  0.00%  rtt    0.00 ms    1,403 pkt  5 flow
  w31     1.839 Mbps (std  0.208)  jit  20.804 ms  reord  0.00%  rtt    0.00 ms    2,405 pkt  6 flow
  w32     1.542 Mbps (std  0.694)  jit  15.737 ms  reord  0.00%  rtt    0.00 ms    1,964 pkt  5 flow
  w33     0.699 Mbps (std  0.786)  jit  17.812 ms  reord  0.00%  rtt    0.00 ms      972 pkt  3 flow
  w34     0.001 Mbps (std  0.003)  jit   0.272 ms  reord  0.00%  rtt    0.00 ms        6 pkt  1 flow
  w35     0.001 Mbps (std  0.002)  jit   0.218 ms  reord  0.00%  rtt    0.00 ms        5 pkt  1 flow
  w36  (parsial, 3 cuplikan) 0.000 Mbps
>> selesai: 37 window -> qos_features.csv
>>          cuplikan mentah -> qos_samples.csv (untuk align_qos.py)
