>> run_id=CONT_s6_dynamic_TheSwissAccount | map=flows | poll=0.1s | window=10.0s -> qos_features.csv
>> menghitung SEMUA flow TCP yang lewat (Ctrl-C untuk berhenti)
>> XDP terpasang di eth0: prog id=7936
>> membaca 1 map bernama 'flows': id [1898]
>> entri awal di map: 0  (0 = belum ada trafik TCP yang tertangkap)
  w0      0.001 Mbps (std  0.004)  jit   0.016 ms  reord  0.00%  rtt    0.00 ms        9 pkt  1 flow
  w1      0.001 Mbps (std  0.002)  jit   0.062 ms  reord  0.00%  rtt    0.00 ms        5 pkt  1 flow
  w2      0.001 Mbps (std  0.002)  jit   0.086 ms  reord  0.00%  rtt    0.00 ms        5 pkt  1 flow
  w3      0.001 Mbps (std  0.002)  jit   0.139 ms  reord  0.00%  rtt    0.00 ms        5 pkt  1 flow
  w4      0.021 Mbps (std  0.099)  jit   1.071 ms  reord  0.00%  rtt    0.00 ms       65 pkt  3 flow
  w5      0.437 Mbps (std  0.355)  jit  32.554 ms  reord  0.00%  rtt    0.00 ms      700 pkt  4 flow
  w6      0.212 Mbps (std  0.330)  jit  28.560 ms  reord  0.00%  rtt    0.00 ms      335 pkt  3 flow
  w7      0.302 Mbps (std  0.388)  jit  62.136 ms  reord  0.00%  rtt    0.00 ms      426 pkt  3 flow
  w8      0.324 Mbps (std  0.431)  jit  33.054 ms  reord  0.00%  rtt    0.00 ms      455 pkt  3 flow
  w9      0.501 Mbps (std  0.382)  jit  38.801 ms  reord  0.00%  rtt    0.00 ms      751 pkt  5 flow
  w10     0.647 Mbps (std  0.483)  jit  31.921 ms  reord  0.00%  rtt    0.00 ms      923 pkt  5 flow
  w11     0.660 Mbps (std  0.533)  jit  18.663 ms  reord  0.00%  rtt    0.00 ms      878 pkt  3 flow
  w12     0.377 Mbps (std  0.511)  jit  15.967 ms  reord  0.00%  rtt    0.00 ms      544 pkt  3 flow
  w13     0.937 Mbps (std  0.227)  jit  40.998 ms  reord  0.00%  rtt    0.00 ms    1,256 pkt  5 flow
  w14     0.936 Mbps (std  0.368)  jit  25.672 ms  reord  0.00%  rtt    0.00 ms    1,220 pkt  5 flow
  w15     0.675 Mbps (std  0.465)  jit  21.351 ms  reord  0.00%  rtt    0.00 ms      911 pkt  5 flow
  w16     1.644 Mbps (std  8.498)  jit  69.720 ms  reord  0.00%  rtt    0.00 ms    1,876 pkt  5 flow
  w17     0.444 Mbps (std  0.161)  jit  72.764 ms  reord  0.00%  rtt    0.00 ms      630 pkt  5 flow
  w18     0.446 Mbps (std  0.175)  jit  77.008 ms  reord  0.00%  rtt    0.00 ms      635 pkt  5 flow
  w19     0.446 Mbps (std  0.206)  jit  79.760 ms  reord  0.00%  rtt    0.00 ms      629 pkt  5 flow
  w20     0.318 Mbps (std  0.387)  jit  69.439 ms  reord  0.00%  rtt    0.00 ms      435 pkt  5 flow
  w21     0.226 Mbps (std  0.308)  jit  34.275 ms  reord  0.00%  rtt    0.00 ms      324 pkt  3 flow
  w22     1.640 Mbps (std 13.749)  jit  96.689 ms  reord  0.00%  rtt    0.00 ms    1,751 pkt  4 flow
  w23     0.129 Mbps (std  0.163)  jit  83.659 ms  reord  0.00%  rtt    0.00 ms      211 pkt  3 flow
  w24     0.149 Mbps (std  0.201)  jit  61.698 ms  reord  0.00%  rtt    0.00 ms      262 pkt  4 flow
  w25     0.139 Mbps (std  0.100)  jit 148.225 ms  reord  0.00%  rtt    0.00 ms      239 pkt  4 flow
  w26     0.152 Mbps (std  0.232)  jit  99.664 ms  reord  0.00%  rtt    0.00 ms      230 pkt  4 flow
  w27     0.204 Mbps (std  0.265)  jit  39.548 ms  reord  0.00%  rtt    0.00 ms      313 pkt  3 flow
  w28     0.203 Mbps (std  0.233)  jit  33.523 ms  reord  0.00%  rtt    0.00 ms      327 pkt  3 flow
  w29     0.204 Mbps (std  0.304)  jit  40.428 ms  reord  0.00%  rtt    0.00 ms      302 pkt  3 flow
  w30     0.169 Mbps (std  0.307)  jit  49.128 ms  reord  0.00%  rtt    0.00 ms      234 pkt  3 flow
  w31     0.182 Mbps (std  0.138)  jit 106.034 ms  reord  0.00%  rtt    0.00 ms      279 pkt  4 flow
  w32     0.158 Mbps (std  0.402)  jit  36.352 ms  reord  0.00%  rtt    0.00 ms      248 pkt  3 flow
  w33     0.702 Mbps (std  3.334)  jit   6.038 ms  reord  0.00%  rtt    0.00 ms      766 pkt  2 flow
  w34     0.209 Mbps (std  1.455)  jit   8.605 ms  reord  0.00%  rtt    0.00 ms      225 pkt  3 flow
  w35     0.001 Mbps (std  0.004)  jit   0.218 ms  reord  0.00%  rtt    0.00 ms        9 pkt  1 flow
  w36  (parsial, 6 cuplikan) 0.002 Mbps
>> selesai: 37 window -> qos_features.csv
>>          cuplikan mentah -> qos_samples.csv (untuk align_qos.py)
