>> run_id=CONT_s12_dynamic_TearsOfSteel | map=flows | poll=0.1s | window=10.0s -> qos_features.csv
>> menghitung SEMUA flow TCP yang lewat (Ctrl-C untuk berhenti)
>> XDP terpasang di eth0: prog id=6002
>> membaca 1 map bernama 'flows': id [1622]
>> entri awal di map: 0  (0 = belum ada trafik TCP yang tertangkap)
  w0      0.001 Mbps (std  0.002)  jit   0.009 ms  reord  0.00%  rtt    0.00 ms        5 pkt  1 flow
  w1      0.001 Mbps (std  0.002)  jit   0.050 ms  reord  0.00%  rtt    0.00 ms        5 pkt  1 flow
  w2      0.001 Mbps (std  0.002)  jit   0.140 ms  reord  0.00%  rtt    0.00 ms        5 pkt  1 flow
  w3      0.001 Mbps (std  0.002)  jit   0.181 ms  reord  0.00%  rtt    0.00 ms        5 pkt  1 flow
  w4      0.011 Mbps (std  0.078)  jit   0.871 ms  reord  0.00%  rtt    0.00 ms       40 pkt  2 flow
  w5      0.223 Mbps (std  0.179)  jit  31.388 ms  reord  0.00%  rtt    0.00 ms      441 pkt  4 flow
  w6      0.203 Mbps (std  0.071)  jit 104.886 ms  reord  0.00%  rtt    0.00 ms      343 pkt  4 flow
  w7      1.099 Mbps (std  6.815)  jit 106.162 ms  reord  0.00%  rtt    0.00 ms    1,239 pkt  5 flow
  w8      0.410 Mbps (std  0.184)  jit  72.050 ms  reord  0.00%  rtt    0.00 ms      647 pkt  5 flow
  w9      0.408 Mbps (std  0.196)  jit  73.237 ms  reord  0.00%  rtt    0.00 ms      612 pkt  5 flow
  w10     0.410 Mbps (std  0.133)  jit  68.559 ms  reord  0.00%  rtt    0.00 ms      638 pkt  5 flow
  w11     0.365 Mbps (std  0.270)  jit  63.590 ms  reord  0.00%  rtt    0.00 ms      563 pkt  4 flow
  w12     0.182 Mbps (std  0.204)  jit  70.252 ms  reord  0.00%  rtt    0.00 ms      274 pkt  3 flow
  w13     0.185 Mbps (std  0.227)  jit  63.590 ms  reord  0.00%  rtt    0.00 ms      261 pkt  3 flow
  w14     0.179 Mbps (std  0.199)  jit  37.920 ms  reord  0.00%  rtt    0.00 ms      270 pkt  3 flow
  w15     0.184 Mbps (std  0.280)  jit  49.197 ms  reord  0.00%  rtt    0.00 ms      253 pkt  3 flow
  w16     0.207 Mbps (std  0.205)  jit  49.639 ms  reord  0.00%  rtt    0.00 ms      329 pkt  4 flow
  w17     0.259 Mbps (std  0.153)  jit 132.862 ms  reord  0.00%  rtt    0.00 ms      354 pkt  4 flow
  w18     0.260 Mbps (std  0.209)  jit  60.772 ms  reord  0.00%  rtt    0.00 ms      370 pkt  3 flow
  w19     2.875 Mbps (std 14.687)  jit  13.368 ms  reord  0.00%  rtt    0.00 ms    3,069 pkt  4 flow
  w20     2.268 Mbps (std  4.247)  jit  16.607 ms  reord  0.00%  rtt    0.00 ms    2,420 pkt  7 flow
  w21     0.857 Mbps (std  2.753)  jit   7.452 ms  reord  0.00%  rtt    0.00 ms      911 pkt  3 flow
  w22     0.286 Mbps (std  1.297)  jit  49.432 ms  reord  0.00%  rtt    0.00 ms      408 pkt  3 flow
  w23     0.160 Mbps (std  0.159)  jit  65.611 ms  reord  0.00%  rtt    0.00 ms      240 pkt  3 flow
  w24     0.150 Mbps (std  0.195)  jit  48.173 ms  reord  0.00%  rtt    0.00 ms      231 pkt  4 flow
  w25     0.129 Mbps (std  0.134)  jit 121.482 ms  reord  0.00%  rtt    0.00 ms      195 pkt  3 flow
  w26     0.125 Mbps (std  0.192)  jit  67.287 ms  reord  0.00%  rtt    0.00 ms      193 pkt  3 flow
  w27     0.129 Mbps (std  0.143)  jit  75.085 ms  reord  0.00%  rtt    0.00 ms      222 pkt  4 flow
  w28     0.122 Mbps (std  0.168)  jit 100.612 ms  reord  0.00%  rtt    0.00 ms      179 pkt  3 flow
  w29     0.125 Mbps (std  0.262)  jit  41.097 ms  reord  0.00%  rtt    0.00 ms      181 pkt  3 flow
  w30     0.124 Mbps (std  0.143)  jit  49.668 ms  reord  0.00%  rtt    0.00 ms      201 pkt  3 flow
  w31     0.124 Mbps (std  0.131)  jit  52.984 ms  reord  0.00%  rtt    0.00 ms      206 pkt  3 flow
  w32     0.119 Mbps (std  0.210)  jit  43.817 ms  reord  0.00%  rtt    0.00 ms      179 pkt  3 flow
  w33     0.122 Mbps (std  0.204)  jit  60.405 ms  reord  0.00%  rtt    0.00 ms      171 pkt  3 flow
  w34     0.007 Mbps (std  0.050)  jit   3.397 ms  reord  0.00%  rtt    0.00 ms       13 pkt  1 flow
  w35  (parsial, 96 cuplikan) 0.001 Mbps
>> selesai: 36 window -> qos_features.csv
>>          cuplikan mentah -> qos_samples.csv (untuk align_qos.py)
