>> run_id=CONT_s6_l2a_RedBullPlayStreets | map=flows | poll=0.1s | window=10.0s -> qos_features.csv
>> menghitung SEMUA flow TCP yang lewat (Ctrl-C untuk berhenti)
>> XDP terpasang di eth0: prog id=5995
>> membaca 1 map bernama 'flows': id [1621]
>> entri awal di map: 0  (0 = belum ada trafik TCP yang tertangkap)
  w0      0.001 Mbps (std  0.003)  jit   0.036 ms  reord  0.00%  rtt    0.00 ms        6 pkt  1 flow
  w1      0.001 Mbps (std  0.002)  jit   0.093 ms  reord  0.00%  rtt    0.00 ms        5 pkt  1 flow
  w2      0.001 Mbps (std  0.002)  jit   0.159 ms  reord  0.00%  rtt    0.00 ms        5 pkt  1 flow
  w3      0.001 Mbps (std  0.002)  jit   0.192 ms  reord  0.00%  rtt    0.00 ms        5 pkt  1 flow
  w4      0.071 Mbps (std  0.277)  jit   2.918 ms  reord  0.00%  rtt    0.00 ms      154 pkt  3 flow
  w5      0.565 Mbps (std  0.315)  jit  28.022 ms  reord  0.00%  rtt    0.00 ms      908 pkt  5 flow
  w6      0.454 Mbps (std  0.385)  jit  38.032 ms  reord  0.00%  rtt    0.00 ms      652 pkt  3 flow
  w7      0.483 Mbps (std  0.314)  jit  36.680 ms  reord  0.00%  rtt    0.00 ms      725 pkt  3 flow
  w8      0.503 Mbps (std  0.360)  jit  31.659 ms  reord  0.00%  rtt    0.00 ms      711 pkt  3 flow
  w9      0.571 Mbps (std  0.353)  jit  39.758 ms  reord  0.00%  rtt    0.00 ms      867 pkt  5 flow
  w10     0.851 Mbps (std  0.313)  jit  34.737 ms  reord  0.00%  rtt    0.00 ms    1,157 pkt  5 flow
  w11     0.869 Mbps (std  0.331)  jit  18.579 ms  reord  0.00%  rtt    0.00 ms    1,151 pkt  3 flow
  w12     0.941 Mbps (std  0.178)  jit  16.570 ms  reord  0.00%  rtt    0.00 ms    1,293 pkt  5 flow
  w13     0.932 Mbps (std  0.207)  jit  36.354 ms  reord  0.00%  rtt    0.00 ms    1,259 pkt  5 flow
  w14     0.937 Mbps (std  0.386)  jit  23.578 ms  reord  0.00%  rtt    0.00 ms    1,233 pkt  5 flow
  w15     0.911 Mbps (std  0.308)  jit  22.957 ms  reord  0.00%  rtt    0.00 ms    1,245 pkt  5 flow
  w16     1.737 Mbps (std 12.652)  jit  70.460 ms  reord  0.00%  rtt    0.00 ms    1,934 pkt  5 flow
  w17     0.446 Mbps (std  0.217)  jit  78.542 ms  reord  0.00%  rtt    0.00 ms      622 pkt  5 flow
  w18     0.445 Mbps (std  0.228)  jit  71.626 ms  reord  0.00%  rtt    0.00 ms      632 pkt  5 flow
  w19     0.445 Mbps (std  0.176)  jit  80.912 ms  reord  0.00%  rtt    0.00 ms      626 pkt  5 flow
  w20     0.286 Mbps (std  0.232)  jit  61.208 ms  reord  0.00%  rtt    0.00 ms      442 pkt  4 flow
  w21     0.269 Mbps (std  0.244)  jit  31.311 ms  reord  0.00%  rtt    0.00 ms      428 pkt  3 flow
  w22     0.289 Mbps (std  0.219)  jit  83.997 ms  reord  0.00%  rtt    0.00 ms      443 pkt  4 flow
  w23     0.140 Mbps (std  0.208)  jit  49.640 ms  reord  0.00%  rtt    0.00 ms      244 pkt  3 flow
  w24     0.138 Mbps (std  0.215)  jit  56.443 ms  reord  0.00%  rtt    0.00 ms      254 pkt  4 flow
  w25     0.141 Mbps (std  0.088)  jit 121.299 ms  reord  0.00%  rtt    0.00 ms      250 pkt  5 flow
  w26     0.167 Mbps (std  0.215)  jit  99.938 ms  reord  0.00%  rtt    0.00 ms      271 pkt  4 flow
  w27     0.201 Mbps (std  0.312)  jit  45.107 ms  reord  0.00%  rtt    0.00 ms      279 pkt  3 flow
  w28     0.194 Mbps (std  0.270)  jit  41.237 ms  reord  0.00%  rtt    0.00 ms      296 pkt  3 flow
  w29     0.200 Mbps (std  0.321)  jit  50.109 ms  reord  0.00%  rtt    0.00 ms      269 pkt  3 flow
  w30     0.178 Mbps (std  0.243)  jit  49.267 ms  reord  0.00%  rtt    0.00 ms      283 pkt  3 flow
  w31     0.176 Mbps (std  0.167)  jit  85.422 ms  reord  0.00%  rtt    0.00 ms      260 pkt  4 flow
  w32    41.264 Mbps (std 96.716)  jit  23.995 ms  reord  0.00%  rtt    0.00 ms   43,929 pkt  3 flow
  w33     4.829 Mbps (std 24.467)  jit   3.169 ms  reord  0.00%  rtt    0.00 ms    5,124 pkt  3 flow
  w34     0.001 Mbps (std  0.004)  jit   0.731 ms  reord  0.00%  rtt    0.00 ms       10 pkt  1 flow
  w35  (parsial, 95 cuplikan) 0.001 Mbps
>> selesai: 36 window -> qos_features.csv
>>          cuplikan mentah -> qos_samples.csv (untuk align_qos.py)
