>> run_id=CONT_s1_throughput_TheSwissAccount | map=flows | poll=0.1s | window=10.0s -> qos_features.csv
>> menghitung SEMUA flow TCP yang lewat (Ctrl-C untuk berhenti)
>> XDP terpasang di eth0: prog id=5974
>> membaca 1 map bernama 'flows': id [1618]
>> entri awal di map: 1  (0 = belum ada trafik TCP yang tertangkap)
  w0      0.001 Mbps (std  0.002)  jit   0.043 ms  reord  0.00%  rtt    0.00 ms        5 pkt  1 flow
  w1      0.001 Mbps (std  0.002)  jit   0.066 ms  reord  0.00%  rtt    0.00 ms        5 pkt  1 flow
  w2      0.001 Mbps (std  0.002)  jit   0.090 ms  reord  0.00%  rtt    0.00 ms        5 pkt  1 flow
  w3      0.001 Mbps (std  0.002)  jit   0.151 ms  reord  0.00%  rtt    0.00 ms        5 pkt  1 flow
  w4     19.249 Mbps (std 78.747)  jit   0.734 ms  reord  0.00%  rtt    0.00 ms   19,968 pkt  5 flow
  w5      5.198 Mbps (std 24.173)  jit   6.355 ms  reord  0.00%  rtt    0.00 ms    5,356 pkt  4 flow
  w6      2.594 Mbps (std 13.911)  jit   0.416 ms  reord  0.00%  rtt    0.00 ms    2,684 pkt  2 flow
  w7      2.015 Mbps (std 13.372)  jit   0.494 ms  reord  0.00%  rtt    0.00 ms    2,089 pkt  2 flow
  w8      2.516 Mbps (std 14.100)  jit  12.209 ms  reord  0.00%  rtt    0.00 ms    2,637 pkt  3 flow
  w9      0.242 Mbps (std  0.095)  jit  32.215 ms  reord  0.00%  rtt    0.00 ms      419 pkt  4 flow
  w10     0.241 Mbps (std  0.107)  jit 115.609 ms  reord  0.00%  rtt    0.00 ms      364 pkt  4 flow
  w11     0.271 Mbps (std  0.141)  jit  98.825 ms  reord  0.00%  rtt    0.00 ms      428 pkt  5 flow
  w12     0.281 Mbps (std  0.206)  jit  89.919 ms  reord  0.00%  rtt    0.00 ms      415 pkt  4 flow
  w13     0.293 Mbps (std  0.170)  jit  38.163 ms  reord  0.00%  rtt    0.00 ms      481 pkt  3 flow
  w14     0.291 Mbps (std  0.263)  jit  25.352 ms  reord  0.00%  rtt    0.00 ms      453 pkt  3 flow
  w15     0.287 Mbps (std  0.224)  jit  50.373 ms  reord  0.00%  rtt    0.00 ms      419 pkt  5 flow
  w16     0.656 Mbps (std  0.408)  jit  45.620 ms  reord  0.00%  rtt    0.00 ms      909 pkt  5 flow
  w17     0.724 Mbps (std  0.450)  jit  18.892 ms  reord  0.00%  rtt    0.00 ms      977 pkt  3 flow
  w18     0.972 Mbps (std  0.436)  jit  17.758 ms  reord  0.00%  rtt    0.00 ms    1,299 pkt  3 flow
  w19     1.124 Mbps (std  0.585)  jit  19.256 ms  reord  0.00%  rtt    0.00 ms    1,355 pkt  4 flow
  w20     1.156 Mbps (std  0.535)  jit  26.710 ms  reord  0.00%  rtt    0.00 ms    1,367 pkt  5 flow
  w21     1.096 Mbps (std  0.580)  jit  28.535 ms  reord  0.00%  rtt    0.00 ms    1,312 pkt  5 flow
  w22     0.592 Mbps (std  0.706)  jit  18.963 ms  reord  0.00%  rtt    0.00 ms      717 pkt  5 flow
  w23     1.249 Mbps (std  0.343)  jit  16.345 ms  reord  0.00%  rtt    0.00 ms    1,618 pkt  3 flow
  w24     0.832 Mbps (std  0.305)  jit  20.470 ms  reord  0.00%  rtt    0.00 ms    1,119 pkt  3 flow
  w25     0.831 Mbps (std  0.289)  jit  19.880 ms  reord  0.00%  rtt    0.00 ms    1,135 pkt  3 flow
  w26     0.834 Mbps (std  0.248)  jit  32.174 ms  reord  0.00%  rtt    0.00 ms    1,155 pkt  5 flow
  w27     0.829 Mbps (std  0.246)  jit  45.149 ms  reord  0.00%  rtt    0.00 ms    1,123 pkt  5 flow
  w28     0.835 Mbps (std  0.298)  jit  30.359 ms  reord  0.00%  rtt    0.00 ms    1,117 pkt  5 flow
  w29     0.631 Mbps (std  0.693)  jit  15.080 ms  reord  0.00%  rtt    0.00 ms      856 pkt  3 flow
  w30     0.581 Mbps (std  0.867)  jit   9.288 ms  reord  0.00%  rtt    0.00 ms      684 pkt  3 flow
  w31     1.837 Mbps (std  0.217)  jit  28.453 ms  reord  0.00%  rtt    0.00 ms    2,095 pkt  5 flow
  w32     1.543 Mbps (std  0.694)  jit  18.779 ms  reord  0.00%  rtt    0.00 ms    1,939 pkt  5 flow
  w33     1.314 Mbps (std  0.736)  jit  16.419 ms  reord  0.00%  rtt    0.00 ms    1,716 pkt  3 flow
  w34     0.001 Mbps (std  0.002)  jit   0.262 ms  reord  0.00%  rtt    0.00 ms        5 pkt  1 flow
  w35     0.001 Mbps (std  0.002)  jit   0.243 ms  reord  0.00%  rtt    0.00 ms        5 pkt  1 flow
  w36  (parsial, 2 cuplikan) 0.000 Mbps
>> selesai: 37 window -> qos_features.csv
>>          cuplikan mentah -> qos_samples.csv (untuk align_qos.py)
