>> run_id=CONT_s9_throughput_ElephantsDream | map=flows | poll=0.1s | window=10.0s -> qos_features.csv
>> menghitung SEMUA flow TCP yang lewat (Ctrl-C untuk berhenti)
>> XDP terpasang di eth0: prog id=5876
>> membaca 1 map bernama 'flows': id [1604]
>> entri awal di map: 0  (0 = belum ada trafik TCP yang tertangkap)
  w0      0.001 Mbps (std  0.002)  jit   0.016 ms  reord  0.00%  rtt    0.00 ms        5 pkt  1 flow
  w1      0.001 Mbps (std  0.002)  jit   0.098 ms  reord  0.00%  rtt    0.00 ms        5 pkt  1 flow
  w2      0.001 Mbps (std  0.002)  jit   0.168 ms  reord  0.00%  rtt    0.00 ms        5 pkt  1 flow
  w3      0.001 Mbps (std  0.002)  jit   0.206 ms  reord  0.00%  rtt    0.00 ms        5 pkt  1 flow
  w4      0.190 Mbps (std  0.435)  jit   3.137 ms  reord  0.00%  rtt    0.00 ms      227 pkt  4 flow
  w5      1.059 Mbps (std  0.204)  jit  32.995 ms  reord  0.00%  rtt    0.00 ms    1,375 pkt  7 flow
  w6      1.979 Mbps (std  8.759)  jit  33.404 ms  reord  0.00%  rtt    0.00 ms    2,316 pkt  5 flow
  w7      0.581 Mbps (std  0.662)  jit  15.019 ms  reord  0.00%  rtt    0.00 ms      737 pkt  5 flow
  w8      1.221 Mbps (std  0.273)  jit  15.856 ms  reord  0.00%  rtt    0.00 ms    1,561 pkt  3 flow
  w9      1.216 Mbps (std  0.319)  jit  15.490 ms  reord  0.00%  rtt    0.00 ms    1,525 pkt  3 flow
  w10     1.213 Mbps (std  0.296)  jit  22.301 ms  reord  0.00%  rtt    0.00 ms    1,557 pkt  5 flow
  w11     0.685 Mbps (std  0.718)  jit  11.133 ms  reord  0.00%  rtt    0.00 ms      961 pkt  3 flow
  w12     2.155 Mbps (std  1.245)  jit   6.735 ms  reord  0.00%  rtt    0.00 ms    2,599 pkt  3 flow
  w13     2.862 Mbps (std  0.318)  jit   9.110 ms  reord  0.00%  rtt    0.00 ms    3,438 pkt  5 flow
  w14     2.297 Mbps (std  0.865)  jit   9.866 ms  reord  0.00%  rtt    0.00 ms    2,756 pkt  4 flow
  w15     1.412 Mbps (std  0.201)  jit  12.986 ms  reord  0.00%  rtt    0.00 ms    1,787 pkt  3 flow
  w16     1.410 Mbps (std  0.325)  jit  13.588 ms  reord  0.00%  rtt    0.00 ms    1,748 pkt  5 flow
  w17     1.414 Mbps (std  0.300)  jit  27.910 ms  reord  0.00%  rtt    0.00 ms    1,802 pkt  5 flow
  w18     1.411 Mbps (std  0.236)  jit  12.828 ms  reord  0.00%  rtt    0.00 ms    1,792 pkt  3 flow
  w19     0.469 Mbps (std  0.536)  jit  21.189 ms  reord  0.00%  rtt    0.00 ms      687 pkt  3 flow
  w20     0.587 Mbps (std  0.424)  jit  26.620 ms  reord  0.00%  rtt    0.00 ms      845 pkt  3 flow
  w21     0.676 Mbps (std  0.369)  jit  26.361 ms  reord  0.00%  rtt    0.00 ms      986 pkt  3 flow
  w22     0.764 Mbps (std  1.297)  jit  10.789 ms  reord  0.00%  rtt    0.00 ms    1,017 pkt  3 flow
  w23     4.437 Mbps (std  1.600)  jit   5.029 ms  reord  0.00%  rtt    0.00 ms    5,288 pkt  3 flow
  w24     3.792 Mbps (std  2.161)  jit   4.011 ms  reord  0.00%  rtt    0.00 ms    4,511 pkt  4 flow
  w25     2.395 Mbps (std  2.461)  jit   4.254 ms  reord  0.00%  rtt    0.00 ms    2,876 pkt  5 flow
  w26     4.029 Mbps (std  1.987)  jit   4.403 ms  reord  0.00%  rtt    0.00 ms    4,787 pkt  3 flow
  w27     4.022 Mbps (std  2.308)  jit   9.238 ms  reord  0.00%  rtt    0.00 ms    4,674 pkt  5 flow
  w28     4.256 Mbps (std  2.507)  jit   9.148 ms  reord  0.00%  rtt    0.00 ms    5,120 pkt  5 flow
  w29     2.437 Mbps (std  2.864)  jit   4.879 ms  reord  0.00%  rtt    0.00 ms    2,891 pkt  4 flow
  w30     2.941 Mbps (std  2.953)  jit   4.795 ms  reord  0.00%  rtt    0.00 ms    3,529 pkt  4 flow
  w31     4.709 Mbps (std  2.001)  jit   9.054 ms  reord  0.00%  rtt    0.00 ms    5,623 pkt  5 flow
  w32     3.139 Mbps (std  0.263)  jit  11.385 ms  reord  0.00%  rtt    0.00 ms    3,992 pkt  5 flow
  w33     3.121 Mbps (std  0.350)  jit   5.899 ms  reord  0.00%  rtt    0.00 ms    3,786 pkt  3 flow
  w34     0.355 Mbps (std  0.985)  jit   1.034 ms  reord  0.00%  rtt    0.00 ms      434 pkt  2 flow
  w35     0.001 Mbps (std  0.002)  jit   0.288 ms  reord  0.00%  rtt    0.00 ms        5 pkt  1 flow
  w36  (parsial, 10 cuplikan) 0.000 Mbps
>> selesai: 37 window -> qos_features.csv
>>          cuplikan mentah -> qos_samples.csv (untuk align_qos.py)
