>> run_id=CONT_s9_throughput_Valkaama | map=flows | poll=0.1s | window=10.0s -> qos_features.csv
>> menghitung SEMUA flow TCP yang lewat (Ctrl-C untuk berhenti)
>> XDP terpasang di eth0: prog id=6443
>> membaca 1 map bernama 'flows': id [1685]
>> entri awal di map: 0  (0 = belum ada trafik TCP yang tertangkap)
  w0      0.001 Mbps (std  0.002)  jit   0.014 ms  reord  0.00%  rtt    0.00 ms        5 pkt  1 flow
  w1      0.001 Mbps (std  0.002)  jit   0.043 ms  reord  0.00%  rtt    0.00 ms        5 pkt  1 flow
  w2      0.001 Mbps (std  0.002)  jit   0.079 ms  reord  0.00%  rtt    0.00 ms        5 pkt  1 flow
  w3      0.001 Mbps (std  0.002)  jit   0.095 ms  reord  0.00%  rtt    0.00 ms        5 pkt  1 flow
  w4      0.172 Mbps (std  0.415)  jit   2.923 ms  reord  0.00%  rtt    0.00 ms      213 pkt  4 flow
  w5      1.058 Mbps (std  0.278)  jit  35.315 ms  reord  0.00%  rtt    0.00 ms    1,349 pkt  6 flow
  w6      2.254 Mbps (std  8.117)  jit  33.440 ms  reord  0.00%  rtt    0.00 ms    2,554 pkt  6 flow
  w7      0.846 Mbps (std  0.612)  jit  15.117 ms  reord  0.00%  rtt    0.00 ms    1,077 pkt  4 flow
  w8      0.368 Mbps (std  0.578)  jit  16.956 ms  reord  0.00%  rtt    0.00 ms      501 pkt  3 flow
  w9      0.446 Mbps (std  0.610)  jit  10.206 ms  reord  0.00%  rtt    0.00 ms      579 pkt  3 flow
  w10     1.037 Mbps (std  0.506)  jit  29.495 ms  reord  0.00%  rtt    0.00 ms    1,270 pkt  4 flow
  w11     1.248 Mbps (std  0.408)  jit  15.016 ms  reord  0.00%  rtt    0.00 ms    1,545 pkt  3 flow
  w12     1.080 Mbps (std  1.365)  jit   9.047 ms  reord  0.00%  rtt    0.00 ms    1,297 pkt  3 flow
  w13     1.417 Mbps (std  1.429)  jit   8.502 ms  reord  0.00%  rtt    0.00 ms    1,701 pkt  5 flow
  w14     1.000 Mbps (std  1.174)  jit  12.516 ms  reord  0.00%  rtt    0.00 ms    1,233 pkt  4 flow
  w15     1.213 Mbps (std  0.532)  jit  12.166 ms  reord  0.00%  rtt    0.00 ms    1,560 pkt  3 flow
  w16     1.411 Mbps (std  0.255)  jit  12.728 ms  reord  0.00%  rtt    0.00 ms    1,777 pkt  4 flow
  w17     1.417 Mbps (std  0.284)  jit  29.609 ms  reord  0.00%  rtt    0.00 ms    1,817 pkt  5 flow
  w18     1.120 Mbps (std  0.609)  jit  11.668 ms  reord  0.00%  rtt    0.00 ms    1,434 pkt  3 flow
  w19     0.984 Mbps (std  0.578)  jit  16.137 ms  reord  0.00%  rtt    0.00 ms    1,339 pkt  3 flow
  w20     0.759 Mbps (std  0.259)  jit  22.584 ms  reord  0.00%  rtt    0.00 ms    1,134 pkt  3 flow
  w21     0.860 Mbps (std  0.336)  jit  21.053 ms  reord  0.00%  rtt    0.00 ms    1,243 pkt  3 flow
  w22     0.938 Mbps (std  1.434)  jit  11.405 ms  reord  0.00%  rtt    0.00 ms    1,245 pkt  3 flow
  w23     0.375 Mbps (std  1.278)  jit   3.304 ms  reord  0.00%  rtt    0.00 ms      484 pkt  2 flow
  w24     1.098 Mbps (std  1.993)  jit   7.208 ms  reord  0.00%  rtt    0.00 ms    1,372 pkt  4 flow
  w25     5.004 Mbps (std  0.304)  jit   4.934 ms  reord  0.00%  rtt    0.00 ms    5,918 pkt  5 flow
  w26     5.010 Mbps (std  0.284)  jit   3.967 ms  reord  0.00%  rtt    0.00 ms    5,869 pkt  3 flow
  w27     4.187 Mbps (std  2.315)  jit   7.061 ms  reord  0.00%  rtt    0.00 ms    5,054 pkt  5 flow
  w28     4.574 Mbps (std  2.291)  jit   8.650 ms  reord  0.00%  rtt    0.00 ms    5,426 pkt  5 flow
  w29     6.019 Mbps (std  0.248)  jit   4.297 ms  reord  0.00%  rtt    0.00 ms    7,189 pkt  5 flow
  w30     6.019 Mbps (std  0.268)  jit   3.429 ms  reord  0.00%  rtt    0.00 ms    7,157 pkt  4 flow
  w31     5.263 Mbps (std  3.462)  jit   5.884 ms  reord  0.00%  rtt    0.00 ms    6,230 pkt  5 flow
  w32     1.695 Mbps (std  1.370)  jit  17.554 ms  reord  0.00%  rtt    0.00 ms    2,165 pkt  3 flow
  w33     2.173 Mbps (std  1.449)  jit  10.588 ms  reord  0.00%  rtt    0.00 ms    2,584 pkt  3 flow
  w34     0.001 Mbps (std  0.002)  jit   3.795 ms  reord  0.00%  rtt    0.00 ms        6 pkt  1 flow
  w35     0.001 Mbps (std  0.002)  jit   0.225 ms  reord  0.00%  rtt    0.00 ms        5 pkt  1 flow
  w36  (parsial, 12 cuplikan) 0.001 Mbps
>> selesai: 37 window -> qos_features.csv
>>          cuplikan mentah -> qos_samples.csv (untuk align_qos.py)
