>> run_id=CONT_s1_l2a_OfForestAndMen | map=flows | poll=0.1s | window=10.0s -> qos_features.csv
>> menghitung SEMUA flow TCP yang lewat (Ctrl-C untuk berhenti)
>> XDP terpasang di eth0: prog id=6738
>> membaca 1 map bernama 'flows': id [1727]
>> entri awal di map: 0  (0 = belum ada trafik TCP yang tertangkap)
  w0      0.001 Mbps (std  0.003)  jit   0.021 ms  reord  0.00%  rtt    0.00 ms        6 pkt  1 flow
  w1      0.001 Mbps (std  0.002)  jit   0.063 ms  reord  0.00%  rtt    0.00 ms        5 pkt  1 flow
  w2      0.001 Mbps (std  0.002)  jit   0.120 ms  reord  0.00%  rtt    0.00 ms        5 pkt  1 flow
  w3      0.001 Mbps (std  0.002)  jit   0.166 ms  reord  0.00%  rtt    0.00 ms        5 pkt  1 flow
  w4      6.274 Mbps (std 36.735)  jit   1.333 ms  reord  0.00%  rtt    0.00 ms    6,594 pkt  7 flow
  w5      3.115 Mbps (std 12.137)  jit   7.471 ms  reord  0.00%  rtt    0.00 ms    3,242 pkt  4 flow
  w6      2.435 Mbps (std 15.103)  jit   2.647 ms  reord  0.00%  rtt    0.00 ms    2,516 pkt  2 flow
  w7      3.324 Mbps (std 18.883)  jit   0.219 ms  reord  0.00%  rtt    0.00 ms    3,433 pkt  2 flow
  w8      1.872 Mbps (std 17.727)  jit  27.249 ms  reord  0.00%  rtt    0.00 ms    2,005 pkt  3 flow
  w9      0.244 Mbps (std  0.038)  jit  27.330 ms  reord  0.00%  rtt    0.00 ms      650 pkt  3 flow
  w10     0.236 Mbps (std  0.120)  jit  85.164 ms  reord  0.00%  rtt    0.00 ms      368 pkt  4 flow
  w11     0.500 Mbps (std  2.033)  jit  79.197 ms  reord  0.00%  rtt    0.00 ms      687 pkt  4 flow
  w12     0.281 Mbps (std  0.175)  jit  88.151 ms  reord  0.00%  rtt    0.00 ms      470 pkt  4 flow
  w13     0.290 Mbps (std  0.163)  jit  37.865 ms  reord  0.00%  rtt    0.00 ms      454 pkt  3 flow
  w14     0.284 Mbps (std  0.170)  jit  39.075 ms  reord  0.00%  rtt    0.00 ms      437 pkt  3 flow
  w15     0.291 Mbps (std  0.131)  jit  42.400 ms  reord  0.00%  rtt    0.00 ms      473 pkt  4 flow
  w16     0.472 Mbps (std  0.379)  jit  41.229 ms  reord  0.00%  rtt    0.00 ms      706 pkt  5 flow
  w17     0.001 Mbps (std  0.002)  jit   0.240 ms  reord  0.00%  rtt    0.00 ms        5 pkt  1 flow
  w18     0.001 Mbps (std  0.003)  jit   0.345 ms  reord  0.00%  rtt    0.00 ms        6 pkt  1 flow
  w19     0.842 Mbps (std  0.707)  jit   8.678 ms  reord  0.00%  rtt    0.00 ms      898 pkt  3 flow
  w20     0.768 Mbps (std  0.695)  jit   8.499 ms  reord  0.00%  rtt    0.00 ms      806 pkt  3 flow
  w21     1.307 Mbps (std  0.387)  jit  13.923 ms  reord  0.00%  rtt    0.00 ms    1,379 pkt  3 flow
  w22     0.094 Mbps (std  0.342)  jit   1.307 ms  reord  0.00%  rtt    0.00 ms      105 pkt  2 flow
  w23     0.001 Mbps (std  0.003)  jit   0.349 ms  reord  0.00%  rtt    0.00 ms        6 pkt  1 flow
  w24     0.001 Mbps (std  0.002)  jit   0.312 ms  reord  0.00%  rtt    0.00 ms        5 pkt  1 flow
  w25     0.001 Mbps (std  0.002)  jit   0.318 ms  reord  0.00%  rtt    0.00 ms        5 pkt  1 flow
  w26     0.725 Mbps (std  0.350)  jit  19.512 ms  reord  0.00%  rtt    0.00 ms      793 pkt  3 flow
  w27     0.823 Mbps (std  0.218)  jit  23.071 ms  reord  0.00%  rtt    0.00 ms      908 pkt  4 flow
  w28     0.040 Mbps (std  0.180)  jit   1.576 ms  reord  0.00%  rtt    0.00 ms       46 pkt  3 flow
  w29     0.001 Mbps (std  0.002)  jit   0.261 ms  reord  0.00%  rtt    0.00 ms        5 pkt  1 flow
  w30     0.899 Mbps (std  0.945)  jit   5.450 ms  reord  0.00%  rtt    0.00 ms      956 pkt  3 flow
  w31     1.702 Mbps (std  0.533)  jit  12.214 ms  reord  0.00%  rtt    0.00 ms    1,801 pkt  4 flow
  w32     0.585 Mbps (std  0.848)  jit   6.505 ms  reord  0.00%  rtt    0.00 ms      621 pkt  3 flow
  w33     0.001 Mbps (std  0.004)  jit   0.271 ms  reord  0.00%  rtt    0.00 ms        9 pkt  1 flow
  w34     0.001 Mbps (std  0.002)  jit   0.257 ms  reord  0.00%  rtt    0.00 ms        5 pkt  1 flow
  w35     0.001 Mbps (std  0.002)  jit   0.260 ms  reord  0.00%  rtt    0.00 ms        5 pkt  1 flow
  w36  (parsial, 1 cuplikan) 0.000 Mbps
>> selesai: 37 window -> qos_features.csv
>>          cuplikan mentah -> qos_samples.csv (untuk align_qos.py)
