>> run_id=CONT_s10_dynamic_RedBullPlayStreets | map=flows | poll=0.1s | window=10.0s -> qos_features.csv
>> menghitung SEMUA flow TCP yang lewat (Ctrl-C untuk berhenti)
>> XDP terpasang di eth0: prog id=7495
>> membaca 1 map bernama 'flows': id [1835]
>> entri awal di map: 0  (0 = belum ada trafik TCP yang tertangkap)
  w0      0.001 Mbps (std  0.002)  jit   0.025 ms  reord  0.00%  rtt    0.00 ms        5 pkt  1 flow
  w1      0.001 Mbps (std  0.004)  jit   0.106 ms  reord  0.00%  rtt    0.00 ms        9 pkt  1 flow
  w2      0.001 Mbps (std  0.002)  jit   0.109 ms  reord  0.00%  rtt    0.00 ms        5 pkt  1 flow
  w3      0.001 Mbps (std  0.002)  jit   0.131 ms  reord  0.00%  rtt    0.00 ms        5 pkt  1 flow
  w4      0.011 Mbps (std  0.080)  jit   0.729 ms  reord  0.00%  rtt    0.00 ms       39 pkt  3 flow
  w5      1.023 Mbps (std  0.309)  jit  18.513 ms  reord  0.00%  rtt    0.00 ms    1,359 pkt  5 flow
  w6      1.020 Mbps (std  0.325)  jit  20.937 ms  reord  0.00%  rtt    0.00 ms    1,326 pkt  5 flow
  w7      1.066 Mbps (std  0.303)  jit  19.032 ms  reord  0.00%  rtt    0.00 ms    1,395 pkt  5 flow
  w8      1.083 Mbps (std  0.313)  jit  37.102 ms  reord  0.00%  rtt    0.00 ms    1,403 pkt  5 flow
  w9      0.937 Mbps (std  0.449)  jit  32.246 ms  reord  0.00%  rtt    0.00 ms    1,207 pkt  5 flow
  w10     0.507 Mbps (std  0.569)  jit  16.250 ms  reord  0.00%  rtt    0.00 ms      697 pkt  3 flow
  w11     0.581 Mbps (std  0.466)  jit  18.563 ms  reord  0.00%  rtt    0.00 ms      850 pkt  4 flow
  w12     0.851 Mbps (std  0.240)  jit  40.022 ms  reord  0.00%  rtt    0.00 ms    1,155 pkt  6 flow
  w13     0.861 Mbps (std  0.258)  jit  35.308 ms  reord  0.00%  rtt    0.00 ms    1,179 pkt  5 flow
  w14     0.856 Mbps (std  0.255)  jit  16.476 ms  reord  0.00%  rtt    0.00 ms    1,221 pkt  3 flow
  w15     0.624 Mbps (std  0.340)  jit  14.181 ms  reord  0.00%  rtt    0.00 ms      968 pkt  3 flow
  w16     0.584 Mbps (std  0.267)  jit  20.646 ms  reord  0.00%  rtt    0.00 ms      858 pkt  3 flow
  w17     0.584 Mbps (std  0.206)  jit  44.090 ms  reord  0.00%  rtt    0.00 ms      843 pkt  5 flow
  w18     1.236 Mbps (std  5.843)  jit  67.461 ms  reord  0.00%  rtt    0.00 ms    1,404 pkt  4 flow
  w19     0.325 Mbps (std  0.392)  jit  24.905 ms  reord  0.00%  rtt    0.00 ms      467 pkt  2 flow
  w20     0.443 Mbps (std  0.233)  jit  21.967 ms  reord  0.00%  rtt    0.00 ms      730 pkt  3 flow
  w21     0.460 Mbps (std  0.344)  jit  26.581 ms  reord  0.00%  rtt    0.00 ms      654 pkt  3 flow
  w22     0.385 Mbps (std  0.354)  jit  24.863 ms  reord  0.00%  rtt    0.00 ms      585 pkt  3 flow
  w23     0.276 Mbps (std  0.309)  jit  31.665 ms  reord  0.00%  rtt    0.00 ms      427 pkt  3 flow
  w24     0.200 Mbps (std  0.250)  jit  45.487 ms  reord  0.00%  rtt    0.00 ms      329 pkt  3 flow
  w25     0.206 Mbps (std  0.212)  jit  68.072 ms  reord  0.00%  rtt    0.00 ms      348 pkt  4 flow
  w26     0.182 Mbps (std  0.255)  jit  49.601 ms  reord  0.00%  rtt    0.00 ms      283 pkt  3 flow
  w27     0.096 Mbps (std  0.212)  jit  47.865 ms  reord  0.00%  rtt    0.00 ms      167 pkt  3 flow
  w28     0.151 Mbps (std  0.255)  jit  52.231 ms  reord  0.00%  rtt    0.00 ms      225 pkt  3 flow
  w29     0.147 Mbps (std  0.174)  jit  51.531 ms  reord  0.00%  rtt    0.00 ms      254 pkt  3 flow
  w30     0.145 Mbps (std  0.198)  jit  48.025 ms  reord  0.00%  rtt    0.00 ms      237 pkt  3 flow
  w31     0.145 Mbps (std  0.173)  jit 101.284 ms  reord  0.00%  rtt    0.00 ms      227 pkt  4 flow
  w32     0.136 Mbps (std  0.175)  jit 110.068 ms  reord  0.00%  rtt    0.00 ms      203 pkt  4 flow
  w33     0.108 Mbps (std  0.263)  jit  41.925 ms  reord  0.00%  rtt    0.00 ms      164 pkt  3 flow
  w34     0.001 Mbps (std  0.006)  jit   6.416 ms  reord  0.00%  rtt    0.00 ms       11 pkt  2 flow
  w35     0.001 Mbps (std  0.002)  jit   0.239 ms  reord  0.00%  rtt    0.00 ms        5 pkt  1 flow
  w36  (parsial, 7 cuplikan) 0.002 Mbps
>> selesai: 37 window -> qos_features.csv
>>          cuplikan mentah -> qos_samples.csv (untuk align_qos.py)
