>> run_id=CONT_s11_bola_TearsOfSteel | map=flows | poll=0.1s | window=10.0s -> qos_features.csv
>> menghitung SEMUA flow TCP yang lewat (Ctrl-C untuk berhenti)
>> XDP terpasang di eth0: prog id=5981
>> membaca 1 map bernama 'flows': id [1619]
>> entri awal di map: 1  (0 = belum ada trafik TCP yang tertangkap)
  w0      0.001 Mbps (std  0.002)  jit   0.031 ms  reord  0.00%  rtt    0.00 ms        5 pkt  1 flow
  w1      0.001 Mbps (std  0.002)  jit   0.085 ms  reord  0.00%  rtt    0.00 ms        5 pkt  1 flow
  w2      0.001 Mbps (std  0.002)  jit   0.137 ms  reord  0.00%  rtt    0.00 ms        5 pkt  1 flow
  w3      0.001 Mbps (std  0.002)  jit   0.136 ms  reord  0.00%  rtt    0.00 ms        5 pkt  1 flow
  w4      0.125 Mbps (std  0.296)  jit   3.708 ms  reord  0.00%  rtt    0.00 ms      174 pkt  4 flow
  w5      0.667 Mbps (std  0.252)  jit  36.005 ms  reord  0.00%  rtt    0.00 ms      869 pkt  5 flow
  w6      0.665 Mbps (std  0.394)  jit  24.254 ms  reord  0.00%  rtt    0.00 ms      866 pkt  3 flow
  w7      0.605 Mbps (std  0.430)  jit  22.799 ms  reord  0.00%  rtt    0.00 ms      796 pkt  3 flow
  w8      0.620 Mbps (std  0.447)  jit  14.316 ms  reord  0.00%  rtt    0.00 ms      922 pkt  3 flow
  w9      0.855 Mbps (std  0.431)  jit  19.149 ms  reord  0.00%  rtt    0.00 ms    1,102 pkt  3 flow
  w10     0.557 Mbps (std  0.550)  jit  15.505 ms  reord  0.00%  rtt    0.00 ms      757 pkt  3 flow
  w11     1.551 Mbps (std  6.301)  jit  43.988 ms  reord  0.00%  rtt    0.00 ms    1,699 pkt  5 flow
  w12     0.698 Mbps (std  0.517)  jit  13.213 ms  reord  0.00%  rtt    0.00 ms    1,001 pkt  4 flow
  w13     0.936 Mbps (std  0.289)  jit  25.198 ms  reord  0.00%  rtt    0.00 ms    1,250 pkt  4 flow
  w14     2.475 Mbps (std 15.309)  jit  35.305 ms  reord  0.00%  rtt    0.00 ms    2,814 pkt  5 flow
  w15     0.889 Mbps (std  0.346)  jit  33.073 ms  reord  0.00%  rtt    0.00 ms    1,097 pkt  5 flow
  w16     0.622 Mbps (std  0.537)  jit  15.851 ms  reord  0.00%  rtt    0.00 ms      870 pkt  3 flow
  w17     0.350 Mbps (std  0.290)  jit  23.356 ms  reord  0.00%  rtt    0.00 ms      561 pkt  3 flow
  w18     0.410 Mbps (std  0.264)  jit  35.265 ms  reord  0.00%  rtt    0.00 ms      622 pkt  4 flow
  w19     0.407 Mbps (std  0.351)  jit  68.358 ms  reord  0.00%  rtt    0.00 ms      552 pkt  5 flow
  w20     0.417 Mbps (std  0.180)  jit  71.833 ms  reord  0.00%  rtt    0.00 ms      639 pkt  5 flow
  w21     0.429 Mbps (std  0.149)  jit  74.550 ms  reord  0.00%  rtt    0.00 ms      617 pkt  5 flow
  w22     0.424 Mbps (std  0.329)  jit  30.239 ms  reord  0.00%  rtt    0.00 ms      604 pkt  3 flow
  w23     0.433 Mbps (std  0.390)  jit  40.621 ms  reord  0.00%  rtt    0.00 ms      558 pkt  4 flow
  w24     1.007 Mbps (std  3.606)  jit  40.190 ms  reord  0.00%  rtt    0.00 ms    1,255 pkt  4 flow
  w25    25.239 Mbps (std 81.163)  jit   0.423 ms  reord  0.00%  rtt    0.00 ms   26,362 pkt  2 flow
  w26     6.249 Mbps (std 29.791)  jit   0.433 ms  reord  0.00%  rtt    0.00 ms    6,550 pkt  2 flow
  w27     6.745 Mbps (std 30.872)  jit   0.460 ms  reord  0.00%  rtt    0.00 ms    7,100 pkt  2 flow
  w28     5.419 Mbps (std 22.328)  jit  11.650 ms  reord  0.00%  rtt    0.00 ms    5,708 pkt  4 flow
  w29     9.631 Mbps (std 35.768)  jit  14.159 ms  reord  0.00%  rtt    0.00 ms   10,160 pkt  4 flow
  w30     2.997 Mbps (std 17.919)  jit  11.893 ms  reord  0.00%  rtt    0.00 ms    3,308 pkt  3 flow
  w31     1.099 Mbps (std  0.240)  jit  16.760 ms  reord  0.00%  rtt    0.00 ms    1,396 pkt  3 flow
  w32     1.099 Mbps (std  0.306)  jit  23.018 ms  reord  0.00%  rtt    0.00 ms    1,405 pkt  5 flow
  w33     0.751 Mbps (std  0.303)  jit  39.129 ms  reord  0.00%  rtt    0.00 ms    1,077 pkt  5 flow
  w34     0.140 Mbps (std  0.286)  jit   8.656 ms  reord  0.00%  rtt    0.00 ms      192 pkt  5 flow
  w35     0.001 Mbps (std  0.002)  jit   0.282 ms  reord  0.00%  rtt    0.00 ms        5 pkt  1 flow
  w36  (parsial, 11 cuplikan) 0.000 Mbps
>> selesai: 37 window -> qos_features.csv
>>          cuplikan mentah -> qos_samples.csv (untuk align_qos.py)
