>> run_id=CONT_s9_bola_TearsOfSteel | map=flows | poll=0.1s | window=10.0s -> qos_features.csv
>> menghitung SEMUA flow TCP yang lewat (Ctrl-C untuk berhenti)
>> XDP terpasang di eth0: prog id=8013
>> membaca 1 map bernama 'flows': id [1909]
>> entri awal di map: 0  (0 = belum ada trafik TCP yang tertangkap)
  w0      0.001 Mbps (std  0.002)  jit   0.016 ms  reord  0.00%  rtt    0.00 ms        5 pkt  1 flow
  w1      0.001 Mbps (std  0.002)  jit   0.112 ms  reord  0.00%  rtt    0.00 ms        5 pkt  1 flow
  w2      0.001 Mbps (std  0.002)  jit   0.148 ms  reord  0.00%  rtt    0.00 ms        5 pkt  1 flow
  w3      0.001 Mbps (std  0.002)  jit   0.151 ms  reord  0.00%  rtt    0.00 ms        5 pkt  1 flow
  w4      0.171 Mbps (std  0.431)  jit   2.734 ms  reord  0.00%  rtt    0.00 ms      207 pkt  5 flow
  w5      1.054 Mbps (std  0.261)  jit  35.214 ms  reord  0.00%  rtt    0.00 ms    1,323 pkt  7 flow
  w6      2.635 Mbps (std 13.278)  jit  34.387 ms  reord  0.00%  rtt    0.00 ms    2,970 pkt  6 flow
  w7      0.886 Mbps (std  0.613)  jit  13.321 ms  reord  0.00%  rtt    0.00 ms    1,153 pkt  3 flow
  w8      1.221 Mbps (std  0.312)  jit  15.644 ms  reord  0.00%  rtt    0.00 ms    1,510 pkt  3 flow
  w9      1.221 Mbps (std  0.340)  jit  15.493 ms  reord  0.00%  rtt    0.00 ms    1,504 pkt  3 flow
  w10     0.982 Mbps (std  0.549)  jit  23.895 ms  reord  0.00%  rtt    0.00 ms    1,208 pkt  5 flow
  w11     0.837 Mbps (std  0.676)  jit  12.784 ms  reord  0.00%  rtt    0.00 ms    1,147 pkt  3 flow
  w12     2.113 Mbps (std  1.268)  jit   6.839 ms  reord  0.00%  rtt    0.00 ms    2,533 pkt  3 flow
  w13     2.854 Mbps (std  0.346)  jit   9.307 ms  reord  0.00%  rtt    0.00 ms    3,377 pkt  5 flow
  w14     2.262 Mbps (std  0.786)  jit   9.826 ms  reord  0.00%  rtt    0.00 ms    2,702 pkt  5 flow
  w15     1.410 Mbps (std  0.265)  jit  13.767 ms  reord  0.00%  rtt    0.00 ms    1,704 pkt  3 flow
  w16     1.411 Mbps (std  0.196)  jit  13.178 ms  reord  0.00%  rtt    0.00 ms    1,778 pkt  5 flow
  w17     1.416 Mbps (std  0.335)  jit  30.410 ms  reord  0.00%  rtt    0.00 ms    1,757 pkt  5 flow
  w18     1.297 Mbps (std  0.479)  jit  12.955 ms  reord  0.00%  rtt    0.00 ms    1,601 pkt  3 flow
  w19     1.075 Mbps (std  0.509)  jit  15.510 ms  reord  0.00%  rtt    0.00 ms    1,457 pkt  3 flow
  w20     0.948 Mbps (std  0.368)  jit  20.808 ms  reord  0.00%  rtt    0.00 ms    1,312 pkt  3 flow
  w21     0.982 Mbps (std  0.381)  jit  16.852 ms  reord  0.00%  rtt    0.00 ms    1,384 pkt  3 flow
  w22     0.991 Mbps (std  1.379)  jit   9.883 ms  reord  0.00%  rtt    0.00 ms    1,259 pkt  3 flow
  w23     2.772 Mbps (std  2.463)  jit   4.812 ms  reord  0.00%  rtt    0.00 ms    3,309 pkt  3 flow
  w24     3.843 Mbps (std  2.045)  jit   4.768 ms  reord  0.00%  rtt    0.00 ms    4,628 pkt  4 flow
  w25     3.036 Mbps (std  2.350)  jit   5.646 ms  reord  0.00%  rtt    0.00 ms    3,670 pkt  5 flow
  w26     2.486 Mbps (std  2.475)  jit   3.700 ms  reord  0.00%  rtt    0.00 ms    2,969 pkt  3 flow
  w27     6.451 Mbps (std  7.970)  jit   7.099 ms  reord  0.00%  rtt    0.00 ms    7,490 pkt  5 flow
  w28     6.024 Mbps (std  0.285)  jit   7.297 ms  reord  0.00%  rtt    0.00 ms    7,212 pkt  6 flow
  w29     5.660 Mbps (std  1.361)  jit   4.424 ms  reord  0.00%  rtt    0.00 ms    6,721 pkt  5 flow
  w30     4.393 Mbps (std  2.614)  jit   4.657 ms  reord  0.00%  rtt    0.00 ms    5,189 pkt  4 flow
  w31     4.414 Mbps (std  2.939)  jit   8.614 ms  reord  0.00%  rtt    0.00 ms    5,213 pkt  5 flow
  w32     3.085 Mbps (std  0.450)  jit  11.984 ms  reord  0.00%  rtt    0.00 ms    3,855 pkt  6 flow
  w33     0.593 Mbps (std  1.206)  jit   4.819 ms  reord  0.00%  rtt    0.00 ms      728 pkt  3 flow
  w34     0.001 Mbps (std  0.003)  jit   2.886 ms  reord  0.00%  rtt    0.00 ms        6 pkt  2 flow
  w35     0.001 Mbps (std  0.002)  jit   0.190 ms  reord  0.00%  rtt    0.00 ms        5 pkt  1 flow
  w36  (parsial, 12 cuplikan) 0.001 Mbps
>> selesai: 37 window -> qos_features.csv
>>          cuplikan mentah -> qos_samples.csv (untuk align_qos.py)
