>> run_id=CONT_s8_throughput_OfForestAndMen | map=flows | poll=0.1s | window=10.0s -> qos_features.csv
>> menghitung SEMUA flow TCP yang lewat (Ctrl-C untuk berhenti)
>> XDP terpasang di eth0: prog id=8133
>> membaca 1 map bernama 'flows': id [1926]
>> entri awal di map: 0  (0 = belum ada trafik TCP yang tertangkap)
  w0      0.001 Mbps (std  0.003)  jit   0.033 ms  reord  0.00%  rtt    0.00 ms        6 pkt  1 flow
  w1      0.001 Mbps (std  0.002)  jit   0.099 ms  reord  0.00%  rtt    0.00 ms        5 pkt  1 flow
  w2      0.001 Mbps (std  0.002)  jit   0.132 ms  reord  0.00%  rtt    0.00 ms        5 pkt  1 flow
  w3      0.001 Mbps (std  0.003)  jit   0.132 ms  reord  0.00%  rtt    0.00 ms        6 pkt  1 flow
  w4      0.014 Mbps (std  0.055)  jit   2.340 ms  reord  0.00%  rtt    0.00 ms       49 pkt  4 flow
  w5      0.152 Mbps (std  0.171)  jit  44.064 ms  reord  0.00%  rtt    0.00 ms      302 pkt  4 flow
  w6      0.129 Mbps (std  0.215)  jit  48.586 ms  reord  0.00%  rtt    0.00 ms      219 pkt  3 flow
  w7      0.145 Mbps (std  0.280)  jit  67.744 ms  reord  0.00%  rtt    0.00 ms      193 pkt  2 flow
  w8      0.137 Mbps (std  0.293)  jit  50.666 ms  reord  0.00%  rtt    0.00 ms      178 pkt  2 flow
  w9      0.131 Mbps (std  0.240)  jit  50.382 ms  reord  0.00%  rtt    0.00 ms      211 pkt  3 flow
  w10     0.115 Mbps (std  0.197)  jit  49.212 ms  reord  0.00%  rtt    0.00 ms      192 pkt  3 flow
  w11     0.161 Mbps (std  0.277)  jit  41.214 ms  reord  0.00%  rtt    0.00 ms      251 pkt  5 flow
  w12     0.151 Mbps (std  0.165)  jit 134.797 ms  reord  0.00%  rtt    0.00 ms      252 pkt  4 flow
  w13     1.665 Mbps (std 10.935)  jit 119.649 ms  reord  0.00%  rtt    0.00 ms    1,763 pkt  4 flow
  w14     0.081 Mbps (std  0.258)  jit  31.164 ms  reord  0.00%  rtt    0.00 ms      115 pkt  3 flow
  w15     0.063 Mbps (std  0.207)  jit  82.612 ms  reord  0.00%  rtt    0.00 ms      103 pkt  2 flow
  w16     0.107 Mbps (std  0.128)  jit  72.632 ms  reord  0.00%  rtt    0.00 ms      188 pkt  3 flow
  w17     0.124 Mbps (std  0.266)  jit  37.852 ms  reord  0.00%  rtt    0.00 ms      187 pkt  3 flow
  w18     0.076 Mbps (std  0.229)  jit  34.163 ms  reord  0.00%  rtt    0.00 ms      131 pkt  3 flow
  w19     0.130 Mbps (std  0.220)  jit  93.572 ms  reord  0.00%  rtt    0.00 ms      199 pkt  4 flow
  w20     0.169 Mbps (std  0.262)  jit  41.326 ms  reord  0.00%  rtt    0.00 ms      255 pkt  3 flow
  w21     0.170 Mbps (std  0.277)  jit  46.861 ms  reord  0.00%  rtt    0.00 ms      242 pkt  4 flow
  w22     0.166 Mbps (std  0.283)  jit  68.313 ms  reord  0.00%  rtt    0.00 ms      230 pkt  4 flow
  w23     0.176 Mbps (std  0.334)  jit  22.712 ms  reord  0.00%  rtt    0.00 ms      251 pkt  3 flow
  w24     0.200 Mbps (std  0.293)  jit  63.180 ms  reord  0.00%  rtt    0.00 ms      261 pkt  4 flow
  w25     0.643 Mbps (std  3.416)  jit 111.714 ms  reord  0.00%  rtt    0.00 ms      740 pkt  5 flow
  w26     0.157 Mbps (std  0.188)  jit 113.581 ms  reord  0.00%  rtt    0.00 ms      231 pkt  5 flow
  w27     0.158 Mbps (std  0.135)  jit 123.873 ms  reord  0.00%  rtt    0.00 ms      258 pkt  5 flow
  w28     0.124 Mbps (std  0.189)  jit  95.726 ms  reord  0.00%  rtt    0.00 ms      182 pkt  4 flow
  w29     0.218 Mbps (std  0.274)  jit  80.523 ms  reord  0.00%  rtt    0.00 ms      321 pkt  5 flow
  w30     0.249 Mbps (std  0.237)  jit  93.144 ms  reord  0.00%  rtt    0.00 ms      367 pkt  4 flow
  w31     0.246 Mbps (std  0.158)  jit  93.739 ms  reord  0.00%  rtt    0.00 ms      379 pkt  5 flow
  w32     1.785 Mbps (std 11.887)  jit  74.038 ms  reord  0.00%  rtt    0.00 ms    1,852 pkt  4 flow
  w33     0.173 Mbps (std  0.227)  jit  85.383 ms  reord  0.00%  rtt    0.00 ms      268 pkt  4 flow
  w34     0.153 Mbps (std  0.128)  jit  45.308 ms  reord  0.00%  rtt    0.00 ms      246 pkt  4 flow
  w35     0.001 Mbps (std  0.002)  jit   0.240 ms  reord  0.00%  rtt    0.00 ms        5 pkt  1 flow
  w36  (parsial, 18 cuplikan) 0.001 Mbps
>> selesai: 37 window -> qos_features.csv
>>          cuplikan mentah -> qos_samples.csv (untuk align_qos.py)
