>> run_id=CONT_s14_dynamic_BigBuckBunny | map=flows | poll=0.1s | window=10.0s -> qos_features.csv
>> menghitung SEMUA flow TCP yang lewat (Ctrl-C untuk berhenti)
>> XDP terpasang di eth0: prog id=5617
>> membaca 1 map bernama 'flows': id [1567]
>> entri awal di map: 0  (0 = belum ada trafik TCP yang tertangkap)
  w0      0.001 Mbps (std  0.002)  jit   0.013 ms  reord  0.00%  rtt    0.00 ms        5 pkt  1 flow
  w1      0.001 Mbps (std  0.002)  jit   0.126 ms  reord  0.00%  rtt    0.00 ms        5 pkt  1 flow
  w2      0.001 Mbps (std  0.002)  jit   0.193 ms  reord  0.00%  rtt    0.00 ms        5 pkt  1 flow
  w3      0.001 Mbps (std  0.002)  jit   0.181 ms  reord  0.00%  rtt    0.00 ms        5 pkt  1 flow
  w4      0.024 Mbps (std  0.133)  jit   0.448 ms  reord  0.00%  rtt    0.00 ms       67 pkt  3 flow
  w5      0.134 Mbps (std  0.124)  jit  35.289 ms  reord  0.00%  rtt    0.00 ms      254 pkt  4 flow
  w6      0.124 Mbps (std  0.162)  jit  41.132 ms  reord  0.00%  rtt    0.00 ms      207 pkt  3 flow
  w7      0.114 Mbps (std  0.226)  jit  61.554 ms  reord  0.00%  rtt    0.00 ms      180 pkt  3 flow
  w8      0.120 Mbps (std  0.221)  jit  55.331 ms  reord  0.00%  rtt    0.00 ms      193 pkt  3 flow
  w9      0.082 Mbps (std  0.237)  jit  57.249 ms  reord  0.00%  rtt    0.00 ms      123 pkt  3 flow
  w10     0.077 Mbps (std  0.188)  jit  89.391 ms  reord  0.00%  rtt    0.00 ms      126 pkt  4 flow
  w11     0.128 Mbps (std  0.205)  jit 101.918 ms  reord  0.00%  rtt    0.00 ms      211 pkt  4 flow
  w12     0.132 Mbps (std  0.217)  jit  51.697 ms  reord  0.00%  rtt    0.00 ms      247 pkt  4 flow
  w13     0.123 Mbps (std  0.182)  jit 118.452 ms  reord  0.00%  rtt    0.00 ms      192 pkt  5 flow
  w14     0.122 Mbps (std  0.142)  jit 123.415 ms  reord  0.00%  rtt    0.00 ms      173 pkt  4 flow
  w15     0.093 Mbps (std  0.226)  jit  89.677 ms  reord  0.00%  rtt    0.00 ms      144 pkt  3 flow
  w16     0.110 Mbps (std  0.199)  jit  78.959 ms  reord  0.00%  rtt    0.00 ms      183 pkt  4 flow
  w17     0.120 Mbps (std  0.276)  jit  48.142 ms  reord  0.00%  rtt    0.00 ms      179 pkt  2 flow
  w18     0.056 Mbps (std  0.205)  jit  66.026 ms  reord  0.00%  rtt    0.00 ms       90 pkt  2 flow
  w19     0.074 Mbps (std  0.189)  jit  83.603 ms  reord  0.00%  rtt    0.00 ms      136 pkt  4 flow
  w20     0.123 Mbps (std  0.182)  jit  86.596 ms  reord  0.00%  rtt    0.00 ms      203 pkt  4 flow
  w21     0.124 Mbps (std  0.132)  jit 134.618 ms  reord  0.00%  rtt    0.00 ms      195 pkt  5 flow
  w22     0.125 Mbps (std  0.136)  jit 153.073 ms  reord  0.00%  rtt    0.00 ms      193 pkt  4 flow
  w23     0.123 Mbps (std  0.230)  jit 106.222 ms  reord  0.00%  rtt    0.00 ms      181 pkt  4 flow
  w24     0.118 Mbps (std  0.235)  jit  71.703 ms  reord  0.00%  rtt    0.00 ms      191 pkt  4 flow
  w25     0.124 Mbps (std  0.158)  jit 115.532 ms  reord  0.00%  rtt    0.00 ms      184 pkt  5 flow
  w26     0.115 Mbps (std  0.231)  jit  96.946 ms  reord  0.00%  rtt    0.00 ms      175 pkt  3 flow
  w27     0.087 Mbps (std  0.210)  jit  76.159 ms  reord  0.00%  rtt    0.00 ms      142 pkt  3 flow
  w28     0.181 Mbps (std  0.303)  jit  56.127 ms  reord  0.00%  rtt    0.00 ms      267 pkt  4 flow
  w29     0.177 Mbps (std  0.257)  jit  61.167 ms  reord  0.00%  rtt    0.00 ms      268 pkt  3 flow
  w30     0.185 Mbps (std  0.222)  jit 110.334 ms  reord  0.00%  rtt    0.00 ms      273 pkt  4 flow
  w31     0.165 Mbps (std  0.256)  jit  63.318 ms  reord  0.00%  rtt    0.00 ms      248 pkt  3 flow
  w32     0.293 Mbps (std  0.273)  jit  98.519 ms  reord  0.00%  rtt    0.00 ms      376 pkt  5 flow
  w33     0.512 Mbps (std  0.206)  jit  72.701 ms  reord  0.00%  rtt    0.00 ms      712 pkt  5 flow
  w34     0.505 Mbps (std  0.126)  jit  35.404 ms  reord  0.00%  rtt    0.00 ms      646 pkt  4 flow
  w35     0.039 Mbps (std  0.133)  jit   2.670 ms  reord  0.00%  rtt    0.00 ms       55 pkt  2 flow
  w36  (parsial, 1 cuplikan) 0.000 Mbps
>> selesai: 37 window -> qos_features.csv
>>          cuplikan mentah -> qos_samples.csv (untuk align_qos.py)
