>> run_id=CONT_s4_throughput_RedBullPlayStreets | map=flows | poll=0.1s | window=10.0s -> qos_features.csv
>> menghitung SEMUA flow TCP yang lewat (Ctrl-C untuk berhenti)
>> XDP terpasang di eth0: prog id=5911
>> membaca 1 map bernama 'flows': id [1609]
>> entri awal di map: 0  (0 = belum ada trafik TCP yang tertangkap)
  w0      0.001 Mbps (std  0.002)  jit   0.020 ms  reord  0.00%  rtt    0.00 ms        5 pkt  1 flow
  w1      0.001 Mbps (std  0.002)  jit   0.109 ms  reord  0.00%  rtt    0.00 ms        5 pkt  1 flow
  w2      0.001 Mbps (std  0.002)  jit   0.145 ms  reord  0.00%  rtt    0.00 ms        5 pkt  1 flow
  w3      0.001 Mbps (std  0.002)  jit   0.193 ms  reord  0.00%  rtt    0.00 ms        5 pkt  1 flow
  w4      0.013 Mbps (std  0.048)  jit   2.137 ms  reord  0.00%  rtt    0.00 ms       47 pkt  3 flow
  w5      0.274 Mbps (std  0.329)  jit  34.507 ms  reord  0.00%  rtt    0.00 ms      468 pkt  4 flow
  w6      0.226 Mbps (std  0.273)  jit  32.703 ms  reord  0.00%  rtt    0.00 ms      344 pkt  3 flow
  w7      0.251 Mbps (std  0.334)  jit  43.197 ms  reord  0.00%  rtt    0.00 ms      353 pkt  3 flow
  w8      0.255 Mbps (std  0.328)  jit  33.361 ms  reord  0.00%  rtt    0.00 ms      384 pkt  3 flow
  w9      0.171 Mbps (std  0.358)  jit  26.615 ms  reord  0.00%  rtt    0.00 ms      247 pkt  3 flow
  w10     0.087 Mbps (std  0.236)  jit  22.905 ms  reord  0.00%  rtt    0.00 ms      145 pkt  3 flow
  w11     0.331 Mbps (std  0.290)  jit  30.184 ms  reord  0.00%  rtt    0.00 ms      560 pkt  4 flow
  w12     0.511 Mbps (std  0.329)  jit  21.164 ms  reord  0.00%  rtt    0.00 ms      752 pkt  3 flow
  w13     0.615 Mbps (std  0.279)  jit  42.187 ms  reord  0.00%  rtt    0.00 ms      859 pkt  5 flow
  w14     0.606 Mbps (std  0.256)  jit  58.101 ms  reord  0.00%  rtt    0.00 ms      832 pkt  5 flow
  w15     0.613 Mbps (std  0.193)  jit  62.465 ms  reord  0.00%  rtt    0.00 ms      839 pkt  5 flow
  w16     0.328 Mbps (std  0.450)  jit  18.843 ms  reord  0.00%  rtt    0.00 ms      527 pkt  3 flow
  w17     0.206 Mbps (std  1.251)  jit   4.083 ms  reord  0.00%  rtt    0.00 ms      234 pkt  2 flow
  w18     0.823 Mbps (std  4.887)  jit   0.717 ms  reord  0.00%  rtt    0.00 ms      886 pkt  2 flow
  w19     1.828 Mbps (std  4.474)  jit   9.248 ms  reord  0.00%  rtt    0.00 ms    1,909 pkt  4 flow
  w20     2.254 Mbps (std  5.533)  jit   7.820 ms  reord  0.00%  rtt    0.00 ms    2,350 pkt  4 flow
  w21     1.362 Mbps (std  4.162)  jit  23.018 ms  reord  0.00%  rtt    0.00 ms    1,427 pkt  4 flow
  w22     0.343 Mbps (std  0.186)  jit  38.202 ms  reord  0.00%  rtt    0.00 ms      542 pkt  3 flow
  w23     0.341 Mbps (std  0.212)  jit  29.306 ms  reord  0.00%  rtt    0.00 ms      517 pkt  3 flow
  w24     0.345 Mbps (std  0.258)  jit  24.609 ms  reord  0.00%  rtt    0.00 ms      523 pkt  3 flow
  w25     0.317 Mbps (std  0.302)  jit  35.538 ms  reord  0.00%  rtt    0.00 ms      456 pkt  3 flow
  w26     0.472 Mbps (std  0.474)  jit  19.396 ms  reord  0.00%  rtt    0.00 ms      688 pkt  3 flow
  w27     0.792 Mbps (std  0.299)  jit  30.578 ms  reord  0.00%  rtt    0.00 ms    1,089 pkt  5 flow
  w28     0.869 Mbps (std  0.372)  jit  35.668 ms  reord  0.00%  rtt    0.00 ms    1,177 pkt  5 flow
  w29     1.195 Mbps (std  0.747)  jit  18.641 ms  reord  0.00%  rtt    0.00 ms    1,426 pkt  5 flow
  w30     1.641 Mbps (std  0.218)  jit  27.607 ms  reord  0.00%  rtt    0.00 ms    1,951 pkt  5 flow
  w31     1.293 Mbps (std  0.344)  jit  32.352 ms  reord  0.00%  rtt    0.00 ms    1,599 pkt  5 flow
  w32     1.130 Mbps (std  0.223)  jit  36.298 ms  reord  0.00%  rtt    0.00 ms    1,494 pkt  5 flow
  w33     1.135 Mbps (std  0.204)  jit  25.524 ms  reord  0.00%  rtt    0.00 ms    1,507 pkt  5 flow
  w34     0.122 Mbps (std  0.347)  jit   6.424 ms  reord  0.00%  rtt    0.00 ms      162 pkt  3 flow
  w35     0.001 Mbps (std  0.002)  jit   0.324 ms  reord  0.00%  rtt    0.00 ms        5 pkt  1 flow
  w36  (parsial, 15 cuplikan) 0.001 Mbps
>> selesai: 37 window -> qos_features.csv
>>          cuplikan mentah -> qos_samples.csv (untuk align_qos.py)
