>> run_id=CONT_s5_throughput_TearsOfSteel | map=flows | poll=0.1s | window=10.0s -> qos_features.csv
>> menghitung SEMUA flow TCP yang lewat (Ctrl-C untuk berhenti)
>> XDP terpasang di eth0: prog id=5498
>> membaca 1 map bernama 'flows': id [1550]
>> entri awal di map: 0  (0 = belum ada trafik TCP yang tertangkap)
  w0      0.001 Mbps (std  0.002)  jit   0.009 ms  reord  0.00%  rtt    0.00 ms        5 pkt  1 flow
  w1      0.001 Mbps (std  0.002)  jit   0.050 ms  reord  0.00%  rtt    0.00 ms        5 pkt  1 flow
  w2      0.001 Mbps (std  0.002)  jit   0.096 ms  reord  0.00%  rtt    0.00 ms        5 pkt  1 flow
  w3      0.001 Mbps (std  0.002)  jit   0.114 ms  reord  0.00%  rtt    0.00 ms        5 pkt  1 flow
  w4      0.352 Mbps (std  0.823)  jit   1.602 ms  reord  0.00%  rtt    0.00 ms      421 pkt  6 flow
  w5      2.205 Mbps (std  0.250)  jit  10.362 ms  reord  0.00%  rtt    0.00 ms    2,651 pkt  6 flow
  w6      1.757 Mbps (std  0.788)  jit  10.032 ms  reord  0.00%  rtt    0.00 ms    2,067 pkt  3 flow
  w7      0.835 Mbps (std  0.719)  jit  14.310 ms  reord  0.00%  rtt    0.00 ms    1,080 pkt  3 flow
  w8      0.889 Mbps (std  0.721)  jit  13.284 ms  reord  0.00%  rtt    0.00 ms    1,151 pkt  3 flow
  w9      0.811 Mbps (std  0.423)  jit  31.524 ms  reord  0.00%  rtt    0.00 ms    1,186 pkt  5 flow
  w10     0.681 Mbps (std  0.318)  jit  21.662 ms  reord  0.00%  rtt    0.00 ms    1,001 pkt  4 flow
  w11     0.695 Mbps (std  0.299)  jit  36.164 ms  reord  0.00%  rtt    0.00 ms    1,050 pkt  5 flow
  w12     0.697 Mbps (std  0.220)  jit  37.933 ms  reord  0.00%  rtt    0.00 ms    1,065 pkt  6 flow
  w13     0.689 Mbps (std  0.292)  jit  31.460 ms  reord  0.00%  rtt    0.00 ms    1,079 pkt  5 flow
  w14     0.541 Mbps (std  0.436)  jit  21.538 ms  reord  0.00%  rtt    0.00 ms      814 pkt  3 flow
  w15     0.375 Mbps (std  0.338)  jit  40.834 ms  reord  0.00%  rtt    0.00 ms      542 pkt  4 flow
  w16     0.370 Mbps (std  0.191)  jit  87.143 ms  reord  0.00%  rtt    0.00 ms      527 pkt  5 flow
  w17     0.367 Mbps (std  0.226)  jit  86.950 ms  reord  0.00%  rtt    0.00 ms      511 pkt  5 flow
  w18     0.223 Mbps (std  0.238)  jit  43.438 ms  reord  0.00%  rtt    0.00 ms      374 pkt  4 flow
  w19     0.192 Mbps (std  0.168)  jit 124.509 ms  reord  0.00%  rtt    0.00 ms      290 pkt  5 flow
  w20     0.188 Mbps (std  0.257)  jit  94.082 ms  reord  0.00%  rtt    0.00 ms      259 pkt  4 flow
  w21     0.363 Mbps (std  0.299)  jit  29.591 ms  reord  0.00%  rtt    0.00 ms      577 pkt  3 flow
  w22     0.484 Mbps (std  0.181)  jit  23.486 ms  reord  0.00%  rtt    0.00 ms      755 pkt  3 flow
  w23     2.069 Mbps (std 13.958)  jit  38.387 ms  reord  0.00%  rtt    0.00 ms    2,411 pkt  5 flow
  w24     0.982 Mbps (std  0.278)  jit  20.332 ms  reord  0.00%  rtt    0.00 ms    1,304 pkt  5 flow
  w25     0.980 Mbps (std  0.276)  jit  39.598 ms  reord  0.00%  rtt    0.00 ms    1,342 pkt  5 flow
  w26     0.979 Mbps (std  0.299)  jit  31.697 ms  reord  0.00%  rtt    0.00 ms    1,283 pkt  5 flow
  w27     0.533 Mbps (std  0.675)  jit  12.150 ms  reord  0.00%  rtt    0.00 ms      752 pkt  3 flow
  w28     1.880 Mbps (std  0.919)  jit  16.756 ms  reord  0.00%  rtt    0.00 ms    2,180 pkt  4 flow
  w29     0.770 Mbps (std  1.109)  jit  11.657 ms  reord  0.00%  rtt    0.00 ms      936 pkt  4 flow
  w30     0.424 Mbps (std  0.888)  jit   9.640 ms  reord  0.00%  rtt    0.00 ms      591 pkt  4 flow
  w31     2.307 Mbps (std  4.264)  jit  12.468 ms  reord  0.00%  rtt    0.00 ms    2,554 pkt  5 flow
  w32     2.207 Mbps (std  4.283)  jit  11.925 ms  reord  0.00%  rtt    0.00 ms    2,364 pkt  4 flow
  w33     1.930 Mbps (std  4.177)  jit  12.802 ms  reord  0.00%  rtt    0.00 ms    2,078 pkt  4 flow
  w34     0.731 Mbps (std  2.844)  jit   3.258 ms  reord  0.00%  rtt    0.00 ms      791 pkt  3 flow
  w35     0.001 Mbps (std  0.003)  jit   0.285 ms  reord  0.00%  rtt    0.00 ms        6 pkt  1 flow
>> selesai: 36 window -> qos_features.csv
>>          cuplikan mentah -> qos_samples.csv (untuk align_qos.py)
