>> run_id=CONT_s8_throughput_TheSwissAccount | map=flows | poll=0.1s | window=10.0s -> qos_features.csv
>> menghitung SEMUA flow TCP yang lewat (Ctrl-C untuk berhenti)
>> XDP terpasang di eth0: prog id=8006
>> membaca 1 map bernama 'flows': id [1908]
>> entri awal di map: 0  (0 = belum ada trafik TCP yang tertangkap)
  w0      0.001 Mbps (std  0.004)  jit   0.019 ms  reord  0.00%  rtt    0.00 ms        9 pkt  1 flow
  w1      0.001 Mbps (std  0.002)  jit   0.076 ms  reord  0.00%  rtt    0.00 ms        5 pkt  1 flow
  w2      0.001 Mbps (std  0.002)  jit   0.141 ms  reord  0.00%  rtt    0.00 ms        5 pkt  1 flow
  w3      0.001 Mbps (std  0.002)  jit   0.189 ms  reord  0.00%  rtt    0.00 ms        5 pkt  1 flow
  w4      0.011 Mbps (std  0.049)  jit   2.174 ms  reord  0.00%  rtt    0.00 ms       42 pkt  3 flow
  w5      0.147 Mbps (std  0.213)  jit  51.278 ms  reord  0.00%  rtt    0.00 ms      294 pkt  3 flow
  w6      0.168 Mbps (std  0.253)  jit  58.541 ms  reord  0.00%  rtt    0.00 ms      270 pkt  3 flow
  w7      0.114 Mbps (std  0.207)  jit  56.071 ms  reord  0.00%  rtt    0.00 ms      185 pkt  3 flow
  w8      0.101 Mbps (std  0.237)  jit  48.865 ms  reord  0.00%  rtt    0.00 ms      145 pkt  3 flow
  w9      0.102 Mbps (std  0.183)  jit  57.592 ms  reord  0.00%  rtt    0.00 ms      172 pkt  3 flow
  w10     0.146 Mbps (std  0.241)  jit  50.438 ms  reord  0.00%  rtt    0.00 ms      218 pkt  3 flow
  w11     0.154 Mbps (std  0.226)  jit  62.590 ms  reord  0.00%  rtt    0.00 ms      251 pkt  4 flow
  w12     0.152 Mbps (std  0.138)  jit 122.807 ms  reord  0.00%  rtt    0.00 ms      254 pkt  4 flow
  w13     1.237 Mbps (std 10.494)  jit 116.104 ms  reord  0.00%  rtt    0.00 ms    1,294 pkt  3 flow
  w14     0.124 Mbps (std  0.210)  jit  78.229 ms  reord  0.00%  rtt    0.00 ms      205 pkt  3 flow
  w15     0.132 Mbps (std  0.221)  jit  59.446 ms  reord  0.00%  rtt    0.00 ms      210 pkt  3 flow
  w16     0.095 Mbps (std  0.172)  jit  60.244 ms  reord  0.00%  rtt    0.00 ms      167 pkt  3 flow
  w17     0.123 Mbps (std  0.228)  jit  53.525 ms  reord  0.00%  rtt    0.00 ms      183 pkt  3 flow
  w18     0.135 Mbps (std  0.278)  jit  38.062 ms  reord  0.00%  rtt    0.00 ms      215 pkt  3 flow
  w19     0.165 Mbps (std  0.256)  jit  74.356 ms  reord  0.00%  rtt    0.00 ms      228 pkt  4 flow
  w20     0.153 Mbps (std  0.272)  jit  47.680 ms  reord  0.00%  rtt    0.00 ms      230 pkt  3 flow
  w21     0.176 Mbps (std  0.284)  jit  40.488 ms  reord  0.00%  rtt    0.00 ms      265 pkt  3 flow
  w22     0.189 Mbps (std  0.227)  jit 105.362 ms  reord  0.00%  rtt    0.00 ms      271 pkt  4 flow
  w23     0.186 Mbps (std  0.304)  jit  34.899 ms  reord  0.00%  rtt    0.00 ms      279 pkt  3 flow
  w24     0.364 Mbps (std  0.311)  jit  34.665 ms  reord  0.00%  rtt    0.00 ms      531 pkt  5 flow
  w25     0.291 Mbps (std  0.251)  jit  82.026 ms  reord  0.00%  rtt    0.00 ms      421 pkt  5 flow
  w26     0.160 Mbps (std  0.172)  jit 121.928 ms  reord  0.00%  rtt    0.00 ms      246 pkt  5 flow
  w27     0.155 Mbps (std  0.156)  jit 141.207 ms  reord  0.00%  rtt    0.00 ms      232 pkt  4 flow
  w28     1.484 Mbps (std 13.115)  jit 120.874 ms  reord  0.00%  rtt    0.00 ms    1,627 pkt  5 flow
  w29     0.222 Mbps (std  0.300)  jit  57.981 ms  reord  0.00%  rtt    0.00 ms      310 pkt  3 flow
  w30     0.233 Mbps (std  0.172)  jit  88.530 ms  reord  0.00%  rtt    0.00 ms      375 pkt  4 flow
  w31     0.244 Mbps (std  0.293)  jit  62.681 ms  reord  0.00%  rtt    0.00 ms      353 pkt  5 flow
  w32     1.907 Mbps (std 13.128)  jit  94.166 ms  reord  0.00%  rtt    0.00 ms    2,072 pkt  5 flow
  w33     0.189 Mbps (std  0.272)  jit  81.836 ms  reord  0.00%  rtt    0.00 ms      282 pkt  5 flow
  w34     0.205 Mbps (std  0.235)  jit  41.246 ms  reord  0.00%  rtt    0.00 ms      303 pkt  4 flow
  w35     0.137 Mbps (std  0.116)  jit  18.222 ms  reord  0.00%  rtt    0.00 ms      231 pkt  3 flow
  w36  (parsial, 19 cuplikan) 0.001 Mbps
>> selesai: 37 window -> qos_features.csv
>>          cuplikan mentah -> qos_samples.csv (untuk align_qos.py)
