>> run_id=CONT_s8_bola_TheSwissAccount | map=flows | poll=0.1s | window=10.0s -> qos_features.csv
>> menghitung SEMUA flow TCP yang lewat (Ctrl-C untuk berhenti)
>> XDP terpasang di eth0: prog id=5638
>> membaca 1 map bernama 'flows': id [1570]
>> entri awal di map: 0  (0 = belum ada trafik TCP yang tertangkap)
  w0      0.001 Mbps (std  0.002)  jit   0.018 ms  reord  0.00%  rtt    0.00 ms        5 pkt  1 flow
  w1      0.001 Mbps (std  0.002)  jit   0.063 ms  reord  0.00%  rtt    0.00 ms        5 pkt  1 flow
  w2      0.001 Mbps (std  0.002)  jit   0.128 ms  reord  0.00%  rtt    0.00 ms        5 pkt  1 flow
  w3      0.001 Mbps (std  0.004)  jit   0.167 ms  reord  0.00%  rtt    0.00 ms        9 pkt  1 flow
  w4      0.011 Mbps (std  0.048)  jit   1.984 ms  reord  0.00%  rtt    0.00 ms       42 pkt  4 flow
  w5      0.139 Mbps (std  0.183)  jit  42.547 ms  reord  0.00%  rtt    0.00 ms      291 pkt  4 flow
  w6      0.137 Mbps (std  0.189)  jit  56.546 ms  reord  0.00%  rtt    0.00 ms      229 pkt  3 flow
  w7      0.107 Mbps (std  0.245)  jit  65.469 ms  reord  0.00%  rtt    0.00 ms      151 pkt  3 flow
  w8      0.101 Mbps (std  0.212)  jit  77.212 ms  reord  0.00%  rtt    0.00 ms      159 pkt  3 flow
  w9      0.103 Mbps (std  0.188)  jit  52.253 ms  reord  0.00%  rtt    0.00 ms      176 pkt  3 flow
  w10     0.145 Mbps (std  0.229)  jit  47.139 ms  reord  0.00%  rtt    0.00 ms      219 pkt  3 flow
  w11     0.155 Mbps (std  0.189)  jit  63.035 ms  reord  0.00%  rtt    0.00 ms      257 pkt  4 flow
  w12     0.150 Mbps (std  0.119)  jit 129.246 ms  reord  0.00%  rtt    0.00 ms      253 pkt  4 flow
  w13     1.496 Mbps (std 13.487)  jit 155.434 ms  reord  0.00%  rtt    0.00 ms    1,544 pkt  5 flow
  w14     0.122 Mbps (std  0.294)  jit  48.318 ms  reord  0.00%  rtt    0.00 ms      162 pkt  2 flow
  w15     0.119 Mbps (std  0.217)  jit  62.132 ms  reord  0.00%  rtt    0.00 ms      196 pkt  3 flow
  w16     0.098 Mbps (std  0.203)  jit  66.788 ms  reord  0.00%  rtt    0.00 ms      158 pkt  3 flow
  w17     0.116 Mbps (std  0.234)  jit  48.907 ms  reord  0.00%  rtt    0.00 ms      182 pkt  3 flow
  w18     0.140 Mbps (std  0.279)  jit  47.744 ms  reord  0.00%  rtt    0.00 ms      205 pkt  3 flow
  w19     0.163 Mbps (std  0.250)  jit  83.258 ms  reord  0.00%  rtt    0.00 ms      237 pkt  5 flow
  w20     0.134 Mbps (std  0.238)  jit  46.629 ms  reord  0.00%  rtt    0.00 ms      213 pkt  3 flow
  w21     0.175 Mbps (std  0.302)  jit  42.221 ms  reord  0.00%  rtt    0.00 ms      257 pkt  5 flow
  w22     0.168 Mbps (std  0.195)  jit  81.208 ms  reord  0.00%  rtt    0.00 ms      254 pkt  4 flow
  w23     0.157 Mbps (std  0.246)  jit  35.979 ms  reord  0.00%  rtt    0.00 ms      262 pkt  3 flow
  w24     0.363 Mbps (std  0.280)  jit  46.662 ms  reord  0.00%  rtt    0.00 ms      518 pkt  4 flow
  w25     1.939 Mbps (std 16.346)  jit  84.008 ms  reord  0.00%  rtt    0.00 ms    2,114 pkt  5 flow
  w26     0.157 Mbps (std  0.144)  jit 126.542 ms  reord  0.00%  rtt    0.00 ms      230 pkt  4 flow
  w27     0.159 Mbps (std  0.179)  jit 113.871 ms  reord  0.00%  rtt    0.00 ms      244 pkt  5 flow
  w28     0.180 Mbps (std  0.364)  jit 121.107 ms  reord  0.00%  rtt    0.00 ms      266 pkt  5 flow
  w29     0.226 Mbps (std  0.353)  jit  42.250 ms  reord  0.00%  rtt    0.00 ms      326 pkt  4 flow
  w30     0.248 Mbps (std  0.264)  jit 100.049 ms  reord  0.00%  rtt    0.00 ms      358 pkt  4 flow
  w31     0.245 Mbps (std  0.182)  jit  95.835 ms  reord  0.00%  rtt    0.00 ms      378 pkt  4 flow
  w32     1.017 Mbps (std  7.831)  jit  79.914 ms  reord  0.00%  rtt    0.00 ms    1,165 pkt  5 flow
  w33     0.171 Mbps (std  0.327)  jit  47.233 ms  reord  0.00%  rtt    0.00 ms      233 pkt  3 flow
  w34     0.221 Mbps (std  0.147)  jit  48.118 ms  reord  0.00%  rtt    0.00 ms      384 pkt  5 flow
  w35     0.043 Mbps (std  0.088)  jit   3.540 ms  reord  0.00%  rtt    0.00 ms       75 pkt  3 flow
  w36  (parsial, 19 cuplikan) 0.001 Mbps
>> selesai: 37 window -> qos_features.csv
>>          cuplikan mentah -> qos_samples.csv (untuk align_qos.py)
