>> run_id=CONT_s10_bola_OfForestAndMen | map=flows | poll=0.1s | window=10.0s -> qos_features.csv
>> menghitung SEMUA flow TCP yang lewat (Ctrl-C untuk berhenti)
>> XDP terpasang di eth0: prog id=7761
>> membaca 1 map bernama 'flows': id [1873]
>> entri awal di map: 0  (0 = belum ada trafik TCP yang tertangkap)
  w0      0.001 Mbps (std  0.002)  jit   0.021 ms  reord  0.00%  rtt    0.00 ms        5 pkt  1 flow
  w1      0.001 Mbps (std  0.004)  jit   0.062 ms  reord  0.00%  rtt    0.00 ms        9 pkt  1 flow
  w2      0.001 Mbps (std  0.002)  jit   0.152 ms  reord  0.00%  rtt    0.00 ms        5 pkt  1 flow
  w3      0.001 Mbps (std  0.002)  jit   0.190 ms  reord  0.00%  rtt    0.00 ms        5 pkt  1 flow
  w4      0.104 Mbps (std  0.331)  jit   0.904 ms  reord  0.00%  rtt    0.00 ms      199 pkt  3 flow
  w5      1.021 Mbps (std  0.333)  jit  19.717 ms  reord  0.00%  rtt    0.00 ms    1,329 pkt  4 flow
  w6      1.021 Mbps (std  0.285)  jit  24.638 ms  reord  0.00%  rtt    0.00 ms    1,301 pkt  5 flow
  w7      1.052 Mbps (std  0.347)  jit  17.878 ms  reord  0.00%  rtt    0.00 ms    1,388 pkt  5 flow
  w8      1.088 Mbps (std  0.239)  jit  35.864 ms  reord  0.00%  rtt    0.00 ms    1,433 pkt  5 flow
  w9      1.083 Mbps (std  0.256)  jit  34.020 ms  reord  0.00%  rtt    0.00 ms    1,413 pkt  5 flow
  w10     0.734 Mbps (std  0.565)  jit  13.442 ms  reord  0.00%  rtt    0.00 ms      963 pkt  3 flow
  w11     0.652 Mbps (std  0.473)  jit  16.664 ms  reord  0.00%  rtt    0.00 ms      946 pkt  3 flow
  w12     0.858 Mbps (std  0.271)  jit  36.545 ms  reord  0.00%  rtt    0.00 ms    1,186 pkt  6 flow
  w13     0.855 Mbps (std  0.289)  jit  35.434 ms  reord  0.00%  rtt    0.00 ms    1,153 pkt  5 flow
  w14     0.582 Mbps (std  0.484)  jit  17.876 ms  reord  0.00%  rtt    0.00 ms      818 pkt  3 flow
  w15     0.270 Mbps (std  0.335)  jit  17.830 ms  reord  0.00%  rtt    0.00 ms      443 pkt  3 flow
  w16     0.543 Mbps (std  0.300)  jit  21.653 ms  reord  0.00%  rtt    0.00 ms      828 pkt  3 flow
  w17     0.582 Mbps (std  0.269)  jit  44.896 ms  reord  0.00%  rtt    0.00 ms      804 pkt  5 flow
  w18     1.789 Mbps (std 10.980)  jit  60.456 ms  reord  0.00%  rtt    0.00 ms    2,017 pkt  4 flow
  w19     0.460 Mbps (std  0.361)  jit  39.697 ms  reord  0.00%  rtt    0.00 ms      615 pkt  3 flow
  w20     0.404 Mbps (std  0.353)  jit  23.837 ms  reord  0.00%  rtt    0.00 ms      593 pkt  3 flow
  w21     0.231 Mbps (std  0.317)  jit  26.486 ms  reord  0.00%  rtt    0.00 ms      389 pkt  3 flow
  w22     0.160 Mbps (std  0.265)  jit  20.052 ms  reord  0.00%  rtt    0.00 ms      269 pkt  3 flow
  w23     0.354 Mbps (std  0.293)  jit  29.115 ms  reord  0.00%  rtt    0.00 ms      570 pkt  3 flow
  w24     0.189 Mbps (std  0.246)  jit  47.718 ms  reord  0.00%  rtt    0.00 ms      311 pkt  3 flow
  w25     0.210 Mbps (std  0.158)  jit  73.553 ms  reord  0.00%  rtt    0.00 ms      367 pkt  5 flow
  w26     0.203 Mbps (std  0.229)  jit  53.971 ms  reord  0.00%  rtt    0.00 ms      330 pkt  3 flow
  w27     0.132 Mbps (std  0.227)  jit  54.630 ms  reord  0.00%  rtt    0.00 ms      228 pkt  3 flow
  w28     0.100 Mbps (std  0.217)  jit  59.021 ms  reord  0.00%  rtt    0.00 ms      167 pkt  3 flow
  w29     0.141 Mbps (std  0.258)  jit  41.115 ms  reord  0.00%  rtt    0.00 ms      208 pkt  3 flow
  w30     0.145 Mbps (std  0.303)  jit  34.576 ms  reord  0.00%  rtt    0.00 ms      194 pkt  3 flow
  w31     0.146 Mbps (std  0.252)  jit  94.077 ms  reord  0.00%  rtt    0.00 ms      217 pkt  4 flow
  w32     0.142 Mbps (std  0.195)  jit 117.220 ms  reord  0.00%  rtt    0.00 ms      212 pkt  4 flow
  w33     0.050 Mbps (std  0.136)  jit  34.244 ms  reord  0.00%  rtt    0.00 ms      112 pkt  3 flow
  w34     0.001 Mbps (std  0.002)  jit   0.225 ms  reord  0.00%  rtt    0.00 ms        5 pkt  1 flow
  w35     0.001 Mbps (std  0.003)  jit   0.326 ms  reord  0.00%  rtt    0.00 ms        6 pkt  1 flow
  w36  (parsial, 7 cuplikan) 0.000 Mbps
>> selesai: 37 window -> qos_features.csv
>>          cuplikan mentah -> qos_samples.csv (untuk align_qos.py)
