>> run_id=CONT_s6_bola_OfForestAndMen | map=flows | poll=0.1s | window=10.0s -> qos_features.csv
>> menghitung SEMUA flow TCP yang lewat (Ctrl-C untuk berhenti)
>> XDP terpasang di eth0: prog id=8176
>> membaca 1 map bernama 'flows': id [1932]
>> entri awal di map: 0  (0 = belum ada trafik TCP yang tertangkap)
  w0      0.001 Mbps (std  0.002)  jit   0.005 ms  reord  0.00%  rtt    0.00 ms        5 pkt  1 flow
  w1      0.001 Mbps (std  0.003)  jit   0.064 ms  reord  0.00%  rtt    0.00 ms        6 pkt  1 flow
  w2      0.001 Mbps (std  0.002)  jit   0.146 ms  reord  0.00%  rtt    0.00 ms        5 pkt  1 flow
  w3      0.001 Mbps (std  0.004)  jit   0.222 ms  reord  0.00%  rtt    0.00 ms        9 pkt  1 flow
  w4      0.058 Mbps (std  0.259)  jit   1.576 ms  reord  0.00%  rtt    0.00 ms      128 pkt  3 flow
  w5      0.570 Mbps (std  0.357)  jit  28.612 ms  reord  0.00%  rtt    0.00 ms      911 pkt  4 flow
  w6      0.384 Mbps (std  0.297)  jit  39.912 ms  reord  0.00%  rtt    0.00 ms      597 pkt  3 flow
  w7      0.480 Mbps (std  0.374)  jit  35.722 ms  reord  0.00%  rtt    0.00 ms      707 pkt  3 flow
  w8      0.477 Mbps (std  0.375)  jit  34.695 ms  reord  0.00%  rtt    0.00 ms      715 pkt  3 flow
  w9      0.588 Mbps (std  0.399)  jit  34.109 ms  reord  0.00%  rtt    0.00 ms      870 pkt  5 flow
  w10     0.761 Mbps (std  0.390)  jit  35.965 ms  reord  0.00%  rtt    0.00 ms    1,079 pkt  6 flow
  w11     0.700 Mbps (std  0.482)  jit  17.886 ms  reord  0.00%  rtt    0.00 ms      968 pkt  4 flow
  w12     0.942 Mbps (std  0.304)  jit  18.121 ms  reord  0.00%  rtt    0.00 ms    1,234 pkt  3 flow
  w13     0.938 Mbps (std  0.260)  jit  35.040 ms  reord  0.00%  rtt    0.00 ms    1,266 pkt  5 flow
  w14     0.935 Mbps (std  0.269)  jit  24.917 ms  reord  0.00%  rtt    0.00 ms    1,230 pkt  5 flow
  w15     0.860 Mbps (std  0.387)  jit  20.996 ms  reord  0.00%  rtt    0.00 ms    1,160 pkt  4 flow
  w16     2.053 Mbps (std 12.480)  jit  61.165 ms  reord  0.00%  rtt    0.00 ms    2,303 pkt  5 flow
  w17     0.444 Mbps (std  0.167)  jit  80.090 ms  reord  0.00%  rtt    0.00 ms      626 pkt  5 flow
  w18     0.443 Mbps (std  0.278)  jit  68.562 ms  reord  0.00%  rtt    0.00 ms      616 pkt  5 flow
  w19     0.446 Mbps (std  0.224)  jit  78.408 ms  reord  0.00%  rtt    0.00 ms      632 pkt  5 flow
  w20     0.223 Mbps (std  0.238)  jit  49.351 ms  reord  0.00%  rtt    0.00 ms      362 pkt  4 flow
  w21     0.182 Mbps (std  0.252)  jit  39.610 ms  reord  0.00%  rtt    0.00 ms      309 pkt  3 flow
  w22     1.449 Mbps (std 11.282)  jit  55.708 ms  reord  0.00%  rtt    0.00 ms    1,598 pkt  4 flow
  w23     0.131 Mbps (std  0.204)  jit  65.371 ms  reord  0.00%  rtt    0.00 ms      207 pkt  3 flow
  w24     0.125 Mbps (std  0.237)  jit  51.323 ms  reord  0.00%  rtt    0.00 ms      210 pkt  4 flow
  w25     0.139 Mbps (std  0.128)  jit 122.803 ms  reord  0.00%  rtt    0.00 ms      244 pkt  4 flow
  w26     0.141 Mbps (std  0.230)  jit  93.639 ms  reord  0.00%  rtt    0.00 ms      229 pkt  4 flow
  w27     0.062 Mbps (std  0.214)  jit  47.035 ms  reord  0.00%  rtt    0.00 ms      101 pkt  3 flow
  w28     0.165 Mbps (std  0.234)  jit  59.964 ms  reord  0.00%  rtt    0.00 ms      258 pkt  3 flow
  w29     0.207 Mbps (std  0.340)  jit  43.174 ms  reord  0.00%  rtt    0.00 ms      271 pkt  3 flow
  w30     0.171 Mbps (std  0.304)  jit  42.585 ms  reord  0.00%  rtt    0.00 ms      231 pkt  3 flow
  w31     0.181 Mbps (std  0.231)  jit 115.600 ms  reord  0.00%  rtt    0.00 ms      271 pkt  4 flow
  w32     0.186 Mbps (std  0.614)  jit  33.085 ms  reord  0.00%  rtt    0.00 ms      270 pkt  3 flow
  w33     0.535 Mbps (std  1.851)  jit  28.068 ms  reord  0.00%  rtt    0.00 ms      604 pkt  4 flow
  w34     0.260 Mbps (std  1.105)  jit   2.933 ms  reord  0.00%  rtt    0.00 ms      280 pkt  2 flow
  w35  (parsial, 98 cuplikan) 0.001 Mbps
>> selesai: 36 window -> qos_features.csv
>>          cuplikan mentah -> qos_samples.csv (untuk align_qos.py)
