>> run_id=CONT_s11_l2a_BigBuckBunny | map=flows | poll=0.1s | window=10.0s -> qos_features.csv
>> menghitung SEMUA flow TCP yang lewat (Ctrl-C untuk berhenti)
>> XDP terpasang di eth0: prog id=5729
>> membaca 1 map bernama 'flows': id [1583]
>> entri awal di map: 0  (0 = belum ada trafik TCP yang tertangkap)
  w0      0.001 Mbps (std  0.002)  jit   0.023 ms  reord  0.00%  rtt    0.00 ms        5 pkt  1 flow
  w1      0.001 Mbps (std  0.002)  jit   0.079 ms  reord  0.00%  rtt    0.00 ms        5 pkt  1 flow
  w2      0.001 Mbps (std  0.002)  jit   0.141 ms  reord  0.00%  rtt    0.00 ms        5 pkt  1 flow
  w3      0.001 Mbps (std  0.002)  jit   0.194 ms  reord  0.00%  rtt    0.00 ms        5 pkt  1 flow
  w4      0.125 Mbps (std  0.310)  jit   3.876 ms  reord  0.00%  rtt    0.00 ms      172 pkt  5 flow
  w5      0.666 Mbps (std  0.367)  jit  37.770 ms  reord  0.00%  rtt    0.00 ms      858 pkt  6 flow
  w6      0.664 Mbps (std  0.345)  jit  23.833 ms  reord  0.00%  rtt    0.00 ms      910 pkt  3 flow
  w7      0.674 Mbps (std  0.333)  jit  21.305 ms  reord  0.00%  rtt    0.00 ms      926 pkt  3 flow
  w8      0.870 Mbps (std  0.336)  jit  19.566 ms  reord  0.00%  rtt    0.00 ms    1,150 pkt  3 flow
  w9      0.860 Mbps (std  0.246)  jit  19.414 ms  reord  0.00%  rtt    0.00 ms    1,138 pkt  3 flow
  w10     0.865 Mbps (std  0.254)  jit  17.183 ms  reord  0.00%  rtt    0.00 ms    1,189 pkt  3 flow
  w11     2.489 Mbps (std 11.199)  jit  27.252 ms  reord  0.00%  rtt    0.00 ms    2,976 pkt  5 flow
  w12     0.959 Mbps (std  0.357)  jit  18.419 ms  reord  0.00%  rtt    0.00 ms    1,218 pkt  3 flow
  w13     0.961 Mbps (std  0.332)  jit  24.265 ms  reord  0.00%  rtt    0.00 ms    1,249 pkt  5 flow
  w14     1.939 Mbps (std  8.618)  jit  40.862 ms  reord  0.00%  rtt    0.00 ms    2,250 pkt  5 flow
  w15     0.898 Mbps (std  0.323)  jit  32.597 ms  reord  0.00%  rtt    0.00 ms    1,181 pkt  5 flow
  w16     0.895 Mbps (std  0.373)  jit  19.521 ms  reord  0.00%  rtt    0.00 ms    1,167 pkt  3 flow
  w17     0.477 Mbps (std  0.304)  jit  28.089 ms  reord  0.00%  rtt    0.00 ms      687 pkt  3 flow
  w18     0.414 Mbps (std  0.282)  jit  37.772 ms  reord  0.00%  rtt    0.00 ms      613 pkt  4 flow
  w19     0.405 Mbps (std  0.305)  jit  61.747 ms  reord  0.00%  rtt    0.00 ms      599 pkt  5 flow
  w20     1.163 Mbps (std  5.755)  jit  64.149 ms  reord  0.00%  rtt    0.00 ms    1,367 pkt  5 flow
  w21     0.429 Mbps (std  0.203)  jit  81.557 ms  reord  0.00%  rtt    0.00 ms      594 pkt  5 flow
  w22     0.420 Mbps (std  0.463)  jit  29.210 ms  reord  0.00%  rtt    0.00 ms      573 pkt  3 flow
  w23     0.436 Mbps (std  0.317)  jit  31.671 ms  reord  0.00%  rtt    0.00 ms      629 pkt  4 flow
  w24     3.623 Mbps (std 19.670)  jit  35.523 ms  reord  0.00%  rtt    0.00 ms    3,992 pkt  5 flow
  w25     3.610 Mbps (std 19.210)  jit   0.327 ms  reord  0.00%  rtt    0.00 ms    3,807 pkt  2 flow
  w26     1.810 Mbps (std 11.911)  jit   0.574 ms  reord  0.00%  rtt    0.00 ms    1,907 pkt  2 flow
  w27     4.051 Mbps (std 21.255)  jit   0.353 ms  reord  0.00%  rtt    0.00 ms    4,268 pkt  2 flow
  w28     4.230 Mbps (std 14.367)  jit   6.851 ms  reord  0.00%  rtt    0.00 ms    4,450 pkt  4 flow
  w29     5.883 Mbps (std 27.359)  jit  12.220 ms  reord  0.00%  rtt    0.00 ms    6,185 pkt  4 flow
  w30     1.723 Mbps (std 11.969)  jit  15.237 ms  reord  0.00%  rtt    0.00 ms    1,999 pkt  3 flow
  w31     1.105 Mbps (std  0.232)  jit  16.615 ms  reord  0.00%  rtt    0.00 ms    1,427 pkt  3 flow
  w32     1.103 Mbps (std  0.255)  jit  21.342 ms  reord  0.00%  rtt    0.00 ms    1,463 pkt  5 flow
  w33     0.771 Mbps (std  0.401)  jit  32.767 ms  reord  0.00%  rtt    0.00 ms    1,137 pkt  5 flow
  w34     0.148 Mbps (std  0.281)  jit   7.665 ms  reord  0.00%  rtt    0.00 ms      208 pkt  4 flow
  w35     0.001 Mbps (std  0.002)  jit   0.241 ms  reord  0.00%  rtt    0.00 ms        5 pkt  1 flow
  w36  (parsial, 7 cuplikan) 0.002 Mbps
>> selesai: 37 window -> qos_features.csv
>>          cuplikan mentah -> qos_samples.csv (untuk align_qos.py)
