>> run_id=CONT_s11_dynamic_Valkaama | map=flows | poll=0.1s | window=10.0s -> qos_features.csv
>> menghitung SEMUA flow TCP yang lewat (Ctrl-C untuk berhenti)
>> XDP terpasang di eth0: prog id=8105
>> membaca 1 map bernama 'flows': id [1922]
>> entri awal di map: 0  (0 = belum ada trafik TCP yang tertangkap)
  w0      0.001 Mbps (std  0.002)  jit   0.015 ms  reord  0.00%  rtt    0.00 ms        5 pkt  1 flow
  w1      0.001 Mbps (std  0.002)  jit   0.079 ms  reord  0.00%  rtt    0.00 ms        5 pkt  1 flow
  w2      0.001 Mbps (std  0.004)  jit   0.107 ms  reord  0.00%  rtt    0.00 ms        9 pkt  1 flow
  w3      0.001 Mbps (std  0.002)  jit   0.147 ms  reord  0.00%  rtt    0.00 ms        5 pkt  1 flow
  w4      0.125 Mbps (std  0.302)  jit   3.772 ms  reord  0.00%  rtt    0.00 ms      172 pkt  4 flow
  w5      0.661 Mbps (std  0.412)  jit  35.878 ms  reord  0.00%  rtt    0.00 ms      878 pkt  5 flow
  w6      0.668 Mbps (std  0.407)  jit  21.911 ms  reord  0.00%  rtt    0.00 ms      913 pkt  3 flow
  w7      0.499 Mbps (std  0.442)  jit  19.878 ms  reord  0.00%  rtt    0.00 ms      713 pkt  3 flow
  w8      0.627 Mbps (std  0.433)  jit  15.602 ms  reord  0.00%  rtt    0.00 ms      888 pkt  3 flow
  w9      0.495 Mbps (std  0.503)  jit  20.388 ms  reord  0.00%  rtt    0.00 ms      687 pkt  3 flow
  w10     0.867 Mbps (std  0.355)  jit  19.274 ms  reord  0.00%  rtt    0.00 ms    1,134 pkt  4 flow
  w11     1.304 Mbps (std  3.822)  jit  27.393 ms  reord  0.00%  rtt    0.00 ms    1,662 pkt  6 flow
  w12     0.804 Mbps (std  0.459)  jit  16.470 ms  reord  0.00%  rtt    0.00 ms    1,054 pkt  3 flow
  w13     0.817 Mbps (std  0.416)  jit  23.025 ms  reord  0.00%  rtt    0.00 ms    1,056 pkt  5 flow
  w14     1.643 Mbps (std  7.108)  jit  38.833 ms  reord  0.00%  rtt    0.00 ms    1,930 pkt  5 flow
  w15     0.895 Mbps (std  0.383)  jit  30.589 ms  reord  0.00%  rtt    0.00 ms    1,143 pkt  5 flow
  w16     0.579 Mbps (std  0.495)  jit  16.501 ms  reord  0.00%  rtt    0.00 ms      824 pkt  3 flow
  w17     0.440 Mbps (std  0.407)  jit  33.026 ms  reord  0.00%  rtt    0.00 ms      579 pkt  3 flow
  w18     0.411 Mbps (std  0.220)  jit  38.764 ms  reord  0.00%  rtt    0.00 ms      607 pkt  5 flow
  w19     0.411 Mbps (std  0.218)  jit  62.914 ms  reord  0.00%  rtt    0.00 ms      622 pkt  5 flow
  w20     0.415 Mbps (std  0.236)  jit  63.194 ms  reord  0.00%  rtt    0.00 ms      605 pkt  5 flow
  w21     0.424 Mbps (std  0.168)  jit  81.081 ms  reord  0.00%  rtt    0.00 ms      584 pkt  5 flow
  w22     0.416 Mbps (std  0.401)  jit  32.127 ms  reord  0.00%  rtt    0.00 ms      568 pkt  3 flow
  w23     0.294 Mbps (std  0.269)  jit  28.901 ms  reord  0.00%  rtt    0.00 ms      441 pkt  4 flow
  w24     0.319 Mbps (std  0.295)  jit  42.185 ms  reord  0.00%  rtt    0.00 ms      494 pkt  5 flow
  w25     1.618 Mbps (std 11.262)  jit   1.450 ms  reord  0.00%  rtt    0.00 ms    1,749 pkt  3 flow
  w26     0.827 Mbps (std  5.062)  jit   0.499 ms  reord  0.00%  rtt    0.00 ms      879 pkt  2 flow
  w27     1.095 Mbps (std  5.554)  jit   0.636 ms  reord  0.00%  rtt    0.00 ms    1,163 pkt  2 flow
  w28     2.737 Mbps (std  6.803)  jit   7.199 ms  reord  0.00%  rtt    0.00 ms    2,885 pkt  3 flow
  w29     1.909 Mbps (std  5.576)  jit   7.352 ms  reord  0.00%  rtt    0.00 ms    2,014 pkt  4 flow
  w30     0.838 Mbps (std  3.270)  jit  15.858 ms  reord  0.00%  rtt    0.00 ms    1,097 pkt  4 flow
  w31     1.007 Mbps (std  0.390)  jit  15.481 ms  reord  0.00%  rtt    0.00 ms    1,345 pkt  3 flow
  w32     1.102 Mbps (std  0.254)  jit  22.714 ms  reord  0.00%  rtt    0.00 ms    1,446 pkt  5 flow
  w33     0.774 Mbps (std  0.327)  jit  34.668 ms  reord  0.00%  rtt    0.00 ms    1,120 pkt  5 flow
  w34     0.156 Mbps (std  0.289)  jit   6.107 ms  reord  0.00%  rtt    0.00 ms      215 pkt  4 flow
  w35     0.001 Mbps (std  0.002)  jit   0.231 ms  reord  0.00%  rtt    0.00 ms        5 pkt  1 flow
  w36  (parsial, 10 cuplikan) 0.001 Mbps
>> selesai: 37 window -> qos_features.csv
>>          cuplikan mentah -> qos_samples.csv (untuk align_qos.py)
