>> run_id=CONT_s8_bola_BigBuckBunny | map=flows | poll=0.1s | window=10.0s -> qos_features.csv
>> menghitung SEMUA flow TCP yang lewat (Ctrl-C untuk berhenti)
>> XDP terpasang di eth0: prog id=6731
>> membaca 1 map bernama 'flows': id [1726]
>> entri awal di map: 0  (0 = belum ada trafik TCP yang tertangkap)
  w0      0.001 Mbps (std  0.002)  jit   0.002 ms  reord  0.00%  rtt    0.00 ms        5 pkt  1 flow
  w1      0.001 Mbps (std  0.004)  jit   0.056 ms  reord  0.00%  rtt    0.00 ms        9 pkt  2 flow
  w2      0.001 Mbps (std  0.002)  jit   0.121 ms  reord  0.00%  rtt    0.00 ms        5 pkt  1 flow
  w3      0.001 Mbps (std  0.002)  jit   0.168 ms  reord  0.00%  rtt    0.00 ms        5 pkt  1 flow
  w4      0.014 Mbps (std  0.056)  jit   2.296 ms  reord  0.00%  rtt    0.00 ms       47 pkt  2 flow
  w5      0.153 Mbps (std  0.161)  jit  31.421 ms  reord  0.00%  rtt    0.00 ms      290 pkt  4 flow
  w6      0.135 Mbps (std  0.120)  jit  41.935 ms  reord  0.00%  rtt    0.00 ms      230 pkt  3 flow
  w7      0.139 Mbps (std  0.267)  jit  44.552 ms  reord  0.00%  rtt    0.00 ms      196 pkt  2 flow
  w8      0.143 Mbps (std  0.255)  jit  61.967 ms  reord  0.00%  rtt    0.00 ms      190 pkt  3 flow
  w9      0.113 Mbps (std  0.274)  jit  49.819 ms  reord  0.00%  rtt    0.00 ms      168 pkt  3 flow
  w10     0.146 Mbps (std  0.278)  jit  40.331 ms  reord  0.00%  rtt    0.00 ms      216 pkt  3 flow
  w11     0.159 Mbps (std  0.184)  jit  49.360 ms  reord  0.00%  rtt    0.00 ms      287 pkt  5 flow
  w12     0.149 Mbps (std  0.198)  jit  64.585 ms  reord  0.00%  rtt    0.00 ms      259 pkt  4 flow
  w13     0.123 Mbps (std  0.208)  jit 123.535 ms  reord  0.00%  rtt    0.00 ms      192 pkt  4 flow
  w14     0.128 Mbps (std  0.197)  jit  65.475 ms  reord  0.00%  rtt    0.00 ms      214 pkt  3 flow
  w15     0.112 Mbps (std  0.186)  jit  47.506 ms  reord  0.00%  rtt    0.00 ms      190 pkt  3 flow
  w16     0.109 Mbps (std  0.216)  jit  58.323 ms  reord  0.00%  rtt    0.00 ms      172 pkt  3 flow
  w17     0.118 Mbps (std  0.220)  jit  57.648 ms  reord  0.00%  rtt    0.00 ms      180 pkt  3 flow
  w18     0.161 Mbps (std  0.287)  jit  41.114 ms  reord  0.00%  rtt    0.00 ms      243 pkt  3 flow
  w19     0.137 Mbps (std  0.235)  jit  67.907 ms  reord  0.00%  rtt    0.00 ms      198 pkt  5 flow
  w20     0.180 Mbps (std  0.282)  jit  64.425 ms  reord  0.00%  rtt    0.00 ms      270 pkt  3 flow
  w21     0.137 Mbps (std  0.293)  jit  37.313 ms  reord  0.00%  rtt    0.00 ms      201 pkt  3 flow
  w22     0.191 Mbps (std  0.254)  jit  88.327 ms  reord  0.00%  rtt    0.00 ms      267 pkt  4 flow
  w23     0.225 Mbps (std  0.261)  jit  33.001 ms  reord  0.00%  rtt    0.00 ms      363 pkt  3 flow
  w24     0.367 Mbps (std  0.280)  jit  34.549 ms  reord  0.00%  rtt    0.00 ms      570 pkt  4 flow
  w25     1.952 Mbps (std 13.071)  jit  81.305 ms  reord  0.00%  rtt    0.00 ms    2,075 pkt  5 flow
  w26     0.157 Mbps (std  0.159)  jit 103.063 ms  reord  0.00%  rtt    0.00 ms      231 pkt  4 flow
  w27     0.157 Mbps (std  0.172)  jit 111.526 ms  reord  0.00%  rtt    0.00 ms      245 pkt  4 flow
  w28     0.197 Mbps (std  0.394)  jit 118.969 ms  reord  0.00%  rtt    0.00 ms      296 pkt  5 flow
  w29     0.129 Mbps (std  0.263)  jit  48.627 ms  reord  0.00%  rtt    0.00 ms      195 pkt  4 flow
  w30     0.241 Mbps (std  0.209)  jit 110.498 ms  reord  0.00%  rtt    0.00 ms      343 pkt  4 flow
  w31     0.226 Mbps (std  0.248)  jit  84.751 ms  reord  0.00%  rtt    0.00 ms      290 pkt  5 flow
  w32     0.947 Mbps (std  7.220)  jit 104.189 ms  reord  0.00%  rtt    0.00 ms    1,100 pkt  4 flow
  w33     0.103 Mbps (std  0.247)  jit  46.175 ms  reord  0.00%  rtt    0.00 ms      167 pkt  4 flow
  w34     0.220 Mbps (std  0.113)  jit  42.251 ms  reord  0.00%  rtt    0.00 ms      363 pkt  4 flow
  w35     0.029 Mbps (std  0.076)  jit   5.720 ms  reord  0.00%  rtt    0.00 ms       40 pkt  2 flow
  w36  (parsial, 14 cuplikan) 0.003 Mbps
>> selesai: 37 window -> qos_features.csv
>>          cuplikan mentah -> qos_samples.csv (untuk align_qos.py)
