>> run_id=CONT_s7_throughput_RedBullPlayStreets | map=flows | poll=0.1s | window=10.0s -> qos_features.csv
>> menghitung SEMUA flow TCP yang lewat (Ctrl-C untuk berhenti)
>> XDP terpasang di eth0: prog id=6556
>> membaca 1 map bernama 'flows': id [1701]
>> entri awal di map: 1  (0 = belum ada trafik TCP yang tertangkap)
  w0      0.001 Mbps (std  0.002)  jit   0.023 ms  reord  0.00%  rtt    0.00 ms        5 pkt  1 flow
  w1      0.001 Mbps (std  0.004)  jit   0.082 ms  reord  0.00%  rtt    0.00 ms        9 pkt  1 flow
  w2      0.001 Mbps (std  0.002)  jit   0.137 ms  reord  0.00%  rtt    0.00 ms        5 pkt  1 flow
  w3      0.001 Mbps (std  0.002)  jit   0.130 ms  reord  0.00%  rtt    0.00 ms        5 pkt  1 flow
  w4      0.013 Mbps (std  0.056)  jit   1.527 ms  reord  0.00%  rtt    0.00 ms       39 pkt  4 flow
  w5      1.646 Mbps (std  8.311)  jit  11.236 ms  reord  0.00%  rtt    0.00 ms    1,852 pkt  4 flow
  w6      0.422 Mbps (std  2.968)  jit   0.472 ms  reord  0.00%  rtt    0.00 ms      446 pkt  2 flow
  w7      2.274 Mbps (std  5.559)  jit   8.990 ms  reord  0.00%  rtt    0.00 ms    2,361 pkt  5 flow
  w8      2.109 Mbps (std  5.183)  jit   8.457 ms  reord  0.00%  rtt    0.00 ms    2,176 pkt  4 flow
  w9      1.144 Mbps (std  2.018)  jit  27.222 ms  reord  0.00%  rtt    0.00 ms    1,616 pkt  5 flow
  w10     0.839 Mbps (std  0.488)  jit  36.400 ms  reord  0.00%  rtt    0.00 ms    1,146 pkt  5 flow
  w11     1.003 Mbps (std  0.581)  jit  13.343 ms  reord  0.00%  rtt    0.00 ms    1,339 pkt  4 flow
  w12     0.570 Mbps (std  0.642)  jit  16.502 ms  reord  0.00%  rtt    0.00 ms      668 pkt  3 flow
  w13     0.974 Mbps (std  0.494)  jit  30.823 ms  reord  0.00%  rtt    0.00 ms    1,261 pkt  5 flow
  w14     0.825 Mbps (std  0.546)  jit  18.858 ms  reord  0.00%  rtt    0.00 ms    1,207 pkt  3 flow
  w15     0.967 Mbps (std  0.425)  jit  16.372 ms  reord  0.00%  rtt    0.00 ms    1,496 pkt  3 flow
  w16     1.337 Mbps (std  1.081)  jit  16.726 ms  reord  0.00%  rtt    0.00 ms    1,890 pkt  5 flow
  w17     2.231 Mbps (std  1.372)  jit  15.161 ms  reord  0.00%  rtt    0.00 ms    2,525 pkt  6 flow
  w18     3.033 Mbps (std  0.914)  jit  13.088 ms  reord  0.00%  rtt    0.00 ms    3,621 pkt  5 flow
  w19     2.284 Mbps (std  1.521)  jit   6.800 ms  reord  0.00%  rtt    0.00 ms    2,760 pkt  4 flow
  w20     0.736 Mbps (std  1.186)  jit   5.536 ms  reord  0.00%  rtt    0.00 ms      908 pkt  3 flow
  w21     1.691 Mbps (std  1.302)  jit   8.120 ms  reord  0.00%  rtt    0.00 ms    2,028 pkt  3 flow
  w22     2.671 Mbps (std  0.265)  jit  11.824 ms  reord  0.00%  rtt    0.00 ms    3,253 pkt  5 flow
  w23     3.788 Mbps (std 10.861)  jit  10.751 ms  reord  0.00%  rtt    0.00 ms    4,456 pkt  5 flow
  w24     1.921 Mbps (std  1.236)  jit   7.182 ms  reord  0.00%  rtt    0.00 ms    2,269 pkt  3 flow
  w25     2.352 Mbps (std  2.314)  jit   7.700 ms  reord  0.00%  rtt    0.00 ms    2,872 pkt  3 flow
  w26     2.010 Mbps (std  0.447)  jit  14.249 ms  reord  0.00%  rtt    0.00 ms    2,979 pkt  5 flow
  w27     1.636 Mbps (std  0.550)  jit  13.115 ms  reord  0.00%  rtt    0.00 ms    2,418 pkt  5 flow
  w28     1.383 Mbps (std  0.504)  jit  12.170 ms  reord  0.00%  rtt    0.00 ms    2,091 pkt  4 flow
  w29     1.644 Mbps (std  0.720)  jit  16.264 ms  reord  0.00%  rtt    0.00 ms    2,460 pkt  5 flow
  w30     2.619 Mbps (std  1.368)  jit   7.138 ms  reord  0.00%  rtt    0.00 ms    3,181 pkt  3 flow
  w31     3.301 Mbps (std  0.403)  jit   5.727 ms  reord  0.00%  rtt    0.00 ms    4,072 pkt  3 flow
  w32     2.430 Mbps (std  1.508)  jit  10.185 ms  reord  0.00%  rtt    0.00 ms    2,966 pkt  3 flow
  w33     0.002 Mbps (std  0.008)  jit  18.800 ms  reord  0.00%  rtt    0.00 ms       16 pkt  2 flow
  w34     0.001 Mbps (std  0.002)  jit   0.221 ms  reord  0.00%  rtt    0.00 ms        5 pkt  1 flow
  w35  (parsial, 96 cuplikan) 0.001 Mbps
>> selesai: 36 window -> qos_features.csv
>>          cuplikan mentah -> qos_samples.csv (untuk align_qos.py)
