>> run_id=CONT_s8_l2a_ElephantsDream | map=flows | poll=0.1s | window=10.0s -> qos_features.csv
>> menghitung SEMUA flow TCP yang lewat (Ctrl-C untuk berhenti)
>> XDP terpasang di eth0: prog id=7593
>> membaca 1 map bernama 'flows': id [1849]
>> entri awal di map: 1  (0 = belum ada trafik TCP yang tertangkap)
  w0      0.001 Mbps (std  0.003)  jit   0.033 ms  reord  0.00%  rtt    0.00 ms        8 pkt  1 flow
  w1      0.001 Mbps (std  0.002)  jit   0.092 ms  reord  0.00%  rtt    0.00 ms        5 pkt  1 flow
  w2      0.001 Mbps (std  0.002)  jit   0.121 ms  reord  0.00%  rtt    0.00 ms        5 pkt  1 flow
  w3      0.001 Mbps (std  0.002)  jit   0.138 ms  reord  0.00%  rtt    0.00 ms        5 pkt  1 flow
  w4      0.011 Mbps (std  0.055)  jit   1.890 ms  reord  0.00%  rtt    0.00 ms       41 pkt  4 flow
  w5      0.137 Mbps (std  0.147)  jit  29.082 ms  reord  0.00%  rtt    0.00 ms      276 pkt  4 flow
  w6      0.141 Mbps (std  0.140)  jit  54.940 ms  reord  0.00%  rtt    0.00 ms      233 pkt  3 flow
  w7      0.139 Mbps (std  0.159)  jit  60.562 ms  reord  0.00%  rtt    0.00 ms      224 pkt  3 flow
  w8      0.136 Mbps (std  0.183)  jit  60.817 ms  reord  0.00%  rtt    0.00 ms      179 pkt  3 flow
  w9      0.133 Mbps (std  0.178)  jit  67.754 ms  reord  0.00%  rtt    0.00 ms      212 pkt  3 flow
  w10     0.150 Mbps (std  0.111)  jit  46.814 ms  reord  0.00%  rtt    0.00 ms      238 pkt  3 flow
  w11     0.151 Mbps (std  0.169)  jit  62.777 ms  reord  0.00%  rtt    0.00 ms      231 pkt  4 flow
  w12     0.150 Mbps (std  0.111)  jit 158.556 ms  reord  0.00%  rtt    0.00 ms      238 pkt  4 flow
  w13     0.143 Mbps (std  0.138)  jit 105.811 ms  reord  0.00%  rtt    0.00 ms      265 pkt  4 flow
  w14     0.125 Mbps (std  0.083)  jit  55.340 ms  reord  0.00%  rtt    0.00 ms      203 pkt  3 flow
  w15     0.058 Mbps (std  0.096)  jit  30.752 ms  reord  0.00%  rtt    0.00 ms       96 pkt  3 flow
  w16     0.001 Mbps (std  0.002)  jit   0.243 ms  reord  0.00%  rtt    0.00 ms        5 pkt  1 flow
  w17     0.002 Mbps (std  0.007)  jit 108.119 ms  reord  0.00%  rtt    0.00 ms       12 pkt  1 flow
  w18     0.001 Mbps (std  0.002)  jit   0.229 ms  reord  0.00%  rtt    0.00 ms        5 pkt  1 flow
  w19     0.074 Mbps (std  0.184)  jit  12.291 ms  reord  0.00%  rtt    0.00 ms       96 pkt  3 flow
  w20     0.001 Mbps (std  0.003)  jit   0.389 ms  reord  0.00%  rtt    0.00 ms        6 pkt  1 flow
  w21     0.001 Mbps (std  0.002)  jit   0.321 ms  reord  0.00%  rtt    0.00 ms        5 pkt  1 flow
  w22     0.108 Mbps (std  0.231)  jit  17.195 ms  reord  0.00%  rtt    0.00 ms      129 pkt  3 flow
  w23     0.001 Mbps (std  0.004)  jit   0.276 ms  reord  0.00%  rtt    0.00 ms        9 pkt  1 flow
  w24     0.086 Mbps (std  0.208)  jit   6.139 ms  reord  0.00%  rtt    0.00 ms      107 pkt  3 flow
  w25     0.287 Mbps (std  0.257)  jit  35.172 ms  reord  0.00%  rtt    0.00 ms      332 pkt  3 flow
  w26     0.154 Mbps (std  0.111)  jit  56.814 ms  reord  0.00%  rtt    0.00 ms      209 pkt  3 flow
  w27     0.158 Mbps (std  0.112)  jit 203.240 ms  reord  0.00%  rtt    0.00 ms      228 pkt  3 flow
  w28     0.132 Mbps (std  0.116)  jit  49.428 ms  reord  0.00%  rtt    0.00 ms      181 pkt  3 flow
  w29     0.074 Mbps (std  0.191)  jit   8.253 ms  reord  0.00%  rtt    0.00 ms       98 pkt  2 flow
  w30     0.156 Mbps (std  0.233)  jit  25.417 ms  reord  0.00%  rtt    0.00 ms      170 pkt  3 flow
  w31     0.242 Mbps (std  0.241)  jit  35.040 ms  reord  0.00%  rtt    0.00 ms      290 pkt  3 flow
  w32     1.487 Mbps (std 13.321)  jit  26.479 ms  reord  0.00%  rtt    0.00 ms    1,577 pkt  3 flow
  w33     0.077 Mbps (std  0.158)  jit   9.924 ms  reord  0.00%  rtt    0.00 ms      140 pkt  3 flow
  w34     0.186 Mbps (std  0.134)  jit  25.849 ms  reord  0.00%  rtt    0.00 ms      300 pkt  3 flow
  w35     0.001 Mbps (std  0.003)  jit   0.196 ms  reord  0.00%  rtt    0.00 ms        7 pkt  1 flow
  w36  (parsial, 16 cuplikan) 0.001 Mbps
>> selesai: 37 window -> qos_features.csv
>>          cuplikan mentah -> qos_samples.csv (untuk align_qos.py)
