>> run_id=CONT_s10_bola_Valkaama | map=flows | poll=0.1s | window=10.0s -> qos_features.csv
>> menghitung SEMUA flow TCP yang lewat (Ctrl-C untuk berhenti)
>> XDP terpasang di eth0: prog id=6633
>> membaca 1 map bernama 'flows': id [1712]
>> entri awal di map: 0  (0 = belum ada trafik TCP yang tertangkap)
  w0      0.001 Mbps (std  0.002)  jit   0.020 ms  reord  0.00%  rtt    0.00 ms        5 pkt  1 flow
  w1      0.001 Mbps (std  0.002)  jit   0.061 ms  reord  0.00%  rtt    0.00 ms        5 pkt  1 flow
  w2      0.001 Mbps (std  0.002)  jit   0.087 ms  reord  0.00%  rtt    0.00 ms        5 pkt  1 flow
  w3      0.001 Mbps (std  0.002)  jit   0.117 ms  reord  0.00%  rtt    0.00 ms        5 pkt  1 flow
  w4      0.011 Mbps (std  0.084)  jit   0.822 ms  reord  0.00%  rtt    0.00 ms       40 pkt  2 flow
  w5      0.995 Mbps (std  0.351)  jit  17.315 ms  reord  0.00%  rtt    0.00 ms    1,344 pkt  5 flow
  w6      1.020 Mbps (std  0.299)  jit  24.753 ms  reord  0.00%  rtt    0.00 ms    1,330 pkt  4 flow
  w7      0.563 Mbps (std  0.592)  jit  21.671 ms  reord  0.00%  rtt    0.00 ms      721 pkt  5 flow
  w8      1.085 Mbps (std  0.200)  jit  36.261 ms  reord  0.00%  rtt    0.00 ms    1,409 pkt  6 flow
  w9      1.080 Mbps (std  0.232)  jit  36.648 ms  reord  0.00%  rtt    0.00 ms    1,333 pkt  5 flow
  w10     0.583 Mbps (std  0.567)  jit  15.782 ms  reord  0.00%  rtt    0.00 ms      789 pkt  3 flow
  w11     0.743 Mbps (std  0.411)  jit  15.648 ms  reord  0.00%  rtt    0.00 ms    1,085 pkt  4 flow
  w12     0.855 Mbps (std  0.291)  jit  38.022 ms  reord  0.00%  rtt    0.00 ms    1,159 pkt  6 flow
  w13     0.851 Mbps (std  0.307)  jit  33.852 ms  reord  0.00%  rtt    0.00 ms    1,146 pkt  5 flow
  w14     0.657 Mbps (std  0.475)  jit  14.868 ms  reord  0.00%  rtt    0.00 ms      959 pkt  3 flow
  w15     0.315 Mbps (std  0.348)  jit  17.315 ms  reord  0.00%  rtt    0.00 ms      511 pkt  3 flow
  w16     0.411 Mbps (std  0.322)  jit  18.937 ms  reord  0.00%  rtt    0.00 ms      690 pkt  3 flow
  w17     0.511 Mbps (std  0.280)  jit  44.952 ms  reord  0.00%  rtt    0.00 ms      765 pkt  5 flow
  w18     1.790 Mbps (std 12.444)  jit  62.590 ms  reord  0.00%  rtt    0.00 ms    2,006 pkt  5 flow
  w19     0.248 Mbps (std  0.381)  jit  31.819 ms  reord  0.00%  rtt    0.00 ms      368 pkt  3 flow
  w20     0.192 Mbps (std  0.280)  jit  29.739 ms  reord  0.00%  rtt    0.00 ms      317 pkt  3 flow
  w21     0.461 Mbps (std  0.257)  jit  22.657 ms  reord  0.00%  rtt    0.00 ms      695 pkt  3 flow
  w22     0.225 Mbps (std  0.317)  jit  20.663 ms  reord  0.00%  rtt    0.00 ms      362 pkt  4 flow
  w23     0.241 Mbps (std  0.297)  jit  35.910 ms  reord  0.00%  rtt    0.00 ms      400 pkt  3 flow
  w24     0.185 Mbps (std  0.188)  jit  43.664 ms  reord  0.00%  rtt    0.00 ms      306 pkt  3 flow
  w25     0.201 Mbps (std  0.158)  jit  68.259 ms  reord  0.00%  rtt    0.00 ms      341 pkt  4 flow
  w26     0.204 Mbps (std  0.229)  jit  63.827 ms  reord  0.00%  rtt    0.00 ms      336 pkt  3 flow
  w27     0.125 Mbps (std  0.223)  jit  47.687 ms  reord  0.00%  rtt    0.00 ms      218 pkt  3 flow
  w28     0.092 Mbps (std  0.202)  jit  54.135 ms  reord  0.00%  rtt    0.00 ms      158 pkt  3 flow
  w29     0.129 Mbps (std  0.232)  jit  60.861 ms  reord  0.00%  rtt    0.00 ms      198 pkt  3 flow
  w30     0.145 Mbps (std  0.318)  jit  46.731 ms  reord  0.00%  rtt    0.00 ms      200 pkt  3 flow
  w31     0.142 Mbps (std  0.161)  jit 103.326 ms  reord  0.00%  rtt    0.00 ms      230 pkt  4 flow
  w32     0.140 Mbps (std  0.214)  jit 102.618 ms  reord  0.00%  rtt    0.00 ms      210 pkt  5 flow
  w33     0.017 Mbps (std  0.118)  jit  19.448 ms  reord  0.00%  rtt    0.00 ms       51 pkt  2 flow
  w34     0.001 Mbps (std  0.002)  jit   7.888 ms  reord  0.00%  rtt    0.00 ms        6 pkt  1 flow
  w35     0.001 Mbps (std  0.002)  jit   0.255 ms  reord  0.00%  rtt    0.00 ms        5 pkt  1 flow
  w36  (parsial, 10 cuplikan) 0.001 Mbps
>> selesai: 37 window -> qos_features.csv
>>          cuplikan mentah -> qos_samples.csv (untuk align_qos.py)
