>> run_id=CONT_s14_bola_Valkaama | map=flows | poll=0.1s | window=10.0s -> qos_features.csv
>> menghitung SEMUA flow TCP yang lewat (Ctrl-C untuk berhenti)
>> XDP terpasang di eth0: prog id=7285
>> membaca 1 map bernama 'flows': id [1805]
>> entri awal di map: 0  (0 = belum ada trafik TCP yang tertangkap)
  w0      0.001 Mbps (std  0.003)  jit   0.025 ms  reord  0.00%  rtt    0.00 ms        6 pkt  1 flow
  w1      0.001 Mbps (std  0.002)  jit   0.076 ms  reord  0.00%  rtt    0.00 ms        5 pkt  1 flow
  w2      0.001 Mbps (std  0.002)  jit   0.127 ms  reord  0.00%  rtt    0.00 ms        5 pkt  1 flow
  w3      0.001 Mbps (std  0.002)  jit   0.159 ms  reord  0.00%  rtt    0.00 ms        5 pkt  1 flow
  w4      0.036 Mbps (std  0.147)  jit   1.409 ms  reord  0.00%  rtt    0.00 ms       94 pkt  3 flow
  w5      0.129 Mbps (std  0.219)  jit  43.094 ms  reord  0.00%  rtt    0.00 ms      243 pkt  4 flow
  w6      0.117 Mbps (std  0.278)  jit  52.881 ms  reord  0.00%  rtt    0.00 ms      172 pkt  3 flow
  w7      0.083 Mbps (std  0.225)  jit  31.509 ms  reord  0.00%  rtt    0.00 ms      130 pkt  3 flow
  w8      0.062 Mbps (std  0.208)  jit  89.505 ms  reord  0.00%  rtt    0.00 ms       97 pkt  3 flow
  w9      0.043 Mbps (std  0.190)  jit  58.919 ms  reord  0.00%  rtt    0.00 ms       68 pkt  2 flow
  w10     0.094 Mbps (std  0.182)  jit  93.251 ms  reord  0.00%  rtt    0.00 ms      160 pkt  4 flow
  w11     0.128 Mbps (std  0.148)  jit 120.650 ms  reord  0.00%  rtt    0.00 ms      208 pkt  3 flow
  w12     0.124 Mbps (std  0.241)  jit  53.116 ms  reord  0.00%  rtt    0.00 ms      212 pkt  4 flow
  w13     0.122 Mbps (std  0.136)  jit 140.819 ms  reord  0.00%  rtt    0.00 ms      181 pkt  4 flow
  w14     0.123 Mbps (std  0.154)  jit 134.504 ms  reord  0.00%  rtt    0.00 ms      177 pkt  4 flow
  w15     0.097 Mbps (std  0.260)  jit  55.392 ms  reord  0.00%  rtt    0.00 ms      139 pkt  2 flow
  w16     0.120 Mbps (std  0.172)  jit 121.987 ms  reord  0.00%  rtt    0.00 ms      185 pkt  4 flow
  w17     0.092 Mbps (std  0.225)  jit  80.465 ms  reord  0.00%  rtt    0.00 ms      140 pkt  3 flow
  w18     0.107 Mbps (std  0.234)  jit  76.115 ms  reord  0.00%  rtt    0.00 ms      157 pkt  3 flow
  w19     0.118 Mbps (std  0.202)  jit  51.421 ms  reord  0.00%  rtt    0.00 ms      198 pkt  4 flow
  w20     1.324 Mbps (std 11.850)  jit 112.944 ms  reord  0.00%  rtt    0.00 ms    1,465 pkt  4 flow
  w21     0.122 Mbps (std  0.132)  jit 133.217 ms  reord  0.00%  rtt    0.00 ms      186 pkt  4 flow
  w22     0.125 Mbps (std  0.161)  jit 122.543 ms  reord  0.00%  rtt    0.00 ms      193 pkt  4 flow
  w23     0.123 Mbps (std  0.218)  jit 121.555 ms  reord  0.00%  rtt    0.00 ms      175 pkt  4 flow
  w24     0.299 Mbps (std  1.928)  jit  56.459 ms  reord  0.00%  rtt    0.00 ms      392 pkt  3 flow
  w25     0.126 Mbps (std  0.128)  jit 112.852 ms  reord  0.00%  rtt    0.00 ms      196 pkt  3 flow
  w26     0.122 Mbps (std  0.226)  jit 114.359 ms  reord  0.00%  rtt    0.00 ms      180 pkt  4 flow
  w27     0.059 Mbps (std  0.212)  jit  38.658 ms  reord  0.00%  rtt    0.00 ms       92 pkt  3 flow
  w28     0.132 Mbps (std  0.266)  jit  60.200 ms  reord  0.00%  rtt    0.00 ms      185 pkt  4 flow
  w29     0.180 Mbps (std  0.259)  jit  97.458 ms  reord  0.00%  rtt    0.00 ms      251 pkt  4 flow
  w30     0.182 Mbps (std  0.191)  jit 113.156 ms  reord  0.00%  rtt    0.00 ms      281 pkt  4 flow
  w31     0.167 Mbps (std  0.259)  jit  84.466 ms  reord  0.00%  rtt    0.00 ms      250 pkt  4 flow
  w32     1.216 Mbps (std  9.199)  jit  44.917 ms  reord  0.00%  rtt    0.00 ms    1,360 pkt  4 flow
  w33     0.507 Mbps (std  0.167)  jit  81.595 ms  reord  0.00%  rtt    0.00 ms      683 pkt  5 flow
  w34     0.507 Mbps (std  0.091)  jit  28.487 ms  reord  0.00%  rtt    0.00 ms      676 pkt  3 flow
  w35     0.151 Mbps (std  0.236)  jit   8.502 ms  reord  0.00%  rtt    0.00 ms      207 pkt  3 flow
  w36  (parsial, 4 cuplikan) 0.000 Mbps
>> selesai: 37 window -> qos_features.csv
>>          cuplikan mentah -> qos_samples.csv (untuk align_qos.py)
