>> run_id=CONT_s11_dynamic_TheSwissAccount | map=flows | poll=0.1s | window=10.0s -> qos_features.csv
>> menghitung SEMUA flow TCP yang lewat (Ctrl-C untuk berhenti)
>> XDP terpasang di eth0: prog id=7754
>> membaca 1 map bernama 'flows': id [1872]
>> entri awal di map: 0  (0 = belum ada trafik TCP yang tertangkap)
  w0      0.001 Mbps (std  0.002)  jit   0.017 ms  reord  0.00%  rtt    0.00 ms        5 pkt  1 flow
  w1      0.001 Mbps (std  0.002)  jit   0.046 ms  reord  0.00%  rtt    0.00 ms        5 pkt  1 flow
  w2      0.001 Mbps (std  0.002)  jit   0.115 ms  reord  0.00%  rtt    0.00 ms        5 pkt  1 flow
  w3      0.001 Mbps (std  0.004)  jit   0.186 ms  reord  0.00%  rtt    0.00 ms        9 pkt  1 flow
  w4      0.121 Mbps (std  0.316)  jit   3.537 ms  reord  0.00%  rtt    0.00 ms      168 pkt  4 flow
  w5      0.666 Mbps (std  0.306)  jit  36.718 ms  reord  0.00%  rtt    0.00 ms      912 pkt  5 flow
  w6      0.540 Mbps (std  0.456)  jit  17.863 ms  reord  0.00%  rtt    0.00 ms      768 pkt  3 flow
  w7      0.283 Mbps (std  0.394)  jit  19.268 ms  reord  0.00%  rtt    0.00 ms      455 pkt  3 flow
  w8      0.429 Mbps (std  0.468)  jit  17.887 ms  reord  0.00%  rtt    0.00 ms      627 pkt  3 flow
  w9      0.533 Mbps (std  0.492)  jit  16.084 ms  reord  0.00%  rtt    0.00 ms      747 pkt  3 flow
  w10     0.863 Mbps (std  0.302)  jit  20.079 ms  reord  0.00%  rtt    0.00 ms    1,125 pkt  3 flow
  w11     2.464 Mbps (std 15.479)  jit  31.479 ms  reord  0.00%  rtt    0.00 ms    2,816 pkt  6 flow
  w12     0.495 Mbps (std  0.567)  jit  13.271 ms  reord  0.00%  rtt    0.00 ms      676 pkt  3 flow
  w13     0.635 Mbps (std  0.512)  jit  27.528 ms  reord  0.00%  rtt    0.00 ms      820 pkt  4 flow
  w14     1.433 Mbps (std  4.883)  jit  39.041 ms  reord  0.00%  rtt    0.00 ms    1,710 pkt  5 flow
  w15     0.892 Mbps (std  0.420)  jit  31.652 ms  reord  0.00%  rtt    0.00 ms    1,169 pkt  5 flow
  w16     0.494 Mbps (std  0.519)  jit  17.214 ms  reord  0.00%  rtt    0.00 ms      685 pkt  3 flow
  w17     0.449 Mbps (std  0.346)  jit  27.425 ms  reord  0.00%  rtt    0.00 ms      650 pkt  3 flow
  w18     0.407 Mbps (std  0.335)  jit  35.630 ms  reord  0.00%  rtt    0.00 ms      575 pkt  5 flow
  w19     0.405 Mbps (std  0.325)  jit  54.998 ms  reord  0.00%  rtt    0.00 ms      564 pkt  5 flow
  w20     0.416 Mbps (std  0.252)  jit  59.679 ms  reord  0.00%  rtt    0.00 ms      636 pkt  5 flow
  w21     0.426 Mbps (std  0.241)  jit  73.048 ms  reord  0.00%  rtt    0.00 ms      593 pkt  5 flow
  w22     0.277 Mbps (std  0.304)  jit  28.810 ms  reord  0.00%  rtt    0.00 ms      418 pkt  3 flow
  w23     0.284 Mbps (std  0.308)  jit  23.671 ms  reord  0.00%  rtt    0.00 ms      437 pkt  4 flow
  w24     1.702 Mbps (std  9.195)  jit  45.960 ms  reord  0.00%  rtt    0.00 ms    1,949 pkt  4 flow
  w25     1.662 Mbps (std  8.586)  jit   0.371 ms  reord  0.00%  rtt    0.00 ms    1,756 pkt  2 flow
  w26     1.098 Mbps (std  7.678)  jit   0.470 ms  reord  0.00%  rtt    0.00 ms    1,161 pkt  2 flow
  w27     1.602 Mbps (std  9.129)  jit   0.381 ms  reord  0.00%  rtt    0.00 ms    1,694 pkt  2 flow
  w28     3.209 Mbps (std 10.048)  jit   8.543 ms  reord  0.00%  rtt    0.00 ms    3,372 pkt  4 flow
  w29     2.373 Mbps (std  7.303)  jit   9.956 ms  reord  0.00%  rtt    0.00 ms    2,510 pkt  4 flow
  w30     1.079 Mbps (std  4.315)  jit  14.634 ms  reord  0.00%  rtt    0.00 ms    1,364 pkt  4 flow
  w31     1.100 Mbps (std  0.187)  jit  16.108 ms  reord  0.00%  rtt    0.00 ms    1,418 pkt  3 flow
  w32     1.018 Mbps (std  0.372)  jit  21.595 ms  reord  0.00%  rtt    0.00 ms    1,352 pkt  5 flow
  w33     0.461 Mbps (std  0.349)  jit  24.357 ms  reord  0.00%  rtt    0.00 ms      661 pkt  5 flow
  w34     0.182 Mbps (std  0.302)  jit   6.559 ms  reord  0.00%  rtt    0.00 ms      240 pkt  3 flow
  w35     0.001 Mbps (std  0.002)  jit   0.245 ms  reord  0.00%  rtt    0.00 ms        5 pkt  1 flow
  w36  (parsial, 10 cuplikan) 0.001 Mbps
>> selesai: 37 window -> qos_features.csv
>>          cuplikan mentah -> qos_samples.csv (untuk align_qos.py)
