>> run_id=CONT_s14_l2a_OfForestAndMen | map=flows | poll=0.1s | window=10.0s -> qos_features.csv
>> menghitung SEMUA flow TCP yang lewat (Ctrl-C untuk berhenti)
>> XDP terpasang di eth0: prog id=6598
>> membaca 1 map bernama 'flows': id [1707]
>> entri awal di map: 0  (0 = belum ada trafik TCP yang tertangkap)
  w0      0.001 Mbps (std  0.002)  jit   0.027 ms  reord  0.00%  rtt    0.00 ms        5 pkt  1 flow
  w1      0.001 Mbps (std  0.002)  jit   0.107 ms  reord  0.00%  rtt    0.00 ms        5 pkt  1 flow
  w2      0.001 Mbps (std  0.002)  jit   0.160 ms  reord  0.00%  rtt    0.00 ms        5 pkt  1 flow
  w3      0.001 Mbps (std  0.002)  jit   0.165 ms  reord  0.00%  rtt    0.00 ms        5 pkt  1 flow
  w4      0.033 Mbps (std  0.141)  jit   0.890 ms  reord  0.00%  rtt    0.00 ms       85 pkt  3 flow
  w5      0.128 Mbps (std  0.056)  jit  29.812 ms  reord  0.00%  rtt    0.00 ms      237 pkt  4 flow
  w6      0.122 Mbps (std  0.072)  jit  37.430 ms  reord  0.00%  rtt    0.00 ms      215 pkt  3 flow
  w7      0.126 Mbps (std  0.193)  jit  56.112 ms  reord  0.00%  rtt    0.00 ms      206 pkt  3 flow
  w8      0.126 Mbps (std  0.108)  jit  37.941 ms  reord  0.00%  rtt    0.00 ms      216 pkt  3 flow
  w9      0.123 Mbps (std  0.066)  jit  36.151 ms  reord  0.00%  rtt    0.00 ms      209 pkt  3 flow
  w10     0.126 Mbps (std  0.177)  jit  49.262 ms  reord  0.00%  rtt    0.00 ms      209 pkt  4 flow
  w11     0.121 Mbps (std  0.186)  jit 107.987 ms  reord  0.00%  rtt    0.00 ms      174 pkt  4 flow
  w12     1.613 Mbps (std 10.496)  jit  71.041 ms  reord  0.00%  rtt    0.00 ms    1,682 pkt  4 flow
  w13     0.126 Mbps (std  0.138)  jit  90.092 ms  reord  0.00%  rtt    0.00 ms      230 pkt  4 flow
  w14     0.117 Mbps (std  0.147)  jit 123.458 ms  reord  0.00%  rtt    0.00 ms      174 pkt  4 flow
  w15     0.128 Mbps (std  0.212)  jit  72.017 ms  reord  0.00%  rtt    0.00 ms      201 pkt  3 flow
  w16     0.128 Mbps (std  0.177)  jit 106.715 ms  reord  0.00%  rtt    0.00 ms      185 pkt  4 flow
  w17     0.123 Mbps (std  0.266)  jit  53.818 ms  reord  0.00%  rtt    0.00 ms      171 pkt  3 flow
  w18     0.125 Mbps (std  0.174)  jit  62.575 ms  reord  0.00%  rtt    0.00 ms      212 pkt  3 flow
  w19     0.124 Mbps (std  0.206)  jit  44.157 ms  reord  0.00%  rtt    0.00 ms      212 pkt  4 flow
  w20     0.113 Mbps (std  0.209)  jit  95.950 ms  reord  0.00%  rtt    0.00 ms      174 pkt  4 flow
  w21     0.124 Mbps (std  0.178)  jit  82.795 ms  reord  0.00%  rtt    0.00 ms      201 pkt  5 flow
  w22     0.125 Mbps (std  0.142)  jit 146.676 ms  reord  0.00%  rtt    0.00 ms      194 pkt  4 flow
  w23     0.123 Mbps (std  0.142)  jit 146.489 ms  reord  0.00%  rtt    0.00 ms      188 pkt  4 flow
  w24     0.109 Mbps (std  0.228)  jit  78.841 ms  reord  0.00%  rtt    0.00 ms      169 pkt  2 flow
  w25     0.126 Mbps (std  0.181)  jit  90.810 ms  reord  0.00%  rtt    0.00 ms      204 pkt  4 flow
  w26     0.123 Mbps (std  0.139)  jit 135.315 ms  reord  0.00%  rtt    0.00 ms      186 pkt  4 flow
  w27     0.161 Mbps (std  0.239)  jit  70.011 ms  reord  0.00%  rtt    0.00 ms      255 pkt  3 flow
  w28     0.186 Mbps (std  0.302)  jit  43.034 ms  reord  0.00%  rtt    0.00 ms      262 pkt  3 flow
  w29     0.181 Mbps (std  0.250)  jit  64.854 ms  reord  0.00%  rtt    0.00 ms      274 pkt  4 flow
  w30     0.182 Mbps (std  0.218)  jit  45.811 ms  reord  0.00%  rtt    0.00 ms      286 pkt  4 flow
  w31     0.174 Mbps (std  0.190)  jit 126.592 ms  reord  0.00%  rtt    0.00 ms      256 pkt  4 flow
  w32     0.259 Mbps (std  0.342)  jit  47.023 ms  reord  0.00%  rtt    0.00 ms      391 pkt  4 flow
  w33     0.512 Mbps (std  0.240)  jit  69.609 ms  reord  0.00%  rtt    0.00 ms      728 pkt  5 flow
  w34     0.511 Mbps (std  0.122)  jit  35.875 ms  reord  0.00%  rtt    0.00 ms      672 pkt  4 flow
  w35     0.361 Mbps (std  0.266)  jit  21.690 ms  reord  0.00%  rtt    0.00 ms      448 pkt  4 flow
  w36  (parsial, 6 cuplikan) 0.000 Mbps
>> selesai: 37 window -> qos_features.csv
>>          cuplikan mentah -> qos_samples.csv (untuk align_qos.py)
