>> run_id=CONT_s3_dynamic_ElephantsDream | map=flows | poll=0.1s | window=10.0s -> qos_features.csv
>> menghitung SEMUA flow TCP yang lewat (Ctrl-C untuk berhenti)
>> XDP terpasang di eth0: prog id=5960
>> membaca 1 map bernama 'flows': id [1616]
>> entri awal di map: 0  (0 = belum ada trafik TCP yang tertangkap)
  w0      0.001 Mbps (std  0.004)  jit   0.010 ms  reord  0.00%  rtt    0.00 ms        9 pkt  1 flow
  w1      0.001 Mbps (std  0.002)  jit   0.044 ms  reord  0.00%  rtt    0.00 ms        5 pkt  1 flow
  w2      0.001 Mbps (std  0.003)  jit   0.169 ms  reord  0.00%  rtt    0.00 ms        6 pkt  1 flow
  w3      0.001 Mbps (std  0.002)  jit   0.199 ms  reord  0.00%  rtt    0.00 ms        5 pkt  1 flow
  w4      0.065 Mbps (std  0.206)  jit   4.887 ms  reord  0.00%  rtt    0.00 ms      102 pkt  4 flow
  w5      0.304 Mbps (std  0.165)  jit  88.162 ms  reord  0.00%  rtt    0.00 ms      426 pkt  4 flow
  w6      0.301 Mbps (std  0.266)  jit  38.681 ms  reord  0.00%  rtt    0.00 ms      444 pkt  3 flow
  w7      0.284 Mbps (std  0.309)  jit  30.758 ms  reord  0.00%  rtt    0.00 ms      435 pkt  3 flow
  w8      0.336 Mbps (std  0.207)  jit  42.730 ms  reord  0.00%  rtt    0.00 ms      556 pkt  4 flow
  w9      0.338 Mbps (std  0.243)  jit  69.934 ms  reord  0.00%  rtt    0.00 ms      515 pkt  5 flow
  w10     0.303 Mbps (std  0.413)  jit  22.104 ms  reord  0.00%  rtt    0.00 ms      452 pkt  3 flow
  w11     0.764 Mbps (std  0.275)  jit  18.143 ms  reord  0.00%  rtt    0.00 ms    1,097 pkt  4 flow
  w12     0.765 Mbps (std  0.273)  jit  34.688 ms  reord  0.00%  rtt    0.00 ms    1,079 pkt  5 flow
  w13     0.571 Mbps (std  0.560)  jit  11.888 ms  reord  0.00%  rtt    0.00 ms      806 pkt  3 flow
  w14     0.980 Mbps (std  0.785)  jit  18.927 ms  reord  0.00%  rtt    0.00 ms    1,283 pkt  5 flow
  w15     1.522 Mbps (std  0.268)  jit  16.679 ms  reord  0.00%  rtt    0.00 ms    1,918 pkt  5 flow
  w16     0.935 Mbps (std  0.425)  jit  16.110 ms  reord  0.00%  rtt    0.00 ms    1,226 pkt  3 flow
  w17     0.711 Mbps (std  0.514)  jit  16.106 ms  reord  0.00%  rtt    0.00 ms      961 pkt  4 flow
  w18     1.027 Mbps (std  0.260)  jit  29.760 ms  reord  0.00%  rtt    0.00 ms    1,341 pkt  5 flow
  w19     1.025 Mbps (std  0.323)  jit  17.158 ms  reord  0.00%  rtt    0.00 ms    1,324 pkt  3 flow
  w20     0.446 Mbps (std  0.469)  jit  13.984 ms  reord  0.00%  rtt    0.00 ms      661 pkt  3 flow
  w21     0.695 Mbps (std  0.419)  jit  18.255 ms  reord  0.00%  rtt    0.00 ms      985 pkt  3 flow
  w22     0.867 Mbps (std  0.308)  jit  16.876 ms  reord  0.00%  rtt    0.00 ms    1,222 pkt  3 flow
  w23     0.853 Mbps (std  0.369)  jit  19.477 ms  reord  0.00%  rtt    0.00 ms    1,132 pkt  3 flow
  w24     0.339 Mbps (std  0.498)  jit  15.707 ms  reord  0.00%  rtt    0.00 ms      509 pkt  3 flow
  w25     0.257 Mbps (std  0.357)  jit  35.308 ms  reord  0.00%  rtt    0.00 ms      380 pkt  3 flow
  w26     0.317 Mbps (std  0.348)  jit  42.854 ms  reord  0.00%  rtt    0.00 ms      494 pkt  3 flow
  w27     0.349 Mbps (std  0.338)  jit  33.817 ms  reord  0.00%  rtt    0.00 ms      544 pkt  3 flow
  w28     0.436 Mbps (std  0.385)  jit  28.284 ms  reord  0.00%  rtt    0.00 ms      643 pkt  3 flow
  w29     0.384 Mbps (std  0.387)  jit  37.662 ms  reord  0.00%  rtt    0.00 ms      542 pkt  3 flow
  w30     0.463 Mbps (std  0.326)  jit  42.991 ms  reord  0.00%  rtt    0.00 ms      658 pkt  4 flow
  w31     0.462 Mbps (std  0.314)  jit  29.424 ms  reord  0.00%  rtt    0.00 ms      706 pkt  4 flow
  w32     0.402 Mbps (std  0.291)  jit  23.597 ms  reord  0.00%  rtt    0.00 ms      666 pkt  4 flow
  w33     0.523 Mbps (std  0.279)  jit  59.090 ms  reord  0.00%  rtt    0.00 ms      719 pkt  5 flow
  w34     0.129 Mbps (std  0.249)  jit   6.891 ms  reord  0.00%  rtt    0.00 ms      212 pkt  3 flow
  w35     0.001 Mbps (std  0.003)  jit   0.309 ms  reord  0.00%  rtt    0.00 ms        8 pkt  1 flow
  w36  (parsial, 14 cuplikan) 0.001 Mbps
>> selesai: 37 window -> qos_features.csv
>>          cuplikan mentah -> qos_samples.csv (untuk align_qos.py)
