>> run_id=CONT_s1_l2a_BigBuckBunny | map=flows | poll=0.1s | window=10.0s -> qos_features.csv
>> menghitung SEMUA flow TCP yang lewat (Ctrl-C untuk berhenti)
>> XDP terpasang di eth0: prog id=7922
>> membaca 1 map bernama 'flows': id [1896]
>> entri awal di map: 1  (0 = belum ada trafik TCP yang tertangkap)
  w0      0.001 Mbps (std  0.002)  jit   0.018 ms  reord  0.00%  rtt    0.00 ms        5 pkt  1 flow
  w1      0.001 Mbps (std  0.002)  jit   0.067 ms  reord  0.00%  rtt    0.00 ms        5 pkt  1 flow
  w2      0.001 Mbps (std  0.002)  jit   0.085 ms  reord  0.00%  rtt    0.00 ms        5 pkt  1 flow
  w3      0.001 Mbps (std  0.002)  jit   0.096 ms  reord  0.00%  rtt    0.00 ms        5 pkt  1 flow
  w4      0.374 Mbps (std  2.095)  jit   0.957 ms  reord  0.00%  rtt    0.00 ms      428 pkt  6 flow
  w5     22.568 Mbps (std 77.566)  jit   7.593 ms  reord  0.00%  rtt    0.00 ms   23,252 pkt  5 flow
  w6      5.801 Mbps (std 26.181)  jit   0.182 ms  reord  0.00%  rtt    0.00 ms    6,017 pkt  2 flow
  w7      2.938 Mbps (std 20.639)  jit   0.206 ms  reord  0.00%  rtt    0.00 ms    3,028 pkt  2 flow
  w8      2.456 Mbps (std 16.950)  jit  21.091 ms  reord  0.00%  rtt    0.00 ms    2,620 pkt  4 flow
  w9      0.242 Mbps (std  0.115)  jit  31.738 ms  reord  0.00%  rtt    0.00 ms      435 pkt  3 flow
  w10     0.242 Mbps (std  0.117)  jit  74.475 ms  reord  0.00%  rtt    0.00 ms      395 pkt  4 flow
  w11     0.623 Mbps (std  3.302)  jit 102.886 ms  reord  0.00%  rtt    0.00 ms      741 pkt  4 flow
  w12     0.278 Mbps (std  0.329)  jit  72.375 ms  reord  0.00%  rtt    0.00 ms      385 pkt  5 flow
  w13     0.291 Mbps (std  0.187)  jit  33.333 ms  reord  0.00%  rtt    0.00 ms      456 pkt  3 flow
  w14     0.283 Mbps (std  0.182)  jit  33.927 ms  reord  0.00%  rtt    0.00 ms      445 pkt  3 flow
  w15     0.289 Mbps (std  0.150)  jit  35.265 ms  reord  0.00%  rtt    0.00 ms      485 pkt  4 flow
  w16     0.659 Mbps (std  0.358)  jit  52.028 ms  reord  0.00%  rtt    0.00 ms      905 pkt  5 flow
  w17     0.827 Mbps (std  0.325)  jit  19.928 ms  reord  0.00%  rtt    0.00 ms    1,124 pkt  3 flow
  w18     0.821 Mbps (std  0.472)  jit  17.447 ms  reord  0.00%  rtt    0.00 ms    1,088 pkt  3 flow
  w19     0.994 Mbps (std  0.653)  jit  19.858 ms  reord  0.00%  rtt    0.00 ms    1,283 pkt  5 flow
  w20     1.379 Mbps (std  0.320)  jit  27.139 ms  reord  0.00%  rtt    0.00 ms    1,749 pkt  5 flow
  w21     1.377 Mbps (std  0.232)  jit  24.680 ms  reord  0.00%  rtt    0.00 ms    1,748 pkt  5 flow
  w22     1.375 Mbps (std  0.223)  jit  20.153 ms  reord  0.00%  rtt    0.00 ms    1,736 pkt  5 flow
  w23     1.295 Mbps (std  0.428)  jit  13.759 ms  reord  0.00%  rtt    0.00 ms    1,666 pkt  3 flow
  w24     0.836 Mbps (std  0.270)  jit  18.353 ms  reord  0.00%  rtt    0.00 ms    1,150 pkt  3 flow
  w25     0.830 Mbps (std  0.333)  jit  19.719 ms  reord  0.00%  rtt    0.00 ms    1,121 pkt  3 flow
  w26     0.765 Mbps (std  0.307)  jit  29.464 ms  reord  0.00%  rtt    0.00 ms    1,055 pkt  5 flow
  w27     0.834 Mbps (std  0.214)  jit  41.815 ms  reord  0.00%  rtt    0.00 ms    1,138 pkt  5 flow
  w28     0.572 Mbps (std  0.447)  jit  27.937 ms  reord  0.00%  rtt    0.00 ms      801 pkt  5 flow
  w29     1.240 Mbps (std  0.608)  jit  16.528 ms  reord  0.00%  rtt    0.00 ms    1,589 pkt  3 flow
  w30     1.838 Mbps (std  0.283)  jit  11.830 ms  reord  0.00%  rtt    0.00 ms    2,277 pkt  5 flow
  w31     1.844 Mbps (std  0.191)  jit  22.564 ms  reord  0.00%  rtt    0.00 ms    2,378 pkt  6 flow
  w32     1.844 Mbps (std  0.235)  jit  19.364 ms  reord  0.00%  rtt    0.00 ms    2,377 pkt  5 flow
  w33     1.374 Mbps (std  0.797)  jit  19.392 ms  reord  0.00%  rtt    0.00 ms    1,772 pkt  3 flow
  w34     0.024 Mbps (std  0.096)  jit   3.861 ms  reord  0.00%  rtt    0.00 ms       41 pkt  2 flow
  w35     0.001 Mbps (std  0.002)  jit   0.207 ms  reord  0.00%  rtt    0.00 ms        5 pkt  1 flow
  w36  (parsial, 6 cuplikan) 0.000 Mbps
>> selesai: 37 window -> qos_features.csv
>>          cuplikan mentah -> qos_samples.csv (untuk align_qos.py)
