>> run_id=CONT_s7_dynamic_TheSwissAccount | map=flows | poll=0.1s | window=10.0s -> qos_features.csv
>> menghitung SEMUA flow TCP yang lewat (Ctrl-C untuk berhenti)
>> XDP terpasang di eth0: prog id=6920
>> membaca 1 map bernama 'flows': id [1753]
>> entri awal di map: 0  (0 = belum ada trafik TCP yang tertangkap)
  w0      0.001 Mbps (std  0.002)  jit   0.019 ms  reord  0.00%  rtt    0.00 ms        5 pkt  1 flow
  w1      0.001 Mbps (std  0.002)  jit   0.100 ms  reord  0.00%  rtt    0.00 ms        5 pkt  1 flow
  w2      0.001 Mbps (std  0.003)  jit   0.185 ms  reord  0.00%  rtt    0.00 ms        6 pkt  1 flow
  w3      0.001 Mbps (std  0.002)  jit   0.207 ms  reord  0.00%  rtt    0.00 ms        5 pkt  1 flow
  w4      0.013 Mbps (std  0.057)  jit   1.596 ms  reord  0.00%  rtt    0.00 ms       39 pkt  4 flow
  w5      2.754 Mbps (std 15.592)  jit  10.384 ms  reord  0.00%  rtt    0.00 ms    2,982 pkt  3 flow
  w6      0.134 Mbps (std  1.010)  jit   1.762 ms  reord  0.00%  rtt    0.00 ms      150 pkt  2 flow
  w7      3.367 Mbps (std 11.892)  jit   8.845 ms  reord  0.00%  rtt    0.00 ms    3,484 pkt  4 flow
  w8      2.794 Mbps (std  9.483)  jit   8.711 ms  reord  0.00%  rtt    0.00 ms    2,887 pkt  4 flow
  w9      1.282 Mbps (std  1.393)  jit  34.514 ms  reord  0.00%  rtt    0.00 ms    1,749 pkt  6 flow
  w10     1.117 Mbps (std  0.395)  jit  28.218 ms  reord  0.00%  rtt    0.00 ms    1,466 pkt  5 flow
  w11     1.038 Mbps (std  0.469)  jit  13.711 ms  reord  0.00%  rtt    0.00 ms    1,378 pkt  4 flow
  w12     0.648 Mbps (std  0.629)  jit  13.116 ms  reord  0.00%  rtt    0.00 ms      775 pkt  3 flow
  w13     1.025 Mbps (std  0.520)  jit  34.397 ms  reord  0.00%  rtt    0.00 ms    1,368 pkt  5 flow
  w14     0.905 Mbps (std  0.590)  jit  17.734 ms  reord  0.00%  rtt    0.00 ms    1,329 pkt  3 flow
  w15     0.753 Mbps (std  0.502)  jit  19.140 ms  reord  0.00%  rtt    0.00 ms    1,200 pkt  3 flow
  w16     1.564 Mbps (std  0.982)  jit  13.617 ms  reord  0.00%  rtt    0.00 ms    2,271 pkt  5 flow
  w17     2.214 Mbps (std  1.410)  jit  13.525 ms  reord  0.00%  rtt    0.00 ms    2,586 pkt  5 flow
  w18     2.870 Mbps (std  1.082)  jit  14.546 ms  reord  0.00%  rtt    0.00 ms    3,523 pkt  5 flow
  w19     2.363 Mbps (std  1.499)  jit   7.410 ms  reord  0.00%  rtt    0.00 ms    2,860 pkt  4 flow
  w20     2.286 Mbps (std  1.371)  jit   7.045 ms  reord  0.00%  rtt    0.00 ms    2,743 pkt  3 flow
  w21     2.667 Mbps (std  0.376)  jit   7.062 ms  reord  0.00%  rtt    0.00 ms    3,211 pkt  3 flow
  w22     2.664 Mbps (std  0.335)  jit  11.516 ms  reord  0.00%  rtt    0.00 ms    3,289 pkt  5 flow
  w23     3.257 Mbps (std  6.820)  jit  11.543 ms  reord  0.00%  rtt    0.00 ms    3,766 pkt  5 flow
  w24     1.018 Mbps (std  1.277)  jit   8.685 ms  reord  0.00%  rtt    0.00 ms    1,258 pkt  3 flow
  w25     0.998 Mbps (std  1.303)  jit   5.083 ms  reord  0.00%  rtt    0.00 ms    1,215 pkt  3 flow
  w26     1.984 Mbps (std  0.558)  jit  16.431 ms  reord  0.00%  rtt    0.00 ms    2,891 pkt  5 flow
  w27     1.691 Mbps (std  0.484)  jit  12.925 ms  reord  0.00%  rtt    0.00 ms    2,507 pkt  5 flow
  w28     0.990 Mbps (std  0.823)  jit  14.646 ms  reord  0.00%  rtt    0.00 ms    1,480 pkt  5 flow
  w29     1.833 Mbps (std  0.519)  jit  14.336 ms  reord  0.00%  rtt    0.00 ms    2,717 pkt  5 flow
  w30     2.647 Mbps (std  1.212)  jit   7.296 ms  reord  0.00%  rtt    0.00 ms    3,284 pkt  3 flow
  w31     3.336 Mbps (std  0.321)  jit   5.551 ms  reord  0.00%  rtt    0.00 ms    4,076 pkt  3 flow
  w32     2.976 Mbps (std  1.031)  jit   6.327 ms  reord  0.00%  rtt    0.00 ms    3,633 pkt  3 flow
  w33     0.045 Mbps (std  0.375)  jit  23.698 ms  reord  0.00%  rtt    0.00 ms       81 pkt  2 flow
  w34     0.001 Mbps (std  0.002)  jit   0.297 ms  reord  0.00%  rtt    0.00 ms        5 pkt  1 flow
  w35  (parsial, 97 cuplikan) 0.001 Mbps
>> selesai: 36 window -> qos_features.csv
>>          cuplikan mentah -> qos_samples.csv (untuk align_qos.py)
