>> run_id=CONT_s13_throughput_ElephantsDream | map=flows | poll=0.1s | window=10.0s -> qos_features.csv
>> menghitung SEMUA flow TCP yang lewat (Ctrl-C untuk berhenti)
>> XDP terpasang di eth0: prog id=6506
>> membaca 1 map bernama 'flows': id [1694]
>> entri awal di map: 0  (0 = belum ada trafik TCP yang tertangkap)
  w0      0.001 Mbps (std  0.002)  jit   0.025 ms  reord  0.00%  rtt    0.00 ms        5 pkt  1 flow
  w1      0.001 Mbps (std  0.002)  jit   0.063 ms  reord  0.00%  rtt    0.00 ms        5 pkt  1 flow
  w2      0.001 Mbps (std  0.003)  jit   0.136 ms  reord  0.00%  rtt    0.00 ms        6 pkt  1 flow
  w3      0.001 Mbps (std  0.002)  jit   0.137 ms  reord  0.00%  rtt    0.00 ms        5 pkt  1 flow
  w4      0.125 Mbps (std  0.300)  jit   3.632 ms  reord  0.00%  rtt    0.00 ms      171 pkt  4 flow
  w5      0.537 Mbps (std  0.351)  jit  42.886 ms  reord  0.00%  rtt    0.00 ms      714 pkt  5 flow
  w6      0.401 Mbps (std  0.296)  jit  39.927 ms  reord  0.00%  rtt    0.00 ms      583 pkt  3 flow
  w7      0.360 Mbps (std  0.283)  jit  38.879 ms  reord  0.00%  rtt    0.00 ms      555 pkt  3 flow
  w8      0.412 Mbps (std  0.333)  jit  35.350 ms  reord  0.00%  rtt    0.00 ms      609 pkt  4 flow
  w9      0.215 Mbps (std  0.177)  jit  92.592 ms  reord  0.00%  rtt    0.00 ms      353 pkt  4 flow
  w10     0.193 Mbps (std  0.168)  jit 132.516 ms  reord  0.00%  rtt    0.00 ms      281 pkt  4 flow
  w11     0.296 Mbps (std  0.257)  jit  92.979 ms  reord  0.00%  rtt    0.00 ms      494 pkt  4 flow
  w12     0.356 Mbps (std  0.326)  jit  23.853 ms  reord  0.00%  rtt    0.00 ms      592 pkt  3 flow
  w13     0.154 Mbps (std  0.287)  jit  22.494 ms  reord  0.00%  rtt    0.00 ms      255 pkt  2 flow
  w14     0.256 Mbps (std  0.284)  jit  28.323 ms  reord  0.00%  rtt    0.00 ms      433 pkt  3 flow
  w15     0.687 Mbps (std  0.413)  jit  32.530 ms  reord  0.00%  rtt    0.00 ms      963 pkt  5 flow
  w16     0.963 Mbps (std  0.323)  jit  28.878 ms  reord  0.00%  rtt    0.00 ms    1,259 pkt  6 flow
  w17     0.967 Mbps (std  0.239)  jit  42.975 ms  reord  0.00%  rtt    0.00 ms    1,178 pkt  5 flow
  w18     0.839 Mbps (std  0.424)  jit  27.192 ms  reord  0.00%  rtt    0.00 ms    1,115 pkt  5 flow
  w19     2.299 Mbps (std 13.113)  jit  26.846 ms  reord  0.00%  rtt    0.00 ms    2,619 pkt  5 flow
  w20     0.339 Mbps (std  0.591)  jit  15.513 ms  reord  0.00%  rtt    0.00 ms      462 pkt  3 flow
  w21     0.510 Mbps (std  0.652)  jit  14.493 ms  reord  0.00%  rtt    0.00 ms      655 pkt  3 flow
  w22     1.279 Mbps (std  0.268)  jit  32.992 ms  reord  0.00%  rtt    0.00 ms    1,619 pkt  5 flow
  w23     1.276 Mbps (std  0.238)  jit  30.874 ms  reord  0.00%  rtt    0.00 ms    1,690 pkt  5 flow
  w24     2.608 Mbps (std 13.474)  jit  16.827 ms  reord  0.00%  rtt    0.00 ms    2,932 pkt  5 flow
  w25     0.801 Mbps (std  1.369)  jit   7.194 ms  reord  0.00%  rtt    0.00 ms    1,051 pkt  3 flow
  w26     1.272 Mbps (std  1.461)  jit   9.918 ms  reord  0.00%  rtt    0.00 ms    1,468 pkt  5 flow
  w27     3.214 Mbps (std  0.304)  jit  12.204 ms  reord  0.00%  rtt    0.00 ms    3,992 pkt  5 flow
  w28     2.898 Mbps (std  0.973)  jit   8.764 ms  reord  0.00%  rtt    0.00 ms    3,560 pkt  5 flow
  w29     1.425 Mbps (std  1.461)  jit   6.352 ms  reord  0.00%  rtt    0.00 ms    1,700 pkt  3 flow
  w30     2.693 Mbps (std  0.746)  jit  15.636 ms  reord  0.00%  rtt    0.00 ms    3,202 pkt  6 flow
  w31     2.933 Mbps (std  0.318)  jit  14.034 ms  reord  0.00%  rtt    0.00 ms    3,662 pkt  5 flow
  w32     1.786 Mbps (std  1.422)  jit   6.260 ms  reord  0.00%  rtt    0.00 ms    2,182 pkt  3 flow
  w33     0.633 Mbps (std  1.200)  jit  22.428 ms  reord  0.00%  rtt    0.00 ms      793 pkt  3 flow
  w34     0.001 Mbps (std  0.002)  jit   0.187 ms  reord  0.00%  rtt    0.00 ms        5 pkt  1 flow
  w35  (parsial, 91 cuplikan) 0.001 Mbps
>> selesai: 36 window -> qos_features.csv
>>          cuplikan mentah -> qos_samples.csv (untuk align_qos.py)
