>> run_id=CONT_s12_dynamic_TheSwissAccount | map=flows | poll=0.1s | window=10.0s -> qos_features.csv
>> menghitung SEMUA flow TCP yang lewat (Ctrl-C untuk berhenti)
>> XDP terpasang di eth0: prog id=6086
>> membaca 1 map bernama 'flows': id [1634]
>> entri awal di map: 0  (0 = belum ada trafik TCP yang tertangkap)
  w0      0.001 Mbps (std  0.002)  jit   0.003 ms  reord  0.00%  rtt    0.00 ms        5 pkt  1 flow
  w1      0.001 Mbps (std  0.002)  jit   0.020 ms  reord  0.00%  rtt    0.00 ms        5 pkt  1 flow
  w2      0.001 Mbps (std  0.002)  jit   0.099 ms  reord  0.00%  rtt    0.00 ms        5 pkt  1 flow
  w3      0.001 Mbps (std  0.003)  jit   0.203 ms  reord  0.00%  rtt    0.00 ms        7 pkt  1 flow
  w4      0.044 Mbps (std  0.150)  jit   1.547 ms  reord  0.00%  rtt    0.00 ms      112 pkt  3 flow
  w5      0.202 Mbps (std  0.250)  jit  46.051 ms  reord  0.00%  rtt    0.00 ms      336 pkt  5 flow
  w6      0.205 Mbps (std  0.157)  jit 126.332 ms  reord  0.00%  rtt    0.00 ms      304 pkt  5 flow
  w7      1.826 Mbps (std 12.481)  jit  96.640 ms  reord  0.00%  rtt    0.00 ms    1,952 pkt  5 flow
  w8      0.407 Mbps (std  0.233)  jit  62.557 ms  reord  0.00%  rtt    0.00 ms      610 pkt  5 flow
  w9      0.410 Mbps (std  0.114)  jit  72.201 ms  reord  0.00%  rtt    0.00 ms      622 pkt  5 flow
  w10     0.407 Mbps (std  0.170)  jit  61.636 ms  reord  0.00%  rtt    0.00 ms      608 pkt  5 flow
  w11     0.349 Mbps (std  0.307)  jit  41.543 ms  reord  0.00%  rtt    0.00 ms      567 pkt  4 flow
  w12     0.126 Mbps (std  0.189)  jit  43.901 ms  reord  0.00%  rtt    0.00 ms      219 pkt  3 flow
  w13     0.131 Mbps (std  0.218)  jit  47.984 ms  reord  0.00%  rtt    0.00 ms      221 pkt  3 flow
  w14     0.148 Mbps (std  0.263)  jit  46.016 ms  reord  0.00%  rtt    0.00 ms      215 pkt  3 flow
  w15     0.183 Mbps (std  0.325)  jit  52.003 ms  reord  0.00%  rtt    0.00 ms      254 pkt  3 flow
  w16     0.212 Mbps (std  0.214)  jit  74.930 ms  reord  0.00%  rtt    0.00 ms      329 pkt  4 flow
  w17     0.235 Mbps (std  0.197)  jit 111.412 ms  reord  0.00%  rtt    0.00 ms      330 pkt  5 flow
  w18     0.166 Mbps (std  0.272)  jit  48.118 ms  reord  0.00%  rtt    0.00 ms      246 pkt  4 flow
  w19     2.267 Mbps (std 11.555)  jit  38.150 ms  reord  0.00%  rtt    0.00 ms    2,420 pkt  4 flow
  w20     1.815 Mbps (std  2.955)  jit  16.049 ms  reord  0.00%  rtt    0.00 ms    1,933 pkt  4 flow
  w21     0.642 Mbps (std  3.107)  jit   1.592 ms  reord  0.00%  rtt    0.00 ms      705 pkt  2 flow
  w22     0.114 Mbps (std  0.239)  jit  56.532 ms  reord  0.00%  rtt    0.00 ms      177 pkt  3 flow
  w23     0.161 Mbps (std  0.213)  jit  46.214 ms  reord  0.00%  rtt    0.00 ms      245 pkt  3 flow
  w24     0.149 Mbps (std  0.226)  jit  62.036 ms  reord  0.00%  rtt    0.00 ms      226 pkt  4 flow
  w25     0.129 Mbps (std  0.171)  jit  86.280 ms  reord  0.00%  rtt    0.00 ms      211 pkt  3 flow
  w26     0.131 Mbps (std  0.177)  jit  64.727 ms  reord  0.00%  rtt    0.00 ms      236 pkt  3 flow
  w27     0.130 Mbps (std  0.218)  jit  90.717 ms  reord  0.00%  rtt    0.00 ms      224 pkt  4 flow
  w28     0.126 Mbps (std  0.210)  jit 117.850 ms  reord  0.00%  rtt    0.00 ms      191 pkt  3 flow
  w29     0.130 Mbps (std  0.187)  jit  61.703 ms  reord  0.00%  rtt    0.00 ms      246 pkt  3 flow
  w30     0.129 Mbps (std  0.240)  jit  58.457 ms  reord  0.00%  rtt    0.00 ms      195 pkt  3 flow
  w31     0.124 Mbps (std  0.200)  jit  49.550 ms  reord  0.00%  rtt    0.00 ms      206 pkt  3 flow
  w32     0.087 Mbps (std  0.190)  jit  61.208 ms  reord  0.00%  rtt    0.00 ms      150 pkt  3 flow
  w33     0.117 Mbps (std  0.248)  jit  51.584 ms  reord  0.00%  rtt    0.00 ms      172 pkt  3 flow
  w34     0.001 Mbps (std  0.002)  jit   0.245 ms  reord  0.00%  rtt    0.00 ms        5 pkt  1 flow
  w35  (parsial, 97 cuplikan) 0.001 Mbps
>> selesai: 36 window -> qos_features.csv
>>          cuplikan mentah -> qos_samples.csv (untuk align_qos.py)
