>> run_id=CONT_s9_bola_TheSwissAccount | map=flows | poll=0.1s | window=10.0s -> qos_features.csv
>> menghitung SEMUA flow TCP yang lewat (Ctrl-C untuk berhenti)
>> XDP terpasang di eth0: prog id=6247
>> membaca 1 map bernama 'flows': id [1657]
>> entri awal di map: 1  (0 = belum ada trafik TCP yang tertangkap)
  w0      0.001 Mbps (std  0.002)  jit   0.019 ms  reord  0.00%  rtt    0.00 ms        5 pkt  1 flow
  w1      0.001 Mbps (std  0.004)  jit   0.113 ms  reord  0.00%  rtt    0.00 ms       10 pkt  1 flow
  w2      0.001 Mbps (std  0.002)  jit   0.167 ms  reord  0.00%  rtt    0.00 ms        5 pkt  1 flow
  w3      0.001 Mbps (std  0.002)  jit   0.193 ms  reord  0.00%  rtt    0.00 ms        5 pkt  1 flow
  w4      0.193 Mbps (std  0.433)  jit   3.651 ms  reord  0.00%  rtt    0.00 ms      233 pkt  4 flow
  w5      1.058 Mbps (std  0.252)  jit  31.349 ms  reord  0.00%  rtt    0.00 ms    1,412 pkt  5 flow
  w6      2.206 Mbps (std  8.229)  jit  36.826 ms  reord  0.00%  rtt    0.00 ms    2,506 pkt  5 flow
  w7      0.883 Mbps (std  0.598)  jit  15.179 ms  reord  0.00%  rtt    0.00 ms    1,140 pkt  4 flow
  w8      1.218 Mbps (std  0.319)  jit  15.123 ms  reord  0.00%  rtt    0.00 ms    1,538 pkt  3 flow
  w9      1.110 Mbps (std  0.431)  jit  14.334 ms  reord  0.00%  rtt    0.00 ms    1,424 pkt  3 flow
  w10     1.226 Mbps (std  0.220)  jit  22.115 ms  reord  0.00%  rtt    0.00 ms    1,611 pkt  5 flow
  w11     0.950 Mbps (std  0.582)  jit   9.891 ms  reord  0.00%  rtt    0.00 ms    1,272 pkt  3 flow
  w12     1.460 Mbps (std  1.425)  jit   7.935 ms  reord  0.00%  rtt    0.00 ms    1,738 pkt  3 flow
  w13     2.749 Mbps (std  0.634)  jit   8.477 ms  reord  0.00%  rtt    0.00 ms    3,345 pkt  5 flow
  w14     1.889 Mbps (std  1.060)  jit  10.155 ms  reord  0.00%  rtt    0.00 ms    2,301 pkt  4 flow
  w15     1.419 Mbps (std  0.195)  jit  13.413 ms  reord  0.00%  rtt    0.00 ms    1,785 pkt  3 flow
  w16     1.405 Mbps (std  0.262)  jit  13.350 ms  reord  0.00%  rtt    0.00 ms    1,756 pkt  4 flow
  w17     1.414 Mbps (std  0.287)  jit  30.087 ms  reord  0.00%  rtt    0.00 ms    1,764 pkt  5 flow
  w18     1.217 Mbps (std  0.545)  jit  12.151 ms  reord  0.00%  rtt    0.00 ms    1,549 pkt  3 flow
  w19     0.558 Mbps (std  0.613)  jit  21.712 ms  reord  0.00%  rtt    0.00 ms      765 pkt  3 flow
  w20     0.664 Mbps (std  0.232)  jit  27.019 ms  reord  0.00%  rtt    0.00 ms    1,039 pkt  3 flow
  w21     0.815 Mbps (std  0.258)  jit  21.221 ms  reord  0.00%  rtt    0.00 ms    1,188 pkt  3 flow
  w22     0.804 Mbps (std  1.384)  jit   9.643 ms  reord  0.00%  rtt    0.00 ms    1,084 pkt  3 flow
  w23     0.822 Mbps (std  1.767)  jit   4.883 ms  reord  0.00%  rtt    0.00 ms    1,030 pkt  3 flow
  w24     1.410 Mbps (std  2.161)  jit   5.915 ms  reord  0.00%  rtt    0.00 ms    1,762 pkt  4 flow
  w25     5.007 Mbps (std  0.329)  jit   4.800 ms  reord  0.00%  rtt    0.00 ms    5,930 pkt  5 flow
  w26     3.787 Mbps (std  2.111)  jit   4.248 ms  reord  0.00%  rtt    0.00 ms    4,469 pkt  3 flow
  w27     4.521 Mbps (std  2.496)  jit   6.751 ms  reord  0.00%  rtt    0.00 ms    5,481 pkt  6 flow
  w28     5.364 Mbps (std  1.719)  jit   8.041 ms  reord  0.00%  rtt    0.00 ms    6,382 pkt  5 flow
  w29     6.014 Mbps (std  0.279)  jit   4.252 ms  reord  0.00%  rtt    0.00 ms    7,160 pkt  5 flow
  w30     5.486 Mbps (std  1.676)  jit   3.339 ms  reord  0.00%  rtt    0.00 ms    6,582 pkt  3 flow
  w31     4.701 Mbps (std  2.097)  jit   9.608 ms  reord  0.00%  rtt    0.00 ms    5,590 pkt  5 flow
  w32     3.137 Mbps (std  0.214)  jit  11.155 ms  reord  0.00%  rtt    0.00 ms    4,012 pkt  5 flow
  w33     1.946 Mbps (std  1.534)  jit  13.364 ms  reord  0.00%  rtt    0.00 ms    2,412 pkt  3 flow
  w34     0.001 Mbps (std  0.002)  jit   3.838 ms  reord  0.00%  rtt    0.00 ms        6 pkt  1 flow
  w35     0.001 Mbps (std  0.002)  jit   0.268 ms  reord  0.00%  rtt    0.00 ms        5 pkt  1 flow
  w36  (parsial, 6 cuplikan) 0.000 Mbps
>> selesai: 37 window -> qos_features.csv
>>          cuplikan mentah -> qos_samples.csv (untuk align_qos.py)
