>> run_id=CONT_s1_l2a_RedBullPlayStreets | map=flows | poll=0.1s | window=10.0s -> qos_features.csv
>> menghitung SEMUA flow TCP yang lewat (Ctrl-C untuk berhenti)
>> XDP terpasang di eth0: prog id=6773
>> membaca 1 map bernama 'flows': id [1732]
>> entri awal di map: 1  (0 = belum ada trafik TCP yang tertangkap)
  w0      0.001 Mbps (std  0.002)  jit   0.034 ms  reord  0.00%  rtt    0.00 ms        5 pkt  1 flow
  w1      0.001 Mbps (std  0.002)  jit   0.113 ms  reord  0.00%  rtt    0.00 ms        5 pkt  1 flow
  w2      0.001 Mbps (std  0.002)  jit   0.147 ms  reord  0.00%  rtt    0.00 ms        5 pkt  1 flow
  w3      0.002 Mbps (std  0.009)  jit   0.992 ms  reord  0.00%  rtt    0.00 ms       12 pkt  1 flow
  w4     14.524 Mbps (std 62.086)  jit   0.873 ms  reord  0.00%  rtt    0.00 ms   15,126 pkt  6 flow
  w5     28.329 Mbps (std 80.856)  jit   5.753 ms  reord  0.00%  rtt    0.00 ms   29,258 pkt  6 flow
  w6      7.369 Mbps (std 30.221)  jit   0.202 ms  reord  0.00%  rtt    0.00 ms    7,591 pkt  2 flow
  w7      5.041 Mbps (std 25.227)  jit   0.215 ms  reord  0.00%  rtt    0.00 ms    5,200 pkt  2 flow
  w8      4.107 Mbps (std 25.616)  jit  10.452 ms  reord  0.00%  rtt    0.00 ms    4,245 pkt  2 flow
  w9      0.243 Mbps (std  0.190)  jit  47.489 ms  reord  0.00%  rtt    0.00 ms      386 pkt  3 flow
  w10     0.240 Mbps (std  0.103)  jit  99.676 ms  reord  0.00%  rtt    0.00 ms      381 pkt  4 flow
  w11     0.305 Mbps (std  0.212)  jit  93.401 ms  reord  0.00%  rtt    0.00 ms      444 pkt  4 flow
  w12     0.272 Mbps (std  0.167)  jit 101.302 ms  reord  0.00%  rtt    0.00 ms      399 pkt  4 flow
  w13     0.301 Mbps (std  0.154)  jit  27.070 ms  reord  0.00%  rtt    0.00 ms      513 pkt  3 flow
  w14     0.282 Mbps (std  0.113)  jit  30.933 ms  reord  0.00%  rtt    0.00 ms      453 pkt  3 flow
  w15     0.288 Mbps (std  0.155)  jit  43.454 ms  reord  0.00%  rtt    0.00 ms      440 pkt  4 flow
  w16     0.655 Mbps (std  0.329)  jit  52.605 ms  reord  0.00%  rtt    0.00 ms      919 pkt  6 flow
  w17     0.005 Mbps (std  0.047)  jit   0.655 ms  reord  0.00%  rtt    0.00 ms       10 pkt  2 flow
  w18     0.001 Mbps (std  0.002)  jit   0.287 ms  reord  0.00%  rtt    0.00 ms        5 pkt  1 flow
  w19     0.439 Mbps (std  0.654)  jit   4.467 ms  reord  0.00%  rtt    0.00 ms      472 pkt  3 flow
  w20     1.168 Mbps (std  0.545)  jit  12.481 ms  reord  0.00%  rtt    0.00 ms    1,230 pkt  3 flow
  w21     0.906 Mbps (std  0.685)  jit   9.782 ms  reord  0.00%  rtt    0.00 ms      966 pkt  3 flow
  w22     0.486 Mbps (std  0.664)  jit   5.708 ms  reord  0.00%  rtt    0.00 ms      517 pkt  3 flow
  w23     0.001 Mbps (std  0.002)  jit   0.251 ms  reord  0.00%  rtt    0.00 ms        5 pkt  1 flow
  w24     0.001 Mbps (std  0.002)  jit   0.265 ms  reord  0.00%  rtt    0.00 ms        5 pkt  1 flow
  w25     0.001 Mbps (std  0.002)  jit   0.253 ms  reord  0.00%  rtt    0.00 ms        5 pkt  1 flow
  w26     0.490 Mbps (std  0.447)  jit  13.577 ms  reord  0.00%  rtt    0.00 ms      545 pkt  3 flow
  w27     0.824 Mbps (std  0.241)  jit  22.432 ms  reord  0.00%  rtt    0.00 ms      906 pkt  3 flow
  w28     0.251 Mbps (std  0.389)  jit   7.512 ms  reord  0.00%  rtt    0.00 ms      276 pkt  3 flow
  w29     0.001 Mbps (std  0.002)  jit   0.267 ms  reord  0.00%  rtt    0.00 ms        5 pkt  1 flow
  w30     0.425 Mbps (std  0.784)  jit   2.658 ms  reord  0.00%  rtt    0.00 ms      455 pkt  3 flow
  w31     1.739 Mbps (std  0.502)  jit  11.828 ms  reord  0.00%  rtt    0.00 ms    1,849 pkt  4 flow
  w32     1.017 Mbps (std  0.919)  jit 105.603 ms  reord  0.00%  rtt    0.00 ms    1,081 pkt  4 flow
  w33     0.001 Mbps (std  0.002)  jit   0.233 ms  reord  0.00%  rtt    0.00 ms        5 pkt  1 flow
  w34     0.001 Mbps (std  0.004)  jit   0.259 ms  reord  0.00%  rtt    0.00 ms        9 pkt  1 flow
  w35     0.001 Mbps (std  0.002)  jit   0.228 ms  reord  0.00%  rtt    0.00 ms        5 pkt  1 flow
  w36  (parsial, 1 cuplikan) 0.000 Mbps
>> selesai: 37 window -> qos_features.csv
>>          cuplikan mentah -> qos_samples.csv (untuk align_qos.py)
