>> run_id=CONT_s6_l2a_OfForestAndMen | map=flows | poll=0.1s | window=10.0s -> qos_features.csv
>> menghitung SEMUA flow TCP yang lewat (Ctrl-C untuk berhenti)
>> XDP terpasang di eth0: prog id=7817
>> membaca 1 map bernama 'flows': id [1881]
>> entri awal di map: 1  (0 = belum ada trafik TCP yang tertangkap)
  w0      0.001 Mbps (std  0.002)  jit   0.033 ms  reord  0.00%  rtt    0.00 ms        5 pkt  1 flow
  w1      0.001 Mbps (std  0.002)  jit   0.081 ms  reord  0.00%  rtt    0.00 ms        5 pkt  1 flow
  w2      0.001 Mbps (std  0.002)  jit   0.115 ms  reord  0.00%  rtt    0.00 ms        5 pkt  1 flow
  w3      0.001 Mbps (std  0.002)  jit   0.143 ms  reord  0.00%  rtt    0.00 ms        5 pkt  1 flow
  w4      0.306 Mbps (std  2.410)  jit   0.563 ms  reord  0.00%  rtt    0.00 ms      447 pkt  4 flow
  w5      0.475 Mbps (std  0.325)  jit  32.176 ms  reord  0.00%  rtt    0.00 ms      936 pkt  4 flow
  w6      0.395 Mbps (std  0.306)  jit  42.262 ms  reord  0.00%  rtt    0.00 ms      620 pkt  3 flow
  w7      0.476 Mbps (std  0.349)  jit  35.955 ms  reord  0.00%  rtt    0.00 ms      715 pkt  3 flow
  w8      0.399 Mbps (std  0.297)  jit  40.189 ms  reord  0.00%  rtt    0.00 ms      622 pkt  3 flow
  w9      0.559 Mbps (std  0.337)  jit  40.552 ms  reord  0.00%  rtt    0.00 ms      811 pkt  4 flow
  w10     0.871 Mbps (std  0.332)  jit  34.098 ms  reord  0.00%  rtt    0.00 ms    1,173 pkt  5 flow
  w11     0.945 Mbps (std  0.250)  jit  16.863 ms  reord  0.00%  rtt    0.00 ms    1,323 pkt  4 flow
  w12     0.936 Mbps (std  0.302)  jit  17.751 ms  reord  0.00%  rtt    0.00 ms    1,233 pkt  3 flow
  w13     0.936 Mbps (std  0.262)  jit  40.546 ms  reord  0.00%  rtt    0.00 ms    1,241 pkt  5 flow
  w14     0.936 Mbps (std  0.346)  jit  27.068 ms  reord  0.00%  rtt    0.00 ms    1,204 pkt  5 flow
  w15     0.930 Mbps (std  0.296)  jit  21.578 ms  reord  0.00%  rtt    0.00 ms    1,235 pkt  5 flow
  w16     0.491 Mbps (std  0.288)  jit  56.661 ms  reord  0.00%  rtt    0.00 ms      721 pkt  5 flow
  w17     0.444 Mbps (std  0.295)  jit  68.893 ms  reord  0.00%  rtt    0.00 ms      611 pkt  5 flow
  w18     0.445 Mbps (std  0.217)  jit  71.476 ms  reord  0.00%  rtt    0.00 ms      644 pkt  5 flow
  w19     0.445 Mbps (std  0.202)  jit  73.276 ms  reord  0.00%  rtt    0.00 ms      631 pkt  5 flow
  w20     1.877 Mbps (std 11.138)  jit  74.693 ms  reord  0.00%  rtt    0.00 ms    2,064 pkt  5 flow
  w21     0.286 Mbps (std  0.255)  jit  28.533 ms  reord  0.00%  rtt    0.00 ms      438 pkt  3 flow
  w22     1.791 Mbps (std 12.185)  jit  74.934 ms  reord  0.00%  rtt    0.00 ms    1,935 pkt  4 flow
  w23     0.137 Mbps (std  0.213)  jit  85.297 ms  reord  0.00%  rtt    0.00 ms      227 pkt  3 flow
  w24     0.141 Mbps (std  0.167)  jit  51.404 ms  reord  0.00%  rtt    0.00 ms      249 pkt  3 flow
  w25     0.140 Mbps (std  0.168)  jit 120.897 ms  reord  0.00%  rtt    0.00 ms      256 pkt  4 flow
  w26     0.164 Mbps (std  0.255)  jit  89.409 ms  reord  0.00%  rtt    0.00 ms      273 pkt  6 flow
  w27     0.199 Mbps (std  0.309)  jit  60.005 ms  reord  0.00%  rtt    0.00 ms      276 pkt  4 flow
  w28     0.204 Mbps (std  0.277)  jit  40.380 ms  reord  0.00%  rtt    0.00 ms      303 pkt  3 flow
  w29     0.200 Mbps (std  0.251)  jit  39.694 ms  reord  0.00%  rtt    0.00 ms      300 pkt  3 flow
  w30     0.179 Mbps (std  0.275)  jit  37.505 ms  reord  0.00%  rtt    0.00 ms      266 pkt  3 flow
  w31     0.180 Mbps (std  0.283)  jit  66.950 ms  reord  0.00%  rtt    0.00 ms      265 pkt  4 flow
  w32     8.565 Mbps (std 36.506)  jit  71.915 ms  reord  0.00%  rtt    0.00 ms    9,219 pkt  4 flow
  w33     2.370 Mbps (std 16.584)  jit   8.311 ms  reord  0.00%  rtt    0.00 ms    2,522 pkt  3 flow
  w34     0.801 Mbps (std  2.993)  jit   3.591 ms  reord  0.00%  rtt    0.00 ms      852 pkt  3 flow
  w35  (parsial, 99 cuplikan) 0.001 Mbps
>> selesai: 36 window -> qos_features.csv
>>          cuplikan mentah -> qos_samples.csv (untuk align_qos.py)
