>> run_id=CONT_s7_bola_Valkaama | map=flows | poll=0.1s | window=10.0s -> qos_features.csv
>> menghitung SEMUA flow TCP yang lewat (Ctrl-C untuk berhenti)
>> XDP terpasang di eth0: prog id=6191
>> membaca 1 map bernama 'flows': id [1649]
>> entri awal di map: 1  (0 = belum ada trafik TCP yang tertangkap)
  w0      0.001 Mbps (std  0.002)  jit   0.056 ms  reord  0.00%  rtt    0.00 ms        5 pkt  1 flow
  w1      0.001 Mbps (std  0.002)  jit   0.103 ms  reord  0.00%  rtt    0.00 ms        5 pkt  1 flow
  w2      0.001 Mbps (std  0.002)  jit   0.139 ms  reord  0.00%  rtt    0.00 ms        6 pkt  1 flow
  w3      0.001 Mbps (std  0.002)  jit   0.149 ms  reord  0.00%  rtt    0.00 ms        5 pkt  1 flow
  w4      0.011 Mbps (std  0.053)  jit   1.603 ms  reord  0.00%  rtt    0.00 ms       37 pkt  3 flow
  w5      2.322 Mbps (std 11.024)  jit  10.301 ms  reord  0.00%  rtt    0.00 ms    2,567 pkt  4 flow
  w6      0.810 Mbps (std  4.960)  jit   0.449 ms  reord  0.00%  rtt    0.00 ms      847 pkt  2 flow
  w7      2.740 Mbps (std  7.789)  jit   6.060 ms  reord  0.00%  rtt    0.00 ms    2,839 pkt  6 flow
  w8      2.580 Mbps (std  7.752)  jit   8.336 ms  reord  0.00%  rtt    0.00 ms    2,654 pkt  4 flow
  w9      1.228 Mbps (std  1.882)  jit  33.347 ms  reord  0.00%  rtt    0.00 ms    1,595 pkt  6 flow
  w10     1.074 Mbps (std  0.427)  jit  26.695 ms  reord  0.00%  rtt    0.00 ms    1,472 pkt  5 flow
  w11     0.897 Mbps (std  0.558)  jit  14.879 ms  reord  0.00%  rtt    0.00 ms    1,234 pkt  4 flow
  w12     1.051 Mbps (std  0.480)  jit  15.254 ms  reord  0.00%  rtt    0.00 ms    1,206 pkt  3 flow
  w13     1.126 Mbps (std  0.366)  jit  25.621 ms  reord  0.00%  rtt    0.00 ms    1,506 pkt  5 flow
  w14     0.983 Mbps (std  0.483)  jit  16.407 ms  reord  0.00%  rtt    0.00 ms    1,501 pkt  3 flow
  w15     0.799 Mbps (std  0.626)  jit  16.492 ms  reord  0.00%  rtt    0.00 ms    1,196 pkt  3 flow
  w16     1.352 Mbps (std  1.115)  jit  17.529 ms  reord  0.00%  rtt    0.00 ms    1,879 pkt  5 flow
  w17     2.358 Mbps (std  1.328)  jit  13.296 ms  reord  0.00%  rtt    0.00 ms    2,726 pkt  4 flow
  w18     2.495 Mbps (std  1.320)  jit  12.821 ms  reord  0.00%  rtt    0.00 ms    2,976 pkt  5 flow
  w19     2.071 Mbps (std  1.591)  jit   7.420 ms  reord  0.00%  rtt    0.00 ms    2,458 pkt  3 flow
  w20     2.722 Mbps (std  1.411)  jit   7.030 ms  reord  0.00%  rtt    0.00 ms    3,248 pkt  3 flow
  w21     2.413 Mbps (std  0.798)  jit   7.269 ms  reord  0.00%  rtt    0.00 ms    2,926 pkt  3 flow
  w22     2.421 Mbps (std  0.797)  jit  11.727 ms  reord  0.00%  rtt    0.00 ms    3,027 pkt  6 flow
  w23     3.414 Mbps (std  7.074)  jit  10.953 ms  reord  0.00%  rtt    0.00 ms    4,028 pkt  5 flow
  w24     2.069 Mbps (std  1.132)  jit   8.143 ms  reord  0.00%  rtt    0.00 ms    2,466 pkt  3 flow
  w25     2.709 Mbps (std  1.538)  jit   7.461 ms  reord  0.00%  rtt    0.00 ms    3,283 pkt  3 flow
  w26     2.152 Mbps (std  0.181)  jit  13.884 ms  reord  0.00%  rtt    0.00 ms    3,110 pkt  5 flow
  w27     1.577 Mbps (std  0.550)  jit  13.407 ms  reord  0.00%  rtt    0.00 ms    2,351 pkt  5 flow
  w28     0.887 Mbps (std  0.845)  jit  13.446 ms  reord  0.00%  rtt    0.00 ms    1,369 pkt  3 flow
  w29     1.455 Mbps (std  0.945)  jit  16.621 ms  reord  0.00%  rtt    0.00 ms    2,270 pkt  5 flow
  w30     1.397 Mbps (std  1.581)  jit   9.675 ms  reord  0.00%  rtt    0.00 ms    1,713 pkt  3 flow
  w31     3.303 Mbps (std  0.310)  jit   5.786 ms  reord  0.00%  rtt    0.00 ms    3,981 pkt  3 flow
  w32     1.948 Mbps (std  1.625)  jit   7.213 ms  reord  0.00%  rtt    0.00 ms    2,379 pkt  3 flow
  w33     0.002 Mbps (std  0.008)  jit  28.336 ms  reord  0.00%  rtt    0.00 ms       21 pkt  2 flow
  w34     0.001 Mbps (std  0.002)  jit   0.245 ms  reord  0.00%  rtt    0.00 ms        5 pkt  1 flow
  w35  (parsial, 95 cuplikan) 0.001 Mbps
>> selesai: 36 window -> qos_features.csv
>>          cuplikan mentah -> qos_samples.csv (untuk align_qos.py)
