>> run_id=CONT_s10_dynamic_Valkaama | map=flows | poll=0.1s | window=10.0s -> qos_features.csv
>> menghitung SEMUA flow TCP yang lewat (Ctrl-C untuk berhenti)
>> XDP terpasang di eth0: prog id=7859
>> membaca 1 map bernama 'flows': id [1887]
>> entri awal di map: 0  (0 = belum ada trafik TCP yang tertangkap)
  w0      0.001 Mbps (std  0.002)  jit   0.013 ms  reord  0.00%  rtt    0.00 ms        5 pkt  1 flow
  w1      0.001 Mbps (std  0.002)  jit   0.066 ms  reord  0.00%  rtt    0.00 ms        5 pkt  1 flow
  w2      0.001 Mbps (std  0.003)  jit   0.127 ms  reord  0.00%  rtt    0.00 ms        6 pkt  1 flow
  w3      0.001 Mbps (std  0.004)  jit   0.176 ms  reord  0.00%  rtt    0.00 ms        8 pkt  1 flow
  w4      0.011 Mbps (std  0.085)  jit   0.802 ms  reord  0.00%  rtt    0.00 ms       40 pkt  3 flow
  w5      1.023 Mbps (std  0.309)  jit  19.400 ms  reord  0.00%  rtt    0.00 ms    1,397 pkt  4 flow
  w6      0.889 Mbps (std  0.452)  jit  22.983 ms  reord  0.00%  rtt    0.00 ms    1,153 pkt  5 flow
  w7      0.513 Mbps (std  0.573)  jit  17.734 ms  reord  0.00%  rtt    0.00 ms      637 pkt  4 flow
  w8      1.078 Mbps (std  0.235)  jit  39.017 ms  reord  0.00%  rtt    0.00 ms    1,237 pkt  6 flow
  w9      0.968 Mbps (std  0.420)  jit  39.415 ms  reord  0.00%  rtt    0.00 ms    1,129 pkt  5 flow
  w10     0.517 Mbps (std  0.588)  jit  18.075 ms  reord  0.00%  rtt    0.00 ms      687 pkt  3 flow
  w11     0.735 Mbps (std  0.455)  jit  18.029 ms  reord  0.00%  rtt    0.00 ms    1,005 pkt  3 flow
  w12     0.855 Mbps (std  0.233)  jit  37.300 ms  reord  0.00%  rtt    0.00 ms    1,162 pkt  6 flow
  w13     0.856 Mbps (std  0.227)  jit  35.662 ms  reord  0.00%  rtt    0.00 ms    1,176 pkt  5 flow
  w14     0.627 Mbps (std  0.464)  jit  14.520 ms  reord  0.00%  rtt    0.00 ms      917 pkt  3 flow
  w15     0.440 Mbps (std  0.323)  jit  17.010 ms  reord  0.00%  rtt    0.00 ms      700 pkt  3 flow
  w16     0.469 Mbps (std  0.303)  jit  15.591 ms  reord  0.00%  rtt    0.00 ms      770 pkt  3 flow
  w17     0.585 Mbps (std  0.243)  jit  42.003 ms  reord  0.00%  rtt    0.00 ms      842 pkt  5 flow
  w18     1.256 Mbps (std  7.569)  jit  63.489 ms  reord  0.00%  rtt    0.00 ms    1,535 pkt  5 flow
  w19     0.455 Mbps (std  0.259)  jit  38.957 ms  reord  0.00%  rtt    0.00 ms      671 pkt  5 flow
  w20     0.426 Mbps (std  0.340)  jit  28.601 ms  reord  0.00%  rtt    0.00 ms      619 pkt  3 flow
  w21     0.139 Mbps (std  0.263)  jit  19.366 ms  reord  0.00%  rtt    0.00 ms      234 pkt  3 flow
  w22     0.180 Mbps (std  0.300)  jit  31.869 ms  reord  0.00%  rtt    0.00 ms      302 pkt  3 flow
  w23     0.177 Mbps (std  0.224)  jit  39.138 ms  reord  0.00%  rtt    0.00 ms      307 pkt  3 flow
  w24     0.196 Mbps (std  0.241)  jit  44.477 ms  reord  0.00%  rtt    0.00 ms      320 pkt  3 flow
  w25     0.205 Mbps (std  0.276)  jit  62.890 ms  reord  0.00%  rtt    0.00 ms      316 pkt  4 flow
  w26     0.204 Mbps (std  0.251)  jit  53.643 ms  reord  0.00%  rtt    0.00 ms      323 pkt  3 flow
  w27     0.130 Mbps (std  0.241)  jit  51.442 ms  reord  0.00%  rtt    0.00 ms      220 pkt  3 flow
  w28     0.067 Mbps (std  0.175)  jit  52.464 ms  reord  0.00%  rtt    0.00 ms      122 pkt  3 flow
  w29     0.078 Mbps (std  0.220)  jit  78.584 ms  reord  0.00%  rtt    0.00 ms      128 pkt  3 flow
  w30     0.075 Mbps (std  0.214)  jit  67.756 ms  reord  0.00%  rtt    0.00 ms      119 pkt  2 flow
  w31     0.147 Mbps (std  0.242)  jit  55.563 ms  reord  0.00%  rtt    0.00 ms      243 pkt  4 flow
  w32     0.144 Mbps (std  0.182)  jit 107.215 ms  reord  0.00%  rtt    0.00 ms      221 pkt  4 flow
  w33     0.105 Mbps (std  0.237)  jit  56.803 ms  reord  0.00%  rtt    0.00 ms      174 pkt  3 flow
  w34     0.002 Mbps (std  0.008)  jit   8.215 ms  reord  0.00%  rtt    0.00 ms       16 pkt  2 flow
  w35     0.001 Mbps (std  0.002)  jit   0.190 ms  reord  0.00%  rtt    0.00 ms        5 pkt  1 flow
  w36  (parsial, 11 cuplikan) 0.001 Mbps
>> selesai: 37 window -> qos_features.csv
>>          cuplikan mentah -> qos_samples.csv (untuk align_qos.py)
