>> run_id=CONT_s4_throughput_Valkaama | map=flows | poll=0.1s | window=10.0s -> qos_features.csv
>> menghitung SEMUA flow TCP yang lewat (Ctrl-C untuk berhenti)
>> XDP terpasang di eth0: prog id=5778
>> membaca 1 map bernama 'flows': id [1590]
>> entri awal di map: 0  (0 = belum ada trafik TCP yang tertangkap)
  w0      0.001 Mbps (std  0.002)  jit   0.012 ms  reord  0.00%  rtt    0.00 ms        5 pkt  1 flow
  w1      0.001 Mbps (std  0.002)  jit   0.103 ms  reord  0.00%  rtt    0.00 ms        5 pkt  1 flow
  w2      0.001 Mbps (std  0.003)  jit   0.140 ms  reord  0.00%  rtt    0.00 ms        6 pkt  1 flow
  w3      0.001 Mbps (std  0.004)  jit   0.164 ms  reord  0.00%  rtt    0.00 ms        8 pkt  1 flow
  w4      0.012 Mbps (std  0.055)  jit   2.318 ms  reord  0.00%  rtt    0.00 ms       45 pkt  4 flow
  w5      0.247 Mbps (std  0.309)  jit  29.961 ms  reord  0.00%  rtt    0.00 ms      405 pkt  4 flow
  w6      0.252 Mbps (std  0.282)  jit  38.466 ms  reord  0.00%  rtt    0.00 ms      388 pkt  3 flow
  w7      0.253 Mbps (std  0.218)  jit  33.473 ms  reord  0.00%  rtt    0.00 ms      408 pkt  3 flow
  w8      0.237 Mbps (std  0.335)  jit  30.599 ms  reord  0.00%  rtt    0.00 ms      353 pkt  3 flow
  w9      0.093 Mbps (std  0.253)  jit  27.437 ms  reord  0.00%  rtt    0.00 ms      149 pkt  3 flow
  w10     0.217 Mbps (std  0.304)  jit  28.886 ms  reord  0.00%  rtt    0.00 ms      356 pkt  3 flow
  w11     0.475 Mbps (std  0.312)  jit  25.539 ms  reord  0.00%  rtt    0.00 ms      679 pkt  4 flow
  w12     0.480 Mbps (std  0.353)  jit  22.154 ms  reord  0.00%  rtt    0.00 ms      752 pkt  4 flow
  w13     0.614 Mbps (std  0.167)  jit  41.162 ms  reord  0.00%  rtt    0.00 ms      887 pkt  5 flow
  w14     0.612 Mbps (std  0.173)  jit  59.413 ms  reord  0.00%  rtt    0.00 ms      850 pkt  6 flow
  w15     0.610 Mbps (std  0.213)  jit  63.926 ms  reord  0.00%  rtt    0.00 ms      839 pkt  5 flow
  w16     0.383 Mbps (std  0.747)  jit  16.789 ms  reord  0.00%  rtt    0.00 ms      586 pkt  3 flow
  w17     0.229 Mbps (std  1.603)  jit   1.808 ms  reord  0.00%  rtt    0.00 ms      254 pkt  3 flow
  w18     1.803 Mbps (std 13.232)  jit   0.627 ms  reord  0.00%  rtt    0.00 ms    1,895 pkt  2 flow
  w19     2.202 Mbps (std  7.166)  jit   5.992 ms  reord  0.00%  rtt    0.00 ms    2,296 pkt  5 flow
  w20     3.069 Mbps (std  9.017)  jit   7.991 ms  reord  0.00%  rtt    0.00 ms    3,235 pkt  4 flow
  w21     1.761 Mbps (std  5.339)  jit  16.600 ms  reord  0.00%  rtt    0.00 ms    1,879 pkt  4 flow
  w22     0.328 Mbps (std  0.213)  jit  37.251 ms  reord  0.00%  rtt    0.00 ms      544 pkt  3 flow
  w23     0.230 Mbps (std  0.271)  jit  27.362 ms  reord  0.00%  rtt    0.00 ms      376 pkt  3 flow
  w24     0.218 Mbps (std  0.237)  jit  24.686 ms  reord  0.00%  rtt    0.00 ms      365 pkt  3 flow
  w25     0.261 Mbps (std  0.261)  jit  29.355 ms  reord  0.00%  rtt    0.00 ms      418 pkt  3 flow
  w26     0.246 Mbps (std  0.414)  jit   9.078 ms  reord  0.00%  rtt    0.00 ms      407 pkt  3 flow
  w27     0.808 Mbps (std  0.259)  jit  35.092 ms  reord  0.00%  rtt    0.00 ms    1,168 pkt  5 flow
  w28     0.833 Mbps (std  0.320)  jit  33.849 ms  reord  0.00%  rtt    0.00 ms    1,170 pkt  5 flow
  w29     1.151 Mbps (std  0.796)  jit  17.032 ms  reord  0.00%  rtt    0.00 ms    1,317 pkt  5 flow
  w30     1.642 Mbps (std  0.238)  jit  29.842 ms  reord  0.00%  rtt    0.00 ms    1,907 pkt  5 flow
  w31     1.287 Mbps (std  0.351)  jit  32.844 ms  reord  0.00%  rtt    0.00 ms    1,551 pkt  5 flow
  w32     1.132 Mbps (std  0.247)  jit  34.365 ms  reord  0.00%  rtt    0.00 ms    1,553 pkt  5 flow
  w33     1.122 Mbps (std  0.262)  jit  20.431 ms  reord  0.00%  rtt    0.00 ms    1,283 pkt  4 flow
  w34     0.038 Mbps (std  0.219)  jit   8.282 ms  reord  0.00%  rtt    0.00 ms       47 pkt  2 flow
  w35     0.001 Mbps (std  0.002)  jit   0.298 ms  reord  0.00%  rtt    0.00 ms        5 pkt  1 flow
  w36  (parsial, 9 cuplikan) 0.001 Mbps
>> selesai: 37 window -> qos_features.csv
>>          cuplikan mentah -> qos_samples.csv (untuk align_qos.py)
