>> run_id=CONT_s5_dynamic_TheSwissAccount | map=flows | poll=0.1s | window=10.0s -> qos_features.csv
>> menghitung SEMUA flow TCP yang lewat (Ctrl-C untuk berhenti)
>> XDP terpasang di eth0: prog id=7460
>> membaca 1 map bernama 'flows': id [1830]
>> entri awal di map: 0  (0 = belum ada trafik TCP yang tertangkap)
  w0      0.001 Mbps (std  0.002)  jit   0.029 ms  reord  0.00%  rtt    0.00 ms        5 pkt  1 flow
  w1      0.001 Mbps (std  0.003)  jit   0.057 ms  reord  0.00%  rtt    0.00 ms        6 pkt  1 flow
  w2      0.001 Mbps (std  0.004)  jit   0.108 ms  reord  0.00%  rtt    0.00 ms        8 pkt  1 flow
  w3      0.001 Mbps (std  0.002)  jit   0.151 ms  reord  0.00%  rtt    0.00 ms        5 pkt  1 flow
  w4      0.377 Mbps (std  0.856)  jit   1.721 ms  reord  0.00%  rtt    0.00 ms      458 pkt  6 flow
  w5      2.203 Mbps (std  0.245)  jit  10.903 ms  reord  0.00%  rtt    0.00 ms    2,676 pkt  5 flow
  w6      0.772 Mbps (std  1.025)  jit   8.372 ms  reord  0.00%  rtt    0.00 ms      963 pkt  3 flow
  w7      1.385 Mbps (std  0.315)  jit  19.297 ms  reord  0.00%  rtt    0.00 ms    1,739 pkt  3 flow
  w8      1.407 Mbps (std  0.288)  jit  13.142 ms  reord  0.00%  rtt    0.00 ms    1,704 pkt  3 flow
  w9      0.820 Mbps (std  0.375)  jit  31.381 ms  reord  0.00%  rtt    0.00 ms    1,216 pkt  5 flow
  w10     0.702 Mbps (std  0.221)  jit  22.142 ms  reord  0.00%  rtt    0.00 ms    1,206 pkt  4 flow
  w11     0.694 Mbps (std  0.224)  jit  34.988 ms  reord  0.00%  rtt    0.00 ms    1,120 pkt  5 flow
  w12     0.700 Mbps (std  0.247)  jit  34.476 ms  reord  0.00%  rtt    0.00 ms    1,131 pkt  6 flow
  w13     0.397 Mbps (std  0.397)  jit  26.482 ms  reord  0.00%  rtt    0.00 ms      622 pkt  5 flow
  w14     0.294 Mbps (std  0.399)  jit  38.170 ms  reord  0.00%  rtt    0.00 ms      420 pkt  2 flow
  w15     0.369 Mbps (std  0.278)  jit  33.077 ms  reord  0.00%  rtt    0.00 ms      522 pkt  4 flow
  w16     0.372 Mbps (std  0.197)  jit  96.202 ms  reord  0.00%  rtt    0.00 ms      527 pkt  5 flow
  w17     0.357 Mbps (std  0.251)  jit  77.961 ms  reord  0.00%  rtt    0.00 ms      509 pkt  4 flow
  w18     0.193 Mbps (std  0.187)  jit  64.036 ms  reord  0.00%  rtt    0.00 ms      316 pkt  4 flow
  w19     0.193 Mbps (std  0.168)  jit 127.458 ms  reord  0.00%  rtt    0.00 ms      275 pkt  5 flow
  w20     0.190 Mbps (std  0.250)  jit 103.885 ms  reord  0.00%  rtt    0.00 ms      274 pkt  4 flow
  w21     0.383 Mbps (std  0.384)  jit  26.200 ms  reord  0.00%  rtt    0.00 ms      568 pkt  3 flow
  w22     0.419 Mbps (std  0.304)  jit  24.856 ms  reord  0.00%  rtt    0.00 ms      638 pkt  3 flow
  w23     1.300 Mbps (std  7.314)  jit  32.532 ms  reord  0.00%  rtt    0.00 ms    1,527 pkt  4 flow
  w24     0.441 Mbps (std  0.529)  jit  25.243 ms  reord  0.00%  rtt    0.00 ms      585 pkt  5 flow
  w25     0.979 Mbps (std  0.205)  jit  41.404 ms  reord  0.00%  rtt    0.00 ms    1,250 pkt  5 flow
  w26     0.729 Mbps (std  0.502)  jit  23.427 ms  reord  0.00%  rtt    0.00 ms      936 pkt  5 flow
  w27     0.327 Mbps (std  0.638)  jit  18.281 ms  reord  0.00%  rtt    0.00 ms      465 pkt  2 flow
  w28     2.335 Mbps (std  0.403)  jit  17.476 ms  reord  0.00%  rtt    0.00 ms    2,855 pkt  5 flow
  w29     1.268 Mbps (std  1.190)  jit   8.776 ms  reord  0.00%  rtt    0.00 ms    1,586 pkt  5 flow
  w30     0.828 Mbps (std  1.126)  jit  10.914 ms  reord  0.00%  rtt    0.00 ms    1,096 pkt  5 flow
  w31    13.204 Mbps (std 51.780)  jit  12.509 ms  reord  0.00%  rtt    0.00 ms   14,169 pkt  6 flow
  w32     1.536 Mbps (std  3.603)  jit   7.619 ms  reord  0.00%  rtt    0.00 ms    1,619 pkt  3 flow
  w33     1.698 Mbps (std  3.816)  jit   8.681 ms  reord  0.00%  rtt    0.00 ms    1,793 pkt  3 flow
  w34     0.588 Mbps (std  3.235)  jit   2.088 ms  reord  0.00%  rtt    0.00 ms      640 pkt  3 flow
  w35  (parsial, 97 cuplikan) 0.001 Mbps
>> selesai: 36 window -> qos_features.csv
>>          cuplikan mentah -> qos_samples.csv (untuk align_qos.py)
