>> run_id=CONT_s4_bola_Valkaama | map=flows | poll=0.1s | window=10.0s -> qos_features.csv
>> menghitung SEMUA flow TCP yang lewat (Ctrl-C untuk berhenti)
>> XDP terpasang di eth0: prog id=6366
>> membaca 1 map bernama 'flows': id [1674]
>> entri awal di map: 0  (0 = belum ada trafik TCP yang tertangkap)
  w0      0.001 Mbps (std  0.002)  jit   0.008 ms  reord  0.00%  rtt    0.00 ms        5 pkt  1 flow
  w1      0.001 Mbps (std  0.002)  jit   0.064 ms  reord  0.00%  rtt    0.00 ms        5 pkt  1 flow
  w2      0.001 Mbps (std  0.002)  jit   0.127 ms  reord  0.00%  rtt    0.00 ms        5 pkt  1 flow
  w3      0.001 Mbps (std  0.002)  jit   0.128 ms  reord  0.00%  rtt    0.00 ms        5 pkt  1 flow
  w4      0.012 Mbps (std  0.053)  jit   1.974 ms  reord  0.00%  rtt    0.00 ms       44 pkt  4 flow
  w5      0.247 Mbps (std  0.326)  jit  34.699 ms  reord  0.00%  rtt    0.00 ms      399 pkt  4 flow
  w6      0.248 Mbps (std  0.350)  jit  36.641 ms  reord  0.00%  rtt    0.00 ms      347 pkt  3 flow
  w7      0.254 Mbps (std  0.335)  jit  43.162 ms  reord  0.00%  rtt    0.00 ms      343 pkt  3 flow
  w8      0.222 Mbps (std  0.328)  jit  38.555 ms  reord  0.00%  rtt    0.00 ms      339 pkt  3 flow
  w9      0.086 Mbps (std  0.261)  jit  23.559 ms  reord  0.00%  rtt    0.00 ms      139 pkt  3 flow
  w10     0.130 Mbps (std  0.255)  jit  26.042 ms  reord  0.00%  rtt    0.00 ms      216 pkt  3 flow
  w11     0.280 Mbps (std  0.319)  jit  28.806 ms  reord  0.00%  rtt    0.00 ms      432 pkt  3 flow
  w12     0.472 Mbps (std  0.269)  jit  28.878 ms  reord  0.00%  rtt    0.00 ms      685 pkt  3 flow
  w13     0.614 Mbps (std  0.244)  jit  34.245 ms  reord  0.00%  rtt    0.00 ms      910 pkt  5 flow
  w14     0.605 Mbps (std  0.225)  jit  59.008 ms  reord  0.00%  rtt    0.00 ms      821 pkt  5 flow
  w15     0.613 Mbps (std  0.226)  jit  57.342 ms  reord  0.00%  rtt    0.00 ms      854 pkt  5 flow
  w16     0.567 Mbps (std  0.340)  jit  23.863 ms  reord  0.00%  rtt    0.00 ms      827 pkt  4 flow
  w17     1.783 Mbps (std  8.953)  jit   1.019 ms  reord  0.00%  rtt    0.00 ms    1,898 pkt  2 flow
  w18     1.034 Mbps (std  5.885)  jit   0.444 ms  reord  0.00%  rtt    0.00 ms    1,095 pkt  2 flow
  w19     1.951 Mbps (std  5.987)  jit   4.516 ms  reord  0.00%  rtt    0.00 ms    2,033 pkt  4 flow
  w20     2.816 Mbps (std  6.856)  jit   7.842 ms  reord  0.00%  rtt    0.00 ms    2,943 pkt  4 flow
  w21     1.776 Mbps (std  5.311)  jit  16.363 ms  reord  0.00%  rtt    0.00 ms    1,876 pkt  4 flow
  w22     0.350 Mbps (std  0.270)  jit  40.753 ms  reord  0.00%  rtt    0.00 ms      603 pkt  4 flow
  w23     0.230 Mbps (std  0.259)  jit  28.589 ms  reord  0.00%  rtt    0.00 ms      371 pkt  3 flow
  w24     0.232 Mbps (std  0.231)  jit  29.660 ms  reord  0.00%  rtt    0.00 ms      385 pkt  3 flow
  w25     0.248 Mbps (std  0.250)  jit  22.446 ms  reord  0.00%  rtt    0.00 ms      414 pkt  3 flow
  w26     0.273 Mbps (std  0.396)  jit  12.004 ms  reord  0.00%  rtt    0.00 ms      423 pkt  3 flow
  w27     0.768 Mbps (std  0.300)  jit  32.307 ms  reord  0.00%  rtt    0.00 ms    1,089 pkt  4 flow
  w28     0.790 Mbps (std  0.305)  jit  40.153 ms  reord  0.00%  rtt    0.00 ms    1,047 pkt  5 flow
  w29     1.014 Mbps (std  0.820)  jit  18.057 ms  reord  0.00%  rtt    0.00 ms    1,214 pkt  5 flow
  w30     1.643 Mbps (std  0.219)  jit  24.478 ms  reord  0.00%  rtt    0.00 ms    2,056 pkt  5 flow
  w31     1.367 Mbps (std  0.380)  jit  29.933 ms  reord  0.00%  rtt    0.00 ms    1,589 pkt  5 flow
  w32     1.129 Mbps (std  0.203)  jit  40.194 ms  reord  0.00%  rtt    0.00 ms    1,385 pkt  5 flow
  w33     1.133 Mbps (std  0.199)  jit  27.322 ms  reord  0.00%  rtt    0.00 ms    1,509 pkt  5 flow
  w34     0.229 Mbps (std  0.452)  jit   8.647 ms  reord  0.00%  rtt    0.00 ms      299 pkt  3 flow
  w35     0.001 Mbps (std  0.002)  jit   0.232 ms  reord  0.00%  rtt    0.00 ms        5 pkt  1 flow
  w36  (parsial, 22 cuplikan) 0.001 Mbps
>> selesai: 37 window -> qos_features.csv
>>          cuplikan mentah -> qos_samples.csv (untuk align_qos.py)
