>> run_id=CONT_s5_dynamic_RedBullPlayStreets | map=flows | poll=0.1s | window=10.0s -> qos_features.csv
>> menghitung SEMUA flow TCP yang lewat (Ctrl-C untuk berhenti)
>> XDP terpasang di eth0: prog id=7740
>> membaca 1 map bernama 'flows': id [1870]
>> entri awal di map: 1  (0 = belum ada trafik TCP yang tertangkap)
  w0      0.001 Mbps (std  0.002)  jit   0.028 ms  reord  0.00%  rtt    0.00 ms        5 pkt  1 flow
  w1      0.001 Mbps (std  0.002)  jit   0.065 ms  reord  0.00%  rtt    0.00 ms        5 pkt  1 flow
  w2      0.001 Mbps (std  0.002)  jit   0.087 ms  reord  0.00%  rtt    0.00 ms        5 pkt  1 flow
  w3      0.001 Mbps (std  0.002)  jit   0.144 ms  reord  0.00%  rtt    0.00 ms        5 pkt  1 flow
  w4      0.368 Mbps (std  0.858)  jit   1.752 ms  reord  0.00%  rtt    0.00 ms      450 pkt  6 flow
  w5      2.204 Mbps (std  0.292)  jit  10.870 ms  reord  0.00%  rtt    0.00 ms    2,659 pkt  6 flow
  w6      1.550 Mbps (std  0.779)  jit   9.953 ms  reord  0.00%  rtt    0.00 ms    1,925 pkt  3 flow
  w7      1.367 Mbps (std  0.358)  jit  13.362 ms  reord  0.00%  rtt    0.00 ms    1,684 pkt  3 flow
  w8      1.405 Mbps (std  0.329)  jit  13.312 ms  reord  0.00%  rtt    0.00 ms    1,736 pkt  3 flow
  w9      0.804 Mbps (std  0.334)  jit  32.469 ms  reord  0.00%  rtt    0.00 ms    1,197 pkt  5 flow
  w10     0.693 Mbps (std  0.221)  jit  24.451 ms  reord  0.00%  rtt    0.00 ms    1,100 pkt  5 flow
  w11     0.701 Mbps (std  0.137)  jit  33.058 ms  reord  0.00%  rtt    0.00 ms    1,179 pkt  6 flow
  w12     0.692 Mbps (std  0.204)  jit  38.015 ms  reord  0.00%  rtt    0.00 ms    1,088 pkt  5 flow
  w13     0.674 Mbps (std  0.287)  jit  32.183 ms  reord  0.00%  rtt    0.00 ms    1,067 pkt  5 flow
  w14     0.348 Mbps (std  0.437)  jit  23.442 ms  reord  0.00%  rtt    0.00 ms      559 pkt  3 flow
  w15     0.308 Mbps (std  0.213)  jit  29.595 ms  reord  0.00%  rtt    0.00 ms      503 pkt  4 flow
  w16     0.371 Mbps (std  0.165)  jit  89.428 ms  reord  0.00%  rtt    0.00 ms      549 pkt  5 flow
  w17     0.367 Mbps (std  0.222)  jit  85.819 ms  reord  0.00%  rtt    0.00 ms      518 pkt  5 flow
  w18     0.191 Mbps (std  0.275)  jit  54.110 ms  reord  0.00%  rtt    0.00 ms      296 pkt  5 flow
  w19     0.190 Mbps (std  0.160)  jit 130.020 ms  reord  0.00%  rtt    0.00 ms      276 pkt  5 flow
  w20     0.194 Mbps (std  0.226)  jit  96.280 ms  reord  0.00%  rtt    0.00 ms      295 pkt  4 flow
  w21     0.281 Mbps (std  0.361)  jit  28.192 ms  reord  0.00%  rtt    0.00 ms      408 pkt  3 flow
  w22     0.480 Mbps (std  0.332)  jit  27.732 ms  reord  0.00%  rtt    0.00 ms      674 pkt  3 flow
  w23     2.099 Mbps (std 14.555)  jit  36.799 ms  reord  0.00%  rtt    0.00 ms    2,374 pkt  5 flow
  w24     0.523 Mbps (std  0.542)  jit  27.731 ms  reord  0.00%  rtt    0.00 ms      676 pkt  5 flow
  w25     0.976 Mbps (std  0.226)  jit  44.968 ms  reord  0.00%  rtt    0.00 ms    1,213 pkt  5 flow
  w26     0.973 Mbps (std  0.387)  jit  26.867 ms  reord  0.00%  rtt    0.00 ms    1,201 pkt  4 flow
  w27     1.294 Mbps (std  0.720)  jit  15.714 ms  reord  0.00%  rtt    0.00 ms    1,676 pkt  4 flow
  w28     2.169 Mbps (std  0.676)  jit  20.295 ms  reord  0.00%  rtt    0.00 ms    2,536 pkt  5 flow
  w29     0.668 Mbps (std  1.057)  jit   8.186 ms  reord  0.00%  rtt    0.00 ms      846 pkt  4 flow
  w30     1.693 Mbps (std  1.107)  jit   9.024 ms  reord  0.00%  rtt    0.00 ms    2,094 pkt  5 flow
  w31     6.486 Mbps (std 20.920)  jit   7.068 ms  reord  0.00%  rtt    0.00 ms    6,957 pkt  5 flow
  w32     2.815 Mbps (std  8.938)  jit   8.497 ms  reord  0.00%  rtt    0.00 ms    3,002 pkt  4 flow
  w33     1.774 Mbps (std  3.538)  jit  22.328 ms  reord  0.00%  rtt    0.00 ms    1,896 pkt  4 flow
  w34     0.205 Mbps (std  1.428)  jit   1.960 ms  reord  0.00%  rtt    0.00 ms      224 pkt  2 flow
  w35  (parsial, 99 cuplikan) 0.001 Mbps
>> selesai: 36 window -> qos_features.csv
>>          cuplikan mentah -> qos_samples.csv (untuk align_qos.py)
