>> run_id=CONT_s2_throughput_RedBullPlayStreets | map=flows | poll=0.1s | window=10.0s -> qos_features.csv
>> menghitung SEMUA flow TCP yang lewat (Ctrl-C untuk berhenti)
>> XDP terpasang di eth0: prog id=7873
>> membaca 1 map bernama 'flows': id [1889]
>> entri awal di map: 0  (0 = belum ada trafik TCP yang tertangkap)
  w0      0.001 Mbps (std  0.003)  jit   0.012 ms  reord  0.00%  rtt    0.00 ms        6 pkt  1 flow
  w1      0.001 Mbps (std  0.002)  jit   0.046 ms  reord  0.00%  rtt    0.00 ms        5 pkt  1 flow
  w2      0.001 Mbps (std  0.002)  jit   0.106 ms  reord  0.00%  rtt    0.00 ms        5 pkt  1 flow
  w3      0.001 Mbps (std  0.002)  jit   0.141 ms  reord  0.00%  rtt    0.00 ms        5 pkt  1 flow
  w4      0.396 Mbps (std  1.330)  jit   0.855 ms  reord  0.00%  rtt    0.00 ms      551 pkt  4 flow
  w5      6.011 Mbps (std  0.390)  jit   4.303 ms  reord  0.00%  rtt    0.00 ms    7,062 pkt  6 flow
  w6      6.022 Mbps (std  0.321)  jit   6.244 ms  reord  0.00%  rtt    0.00 ms    7,103 pkt  5 flow
  w7      3.324 Mbps (std  2.969)  jit   4.236 ms  reord  0.00%  rtt    0.00 ms    3,912 pkt  3 flow
  w8      2.438 Mbps (std  2.908)  jit   3.221 ms  reord  0.00%  rtt    0.00 ms    2,863 pkt  3 flow
  w9      2.294 Mbps (std  2.249)  jit   5.457 ms  reord  0.00%  rtt    0.00 ms    2,709 pkt  3 flow
  w10     3.228 Mbps (std  0.384)  jit   5.842 ms  reord  0.00%  rtt    0.00 ms    3,765 pkt  3 flow
  w11     3.249 Mbps (std  0.344)  jit   6.361 ms  reord  0.00%  rtt    0.00 ms    3,844 pkt  5 flow
  w12     3.242 Mbps (std  0.345)  jit   7.758 ms  reord  0.00%  rtt    0.00 ms    3,906 pkt  5 flow
  w13     1.452 Mbps (std  1.636)  jit   5.035 ms  reord  0.00%  rtt    0.00 ms    1,710 pkt  3 flow
  w14     2.784 Mbps (std  1.289)  jit  10.255 ms  reord  0.00%  rtt    0.00 ms    3,440 pkt  6 flow
  w15     3.362 Mbps (std  0.319)  jit  12.737 ms  reord  0.00%  rtt    0.00 ms    4,045 pkt  6 flow
  w16     3.358 Mbps (std  0.242)  jit  12.448 ms  reord  0.00%  rtt    0.00 ms    4,090 pkt  6 flow
  w17     3.101 Mbps (std  0.859)  jit  11.560 ms  reord  0.00%  rtt    0.00 ms    3,778 pkt  5 flow
  w18     5.037 Mbps (std  2.344)  jit   9.094 ms  reord  0.00%  rtt    0.00 ms    5,987 pkt  5 flow
  w19     6.026 Mbps (std  0.276)  jit   5.887 ms  reord  0.00%  rtt    0.00 ms    7,252 pkt  5 flow
  w20     3.724 Mbps (std  2.901)  jit   2.588 ms  reord  0.00%  rtt    0.00 ms    4,400 pkt  3 flow
  w21     4.523 Mbps (std  2.591)  jit   6.130 ms  reord  0.00%  rtt    0.00 ms    5,409 pkt  6 flow
  w22     5.588 Mbps (std  1.475)  jit   6.661 ms  reord  0.00%  rtt    0.00 ms    6,685 pkt  5 flow
  w23     1.951 Mbps (std  1.777)  jit  11.675 ms  reord  0.00%  rtt    0.00 ms    2,739 pkt  3 flow
  w24     1.247 Mbps (std  0.475)  jit  13.666 ms  reord  0.00%  rtt    0.00 ms    1,877 pkt  3 flow
  w25     2.072 Mbps (std  1.648)  jit  12.660 ms  reord  0.00%  rtt    0.00 ms    3,241 pkt  5 flow
  w26     2.480 Mbps (std  1.687)  jit  12.595 ms  reord  0.00%  rtt    0.00 ms    3,936 pkt  5 flow
  w27     1.810 Mbps (std  2.294)  jit   8.110 ms  reord  0.00%  rtt    0.00 ms    2,376 pkt  3 flow
  w28     0.564 Mbps (std  1.675)  jit   2.988 ms  reord  0.00%  rtt    0.00 ms      715 pkt  2 flow
  w29     3.295 Mbps (std  2.989)  jit   3.649 ms  reord  0.00%  rtt    0.00 ms    3,931 pkt  3 flow
  w30     6.018 Mbps (std  0.275)  jit   3.393 ms  reord  0.00%  rtt    0.00 ms    7,205 pkt  3 flow
  w31     3.820 Mbps (std  2.889)  jit   3.897 ms  reord  0.00%  rtt    0.00 ms    4,548 pkt  3 flow
  w32     4.201 Mbps (std  2.659)  jit   5.028 ms  reord  0.00%  rtt    0.00 ms    5,116 pkt  4 flow
  w33     5.556 Mbps (std  1.554)  jit   5.096 ms  reord  0.00%  rtt    0.00 ms    6,557 pkt  5 flow
  w34     0.055 Mbps (std  0.540)  jit   0.337 ms  reord  0.00%  rtt    0.00 ms       73 pkt  2 flow
  w35     0.001 Mbps (std  0.002)  jit   0.215 ms  reord  0.00%  rtt    0.00 ms        5 pkt  1 flow
  w36  (parsial, 3 cuplikan) 0.000 Mbps
>> selesai: 37 window -> qos_features.csv
>>          cuplikan mentah -> qos_samples.csv (untuk align_qos.py)
