>> run_id=CONT_s9_dynamic_TheSwissAccount | map=flows | poll=0.1s | window=10.0s -> qos_features.csv
>> menghitung SEMUA flow TCP yang lewat (Ctrl-C untuk berhenti)
>> XDP terpasang di eth0: prog id=7299
>> membaca 1 map bernama 'flows': id [1807]
>> entri awal di map: 1  (0 = belum ada trafik TCP yang tertangkap)
  w0      0.001 Mbps (std  0.002)  jit   0.023 ms  reord  0.00%  rtt    0.00 ms        5 pkt  1 flow
  w1      0.001 Mbps (std  0.002)  jit   0.070 ms  reord  0.00%  rtt    0.00 ms        5 pkt  1 flow
  w2      0.001 Mbps (std  0.002)  jit   0.125 ms  reord  0.00%  rtt    0.00 ms        5 pkt  1 flow
  w3      0.001 Mbps (std  0.002)  jit   0.163 ms  reord  0.00%  rtt    0.00 ms        5 pkt  1 flow
  w4      0.094 Mbps (std  0.326)  jit   1.286 ms  reord  0.00%  rtt    0.00 ms      127 pkt  4 flow
  w5      1.062 Mbps (std  0.250)  jit  32.386 ms  reord  0.00%  rtt    0.00 ms    1,313 pkt  5 flow
  w6      1.835 Mbps (std  7.369)  jit  35.212 ms  reord  0.00%  rtt    0.00 ms    2,126 pkt  5 flow
  w7      0.453 Mbps (std  0.633)  jit  16.486 ms  reord  0.00%  rtt    0.00 ms      565 pkt  4 flow
  w8      0.290 Mbps (std  0.529)  jit  12.673 ms  reord  0.00%  rtt    0.00 ms      389 pkt  2 flow
  w9      0.459 Mbps (std  0.620)  jit  17.219 ms  reord  0.00%  rtt    0.00 ms      622 pkt  3 flow
  w10     0.979 Mbps (std  0.514)  jit  23.875 ms  reord  0.00%  rtt    0.00 ms    1,293 pkt  5 flow
  w11     1.283 Mbps (std  0.429)  jit  13.918 ms  reord  0.00%  rtt    0.00 ms    1,693 pkt  4 flow
  w12     0.768 Mbps (std  1.247)  jit   6.628 ms  reord  0.00%  rtt    0.00 ms      953 pkt  3 flow
  w13     1.189 Mbps (std  1.406)  jit   9.019 ms  reord  0.00%  rtt    0.00 ms    1,488 pkt  5 flow
  w14     2.325 Mbps (std  0.810)  jit   9.746 ms  reord  0.00%  rtt    0.00 ms    2,830 pkt  5 flow
  w15     1.409 Mbps (std  0.224)  jit  13.473 ms  reord  0.00%  rtt    0.00 ms    1,743 pkt  3 flow
  w16     1.218 Mbps (std  0.520)  jit  13.143 ms  reord  0.00%  rtt    0.00 ms    1,537 pkt  3 flow
  w17     1.409 Mbps (std  0.265)  jit  27.886 ms  reord  0.00%  rtt    0.00 ms    1,805 pkt  5 flow
  w18     0.952 Mbps (std  0.690)  jit  13.754 ms  reord  0.00%  rtt    0.00 ms    1,201 pkt  4 flow
  w19     0.644 Mbps (std  0.705)  jit  18.366 ms  reord  0.00%  rtt    0.00 ms      856 pkt  3 flow
  w20     0.761 Mbps (std  0.386)  jit  24.782 ms  reord  0.00%  rtt    0.00 ms    1,067 pkt  3 flow
  w21     0.765 Mbps (std  0.249)  jit  23.174 ms  reord  0.00%  rtt    0.00 ms    1,138 pkt  3 flow
  w22     0.876 Mbps (std  1.366)  jit  12.645 ms  reord  0.00%  rtt    0.00 ms    1,148 pkt  3 flow
  w23     0.751 Mbps (std  1.706)  jit   5.513 ms  reord  0.00%  rtt    0.00 ms      916 pkt  3 flow
  w24     1.122 Mbps (std  2.039)  jit   4.460 ms  reord  0.00%  rtt    0.00 ms    1,466 pkt  4 flow
  w25     3.924 Mbps (std  1.959)  jit   9.059 ms  reord  0.00%  rtt    0.00 ms    4,541 pkt  4 flow
  w26     4.526 Mbps (std  1.469)  jit   4.006 ms  reord  0.00%  rtt    0.00 ms    5,335 pkt  3 flow
  w27     4.281 Mbps (std  2.730)  jit   7.028 ms  reord  0.00%  rtt    0.00 ms    5,125 pkt  5 flow
  w28     4.963 Mbps (std  2.125)  jit   8.966 ms  reord  0.00%  rtt    0.00 ms    5,849 pkt  5 flow
  w29     6.023 Mbps (std  0.259)  jit   4.627 ms  reord  0.00%  rtt    0.00 ms    7,215 pkt  5 flow
  w30     3.362 Mbps (std  2.944)  jit   2.950 ms  reord  0.00%  rtt    0.00 ms    4,003 pkt  3 flow
  w31     4.626 Mbps (std  2.121)  jit   8.345 ms  reord  0.00%  rtt    0.00 ms    5,552 pkt  5 flow
  w32     3.140 Mbps (std  0.278)  jit  11.998 ms  reord  0.00%  rtt    0.00 ms    4,012 pkt  5 flow
  w33     1.380 Mbps (std  1.565)  jit  13.758 ms  reord  0.00%  rtt    0.00 ms    1,694 pkt  4 flow
  w34     0.001 Mbps (std  0.004)  jit   5.654 ms  reord  0.00%  rtt    0.00 ms       11 pkt  1 flow
  w35     0.001 Mbps (std  0.002)  jit   0.165 ms  reord  0.00%  rtt    0.00 ms        5 pkt  1 flow
  w36  (parsial, 12 cuplikan) 0.001 Mbps
>> selesai: 37 window -> qos_features.csv
>>          cuplikan mentah -> qos_samples.csv (untuk align_qos.py)
