>> run_id=CONT_s6_l2a_BigBuckBunny | map=flows | poll=0.1s | window=10.0s -> qos_features.csv
>> menghitung SEMUA flow TCP yang lewat (Ctrl-C untuk berhenti)
>> XDP terpasang di eth0: prog id=7712
>> membaca 1 map bernama 'flows': id [1866]
>> entri awal di map: 0  (0 = belum ada trafik TCP yang tertangkap)
  w0      0.001 Mbps (std  0.002)  jit   0.028 ms  reord  0.00%  rtt    0.00 ms        5 pkt  1 flow
  w1      0.001 Mbps (std  0.002)  jit   0.080 ms  reord  0.00%  rtt    0.00 ms        5 pkt  1 flow
  w2      0.001 Mbps (std  0.002)  jit   0.120 ms  reord  0.00%  rtt    0.00 ms        5 pkt  1 flow
  w3      0.001 Mbps (std  0.002)  jit   0.160 ms  reord  0.00%  rtt    0.00 ms        5 pkt  1 flow
  w4      0.346 Mbps (std  2.806)  jit   0.785 ms  reord  0.00%  rtt    0.00 ms      498 pkt  5 flow
  w5      0.638 Mbps (std  0.301)  jit  23.465 ms  reord  0.00%  rtt    0.00 ms      999 pkt  4 flow
  w6      0.416 Mbps (std  0.314)  jit  34.510 ms  reord  0.00%  rtt    0.00 ms      647 pkt  3 flow
  w7      0.502 Mbps (std  0.336)  jit  37.339 ms  reord  0.00%  rtt    0.00 ms      754 pkt  3 flow
  w8      0.444 Mbps (std  0.338)  jit  37.152 ms  reord  0.00%  rtt    0.00 ms      642 pkt  3 flow
  w9      0.605 Mbps (std  0.371)  jit  28.735 ms  reord  0.00%  rtt    0.00 ms      922 pkt  4 flow
  w10     0.864 Mbps (std  0.345)  jit  37.464 ms  reord  0.00%  rtt    0.00 ms    1,156 pkt  5 flow
  w11     0.941 Mbps (std  0.258)  jit  17.184 ms  reord  0.00%  rtt    0.00 ms    1,278 pkt  4 flow
  w12     0.935 Mbps (std  0.312)  jit  20.143 ms  reord  0.00%  rtt    0.00 ms    1,202 pkt  3 flow
  w13     0.937 Mbps (std  0.262)  jit  41.897 ms  reord  0.00%  rtt    0.00 ms    1,245 pkt  5 flow
  w14     0.937 Mbps (std  0.339)  jit  24.502 ms  reord  0.00%  rtt    0.00 ms    1,223 pkt  4 flow
  w15     0.937 Mbps (std  0.289)  jit  25.175 ms  reord  0.00%  rtt    0.00 ms    1,228 pkt  5 flow
  w16     1.957 Mbps (std 11.576)  jit  67.951 ms  reord  0.00%  rtt    0.00 ms    2,180 pkt  5 flow
  w17     0.444 Mbps (std  0.234)  jit  75.269 ms  reord  0.00%  rtt    0.00 ms      631 pkt  5 flow
  w18     0.445 Mbps (std  0.185)  jit  72.716 ms  reord  0.00%  rtt    0.00 ms      628 pkt  5 flow
  w19     0.446 Mbps (std  0.190)  jit  81.139 ms  reord  0.00%  rtt    0.00 ms      616 pkt  4 flow
  w20     0.247 Mbps (std  0.258)  jit  52.096 ms  reord  0.00%  rtt    0.00 ms      372 pkt  4 flow
  w21     0.225 Mbps (std  0.277)  jit  40.200 ms  reord  0.00%  rtt    0.00 ms      355 pkt  3 flow
  w22     0.277 Mbps (std  0.317)  jit  67.756 ms  reord  0.00%  rtt    0.00 ms      408 pkt  5 flow
  w23     0.139 Mbps (std  0.215)  jit  48.121 ms  reord  0.00%  rtt    0.00 ms      222 pkt  3 flow
  w24     0.140 Mbps (std  0.177)  jit  65.008 ms  reord  0.00%  rtt    0.00 ms      264 pkt  4 flow
  w25     0.138 Mbps (std  0.095)  jit 106.942 ms  reord  0.00%  rtt    0.00 ms      231 pkt  5 flow
  w26     0.163 Mbps (std  0.262)  jit  77.020 ms  reord  0.00%  rtt    0.00 ms      267 pkt  4 flow
  w27     0.200 Mbps (std  0.271)  jit  43.198 ms  reord  0.00%  rtt    0.00 ms      296 pkt  3 flow
  w28     0.196 Mbps (std  0.259)  jit  41.824 ms  reord  0.00%  rtt    0.00 ms      295 pkt  3 flow
  w29     0.207 Mbps (std  0.252)  jit  43.754 ms  reord  0.00%  rtt    0.00 ms      306 pkt  3 flow
  w30     0.170 Mbps (std  0.269)  jit  43.857 ms  reord  0.00%  rtt    0.00 ms      249 pkt  3 flow
  w31     0.184 Mbps (std  0.247)  jit  89.920 ms  reord  0.00%  rtt    0.00 ms      266 pkt  4 flow
  w32    11.248 Mbps (std 45.618)  jit  31.483 ms  reord  0.00%  rtt    0.00 ms   12,028 pkt  2 flow
  w33     4.628 Mbps (std 20.751)  jit   0.712 ms  reord  0.00%  rtt    0.00 ms    4,910 pkt  4 flow
  w34     0.415 Mbps (std  2.026)  jit   3.048 ms  reord  0.00%  rtt    0.00 ms      440 pkt  2 flow
  w35  (parsial, 99 cuplikan) 0.001 Mbps
>> selesai: 36 window -> qos_features.csv
>>          cuplikan mentah -> qos_samples.csv (untuk align_qos.py)
