>> run_id=CONT_s10_throughput_Valkaama | map=flows | poll=0.1s | window=10.0s -> qos_features.csv
>> menghitung SEMUA flow TCP yang lewat (Ctrl-C untuk berhenti)
>> XDP terpasang di eth0: prog id=6331
>> membaca 1 map bernama 'flows': id [1669]
>> entri awal di map: 0  (0 = belum ada trafik TCP yang tertangkap)
  w0      0.001 Mbps (std  0.002)  jit   0.019 ms  reord  0.00%  rtt    0.00 ms        5 pkt  1 flow
  w1      0.001 Mbps (std  0.002)  jit   0.093 ms  reord  0.00%  rtt    0.00 ms        5 pkt  1 flow
  w2      0.001 Mbps (std  0.002)  jit   0.120 ms  reord  0.00%  rtt    0.00 ms        5 pkt  1 flow
  w3      0.001 Mbps (std  0.002)  jit   0.190 ms  reord  0.00%  rtt    0.00 ms        5 pkt  1 flow
  w4      0.106 Mbps (std  0.354)  jit   1.123 ms  reord  0.00%  rtt    0.00 ms      206 pkt  4 flow
  w5      1.022 Mbps (std  0.273)  jit  19.168 ms  reord  0.00%  rtt    0.00 ms    1,342 pkt  5 flow
  w6      1.016 Mbps (std  0.322)  jit  25.716 ms  reord  0.00%  rtt    0.00 ms    1,293 pkt  5 flow
  w7      0.643 Mbps (std  0.608)  jit  15.774 ms  reord  0.00%  rtt    0.00 ms      871 pkt  5 flow
  w8      1.085 Mbps (std  0.215)  jit  35.472 ms  reord  0.00%  rtt    0.00 ms    1,421 pkt  5 flow
  w9      1.080 Mbps (std  0.242)  jit  34.481 ms  reord  0.00%  rtt    0.00 ms    1,392 pkt  5 flow
  w10     0.894 Mbps (std  0.475)  jit  16.455 ms  reord  0.00%  rtt    0.00 ms    1,175 pkt  3 flow
  w11     0.574 Mbps (std  0.489)  jit  13.250 ms  reord  0.00%  rtt    0.00 ms      867 pkt  4 flow
  w12     0.852 Mbps (std  0.231)  jit  37.483 ms  reord  0.00%  rtt    0.00 ms    1,203 pkt  6 flow
  w13     0.817 Mbps (std  0.275)  jit  31.793 ms  reord  0.00%  rtt    0.00 ms    1,102 pkt  5 flow
  w14     0.854 Mbps (std  0.291)  jit  18.574 ms  reord  0.00%  rtt    0.00 ms    1,159 pkt  3 flow
  w15     0.616 Mbps (std  0.281)  jit  21.610 ms  reord  0.00%  rtt    0.00 ms      907 pkt  3 flow
  w16     0.588 Mbps (std  0.303)  jit  21.767 ms  reord  0.00%  rtt    0.00 ms      860 pkt  3 flow
  w17     0.584 Mbps (std  0.227)  jit  52.200 ms  reord  0.00%  rtt    0.00 ms      823 pkt  5 flow
  w18     1.838 Mbps (std 13.315)  jit  60.443 ms  reord  0.00%  rtt    0.00 ms    2,064 pkt  5 flow
  w19     0.462 Mbps (std  0.370)  jit  32.584 ms  reord  0.00%  rtt    0.00 ms      640 pkt  4 flow
  w20     0.383 Mbps (std  0.325)  jit  17.763 ms  reord  0.00%  rtt    0.00 ms      588 pkt  3 flow
  w21     0.188 Mbps (std  0.305)  jit  26.318 ms  reord  0.00%  rtt    0.00 ms      317 pkt  3 flow
  w22     0.166 Mbps (std  0.288)  jit  29.901 ms  reord  0.00%  rtt    0.00 ms      276 pkt  3 flow
  w23     0.169 Mbps (std  0.247)  jit  39.090 ms  reord  0.00%  rtt    0.00 ms      289 pkt  3 flow
  w24     0.202 Mbps (std  0.200)  jit  35.327 ms  reord  0.00%  rtt    0.00 ms      345 pkt  3 flow
  w25     0.202 Mbps (std  0.205)  jit  75.363 ms  reord  0.00%  rtt    0.00 ms      340 pkt  4 flow
  w26     0.200 Mbps (std  0.265)  jit  45.234 ms  reord  0.00%  rtt    0.00 ms      348 pkt  3 flow
  w27     0.159 Mbps (std  0.280)  jit  42.902 ms  reord  0.00%  rtt    0.00 ms      233 pkt  3 flow
  w28     0.098 Mbps (std  0.220)  jit  58.344 ms  reord  0.00%  rtt    0.00 ms      166 pkt  3 flow
  w29     0.141 Mbps (std  0.289)  jit  45.588 ms  reord  0.00%  rtt    0.00 ms      201 pkt  3 flow
  w30     0.089 Mbps (std  0.209)  jit  55.968 ms  reord  0.00%  rtt    0.00 ms      146 pkt  3 flow
  w31     0.140 Mbps (std  0.209)  jit 131.946 ms  reord  0.00%  rtt    0.00 ms      218 pkt  5 flow
  w32     0.138 Mbps (std  0.198)  jit 105.763 ms  reord  0.00%  rtt    0.00 ms      201 pkt  4 flow
  w33     0.043 Mbps (std  0.126)  jit  39.932 ms  reord  0.00%  rtt    0.00 ms      101 pkt  3 flow
  w34     0.001 Mbps (std  0.002)  jit   0.293 ms  reord  0.00%  rtt    0.00 ms        5 pkt  1 flow
  w35     0.001 Mbps (std  0.002)  jit   0.287 ms  reord  0.00%  rtt    0.00 ms        5 pkt  1 flow
  w36  (parsial, 5 cuplikan) 0.002 Mbps
>> selesai: 37 window -> qos_features.csv
>>          cuplikan mentah -> qos_samples.csv (untuk align_qos.py)
