>> run_id=CONT_s3_dynamic_TearsOfSteel | map=flows | poll=0.1s | window=10.0s -> qos_features.csv
>> menghitung SEMUA flow TCP yang lewat (Ctrl-C untuk berhenti)
>> XDP terpasang di eth0: prog id=7179
>> membaca 1 map bernama 'flows': id [1790]
>> entri awal di map: 0  (0 = belum ada trafik TCP yang tertangkap)
  w0      0.001 Mbps (std  0.002)  jit   0.020 ms  reord  0.00%  rtt    0.00 ms        5 pkt  1 flow
  w1      0.001 Mbps (std  0.002)  jit   0.116 ms  reord  0.00%  rtt    0.00 ms        5 pkt  1 flow
  w2      0.001 Mbps (std  0.002)  jit   0.199 ms  reord  0.00%  rtt    0.00 ms        5 pkt  1 flow
  w3      0.001 Mbps (std  0.003)  jit   0.216 ms  reord  0.00%  rtt    0.00 ms        6 pkt  1 flow
  w4      0.065 Mbps (std  0.237)  jit   4.039 ms  reord  0.00%  rtt    0.00 ms      101 pkt  4 flow
  w5      0.303 Mbps (std  0.274)  jit  54.655 ms  reord  0.00%  rtt    0.00 ms      367 pkt  5 flow
  w6      0.297 Mbps (std  0.266)  jit  50.474 ms  reord  0.00%  rtt    0.00 ms      416 pkt  3 flow
  w7      0.302 Mbps (std  0.244)  jit  43.038 ms  reord  0.00%  rtt    0.00 ms      444 pkt  3 flow
  w8      0.333 Mbps (std  0.206)  jit  39.748 ms  reord  0.00%  rtt    0.00 ms      549 pkt  5 flow
  w9      0.337 Mbps (std  0.232)  jit  66.544 ms  reord  0.00%  rtt    0.00 ms      505 pkt  5 flow
  w10     0.639 Mbps (std  0.441)  jit  24.295 ms  reord  0.00%  rtt    0.00 ms      860 pkt  3 flow
  w11     0.766 Mbps (std  0.245)  jit  23.207 ms  reord  0.00%  rtt    0.00 ms    1,048 pkt  4 flow
  w12     0.741 Mbps (std  0.315)  jit  40.445 ms  reord  0.00%  rtt    0.00 ms    1,005 pkt  5 flow
  w13     0.532 Mbps (std  0.651)  jit  12.200 ms  reord  0.00%  rtt    0.00 ms      754 pkt  3 flow
  w14     1.550 Mbps (std  0.244)  jit  17.847 ms  reord  0.00%  rtt    0.00 ms    1,952 pkt  5 flow
  w15     0.648 Mbps (std  0.769)  jit  17.567 ms  reord  0.00%  rtt    0.00 ms      855 pkt  5 flow
  w16     0.291 Mbps (std  0.502)  jit  13.453 ms  reord  0.00%  rtt    0.00 ms      411 pkt  3 flow
  w17     0.438 Mbps (std  0.573)  jit  20.344 ms  reord  0.00%  rtt    0.00 ms      620 pkt  5 flow
  w18     0.750 Mbps (std  0.538)  jit  26.760 ms  reord  0.00%  rtt    0.00 ms      925 pkt  5 flow
  w19     0.263 Mbps (std  0.477)  jit  16.413 ms  reord  0.00%  rtt    0.00 ms      396 pkt  3 flow
  w20     0.369 Mbps (std  0.501)  jit  19.653 ms  reord  0.00%  rtt    0.00 ms      545 pkt  2 flow
  w21     0.378 Mbps (std  0.479)  jit  16.073 ms  reord  0.00%  rtt    0.00 ms      575 pkt  3 flow
  w22     0.441 Mbps (std  0.513)  jit  15.933 ms  reord  0.00%  rtt    0.00 ms      666 pkt  3 flow
  w23     0.255 Mbps (std  0.431)  jit  15.119 ms  reord  0.00%  rtt    0.00 ms      393 pkt  2 flow
  w24     0.456 Mbps (std  0.511)  jit  18.598 ms  reord  0.00%  rtt    0.00 ms      674 pkt  3 flow
  w25     0.320 Mbps (std  0.323)  jit  41.626 ms  reord  0.00%  rtt    0.00 ms      504 pkt  3 flow
  w26     0.577 Mbps (std  0.317)  jit  28.712 ms  reord  0.00%  rtt    0.00 ms      830 pkt  3 flow
  w27     0.503 Mbps (std  0.373)  jit  30.057 ms  reord  0.00%  rtt    0.00 ms      746 pkt  3 flow
  w28     0.278 Mbps (std  0.388)  jit  32.247 ms  reord  0.00%  rtt    0.00 ms      418 pkt  3 flow
  w29     0.328 Mbps (std  0.393)  jit  42.778 ms  reord  0.00%  rtt    0.00 ms      474 pkt  3 flow
  w30     0.357 Mbps (std  0.336)  jit  44.425 ms  reord  0.00%  rtt    0.00 ms      484 pkt  4 flow
  w31     0.527 Mbps (std  0.305)  jit  31.581 ms  reord  0.00%  rtt    0.00 ms      744 pkt  3 flow
  w32     0.474 Mbps (std  0.295)  jit  30.721 ms  reord  0.00%  rtt    0.00 ms      729 pkt  5 flow
  w33     0.521 Mbps (std  0.299)  jit  60.666 ms  reord  0.00%  rtt    0.00 ms      668 pkt  5 flow
  w34     0.156 Mbps (std  0.341)  jit   9.587 ms  reord  0.00%  rtt    0.00 ms      198 pkt  2 flow
  w35     0.001 Mbps (std  0.002)  jit   0.224 ms  reord  0.00%  rtt    0.00 ms        5 pkt  1 flow
  w36  (parsial, 15 cuplikan) 0.001 Mbps
>> selesai: 37 window -> qos_features.csv
>>          cuplikan mentah -> qos_samples.csv (untuk align_qos.py)
