>> run_id=CONT_s4_l2a_OfForestAndMen | map=flows | poll=0.1s | window=10.0s -> qos_features.csv
>> menghitung SEMUA flow TCP yang lewat (Ctrl-C untuk berhenti)
>> XDP terpasang di eth0: prog id=5652
>> membaca 1 map bernama 'flows': id [1572]
>> entri awal di map: 0  (0 = belum ada trafik TCP yang tertangkap)
  w0      0.001 Mbps (std  0.002)  jit   0.017 ms  reord  0.00%  rtt    0.00 ms        5 pkt  1 flow
  w1      0.001 Mbps (std  0.002)  jit   0.047 ms  reord  0.00%  rtt    0.00 ms        5 pkt  1 flow
  w2      0.001 Mbps (std  0.002)  jit   0.098 ms  reord  0.00%  rtt    0.00 ms        5 pkt  1 flow
  w3      0.001 Mbps (std  0.002)  jit   0.148 ms  reord  0.00%  rtt    0.00 ms        5 pkt  1 flow
  w4      0.013 Mbps (std  0.049)  jit   1.987 ms  reord  0.00%  rtt    0.00 ms       45 pkt  3 flow
  w5      0.253 Mbps (std  0.151)  jit  21.202 ms  reord  0.00%  rtt    0.00 ms      451 pkt  4 flow
  w6      0.251 Mbps (std  0.298)  jit  40.571 ms  reord  0.00%  rtt    0.00 ms      352 pkt  3 flow
  w7      0.245 Mbps (std  0.287)  jit  41.340 ms  reord  0.00%  rtt    0.00 ms      319 pkt  3 flow
  w8      0.251 Mbps (std  0.308)  jit  43.809 ms  reord  0.00%  rtt    0.00 ms      334 pkt  3 flow
  w9      0.475 Mbps (std  0.326)  jit  23.105 ms  reord  0.00%  rtt    0.00 ms      703 pkt  3 flow
  w10     0.471 Mbps (std  0.286)  jit  28.115 ms  reord  0.00%  rtt    0.00 ms      679 pkt  3 flow
  w11     0.482 Mbps (std  0.260)  jit  22.780 ms  reord  0.00%  rtt    0.00 ms      746 pkt  4 flow
  w12     0.463 Mbps (std  0.296)  jit  24.149 ms  reord  0.00%  rtt    0.00 ms      689 pkt  3 flow
  w13     0.610 Mbps (std  0.225)  jit  39.925 ms  reord  0.00%  rtt    0.00 ms      817 pkt  5 flow
  w14     0.609 Mbps (std  0.219)  jit  57.657 ms  reord  0.00%  rtt    0.00 ms      849 pkt  5 flow
  w15     0.604 Mbps (std  0.241)  jit  59.007 ms  reord  0.00%  rtt    0.00 ms      843 pkt  4 flow
  w16     0.601 Mbps (std  0.295)  jit  18.133 ms  reord  0.00%  rtt    0.00 ms      912 pkt  3 flow
  w17    10.358 Mbps (std 41.115)  jit   0.719 ms  reord  0.00%  rtt    0.00 ms   10,864 pkt  3 flow
  w18     3.450 Mbps (std 19.352)  jit   0.900 ms  reord  0.00%  rtt    0.00 ms    3,601 pkt  2 flow
  w19     3.668 Mbps (std 14.603)  jit   7.235 ms  reord  0.00%  rtt    0.00 ms    3,802 pkt  3 flow
  w20     5.454 Mbps (std 18.874)  jit   8.094 ms  reord  0.00%  rtt    0.00 ms    5,692 pkt  4 flow
  w21     2.220 Mbps (std  9.018)  jit  28.897 ms  reord  0.00%  rtt    0.00 ms    2,400 pkt  4 flow
  w22     0.341 Mbps (std  0.117)  jit  27.917 ms  reord  0.00%  rtt    0.00 ms      539 pkt  3 flow
  w23     0.333 Mbps (std  0.282)  jit  30.064 ms  reord  0.00%  rtt    0.00 ms      492 pkt  3 flow
  w24     0.343 Mbps (std  0.136)  jit  35.852 ms  reord  0.00%  rtt    0.00 ms      512 pkt  3 flow
  w25     0.330 Mbps (std  0.180)  jit  31.392 ms  reord  0.00%  rtt    0.00 ms      522 pkt  3 flow
  w26     0.739 Mbps (std  0.303)  jit  18.847 ms  reord  0.00%  rtt    0.00 ms    1,045 pkt  3 flow
  w27     0.793 Mbps (std  0.227)  jit  32.859 ms  reord  0.00%  rtt    0.00 ms    1,123 pkt  5 flow
  w28     0.787 Mbps (std  0.307)  jit  34.106 ms  reord  0.00%  rtt    0.00 ms    1,115 pkt  5 flow
  w29     1.642 Mbps (std  0.262)  jit  17.077 ms  reord  0.00%  rtt    0.00 ms    2,073 pkt  5 flow
  w30     1.647 Mbps (std  0.222)  jit  24.018 ms  reord  0.00%  rtt    0.00 ms    2,105 pkt  6 flow
  w31     2.722 Mbps (std 13.909)  jit  26.067 ms  reord  0.00%  rtt    0.00 ms    3,155 pkt  5 flow
  w32     1.134 Mbps (std  0.230)  jit  33.232 ms  reord  0.00%  rtt    0.00 ms    1,502 pkt  5 flow
  w33     1.130 Mbps (std  0.291)  jit  35.329 ms  reord  0.00%  rtt    0.00 ms    1,500 pkt  5 flow
  w34     0.214 Mbps (std  0.451)  jit   6.902 ms  reord  0.00%  rtt    0.00 ms      287 pkt  5 flow
  w35     0.001 Mbps (std  0.003)  jit   0.335 ms  reord  0.00%  rtt    0.00 ms        6 pkt  1 flow
  w36  (parsial, 17 cuplikan) 0.001 Mbps
>> selesai: 37 window -> qos_features.csv
>>          cuplikan mentah -> qos_samples.csv (untuk align_qos.py)
