>> run_id=CONT_s1_l2a_TearsOfSteel | map=flows | poll=0.1s | window=10.0s -> qos_features.csv
>> menghitung SEMUA flow TCP yang lewat (Ctrl-C untuk berhenti)
>> XDP terpasang di eth0: prog id=6850
>> membaca 1 map bernama 'flows': id [1743]
>> entri awal di map: 0  (0 = belum ada trafik TCP yang tertangkap)
  w0      0.001 Mbps (std  0.002)  jit   0.045 ms  reord  0.00%  rtt    0.00 ms        5 pkt  1 flow
  w1      0.001 Mbps (std  0.002)  jit   0.160 ms  reord  0.00%  rtt    0.00 ms        5 pkt  1 flow
  w2      0.001 Mbps (std  0.002)  jit   0.161 ms  reord  0.00%  rtt    0.00 ms        5 pkt  1 flow
  w3      0.001 Mbps (std  0.002)  jit   0.197 ms  reord  0.00%  rtt    0.00 ms        5 pkt  1 flow
  w4      9.031 Mbps (std 49.499)  jit   0.506 ms  reord  0.00%  rtt    0.00 ms    9,430 pkt  4 flow
  w5     17.929 Mbps (std 66.267)  jit   7.686 ms  reord  0.00%  rtt    0.00 ms   18,554 pkt  4 flow
  w6     10.870 Mbps (std 48.643)  jit   2.741 ms  reord  0.00%  rtt    0.00 ms   11,205 pkt  2 flow
  w7      9.875 Mbps (std 48.453)  jit   0.487 ms  reord  0.00%  rtt    0.00 ms   10,189 pkt  2 flow
  w8      9.291 Mbps (std 45.498)  jit  13.676 ms  reord  0.00%  rtt    0.00 ms    9,597 pkt  4 flow
  w9      0.245 Mbps (std  0.138)  jit  42.210 ms  reord  0.00%  rtt    0.00 ms      419 pkt  3 flow
  w10     0.240 Mbps (std  0.121)  jit 104.309 ms  reord  0.00%  rtt    0.00 ms      364 pkt  5 flow
  w11     0.499 Mbps (std  2.071)  jit  80.016 ms  reord  0.00%  rtt    0.00 ms      667 pkt  6 flow
  w12     0.276 Mbps (std  0.195)  jit  89.575 ms  reord  0.00%  rtt    0.00 ms      402 pkt  5 flow
  w13     0.300 Mbps (std  0.162)  jit  35.342 ms  reord  0.00%  rtt    0.00 ms      501 pkt  3 flow
  w14     0.283 Mbps (std  0.151)  jit  44.205 ms  reord  0.00%  rtt    0.00 ms      434 pkt  3 flow
  w15     0.290 Mbps (std  0.135)  jit  35.937 ms  reord  0.00%  rtt    0.00 ms      477 pkt  4 flow
  w16     1.096 Mbps (std  4.236)  jit  56.603 ms  reord  0.00%  rtt    0.00 ms    1,269 pkt  5 flow
  w17     0.001 Mbps (std  0.002)  jit   0.229 ms  reord  0.00%  rtt    0.00 ms        5 pkt  1 flow
  w18     0.001 Mbps (std  0.002)  jit   0.212 ms  reord  0.00%  rtt    0.00 ms        5 pkt  1 flow
  w19     0.752 Mbps (std  0.701)  jit   7.918 ms  reord  0.00%  rtt    0.00 ms      797 pkt  3 flow
  w20     0.857 Mbps (std  0.689)  jit   9.143 ms  reord  0.00%  rtt    0.00 ms      910 pkt  4 flow
  w21     1.214 Mbps (std  0.503)  jit  12.581 ms  reord  0.00%  rtt    0.00 ms    1,275 pkt  3 flow
  w22     0.177 Mbps (std  0.465)  jit   2.230 ms  reord  0.00%  rtt    0.00 ms      188 pkt  3 flow
  w23     0.001 Mbps (std  0.002)  jit   0.288 ms  reord  0.00%  rtt    0.00 ms        5 pkt  1 flow
  w24     0.001 Mbps (std  0.002)  jit   0.242 ms  reord  0.00%  rtt    0.00 ms        5 pkt  1 flow
  w25     0.001 Mbps (std  0.002)  jit   0.201 ms  reord  0.00%  rtt    0.00 ms        5 pkt  1 flow
  w26     0.678 Mbps (std  0.384)  jit  18.786 ms  reord  0.00%  rtt    0.00 ms      749 pkt  3 flow
  w27     0.826 Mbps (std  0.245)  jit  22.664 ms  reord  0.00%  rtt    0.00 ms      908 pkt  3 flow
  w28     0.079 Mbps (std  0.240)  jit   2.743 ms  reord  0.00%  rtt    0.00 ms       88 pkt  2 flow
  w29     0.001 Mbps (std  0.002)  jit   0.203 ms  reord  0.00%  rtt    0.00 ms        5 pkt  1 flow
  w30     0.800 Mbps (std  0.920)  jit   4.925 ms  reord  0.00%  rtt    0.00 ms      853 pkt  3 flow
  w31     1.722 Mbps (std  0.470)  jit  12.412 ms  reord  0.00%  rtt    0.00 ms    1,823 pkt  4 flow
  w32     0.679 Mbps (std  0.889)  jit   7.406 ms  reord  0.00%  rtt    0.00 ms      719 pkt  3 flow
  w33     0.001 Mbps (std  0.002)  jit   0.239 ms  reord  0.00%  rtt    0.00 ms        5 pkt  1 flow
  w34     0.001 Mbps (std  0.002)  jit   0.252 ms  reord  0.00%  rtt    0.00 ms        5 pkt  1 flow
  w35     0.001 Mbps (std  0.002)  jit   0.291 ms  reord  0.00%  rtt    0.00 ms        5 pkt  1 flow
  w36  (parsial, 2 cuplikan) 0.005 Mbps
>> selesai: 37 window -> qos_features.csv
>>          cuplikan mentah -> qos_samples.csv (untuk align_qos.py)
