>> run_id=CONT_s13_throughput_Valkaama | map=flows | poll=0.1s | window=10.0s -> qos_features.csv
>> menghitung SEMUA flow TCP yang lewat (Ctrl-C untuk berhenti)
>> XDP terpasang di eth0: prog id=8197
>> membaca 1 map bernama 'flows': id [1935]
>> entri awal di map: 0  (0 = belum ada trafik TCP yang tertangkap)
  w0      0.001 Mbps (std  0.002)  jit   0.020 ms  reord  0.00%  rtt    0.00 ms        5 pkt  1 flow
  w1      0.001 Mbps (std  0.003)  jit   0.081 ms  reord  0.00%  rtt    0.00 ms        6 pkt  1 flow
  w2      0.001 Mbps (std  0.002)  jit   0.084 ms  reord  0.00%  rtt    0.00 ms        5 pkt  1 flow
  w3      0.001 Mbps (std  0.002)  jit   0.145 ms  reord  0.00%  rtt    0.00 ms        5 pkt  1 flow
  w4      0.121 Mbps (std  0.309)  jit   3.616 ms  reord  0.00%  rtt    0.00 ms      164 pkt  4 flow
  w5      0.518 Mbps (std  0.325)  jit  45.164 ms  reord  0.00%  rtt    0.00 ms      717 pkt  5 flow
  w6      0.393 Mbps (std  0.337)  jit  34.506 ms  reord  0.00%  rtt    0.00 ms      597 pkt  3 flow
  w7      0.331 Mbps (std  0.292)  jit  39.223 ms  reord  0.00%  rtt    0.00 ms      502 pkt  3 flow
  w8      0.303 Mbps (std  0.310)  jit  38.317 ms  reord  0.00%  rtt    0.00 ms      462 pkt  4 flow
  w9      0.208 Mbps (std  0.207)  jit  91.687 ms  reord  0.00%  rtt    0.00 ms      294 pkt  4 flow
  w10     0.193 Mbps (std  0.145)  jit 135.866 ms  reord  0.00%  rtt    0.00 ms      278 pkt  5 flow
  w11     0.347 Mbps (std  0.495)  jit  78.599 ms  reord  0.00%  rtt    0.00 ms      529 pkt  5 flow
  w12     0.269 Mbps (std  0.327)  jit  21.598 ms  reord  0.00%  rtt    0.00 ms      434 pkt  3 flow
  w13     0.187 Mbps (std  0.292)  jit  29.455 ms  reord  0.00%  rtt    0.00 ms      311 pkt  3 flow
  w14     0.456 Mbps (std  0.282)  jit  17.686 ms  reord  0.00%  rtt    0.00 ms      717 pkt  3 flow
  w15     0.687 Mbps (std  0.360)  jit  33.661 ms  reord  0.00%  rtt    0.00 ms      970 pkt  5 flow
  w16     0.966 Mbps (std  0.228)  jit  36.385 ms  reord  0.00%  rtt    0.00 ms    1,270 pkt  5 flow
  w17     0.962 Mbps (std  0.177)  jit  40.484 ms  reord  0.00%  rtt    0.00 ms    1,273 pkt  5 flow
  w18     0.973 Mbps (std  0.295)  jit  25.183 ms  reord  0.00%  rtt    0.00 ms    1,303 pkt  5 flow
  w19     1.780 Mbps (std  7.983)  jit  25.250 ms  reord  0.00%  rtt    0.00 ms    2,101 pkt  5 flow
  w20     0.829 Mbps (std  0.648)  jit  15.988 ms  reord  0.00%  rtt    0.00 ms    1,054 pkt  3 flow
  w21     1.274 Mbps (std  0.246)  jit  16.358 ms  reord  0.00%  rtt    0.00 ms    1,626 pkt  5 flow
  w22     1.277 Mbps (std  0.276)  jit  30.840 ms  reord  0.00%  rtt    0.00 ms    1,650 pkt  6 flow
  w23     1.278 Mbps (std  0.135)  jit  28.706 ms  reord  0.00%  rtt    0.00 ms    1,675 pkt  6 flow
  w24     2.623 Mbps (std  8.505)  jit  19.257 ms  reord  0.00%  rtt    0.00 ms    3,021 pkt  5 flow
  w25     3.215 Mbps (std  0.351)  jit   6.214 ms  reord  0.00%  rtt    0.00 ms    3,864 pkt  4 flow
  w26     3.213 Mbps (std  0.334)  jit   9.645 ms  reord  0.00%  rtt    0.00 ms    3,917 pkt  5 flow
  w27     3.217 Mbps (std  0.353)  jit  11.049 ms  reord  0.00%  rtt    0.00 ms    3,990 pkt  5 flow
  w28     2.455 Mbps (std  1.368)  jit   9.024 ms  reord  0.00%  rtt    0.00 ms    3,025 pkt  5 flow
  w29     2.935 Mbps (std  0.302)  jit   6.765 ms  reord  0.00%  rtt    0.00 ms    3,541 pkt  5 flow
  w30     2.941 Mbps (std  0.217)  jit  13.124 ms  reord  0.00%  rtt    0.00 ms    3,756 pkt  6 flow
  w31     2.597 Mbps (std  0.883)  jit  13.977 ms  reord  0.00%  rtt    0.00 ms    3,153 pkt  5 flow
  w32     1.531 Mbps (std  1.462)  jit   7.112 ms  reord  0.00%  rtt    0.00 ms    1,872 pkt  3 flow
  w33     2.324 Mbps (std  1.205)  jit   7.847 ms  reord  0.00%  rtt    0.00 ms    2,838 pkt  3 flow
  w34     0.001 Mbps (std  0.002)  jit   0.216 ms  reord  0.00%  rtt    0.00 ms        5 pkt  1 flow
  w35  (parsial, 96 cuplikan) 0.001 Mbps
>> selesai: 36 window -> qos_features.csv
>>          cuplikan mentah -> qos_samples.csv (untuk align_qos.py)
