>> run_id=CONT_s8_bola_TearsOfSteel | map=flows | poll=0.1s | window=10.0s -> qos_features.csv
>> menghitung SEMUA flow TCP yang lewat (Ctrl-C untuk berhenti)
>> XDP terpasang di eth0: prog id=5540
>> membaca 1 map bernama 'flows': id [1556]
>> entri awal di map: 1  (0 = belum ada trafik TCP yang tertangkap)
  w0      0.001 Mbps (std  0.002)  jit   0.033 ms  reord  0.00%  rtt    0.00 ms        5 pkt  1 flow
  w1      0.001 Mbps (std  0.004)  jit   0.113 ms  reord  0.00%  rtt    0.00 ms        8 pkt  1 flow
  w2      0.001 Mbps (std  0.003)  jit   0.174 ms  reord  0.00%  rtt    0.00 ms        6 pkt  1 flow
  w3      0.001 Mbps (std  0.002)  jit   0.180 ms  reord  0.00%  rtt    0.00 ms        5 pkt  1 flow
  w4      0.013 Mbps (std  0.056)  jit   1.933 ms  reord  0.00%  rtt    0.00 ms       45 pkt  4 flow
  w5      0.154 Mbps (std  0.204)  jit  48.004 ms  reord  0.00%  rtt    0.00 ms      312 pkt  4 flow
  w6      0.157 Mbps (std  0.173)  jit  55.390 ms  reord  0.00%  rtt    0.00 ms      239 pkt  3 flow
  w7      0.140 Mbps (std  0.227)  jit  44.297 ms  reord  0.00%  rtt    0.00 ms      200 pkt  3 flow
  w8      0.139 Mbps (std  0.211)  jit  69.814 ms  reord  0.00%  rtt    0.00 ms      179 pkt  3 flow
  w9      0.138 Mbps (std  0.210)  jit  54.370 ms  reord  0.00%  rtt    0.00 ms      211 pkt  3 flow
  w10     0.150 Mbps (std  0.296)  jit  43.745 ms  reord  0.00%  rtt    0.00 ms      203 pkt  3 flow
  w11     0.156 Mbps (std  0.102)  jit  41.844 ms  reord  0.00%  rtt    0.00 ms      273 pkt  4 flow
  w12     0.151 Mbps (std  0.082)  jit 129.012 ms  reord  0.00%  rtt    0.00 ms      270 pkt  5 flow
  w13     1.423 Mbps (std 10.246)  jit  97.884 ms  reord  0.00%  rtt    0.00 ms    1,512 pkt  3 flow
  w14     0.117 Mbps (std  0.127)  jit 117.508 ms  reord  0.00%  rtt    0.00 ms      177 pkt  3 flow
  w15     0.121 Mbps (std  0.256)  jit  53.174 ms  reord  0.00%  rtt    0.00 ms      158 pkt  3 flow
  w16     0.130 Mbps (std  0.200)  jit  71.138 ms  reord  0.00%  rtt    0.00 ms      178 pkt  2 flow
  w17     0.120 Mbps (std  0.144)  jit  59.811 ms  reord  0.00%  rtt    0.00 ms      193 pkt  3 flow
  w18     0.168 Mbps (std  0.185)  jit  42.628 ms  reord  0.00%  rtt    0.00 ms      272 pkt  3 flow
  w19     0.169 Mbps (std  0.142)  jit  62.433 ms  reord  0.00%  rtt    0.00 ms      289 pkt  4 flow
  w20     0.169 Mbps (std  0.260)  jit  39.377 ms  reord  0.00%  rtt    0.00 ms      242 pkt  3 flow
  w21     0.170 Mbps (std  0.275)  jit  60.411 ms  reord  0.00%  rtt    0.00 ms      238 pkt  3 flow
  w22     0.253 Mbps (std  0.394)  jit  69.322 ms  reord  0.00%  rtt    0.00 ms      392 pkt  4 flow
  w23     0.356 Mbps (std  0.237)  jit  22.506 ms  reord  0.00%  rtt    0.00 ms      543 pkt  3 flow
  w24     0.373 Mbps (std  0.291)  jit  37.041 ms  reord  0.00%  rtt    0.00 ms      502 pkt  4 flow
  w25     1.513 Mbps (std  8.649)  jit  72.515 ms  reord  0.00%  rtt    0.00 ms    1,697 pkt  5 flow
  w26     0.155 Mbps (std  0.129)  jit 144.319 ms  reord  0.00%  rtt    0.00 ms      227 pkt  4 flow
  w27     0.160 Mbps (std  0.194)  jit 101.900 ms  reord  0.00%  rtt    0.00 ms      228 pkt  6 flow
  w28     1.405 Mbps (std 12.347)  jit 123.735 ms  reord  0.00%  rtt    0.00 ms    1,536 pkt  5 flow
  w29     0.239 Mbps (std  0.226)  jit  82.295 ms  reord  0.00%  rtt    0.00 ms      332 pkt  4 flow
  w30     0.247 Mbps (std  0.271)  jit  84.165 ms  reord  0.00%  rtt    0.00 ms      341 pkt  4 flow
  w31     0.245 Mbps (std  0.239)  jit  86.000 ms  reord  0.00%  rtt    0.00 ms      354 pkt  4 flow
  w32     1.602 Mbps (std 10.922)  jit  80.427 ms  reord  0.00%  rtt    0.00 ms    1,800 pkt  4 flow
  w33     0.212 Mbps (std  0.308)  jit  59.644 ms  reord  0.00%  rtt    0.00 ms      300 pkt  4 flow
  w34     0.166 Mbps (std  0.236)  jit  32.929 ms  reord  0.00%  rtt    0.00 ms      244 pkt  3 flow
  w35     0.150 Mbps (std  0.151)  jit  24.848 ms  reord  0.00%  rtt    0.00 ms      239 pkt  3 flow
  w36  (parsial, 19 cuplikan) 0.001 Mbps
>> selesai: 37 window -> qos_features.csv
>>          cuplikan mentah -> qos_samples.csv (untuk align_qos.py)
