>> run_id=CONT_s10_bola_TearsOfSteel | map=flows | poll=0.1s | window=10.0s -> qos_features.csv
>> menghitung SEMUA flow TCP yang lewat (Ctrl-C untuk berhenti)
>> XDP terpasang di eth0: prog id=6696
>> membaca 1 map bernama 'flows': id [1721]
>> entri awal di map: 0  (0 = belum ada trafik TCP yang tertangkap)
  w0      0.001 Mbps (std  0.003)  jit   0.045 ms  reord  0.00%  rtt    0.00 ms        6 pkt  1 flow
  w1      0.001 Mbps (std  0.004)  jit   0.091 ms  reord  0.00%  rtt    0.00 ms        9 pkt  1 flow
  w2      0.001 Mbps (std  0.002)  jit   0.142 ms  reord  0.00%  rtt    0.00 ms        5 pkt  1 flow
  w3      0.001 Mbps (std  0.002)  jit   0.171 ms  reord  0.00%  rtt    0.00 ms        5 pkt  1 flow
  w4      0.087 Mbps (std  0.333)  jit   0.619 ms  reord  0.00%  rtt    0.00 ms      183 pkt  3 flow
  w5      1.023 Mbps (std  0.302)  jit  20.603 ms  reord  0.00%  rtt    0.00 ms    1,301 pkt  5 flow
  w6      1.015 Mbps (std  0.359)  jit  26.326 ms  reord  0.00%  rtt    0.00 ms    1,252 pkt  5 flow
  w7      0.848 Mbps (std  0.566)  jit  16.780 ms  reord  0.00%  rtt    0.00 ms    1,116 pkt  5 flow
  w8      1.082 Mbps (std  0.216)  jit  34.614 ms  reord  0.00%  rtt    0.00 ms    1,406 pkt  5 flow
  w9      1.082 Mbps (std  0.260)  jit  32.105 ms  reord  0.00%  rtt    0.00 ms    1,356 pkt  5 flow
  w10     0.849 Mbps (std  0.579)  jit  17.380 ms  reord  0.00%  rtt    0.00 ms    1,076 pkt  3 flow
  w11     0.927 Mbps (std  0.366)  jit  16.541 ms  reord  0.00%  rtt    0.00 ms    1,270 pkt  4 flow
  w12     0.859 Mbps (std  0.229)  jit  36.154 ms  reord  0.00%  rtt    0.00 ms    1,202 pkt  5 flow
  w13     0.836 Mbps (std  0.365)  jit  36.853 ms  reord  0.00%  rtt    0.00 ms    1,031 pkt  5 flow
  w14     0.484 Mbps (std  0.459)  jit  14.982 ms  reord  0.00%  rtt    0.00 ms      745 pkt  3 flow
  w15     0.494 Mbps (std  0.305)  jit  21.476 ms  reord  0.00%  rtt    0.00 ms      749 pkt  3 flow
  w16     0.589 Mbps (std  0.351)  jit  20.287 ms  reord  0.00%  rtt    0.00 ms      852 pkt  3 flow
  w17     0.584 Mbps (std  0.261)  jit  46.326 ms  reord  0.00%  rtt    0.00 ms      815 pkt  5 flow
  w18     1.893 Mbps (std 12.555)  jit  69.714 ms  reord  0.00%  rtt    0.00 ms    2,142 pkt  5 flow
  w19     0.461 Mbps (std  0.380)  jit  30.251 ms  reord  0.00%  rtt    0.00 ms      637 pkt  3 flow
  w20     0.455 Mbps (std  0.412)  jit  33.976 ms  reord  0.00%  rtt    0.00 ms      580 pkt  3 flow
  w21     0.460 Mbps (std  0.409)  jit  34.224 ms  reord  0.00%  rtt    0.00 ms      609 pkt  3 flow
  w22     0.461 Mbps (std  0.290)  jit  33.970 ms  reord  0.00%  rtt    0.00 ms      619 pkt  3 flow
  w23     0.348 Mbps (std  0.325)  jit  28.002 ms  reord  0.00%  rtt    0.00 ms      530 pkt  3 flow
  w24     0.197 Mbps (std  0.307)  jit  46.725 ms  reord  0.00%  rtt    0.00 ms      264 pkt  3 flow
  w25     0.201 Mbps (std  0.232)  jit  61.279 ms  reord  0.00%  rtt    0.00 ms      299 pkt  4 flow
  w26     0.207 Mbps (std  0.190)  jit  46.167 ms  reord  0.00%  rtt    0.00 ms      326 pkt  3 flow
  w27     0.154 Mbps (std  0.236)  jit  45.436 ms  reord  0.00%  rtt    0.00 ms      242 pkt  3 flow
  w28     0.146 Mbps (std  0.136)  jit  55.266 ms  reord  0.00%  rtt    0.00 ms      235 pkt  3 flow
  w29     0.146 Mbps (std  0.128)  jit  50.812 ms  reord  0.00%  rtt    0.00 ms      236 pkt  3 flow
  w30     0.144 Mbps (std  0.254)  jit  38.461 ms  reord  0.00%  rtt    0.00 ms      199 pkt  3 flow
  w31     0.145 Mbps (std  0.153)  jit 137.170 ms  reord  0.00%  rtt    0.00 ms      214 pkt  4 flow
  w32     0.144 Mbps (std  0.193)  jit 110.910 ms  reord  0.00%  rtt    0.00 ms      218 pkt  5 flow
  w33     0.133 Mbps (std  0.244)  jit  37.852 ms  reord  0.00%  rtt    0.00 ms      200 pkt  3 flow
  w34     0.011 Mbps (std  0.075)  jit   4.675 ms  reord  0.00%  rtt    0.00 ms       16 pkt  1 flow
  w35     0.001 Mbps (std  0.004)  jit   0.233 ms  reord  0.00%  rtt    0.00 ms        7 pkt  2 flow
  w36  (parsial, 7 cuplikan) 0.002 Mbps
>> selesai: 37 window -> qos_features.csv
>>          cuplikan mentah -> qos_samples.csv (untuk align_qos.py)
