>> run_id=CONT_s3_l2a_TearsOfSteel | map=flows | poll=0.1s | window=10.0s -> qos_features.csv
>> menghitung SEMUA flow TCP yang lewat (Ctrl-C untuk berhenti)
>> XDP terpasang di eth0: prog id=7803
>> membaca 1 map bernama 'flows': id [1879]
>> entri awal di map: 0  (0 = belum ada trafik TCP yang tertangkap)
  w0      0.001 Mbps (std  0.002)  jit   0.010 ms  reord  0.00%  rtt    0.00 ms        5 pkt  1 flow
  w1      0.001 Mbps (std  0.002)  jit   0.072 ms  reord  0.00%  rtt    0.00 ms        5 pkt  1 flow
  w2      0.001 Mbps (std  0.002)  jit   0.134 ms  reord  0.00%  rtt    0.00 ms        5 pkt  1 flow
  w3      0.001 Mbps (std  0.002)  jit   0.183 ms  reord  0.00%  rtt    0.00 ms        5 pkt  1 flow
  w4      0.058 Mbps (std  0.225)  jit   3.884 ms  reord  0.00%  rtt    0.00 ms       92 pkt  4 flow
  w5      0.305 Mbps (std  0.280)  jit  57.041 ms  reord  0.00%  rtt    0.00 ms      368 pkt  5 flow
  w6      0.301 Mbps (std  0.231)  jit  47.865 ms  reord  0.00%  rtt    0.00 ms      446 pkt  3 flow
  w7      0.287 Mbps (std  0.199)  jit  38.619 ms  reord  0.00%  rtt    0.00 ms      432 pkt  3 flow
  w8      0.342 Mbps (std  0.325)  jit  42.874 ms  reord  0.00%  rtt    0.00 ms      476 pkt  4 flow
  w9      0.331 Mbps (std  0.243)  jit  66.832 ms  reord  0.00%  rtt    0.00 ms      480 pkt  4 flow
  w10     0.645 Mbps (std  0.364)  jit  24.170 ms  reord  0.00%  rtt    0.00 ms      943 pkt  3 flow
  w11     0.762 Mbps (std  0.345)  jit  22.036 ms  reord  0.00%  rtt    0.00 ms    1,005 pkt  3 flow
  w12     0.732 Mbps (std  0.237)  jit  37.343 ms  reord  0.00%  rtt    0.00 ms    1,039 pkt  6 flow
  w13     0.942 Mbps (std  0.661)  jit  13.048 ms  reord  0.00%  rtt    0.00 ms    1,266 pkt  3 flow
  w14     1.548 Mbps (std  0.214)  jit  16.936 ms  reord  0.00%  rtt    0.00 ms    1,976 pkt  5 flow
  w15     1.194 Mbps (std  0.697)  jit  14.929 ms  reord  0.00%  rtt    0.00 ms    1,505 pkt  5 flow
  w16     0.966 Mbps (std  0.347)  jit  18.747 ms  reord  0.00%  rtt    0.00 ms    1,248 pkt  3 flow
  w17     1.029 Mbps (std  0.300)  jit  17.873 ms  reord  0.00%  rtt    0.00 ms    1,305 pkt  5 flow
  w18     1.026 Mbps (std  0.330)  jit  27.942 ms  reord  0.00%  rtt    0.00 ms    1,291 pkt  5 flow
  w19     1.024 Mbps (std  0.298)  jit  17.886 ms  reord  0.00%  rtt    0.00 ms    1,295 pkt  3 flow
  w20     0.899 Mbps (std  0.324)  jit  19.201 ms  reord  0.00%  rtt    0.00 ms    1,163 pkt  3 flow
  w21     0.862 Mbps (std  0.274)  jit  19.808 ms  reord  0.00%  rtt    0.00 ms    1,148 pkt  3 flow
  w22     0.832 Mbps (std  0.287)  jit  16.648 ms  reord  0.00%  rtt    0.00 ms    1,158 pkt  3 flow
  w23     0.579 Mbps (std  0.473)  jit  14.829 ms  reord  0.00%  rtt    0.00 ms      844 pkt  3 flow
  w24     0.840 Mbps (std  0.299)  jit  19.895 ms  reord  0.00%  rtt    0.00 ms    1,109 pkt  3 flow
  w25     0.514 Mbps (std  0.302)  jit  35.533 ms  reord  0.00%  rtt    0.00 ms      752 pkt  3 flow
  w26     0.531 Mbps (std  0.374)  jit  29.219 ms  reord  0.00%  rtt    0.00 ms      770 pkt  3 flow
  w27     0.565 Mbps (std  0.324)  jit  29.352 ms  reord  0.00%  rtt    0.00 ms      809 pkt  3 flow
  w28     0.574 Mbps (std  0.364)  jit  25.628 ms  reord  0.00%  rtt    0.00 ms      797 pkt  3 flow
  w29     0.477 Mbps (std  0.423)  jit  26.643 ms  reord  0.00%  rtt    0.00 ms      665 pkt  3 flow
  w30     0.419 Mbps (std  0.374)  jit  39.762 ms  reord  0.00%  rtt    0.00 ms      596 pkt  5 flow
  w31     0.526 Mbps (std  0.377)  jit  33.128 ms  reord  0.00%  rtt    0.00 ms      726 pkt  4 flow
  w32     0.524 Mbps (std  0.268)  jit  24.958 ms  reord  0.00%  rtt    0.00 ms      789 pkt  5 flow
  w33     0.519 Mbps (std  0.291)  jit  56.251 ms  reord  0.00%  rtt    0.00 ms      706 pkt  5 flow
  w34     0.175 Mbps (std  0.348)  jit   9.154 ms  reord  0.00%  rtt    0.00 ms      248 pkt  3 flow
  w35     0.001 Mbps (std  0.002)  jit   0.204 ms  reord  0.00%  rtt    0.00 ms        5 pkt  1 flow
  w36  (parsial, 17 cuplikan) 0.001 Mbps
>> selesai: 37 window -> qos_features.csv
>>          cuplikan mentah -> qos_samples.csv (untuk align_qos.py)
