>> run_id=CONT_s10_l2a_OfForestAndMen | map=flows | poll=0.1s | window=10.0s -> qos_features.csv
>> menghitung SEMUA flow TCP yang lewat (Ctrl-C untuk berhenti)
>> XDP terpasang di eth0: prog id=5554
>> membaca 1 map bernama 'flows': id [1558]
>> entri awal di map: 0  (0 = belum ada trafik TCP yang tertangkap)
  w0      0.001 Mbps (std  0.002)  jit   0.010 ms  reord  0.00%  rtt    0.00 ms        5 pkt  1 flow
  w1      0.001 Mbps (std  0.002)  jit   0.078 ms  reord  0.00%  rtt    0.00 ms        5 pkt  1 flow
  w2      0.001 Mbps (std  0.002)  jit   0.113 ms  reord  0.00%  rtt    0.00 ms        6 pkt  1 flow
  w3      0.001 Mbps (std  0.002)  jit   0.175 ms  reord  0.00%  rtt    0.00 ms        5 pkt  1 flow
  w4      0.077 Mbps (std  0.274)  jit   0.772 ms  reord  0.00%  rtt    0.00 ms      160 pkt  3 flow
  w5      1.023 Mbps (std  0.279)  jit  18.091 ms  reord  0.00%  rtt    0.00 ms    1,352 pkt  4 flow
  w6      1.022 Mbps (std  0.280)  jit  22.949 ms  reord  0.00%  rtt    0.00 ms    1,334 pkt  5 flow
  w7      1.108 Mbps (std  0.401)  jit  16.851 ms  reord  0.00%  rtt    0.00 ms    1,428 pkt  4 flow
  w8      1.085 Mbps (std  0.232)  jit  33.028 ms  reord  0.00%  rtt    0.00 ms    1,442 pkt  5 flow
  w9      1.084 Mbps (std  0.237)  jit  32.645 ms  reord  0.00%  rtt    0.00 ms    1,445 pkt  5 flow
  w10     1.076 Mbps (std  0.242)  jit  17.099 ms  reord  0.00%  rtt    0.00 ms    1,368 pkt  3 flow
  w11     0.931 Mbps (std  0.303)  jit  16.268 ms  reord  0.00%  rtt    0.00 ms    1,301 pkt  3 flow
  w12     0.857 Mbps (std  0.191)  jit  35.246 ms  reord  0.00%  rtt    0.00 ms    1,204 pkt  5 flow
  w13     0.855 Mbps (std  0.301)  jit  30.770 ms  reord  0.00%  rtt    0.00 ms    1,171 pkt  5 flow
  w14     0.853 Mbps (std  0.262)  jit  17.508 ms  reord  0.00%  rtt    0.00 ms    1,186 pkt  3 flow
  w15     0.599 Mbps (std  0.249)  jit  19.432 ms  reord  0.00%  rtt    0.00 ms      893 pkt  3 flow
  w16     0.585 Mbps (std  0.296)  jit  18.926 ms  reord  0.00%  rtt    0.00 ms      869 pkt  3 flow
  w17     0.586 Mbps (std  0.145)  jit  40.610 ms  reord  0.00%  rtt    0.00 ms      890 pkt  5 flow
  w18     1.802 Mbps (std 13.013)  jit  62.284 ms  reord  0.00%  rtt    0.00 ms    2,049 pkt  5 flow
  w19     0.458 Mbps (std  0.343)  jit  26.486 ms  reord  0.00%  rtt    0.00 ms      664 pkt  3 flow
  w20     0.463 Mbps (std  0.225)  jit  27.184 ms  reord  0.00%  rtt    0.00 ms      696 pkt  3 flow
  w21     0.460 Mbps (std  0.326)  jit  21.909 ms  reord  0.00%  rtt    0.00 ms      663 pkt  3 flow
  w22     0.461 Mbps (std  0.250)  jit  29.449 ms  reord  0.00%  rtt    0.00 ms      678 pkt  3 flow
  w23     0.315 Mbps (std  0.308)  jit  37.049 ms  reord  0.00%  rtt    0.00 ms      449 pkt  3 flow
  w24     0.205 Mbps (std  0.203)  jit  53.938 ms  reord  0.00%  rtt    0.00 ms      347 pkt  3 flow
  w25     0.201 Mbps (std  0.242)  jit  68.895 ms  reord  0.00%  rtt    0.00 ms      312 pkt  4 flow
  w26     0.201 Mbps (std  0.244)  jit  53.831 ms  reord  0.00%  rtt    0.00 ms      320 pkt  3 flow
  w27     0.160 Mbps (std  0.214)  jit  39.212 ms  reord  0.00%  rtt    0.00 ms      262 pkt  3 flow
  w28     0.124 Mbps (std  0.267)  jit  38.977 ms  reord  0.00%  rtt    0.00 ms      177 pkt  3 flow
  w29     0.140 Mbps (std  0.240)  jit  59.355 ms  reord  0.00%  rtt    0.00 ms      219 pkt  3 flow
  w30     0.141 Mbps (std  0.190)  jit  54.089 ms  reord  0.00%  rtt    0.00 ms      237 pkt  3 flow
  w31     0.149 Mbps (std  0.173)  jit  95.353 ms  reord  0.00%  rtt    0.00 ms      238 pkt  5 flow
  w32     0.149 Mbps (std  0.208)  jit 110.292 ms  reord  0.00%  rtt    0.00 ms      222 pkt  4 flow
  w33     0.111 Mbps (std  0.181)  jit  71.667 ms  reord  0.00%  rtt    0.00 ms      197 pkt  3 flow
  w34     0.001 Mbps (std  0.002)  jit   0.972 ms  reord  0.00%  rtt    0.00 ms        6 pkt  1 flow
  w35     0.001 Mbps (std  0.002)  jit   0.300 ms  reord  0.00%  rtt    0.00 ms        5 pkt  1 flow
  w36  (parsial, 7 cuplikan) 0.002 Mbps
>> selesai: 37 window -> qos_features.csv
>>          cuplikan mentah -> qos_samples.csv (untuk align_qos.py)
