>> run_id=CONT_s10_dynamic_ElephantsDream | map=flows | poll=0.1s | window=10.0s -> qos_features.csv
>> menghitung SEMUA flow TCP yang lewat (Ctrl-C untuk berhenti)
>> XDP terpasang di eth0: prog id=5771
>> membaca 1 map bernama 'flows': id [1589]
>> entri awal di map: 0  (0 = belum ada trafik TCP yang tertangkap)
  w0      0.001 Mbps (std  0.002)  jit   0.024 ms  reord  0.00%  rtt    0.00 ms        5 pkt  1 flow
  w1      0.001 Mbps (std  0.002)  jit   0.074 ms  reord  0.00%  rtt    0.00 ms        5 pkt  1 flow
  w2      0.001 Mbps (std  0.002)  jit   0.118 ms  reord  0.00%  rtt    0.00 ms        5 pkt  1 flow
  w3      0.001 Mbps (std  0.002)  jit   0.122 ms  reord  0.00%  rtt    0.00 ms        5 pkt  1 flow
  w4      0.120 Mbps (std  0.353)  jit   1.191 ms  reord  0.00%  rtt    0.00 ms      257 pkt  4 flow
  w5      1.025 Mbps (std  0.282)  jit  17.803 ms  reord  0.00%  rtt    0.00 ms    1,384 pkt  4 flow
  w6      1.018 Mbps (std  0.298)  jit  24.263 ms  reord  0.00%  rtt    0.00 ms    1,327 pkt  5 flow
  w7      1.073 Mbps (std  0.330)  jit  18.554 ms  reord  0.00%  rtt    0.00 ms    1,357 pkt  5 flow
  w8      1.082 Mbps (std  0.220)  jit  35.036 ms  reord  0.00%  rtt    0.00 ms    1,389 pkt  5 flow
  w9      1.080 Mbps (std  0.242)  jit  33.770 ms  reord  0.00%  rtt    0.00 ms    1,381 pkt  5 flow
  w10     0.879 Mbps (std  0.520)  jit  16.892 ms  reord  0.00%  rtt    0.00 ms    1,096 pkt  3 flow
  w11     0.884 Mbps (std  0.297)  jit  17.533 ms  reord  0.00%  rtt    0.00 ms    1,203 pkt  4 flow
  w12     0.863 Mbps (std  0.175)  jit  36.420 ms  reord  0.00%  rtt    0.00 ms    1,221 pkt  5 flow
  w13     0.851 Mbps (std  0.251)  jit  34.014 ms  reord  0.00%  rtt    0.00 ms    1,142 pkt  5 flow
  w14     0.853 Mbps (std  0.377)  jit  20.909 ms  reord  0.00%  rtt    0.00 ms    1,121 pkt  3 flow
  w15     0.627 Mbps (std  0.369)  jit  18.236 ms  reord  0.00%  rtt    0.00 ms      940 pkt  3 flow
  w16     0.585 Mbps (std  0.276)  jit  21.652 ms  reord  0.00%  rtt    0.00 ms      856 pkt  3 flow
  w17     0.582 Mbps (std  0.173)  jit  47.138 ms  reord  0.00%  rtt    0.00 ms      822 pkt  5 flow
  w18     1.091 Mbps (std  5.088)  jit  69.380 ms  reord  0.00%  rtt    0.00 ms    1,334 pkt  4 flow
  w19     0.461 Mbps (std  0.372)  jit  31.450 ms  reord  0.00%  rtt    0.00 ms      647 pkt  3 flow
  w20     0.402 Mbps (std  0.290)  jit  24.498 ms  reord  0.00%  rtt    0.00 ms      598 pkt  3 flow
  w21     0.392 Mbps (std  0.266)  jit  21.575 ms  reord  0.00%  rtt    0.00 ms      641 pkt  3 flow
  w22     0.461 Mbps (std  0.269)  jit  23.010 ms  reord  0.00%  rtt    0.00 ms      699 pkt  3 flow
  w23     0.311 Mbps (std  0.280)  jit  37.166 ms  reord  0.00%  rtt    0.00 ms      466 pkt  3 flow
  w24     0.198 Mbps (std  0.195)  jit  55.169 ms  reord  0.00%  rtt    0.00 ms      315 pkt  3 flow
  w25     0.190 Mbps (std  0.232)  jit  59.861 ms  reord  0.00%  rtt    0.00 ms      319 pkt  4 flow
  w26     0.200 Mbps (std  0.275)  jit  50.745 ms  reord  0.00%  rtt    0.00 ms      322 pkt  3 flow
  w27     0.116 Mbps (std  0.192)  jit  43.774 ms  reord  0.00%  rtt    0.00 ms      211 pkt  3 flow
  w28     0.121 Mbps (std  0.223)  jit  62.546 ms  reord  0.00%  rtt    0.00 ms      204 pkt  4 flow
  w29     0.128 Mbps (std  0.173)  jit  50.860 ms  reord  0.00%  rtt    0.00 ms      227 pkt  3 flow
  w30     0.141 Mbps (std  0.231)  jit  47.235 ms  reord  0.00%  rtt    0.00 ms      231 pkt  4 flow
  w31     0.152 Mbps (std  0.156)  jit 112.062 ms  reord  0.00%  rtt    0.00 ms      247 pkt  4 flow
  w32     0.119 Mbps (std  0.204)  jit  87.986 ms  reord  0.00%  rtt    0.00 ms      176 pkt  3 flow
  w33     0.003 Mbps (std  0.010)  jit  31.676 ms  reord  0.00%  rtt    0.00 ms       25 pkt  2 flow
  w34     0.001 Mbps (std  0.003)  jit   0.373 ms  reord  0.00%  rtt    0.00 ms        6 pkt  1 flow
  w35  (parsial, 99 cuplikan) 0.001 Mbps
>> selesai: 36 window -> qos_features.csv
>>          cuplikan mentah -> qos_samples.csv (untuk align_qos.py)
