>> run_id=CONT_s13_throughput_OfForestAndMen | map=flows | poll=0.1s | window=10.0s -> qos_features.csv
>> menghitung SEMUA flow TCP yang lewat (Ctrl-C untuk berhenti)
>> XDP terpasang di eth0: prog id=7158
>> membaca 1 map bernama 'flows': id [1787]
>> entri awal di map: 0  (0 = belum ada trafik TCP yang tertangkap)
  w0      0.001 Mbps (std  0.002)  jit   0.007 ms  reord  0.00%  rtt    0.00 ms        5 pkt  1 flow
  w1      0.001 Mbps (std  0.002)  jit   0.040 ms  reord  0.00%  rtt    0.00 ms        5 pkt  1 flow
  w2      0.001 Mbps (std  0.002)  jit   0.097 ms  reord  0.00%  rtt    0.00 ms        5 pkt  1 flow
  w3      0.001 Mbps (std  0.002)  jit   0.143 ms  reord  0.00%  rtt    0.00 ms        5 pkt  1 flow
  w4      0.131 Mbps (std  0.329)  jit   3.902 ms  reord  0.00%  rtt    0.00 ms      179 pkt  5 flow
  w5      0.545 Mbps (std  0.340)  jit  32.229 ms  reord  0.00%  rtt    0.00 ms      798 pkt  5 flow
  w6      0.315 Mbps (std  0.247)  jit  40.514 ms  reord  0.00%  rtt    0.00 ms      519 pkt  3 flow
  w7      0.388 Mbps (std  0.327)  jit  39.651 ms  reord  0.00%  rtt    0.00 ms      590 pkt  3 flow
  w8      0.406 Mbps (std  0.276)  jit  35.089 ms  reord  0.00%  rtt    0.00 ms      647 pkt  4 flow
  w9      0.216 Mbps (std  0.193)  jit  93.942 ms  reord  0.00%  rtt    0.00 ms      339 pkt  4 flow
  w10     0.191 Mbps (std  0.150)  jit 118.194 ms  reord  0.00%  rtt    0.00 ms      285 pkt  5 flow
  w11     0.328 Mbps (std  0.427)  jit  88.200 ms  reord  0.00%  rtt    0.00 ms      529 pkt  4 flow
  w12     0.234 Mbps (std  0.314)  jit  24.080 ms  reord  0.00%  rtt    0.00 ms      381 pkt  3 flow
  w13     0.131 Mbps (std  0.283)  jit  23.172 ms  reord  0.00%  rtt    0.00 ms      213 pkt  3 flow
  w14     0.447 Mbps (std  0.267)  jit  31.602 ms  reord  0.00%  rtt    0.00 ms      663 pkt  3 flow
  w15     2.284 Mbps (std 15.769)  jit  27.627 ms  reord  0.00%  rtt    0.00 ms    2,544 pkt  5 flow
  w16     0.970 Mbps (std  0.271)  jit  37.490 ms  reord  0.00%  rtt    0.00 ms    1,235 pkt  6 flow
  w17     0.968 Mbps (std  0.147)  jit  37.762 ms  reord  0.00%  rtt    0.00 ms    1,281 pkt  5 flow
  w18     0.967 Mbps (std  0.330)  jit  28.045 ms  reord  0.00%  rtt    0.00 ms    1,263 pkt  5 flow
  w19     2.536 Mbps (std 12.439)  jit  26.120 ms  reord  0.00%  rtt    0.00 ms    2,842 pkt  4 flow
  w20     0.512 Mbps (std  0.647)  jit  15.447 ms  reord  0.00%  rtt    0.00 ms      680 pkt  3 flow
  w21     0.630 Mbps (std  0.672)  jit  13.724 ms  reord  0.00%  rtt    0.00 ms      813 pkt  3 flow
  w22     1.275 Mbps (std  0.219)  jit  35.748 ms  reord  0.00%  rtt    0.00 ms    1,595 pkt  5 flow
  w23     1.276 Mbps (std  0.287)  jit  31.459 ms  reord  0.00%  rtt    0.00 ms    1,659 pkt  5 flow
  w24     2.652 Mbps (std 11.230)  jit  17.726 ms  reord  0.00%  rtt    0.00 ms    3,095 pkt  5 flow
  w25     0.735 Mbps (std  1.368)  jit   5.784 ms  reord  0.00%  rtt    0.00 ms      984 pkt  3 flow
  w26     2.257 Mbps (std  1.344)  jit  12.476 ms  reord  0.00%  rtt    0.00 ms    2,588 pkt  5 flow
  w27     3.219 Mbps (std  0.328)  jit  11.110 ms  reord  0.00%  rtt    0.00 ms    3,985 pkt  5 flow
  w28     3.410 Mbps (std  1.567)  jit   9.117 ms  reord  0.00%  rtt    0.00 ms    4,141 pkt  5 flow
  w29     2.933 Mbps (std  0.329)  jit   6.783 ms  reord  0.00%  rtt    0.00 ms    3,552 pkt  5 flow
  w30     2.938 Mbps (std  0.299)  jit  13.310 ms  reord  0.00%  rtt    0.00 ms    3,707 pkt  6 flow
  w31     2.929 Mbps (std  0.324)  jit  14.000 ms  reord  0.00%  rtt    0.00 ms    3,658 pkt  5 flow
  w32     2.659 Mbps (std  0.884)  jit   6.771 ms  reord  0.00%  rtt    0.00 ms    3,221 pkt  3 flow
  w33     2.656 Mbps (std  0.914)  jit   6.029 ms  reord  0.00%  rtt    0.00 ms    3,218 pkt  3 flow
  w34     0.001 Mbps (std  0.003)  jit   0.200 ms  reord  0.00%  rtt    0.00 ms        8 pkt  1 flow
  w35  (parsial, 93 cuplikan) 0.001 Mbps
>> selesai: 36 window -> qos_features.csv
>>          cuplikan mentah -> qos_samples.csv (untuk align_qos.py)
