>> run_id=CONT_s3_throughput_TheSwissAccount | map=flows | poll=0.1s | window=10.0s -> qos_features.csv
>> menghitung SEMUA flow TCP yang lewat (Ctrl-C untuk berhenti)
>> XDP terpasang di eth0: prog id=5680
>> membaca 1 map bernama 'flows': id [1576]
>> entri awal di map: 0  (0 = belum ada trafik TCP yang tertangkap)
  w0      0.001 Mbps (std  0.003)  jit   0.020 ms  reord  0.00%  rtt    0.00 ms        7 pkt  1 flow
  w1      0.001 Mbps (std  0.003)  jit   0.116 ms  reord  0.00%  rtt    0.00 ms        8 pkt  1 flow
  w2      0.001 Mbps (std  0.002)  jit   0.141 ms  reord  0.00%  rtt    0.00 ms        5 pkt  1 flow
  w3      0.001 Mbps (std  0.002)  jit   0.222 ms  reord  0.00%  rtt    0.00 ms        5 pkt  1 flow
  w4      0.064 Mbps (std  0.230)  jit   4.416 ms  reord  0.00%  rtt    0.00 ms       98 pkt  4 flow
  w5      0.301 Mbps (std  0.212)  jit  73.106 ms  reord  0.00%  rtt    0.00 ms      423 pkt  6 flow
  w6      0.304 Mbps (std  0.390)  jit  43.529 ms  reord  0.00%  rtt    0.00 ms      390 pkt  3 flow
  w7      0.195 Mbps (std  0.322)  jit  34.097 ms  reord  0.00%  rtt    0.00 ms      308 pkt  3 flow
  w8      0.339 Mbps (std  0.233)  jit  45.049 ms  reord  0.00%  rtt    0.00 ms      557 pkt  4 flow
  w9      0.318 Mbps (std  0.186)  jit  62.991 ms  reord  0.00%  rtt    0.00 ms      521 pkt  4 flow
  w10     0.649 Mbps (std  0.406)  jit  23.648 ms  reord  0.00%  rtt    0.00 ms      924 pkt  3 flow
  w11     0.603 Mbps (std  0.411)  jit  13.379 ms  reord  0.00%  rtt    0.00 ms      874 pkt  3 flow
  w12     0.738 Mbps (std  0.325)  jit  29.755 ms  reord  0.00%  rtt    0.00 ms    1,044 pkt  5 flow
  w13     0.655 Mbps (std  0.597)  jit  13.332 ms  reord  0.00%  rtt    0.00 ms      890 pkt  3 flow
  w14     0.905 Mbps (std  0.774)  jit  19.899 ms  reord  0.00%  rtt    0.00 ms    1,128 pkt  5 flow
  w15     1.231 Mbps (std  0.629)  jit  17.202 ms  reord  0.00%  rtt    0.00 ms    1,545 pkt  4 flow
  w16     1.025 Mbps (std  0.342)  jit  17.563 ms  reord  0.00%  rtt    0.00 ms    1,339 pkt  3 flow
  w17     0.989 Mbps (std  0.331)  jit  16.357 ms  reord  0.00%  rtt    0.00 ms    1,317 pkt  4 flow
  w18     0.881 Mbps (std  0.428)  jit  27.468 ms  reord  0.00%  rtt    0.00 ms    1,172 pkt  5 flow
  w19     0.797 Mbps (std  0.447)  jit  17.168 ms  reord  0.00%  rtt    0.00 ms    1,077 pkt  3 flow
  w20     0.560 Mbps (std  0.585)  jit  16.517 ms  reord  0.00%  rtt    0.00 ms      770 pkt  3 flow
  w21     0.759 Mbps (std  0.334)  jit  14.111 ms  reord  0.00%  rtt    0.00 ms    1,117 pkt  3 flow
  w22     0.650 Mbps (std  0.417)  jit  14.985 ms  reord  0.00%  rtt    0.00 ms      970 pkt  3 flow
  w23     0.761 Mbps (std  0.391)  jit  15.776 ms  reord  0.00%  rtt    0.00 ms    1,084 pkt  3 flow
  w24     0.646 Mbps (std  0.421)  jit  17.099 ms  reord  0.00%  rtt    0.00 ms      917 pkt  3 flow
  w25     0.506 Mbps (std  0.323)  jit  36.229 ms  reord  0.00%  rtt    0.00 ms      742 pkt  3 flow
  w26     0.569 Mbps (std  0.360)  jit  28.261 ms  reord  0.00%  rtt    0.00 ms      829 pkt  3 flow
  w27     0.533 Mbps (std  0.303)  jit  30.648 ms  reord  0.00%  rtt    0.00 ms      792 pkt  3 flow
  w28     0.529 Mbps (std  0.388)  jit  33.182 ms  reord  0.00%  rtt    0.00 ms      773 pkt  3 flow
  w29     0.469 Mbps (std  0.298)  jit  35.783 ms  reord  0.00%  rtt    0.00 ms      741 pkt  3 flow
  w30     0.442 Mbps (std  0.352)  jit  33.078 ms  reord  0.00%  rtt    0.00 ms      640 pkt  5 flow
  w31     0.376 Mbps (std  0.323)  jit  24.227 ms  reord  0.00%  rtt    0.00 ms      608 pkt  3 flow
  w32     0.527 Mbps (std  0.222)  jit  32.693 ms  reord  0.00%  rtt    0.00 ms      785 pkt  5 flow
  w33     0.522 Mbps (std  0.236)  jit  55.857 ms  reord  0.00%  rtt    0.00 ms      740 pkt  5 flow
  w34     0.002 Mbps (std  0.010)  jit  11.844 ms  reord  0.00%  rtt    0.00 ms       21 pkt  2 flow
  w35     0.001 Mbps (std  0.003)  jit   0.264 ms  reord  0.00%  rtt    0.00 ms        8 pkt  1 flow
  w36  (parsial, 14 cuplikan) 0.002 Mbps
>> selesai: 37 window -> qos_features.csv
>>          cuplikan mentah -> qos_samples.csv (untuk align_qos.py)
