>> run_id=CONT_s3_throughput_Valkaama | map=flows | poll=0.1s | window=10.0s -> qos_features.csv
>> menghitung SEMUA flow TCP yang lewat (Ctrl-C untuk berhenti)
>> XDP terpasang di eth0: prog id=6808
>> membaca 1 map bernama 'flows': id [1737]
>> entri awal di map: 0  (0 = belum ada trafik TCP yang tertangkap)
  w0      0.001 Mbps (std  0.002)  jit   0.029 ms  reord  0.00%  rtt    0.00 ms        5 pkt  1 flow
  w1      0.001 Mbps (std  0.002)  jit   0.086 ms  reord  0.00%  rtt    0.00 ms        5 pkt  1 flow
  w2      0.001 Mbps (std  0.003)  jit   0.130 ms  reord  0.00%  rtt    0.00 ms        6 pkt  1 flow
  w3      0.001 Mbps (std  0.002)  jit   0.143 ms  reord  0.00%  rtt    0.00 ms        5 pkt  1 flow
  w4      0.030 Mbps (std  0.167)  jit   0.654 ms  reord  0.00%  rtt    0.00 ms       61 pkt  4 flow
  w5      0.308 Mbps (std  0.231)  jit  67.921 ms  reord  0.00%  rtt    0.00 ms      418 pkt  6 flow
  w6      0.296 Mbps (std  0.331)  jit  42.747 ms  reord  0.00%  rtt    0.00 ms      431 pkt  3 flow
  w7      0.283 Mbps (std  0.349)  jit  40.222 ms  reord  0.00%  rtt    0.00 ms      407 pkt  3 flow
  w8      0.206 Mbps (std  0.234)  jit  45.506 ms  reord  0.00%  rtt    0.00 ms      354 pkt  4 flow
  w9      0.280 Mbps (std  0.231)  jit  59.823 ms  reord  0.00%  rtt    0.00 ms      429 pkt  5 flow
  w10     0.223 Mbps (std  0.393)  jit  31.936 ms  reord  0.00%  rtt    0.00 ms      357 pkt  3 flow
  w11     0.763 Mbps (std  0.354)  jit  17.596 ms  reord  0.00%  rtt    0.00 ms    1,079 pkt  3 flow
  w12     0.760 Mbps (std  0.173)  jit  35.370 ms  reord  0.00%  rtt    0.00 ms    1,125 pkt  6 flow
  w13     0.723 Mbps (std  0.573)  jit  13.134 ms  reord  0.00%  rtt    0.00 ms      992 pkt  3 flow
  w14     0.936 Mbps (std  0.789)  jit  20.386 ms  reord  0.00%  rtt    0.00 ms    1,154 pkt  5 flow
  w15     0.828 Mbps (std  0.825)  jit  17.074 ms  reord  0.00%  rtt    0.00 ms    1,070 pkt  5 flow
  w16     1.023 Mbps (std  0.261)  jit  16.166 ms  reord  0.00%  rtt    0.00 ms    1,356 pkt  3 flow
  w17     1.030 Mbps (std  0.360)  jit  18.302 ms  reord  0.00%  rtt    0.00 ms    1,314 pkt  4 flow
  w18     1.027 Mbps (std  0.236)  jit  26.909 ms  reord  0.00%  rtt    0.00 ms    1,370 pkt  5 flow
  w19     0.848 Mbps (std  0.483)  jit  16.932 ms  reord  0.00%  rtt    0.00 ms    1,129 pkt  3 flow
  w20     0.807 Mbps (std  0.355)  jit  17.597 ms  reord  0.00%  rtt    0.00 ms    1,092 pkt  3 flow
  w21     0.863 Mbps (std  0.337)  jit  18.579 ms  reord  0.00%  rtt    0.00 ms    1,167 pkt  3 flow
  w22     0.634 Mbps (std  0.468)  jit  17.252 ms  reord  0.00%  rtt    0.00 ms      887 pkt  3 flow
  w23     0.453 Mbps (std  0.472)  jit  13.292 ms  reord  0.00%  rtt    0.00 ms      668 pkt  3 flow
  w24     0.473 Mbps (std  0.471)  jit  18.667 ms  reord  0.00%  rtt    0.00 ms      692 pkt  3 flow
  w25     0.411 Mbps (std  0.307)  jit  38.223 ms  reord  0.00%  rtt    0.00 ms      639 pkt  3 flow
  w26     0.536 Mbps (std  0.399)  jit  29.402 ms  reord  0.00%  rtt    0.00 ms      750 pkt  3 flow
  w27     0.411 Mbps (std  0.293)  jit  36.591 ms  reord  0.00%  rtt    0.00 ms      629 pkt  3 flow
  w28     0.280 Mbps (std  0.361)  jit  39.526 ms  reord  0.00%  rtt    0.00 ms      430 pkt  3 flow
  w29     0.293 Mbps (std  0.348)  jit  33.149 ms  reord  0.00%  rtt    0.00 ms      446 pkt  3 flow
  w30     0.293 Mbps (std  0.325)  jit  45.082 ms  reord  0.00%  rtt    0.00 ms      419 pkt  5 flow
  w31     0.213 Mbps (std  0.309)  jit  31.095 ms  reord  0.00%  rtt    0.00 ms      324 pkt  4 flow
  w32     0.313 Mbps (std  0.320)  jit  30.451 ms  reord  0.00%  rtt    0.00 ms      454 pkt  4 flow
  w33     0.526 Mbps (std  0.281)  jit  68.152 ms  reord  0.00%  rtt    0.00 ms      711 pkt  5 flow
  w34     0.065 Mbps (std  0.176)  jit  13.012 ms  reord  0.00%  rtt    0.00 ms      125 pkt  3 flow
  w35     0.001 Mbps (std  0.002)  jit   0.228 ms  reord  0.00%  rtt    0.00 ms        5 pkt  1 flow
  w36  (parsial, 17 cuplikan) 0.001 Mbps
>> selesai: 37 window -> qos_features.csv
>>          cuplikan mentah -> qos_samples.csv (untuk align_qos.py)
