>> run_id=CONT_s13_l2a_TheSwissAccount | map=flows | poll=0.1s | window=10.0s -> qos_features.csv
>> menghitung SEMUA flow TCP yang lewat (Ctrl-C untuk berhenti)
>> XDP terpasang di eth0: prog id=7425
>> membaca 1 map bernama 'flows': id [1825]
>> entri awal di map: 1  (0 = belum ada trafik TCP yang tertangkap)
  w0      0.001 Mbps (std  0.002)  jit   0.024 ms  reord  0.00%  rtt    0.00 ms        5 pkt  1 flow
  w1      0.001 Mbps (std  0.002)  jit   0.069 ms  reord  0.00%  rtt    0.00 ms        5 pkt  1 flow
  w2      0.001 Mbps (std  0.002)  jit   0.103 ms  reord  0.00%  rtt    0.00 ms        5 pkt  1 flow
  w3      0.001 Mbps (std  0.002)  jit   0.155 ms  reord  0.00%  rtt    0.00 ms        5 pkt  1 flow
  w4      0.131 Mbps (std  0.323)  jit   3.720 ms  reord  0.00%  rtt    0.00 ms      178 pkt  4 flow
  w5      0.555 Mbps (std  0.323)  jit  40.115 ms  reord  0.00%  rtt    0.00 ms      769 pkt  6 flow
  w6      0.280 Mbps (std  0.280)  jit  39.996 ms  reord  0.00%  rtt    0.00 ms      447 pkt  3 flow
  w7      0.244 Mbps (std  0.310)  jit  47.879 ms  reord  0.00%  rtt    0.00 ms      367 pkt  3 flow
  w8      0.340 Mbps (std  0.323)  jit  36.688 ms  reord  0.00%  rtt    0.00 ms      532 pkt  4 flow
  w9      0.286 Mbps (std  0.827)  jit 103.663 ms  reord  0.00%  rtt    0.00 ms      379 pkt  4 flow
  w10     0.191 Mbps (std  0.173)  jit 114.422 ms  reord  0.00%  rtt    0.00 ms      279 pkt  5 flow
  w11     0.320 Mbps (std  0.323)  jit  87.862 ms  reord  0.00%  rtt    0.00 ms      518 pkt  4 flow
  w12     0.454 Mbps (std  0.276)  jit  26.867 ms  reord  0.00%  rtt    0.00 ms      673 pkt  3 flow
  w13     0.452 Mbps (std  0.347)  jit  31.120 ms  reord  0.00%  rtt    0.00 ms      616 pkt  3 flow
  w14     0.323 Mbps (std  0.287)  jit  21.517 ms  reord  0.00%  rtt    0.00 ms      529 pkt  3 flow
  w15     1.470 Mbps (std  7.463)  jit  36.043 ms  reord  0.00%  rtt    0.00 ms    1,744 pkt  5 flow
  w16     0.971 Mbps (std  0.323)  jit  37.061 ms  reord  0.00%  rtt    0.00 ms    1,281 pkt  6 flow
  w17     0.968 Mbps (std  0.243)  jit  40.412 ms  reord  0.00%  rtt    0.00 ms    1,293 pkt  5 flow
  w18     0.963 Mbps (std  0.251)  jit  25.902 ms  reord  0.00%  rtt    0.00 ms    1,315 pkt  5 flow
  w19     2.024 Mbps (std  8.792)  jit  27.820 ms  reord  0.00%  rtt    0.00 ms    2,407 pkt  5 flow
  w20     1.271 Mbps (std  0.300)  jit  15.041 ms  reord  0.00%  rtt    0.00 ms    1,591 pkt  3 flow
  w21     1.021 Mbps (std  0.542)  jit  15.103 ms  reord  0.00%  rtt    0.00 ms    1,277 pkt  3 flow
  w22     1.277 Mbps (std  0.238)  jit  31.776 ms  reord  0.00%  rtt    0.00 ms    1,619 pkt  5 flow
  w23     1.277 Mbps (std  0.246)  jit  30.211 ms  reord  0.00%  rtt    0.00 ms    1,662 pkt  5 flow
  w24     2.202 Mbps (std 12.905)  jit  17.446 ms  reord  0.00%  rtt    0.00 ms    2,450 pkt  5 flow
  w25     3.059 Mbps (std  0.785)  jit   6.975 ms  reord  0.00%  rtt    0.00 ms    3,714 pkt  4 flow
  w26     3.209 Mbps (std  0.363)  jit  10.195 ms  reord  0.00%  rtt    0.00 ms    3,874 pkt  5 flow
  w27     3.215 Mbps (std  0.297)  jit  10.769 ms  reord  0.00%  rtt    0.00 ms    3,953 pkt  6 flow
  w28     3.105 Mbps (std  2.260)  jit   9.704 ms  reord  0.00%  rtt    0.00 ms    3,777 pkt  6 flow
  w29     2.230 Mbps (std  1.275)  jit   7.371 ms  reord  0.00%  rtt    0.00 ms    2,710 pkt  4 flow
  w30     2.942 Mbps (std  0.272)  jit  12.960 ms  reord  0.00%  rtt    0.00 ms    3,707 pkt  5 flow
  w31     2.931 Mbps (std  0.312)  jit  13.906 ms  reord  0.00%  rtt    0.00 ms    3,683 pkt  5 flow
  w32     2.633 Mbps (std  0.956)  jit   6.792 ms  reord  0.00%  rtt    0.00 ms    3,176 pkt  4 flow
  w33     2.198 Mbps (std  1.284)  jit   5.943 ms  reord  0.00%  rtt    0.00 ms    2,681 pkt  3 flow
  w34     0.001 Mbps (std  0.002)  jit   0.341 ms  reord  0.00%  rtt    0.00 ms        5 pkt  1 flow
  w35  (parsial, 96 cuplikan) 0.001 Mbps
>> selesai: 36 window -> qos_features.csv
>>          cuplikan mentah -> qos_samples.csv (untuk align_qos.py)
