>> run_id=CONT_s11_l2a_TearsOfSteel | map=flows | poll=0.1s | window=10.0s -> qos_features.csv
>> menghitung SEMUA flow TCP yang lewat (Ctrl-C untuk berhenti)
>> XDP terpasang di eth0: prog id=6899
>> membaca 1 map bernama 'flows': id [1750]
>> entri awal di map: 1  (0 = belum ada trafik TCP yang tertangkap)
  w0      0.001 Mbps (std  0.002)  jit   0.040 ms  reord  0.00%  rtt    0.00 ms        5 pkt  1 flow
  w1      0.001 Mbps (std  0.002)  jit   0.136 ms  reord  0.00%  rtt    0.00 ms        5 pkt  1 flow
  w2      0.001 Mbps (std  0.002)  jit   0.180 ms  reord  0.00%  rtt    0.00 ms        5 pkt  1 flow
  w3      0.001 Mbps (std  0.003)  jit   0.196 ms  reord  0.00%  rtt    0.00 ms        7 pkt  1 flow
  w4      0.122 Mbps (std  0.294)  jit   3.853 ms  reord  0.00%  rtt    0.00 ms      166 pkt  4 flow
  w5      0.669 Mbps (std  0.314)  jit  36.556 ms  reord  0.00%  rtt    0.00 ms      889 pkt  5 flow
  w6      0.579 Mbps (std  0.489)  jit  20.043 ms  reord  0.00%  rtt    0.00 ms      797 pkt  3 flow
  w7      0.433 Mbps (std  0.441)  jit  16.631 ms  reord  0.00%  rtt    0.00 ms      668 pkt  3 flow
  w8      0.864 Mbps (std  0.427)  jit  19.388 ms  reord  0.00%  rtt    0.00 ms    1,121 pkt  3 flow
  w9      0.864 Mbps (std  0.306)  jit  18.758 ms  reord  0.00%  rtt    0.00 ms    1,155 pkt  3 flow
  w10     0.412 Mbps (std  0.544)  jit  15.659 ms  reord  0.00%  rtt    0.00 ms      571 pkt  3 flow
  w11     0.896 Mbps (std  0.293)  jit  37.102 ms  reord  0.00%  rtt    0.00 ms    1,204 pkt  6 flow
  w12     0.716 Mbps (std  0.510)  jit  19.876 ms  reord  0.00%  rtt    0.00 ms      915 pkt  3 flow
  w13     0.962 Mbps (std  0.230)  jit  21.770 ms  reord  0.00%  rtt    0.00 ms    1,269 pkt  5 flow
  w14     1.596 Mbps (std  6.606)  jit  40.787 ms  reord  0.00%  rtt    0.00 ms    1,882 pkt  5 flow
  w15     0.684 Mbps (std  0.501)  jit  30.919 ms  reord  0.00%  rtt    0.00 ms      898 pkt  5 flow
  w16     0.748 Mbps (std  0.475)  jit  19.956 ms  reord  0.00%  rtt    0.00 ms      980 pkt  3 flow
  w17     0.478 Mbps (std  0.389)  jit  34.354 ms  reord  0.00%  rtt    0.00 ms      619 pkt  3 flow
  w18     0.410 Mbps (std  0.423)  jit  32.734 ms  reord  0.00%  rtt    0.00 ms      582 pkt  5 flow
  w19     0.407 Mbps (std  0.206)  jit  81.351 ms  reord  0.00%  rtt    0.00 ms      584 pkt  5 flow
  w20     0.411 Mbps (std  0.182)  jit  65.704 ms  reord  0.00%  rtt    0.00 ms      631 pkt  4 flow
  w21     0.430 Mbps (std  0.200)  jit  82.374 ms  reord  0.00%  rtt    0.00 ms      593 pkt  5 flow
  w22     0.423 Mbps (std  0.293)  jit  34.610 ms  reord  0.00%  rtt    0.00 ms      595 pkt  3 flow
  w23     0.435 Mbps (std  0.390)  jit  35.325 ms  reord  0.00%  rtt    0.00 ms      587 pkt  4 flow
  w24    14.214 Mbps (std 58.338)  jit  32.592 ms  reord  0.00%  rtt    0.00 ms   15,168 pkt  5 flow
  w25    14.943 Mbps (std 59.479)  jit   1.046 ms  reord  0.00%  rtt    0.00 ms   15,737 pkt  2 flow
  w26    12.909 Mbps (std 55.597)  jit   0.401 ms  reord  0.00%  rtt    0.00 ms   13,567 pkt  2 flow
  w27    10.037 Mbps (std 44.765)  jit   0.577 ms  reord  0.00%  rtt    0.00 ms   10,533 pkt  2 flow
  w28    13.572 Mbps (std 54.944)  jit   6.328 ms  reord  0.00%  rtt    0.00 ms   14,262 pkt  4 flow
  w29     9.265 Mbps (std 40.936)  jit   7.135 ms  reord  0.00%  rtt    0.00 ms    9,725 pkt  4 flow
  w30     4.450 Mbps (std 26.901)  jit  13.436 ms  reord  0.00%  rtt    0.00 ms    4,853 pkt  4 flow
  w31     1.104 Mbps (std  0.263)  jit  16.054 ms  reord  0.00%  rtt    0.00 ms    1,430 pkt  3 flow
  w32     1.102 Mbps (std  0.260)  jit  21.659 ms  reord  0.00%  rtt    0.00 ms    1,416 pkt  5 flow
  w33     0.740 Mbps (std  0.196)  jit  33.444 ms  reord  0.00%  rtt    0.00 ms    1,134 pkt  5 flow
  w34     0.164 Mbps (std  0.295)  jit   8.571 ms  reord  0.00%  rtt    0.00 ms      231 pkt  5 flow
  w35     0.001 Mbps (std  0.002)  jit   0.202 ms  reord  0.00%  rtt    0.00 ms        5 pkt  1 flow
  w36  (parsial, 9 cuplikan) 0.000 Mbps
>> selesai: 37 window -> qos_features.csv
>>          cuplikan mentah -> qos_samples.csv (untuk align_qos.py)
