>> run_id=CONT_s14_dynamic_TearsOfSteel | map=flows | poll=0.1s | window=10.0s -> qos_features.csv
>> menghitung SEMUA flow TCP yang lewat (Ctrl-C untuk berhenti)
>> XDP terpasang di eth0: prog id=6752
>> membaca 1 map bernama 'flows': id [1729]
>> entri awal di map: 0  (0 = belum ada trafik TCP yang tertangkap)
  w0      0.001 Mbps (std  0.003)  jit   0.026 ms  reord  0.00%  rtt    0.00 ms        6 pkt  1 flow
  w1      0.001 Mbps (std  0.002)  jit   0.068 ms  reord  0.00%  rtt    0.00 ms        5 pkt  1 flow
  w2      0.001 Mbps (std  0.002)  jit   0.149 ms  reord  0.00%  rtt    0.00 ms        5 pkt  1 flow
  w3      0.001 Mbps (std  0.002)  jit   0.164 ms  reord  0.00%  rtt    0.00 ms        5 pkt  1 flow
  w4      0.037 Mbps (std  0.154)  jit   1.308 ms  reord  0.00%  rtt    0.00 ms       94 pkt  3 flow
  w5      0.129 Mbps (std  0.115)  jit  47.766 ms  reord  0.00%  rtt    0.00 ms      239 pkt  4 flow
  w6      0.121 Mbps (std  0.107)  jit  65.392 ms  reord  0.00%  rtt    0.00 ms      190 pkt  3 flow
  w7      0.136 Mbps (std  0.169)  jit  59.380 ms  reord  0.00%  rtt    0.00 ms      212 pkt  3 flow
  w8      0.119 Mbps (std  0.154)  jit  62.645 ms  reord  0.00%  rtt    0.00 ms      169 pkt  3 flow
  w9      0.126 Mbps (std  0.201)  jit  66.060 ms  reord  0.00%  rtt    0.00 ms      185 pkt  3 flow
  w10     0.123 Mbps (std  0.122)  jit  76.120 ms  reord  0.00%  rtt    0.00 ms      197 pkt  4 flow
  w11     0.121 Mbps (std  0.172)  jit 113.884 ms  reord  0.00%  rtt    0.00 ms      171 pkt  4 flow
  w12     0.130 Mbps (std  0.168)  jit  50.561 ms  reord  0.00%  rtt    0.00 ms      228 pkt  4 flow
  w13     0.124 Mbps (std  0.110)  jit 112.533 ms  reord  0.00%  rtt    0.00 ms      214 pkt  5 flow
  w14     0.123 Mbps (std  0.118)  jit 156.012 ms  reord  0.00%  rtt    0.00 ms      175 pkt  4 flow
  w15     0.116 Mbps (std  0.250)  jit  55.203 ms  reord  0.00%  rtt    0.00 ms      157 pkt  3 flow
  w16     0.114 Mbps (std  0.168)  jit 104.915 ms  reord  0.00%  rtt    0.00 ms      162 pkt  3 flow
  w17     0.124 Mbps (std  0.262)  jit  79.451 ms  reord  0.00%  rtt    0.00 ms      166 pkt  3 flow
  w18     0.124 Mbps (std  0.124)  jit  66.475 ms  reord  0.00%  rtt    0.00 ms      205 pkt  3 flow
  w19     0.119 Mbps (std  0.087)  jit  40.812 ms  reord  0.00%  rtt    0.00 ms      205 pkt  4 flow
  w20     0.335 Mbps (std  1.943)  jit  71.720 ms  reord  0.00%  rtt    0.00 ms      417 pkt  4 flow
  w21     0.123 Mbps (std  0.142)  jit 131.890 ms  reord  0.00%  rtt    0.00 ms      195 pkt  4 flow
  w22     0.118 Mbps (std  0.140)  jit 145.147 ms  reord  0.00%  rtt    0.00 ms      173 pkt  5 flow
  w23     0.129 Mbps (std  0.157)  jit 158.766 ms  reord  0.00%  rtt    0.00 ms      179 pkt  3 flow
  w24     0.122 Mbps (std  0.207)  jit  76.904 ms  reord  0.00%  rtt    0.00 ms      179 pkt  5 flow
  w25     0.122 Mbps (std  0.121)  jit 142.750 ms  reord  0.00%  rtt    0.00 ms      194 pkt  3 flow
  w26     0.125 Mbps (std  0.116)  jit 145.526 ms  reord  0.00%  rtt    0.00 ms      189 pkt  3 flow
  w27     0.133 Mbps (std  0.251)  jit 100.044 ms  reord  0.00%  rtt    0.00 ms      190 pkt  3 flow
  w28     0.190 Mbps (std  0.300)  jit  56.318 ms  reord  0.00%  rtt    0.00 ms      261 pkt  3 flow
  w29     0.183 Mbps (std  0.132)  jit  90.181 ms  reord  0.00%  rtt    0.00 ms      282 pkt  4 flow
  w30     0.174 Mbps (std  0.245)  jit  58.754 ms  reord  0.00%  rtt    0.00 ms      237 pkt  4 flow
  w31     0.187 Mbps (std  0.223)  jit 123.910 ms  reord  0.00%  rtt    0.00 ms      270 pkt  4 flow
  w32     0.322 Mbps (std  0.315)  jit  60.840 ms  reord  0.00%  rtt    0.00 ms      467 pkt  4 flow
  w33     0.513 Mbps (std  0.188)  jit  63.144 ms  reord  0.00%  rtt    0.00 ms      747 pkt  6 flow
  w34     0.506 Mbps (std  0.089)  jit  31.007 ms  reord  0.00%  rtt    0.00 ms      668 pkt  3 flow
  w35     0.506 Mbps (std  0.146)  jit  30.623 ms  reord  0.00%  rtt    0.00 ms      631 pkt  4 flow
  w36  (parsial, 5 cuplikan) 0.249 Mbps
>> selesai: 37 window -> qos_features.csv
>>          cuplikan mentah -> qos_samples.csv (untuk align_qos.py)
