>> run_id=CONT_s6_bola_BigBuckBunny | map=flows | poll=0.1s | window=10.0s -> qos_features.csv
>> menghitung SEMUA flow TCP yang lewat (Ctrl-C untuk berhenti)
>> XDP terpasang di eth0: prog id=7810
>> membaca 1 map bernama 'flows': id [1880]
>> entri awal di map: 0  (0 = belum ada trafik TCP yang tertangkap)
  w0      0.001 Mbps (std  0.002)  jit   0.019 ms  reord  0.00%  rtt    0.00 ms        5 pkt  1 flow
  w1      0.001 Mbps (std  0.002)  jit   0.101 ms  reord  0.00%  rtt    0.00 ms        5 pkt  1 flow
  w2      0.001 Mbps (std  0.002)  jit   0.130 ms  reord  0.00%  rtt    0.00 ms        5 pkt  1 flow
  w3      0.001 Mbps (std  0.002)  jit   0.173 ms  reord  0.00%  rtt    0.00 ms        5 pkt  1 flow
  w4      0.021 Mbps (std  0.100)  jit   0.833 ms  reord  0.00%  rtt    0.00 ms       66 pkt  4 flow
  w5      0.461 Mbps (std  0.317)  jit  36.064 ms  reord  0.00%  rtt    0.00 ms      695 pkt  5 flow
  w6      0.449 Mbps (std  0.403)  jit  37.102 ms  reord  0.00%  rtt    0.00 ms      607 pkt  3 flow
  w7      0.429 Mbps (std  0.382)  jit  34.619 ms  reord  0.00%  rtt    0.00 ms      596 pkt  3 flow
  w8      0.410 Mbps (std  0.351)  jit  37.021 ms  reord  0.00%  rtt    0.00 ms      602 pkt  3 flow
  w9      0.508 Mbps (std  0.368)  jit  37.747 ms  reord  0.00%  rtt    0.00 ms      725 pkt  5 flow
  w10     0.705 Mbps (std  0.399)  jit  36.982 ms  reord  0.00%  rtt    0.00 ms      941 pkt  5 flow
  w11     0.731 Mbps (std  0.491)  jit  17.472 ms  reord  0.00%  rtt    0.00 ms    1,015 pkt  4 flow
  w12     0.943 Mbps (std  0.318)  jit  18.248 ms  reord  0.00%  rtt    0.00 ms    1,263 pkt  3 flow
  w13     0.933 Mbps (std  0.227)  jit  31.768 ms  reord  0.00%  rtt    0.00 ms    1,250 pkt  5 flow
  w14     0.666 Mbps (std  0.503)  jit  22.671 ms  reord  0.00%  rtt    0.00 ms      921 pkt  5 flow
  w15     0.640 Mbps (std  0.505)  jit  17.761 ms  reord  0.00%  rtt    0.00 ms      903 pkt  5 flow
  w16     0.945 Mbps (std  3.817)  jit  68.784 ms  reord  0.00%  rtt    0.00 ms    1,156 pkt  5 flow
  w17     0.445 Mbps (std  0.229)  jit  73.612 ms  reord  0.00%  rtt    0.00 ms      608 pkt  5 flow
  w18     0.447 Mbps (std  0.200)  jit  68.161 ms  reord  0.00%  rtt    0.00 ms      644 pkt  5 flow
  w19     0.443 Mbps (std  0.234)  jit  74.819 ms  reord  0.00%  rtt    0.00 ms      617 pkt  5 flow
  w20     0.536 Mbps (std  3.014)  jit  50.253 ms  reord  0.00%  rtt    0.00 ms      687 pkt  5 flow
  w21     0.183 Mbps (std  0.309)  jit  45.154 ms  reord  0.00%  rtt    0.00 ms      278 pkt  3 flow
  w22     1.388 Mbps (std 11.288)  jit  86.316 ms  reord  0.00%  rtt    0.00 ms    1,481 pkt  4 flow
  w23     0.136 Mbps (std  0.246)  jit  69.926 ms  reord  0.00%  rtt    0.00 ms      197 pkt  3 flow
  w24     0.128 Mbps (std  0.225)  jit  44.313 ms  reord  0.00%  rtt    0.00 ms      234 pkt  4 flow
  w25     0.138 Mbps (std  0.098)  jit 109.511 ms  reord  0.00%  rtt    0.00 ms      231 pkt  4 flow
  w26     0.160 Mbps (std  0.233)  jit  95.530 ms  reord  0.00%  rtt    0.00 ms      278 pkt  4 flow
  w27     0.052 Mbps (std  0.208)  jit  25.603 ms  reord  0.00%  rtt    0.00 ms       86 pkt  3 flow
  w28     0.058 Mbps (std  0.212)  jit  59.746 ms  reord  0.00%  rtt    0.00 ms       93 pkt  2 flow
  w29     0.040 Mbps (std  0.187)  jit  40.646 ms  reord  0.00%  rtt    0.00 ms       65 pkt  2 flow
  w30     0.197 Mbps (std  0.262)  jit  73.683 ms  reord  0.00%  rtt    0.00 ms      305 pkt  3 flow
  w31     0.182 Mbps (std  0.213)  jit  71.968 ms  reord  0.00%  rtt    0.00 ms      291 pkt  4 flow
  w32     0.238 Mbps (std  1.227)  jit  71.995 ms  reord  0.00%  rtt    0.00 ms      332 pkt  4 flow
  w33     0.039 Mbps (std  0.249)  jit  37.734 ms  reord  0.00%  rtt    0.00 ms       69 pkt  2 flow
  w34     0.808 Mbps (std  3.580)  jit  11.823 ms  reord  0.00%  rtt    0.00 ms      854 pkt  3 flow
  w35     0.001 Mbps (std  0.002)  jit   0.218 ms  reord  0.00%  rtt    0.00 ms        5 pkt  1 flow
  w36  (parsial, 5 cuplikan) 0.000 Mbps
>> selesai: 37 window -> qos_features.csv
>>          cuplikan mentah -> qos_samples.csv (untuk align_qos.py)
