
=== mulai 2026-08-18 21:34:55 (98 run) ===
21:34:56 S1_BigBuckBunny_rep1 tc: (bersih)
21:35:00 S1_BigBuckBunny_rep1 agen jalan | >> membaca 1 map bernama 'flows': id [3]
21:40:03 S1_BigBuckBunny_rep1 harness: OK: 3 perpindahan kualitas, 1 stall, media 299.908s
21:40:07 S1_BigBuckBunny_rep1 label: {'Degraded': 1, 'Excellent': 29}
21:40:08 S1_BigBuckBunny_rep1 selaras: pergeseran akibat stall: 0.000 detik (0.00 window)
21:40:08 S1_ElephantsDream_rep1 tc: (bersih)
21:40:13 S1_ElephantsDream_rep1 agen jalan | >> membaca 1 map bernama 'flows': id [3]
21:45:15 S1_ElephantsDream_rep1 harness: OK: 3 perpindahan kualitas, 1 stall, media 299.92s
21:45:19 S1_ElephantsDream_rep1 label: {'Degraded': 1, 'Excellent': 29}
21:45:19 S1_ElephantsDream_rep1 selaras: pergeseran akibat stall: 0.000 detik (0.00 window)
21:45:20 S1_OfForestAndMen_rep1 tc: (bersih)
21:45:25 S1_OfForestAndMen_rep1 agen jalan | >> membaca 1 map bernama 'flows': id [3]
21:50:27 S1_OfForestAndMen_rep1 harness: OK: 3 perpindahan kualitas, 1 stall, media 299.986s
21:50:31 S1_OfForestAndMen_rep1 label: {'Degraded': 1, 'Excellent': 29}
21:50:31 S1_OfForestAndMen_rep1 selaras: pergeseran akibat stall: 0.000 detik (0.00 window)
21:50:32 S1_RedBullPlayStreets_rep1 tc: (bersih)
21:50:37 S1_RedBullPlayStreets_rep1 agen jalan | >> membaca 1 map bernama 'flows': id [3]
21:55:41 S1_RedBullPlayStreets_rep1 harness: OK: 3 perpindahan kualitas, 1 stall, media 300.23s
21:55:45 S1_RedBullPlayStreets_rep1 label: {'Degraded': 1, 'Excellent': 29}
21:55:45 S1_RedBullPlayStreets_rep1 selaras: pergeseran akibat stall: 0.000 detik (0.00 window)
21:55:45 S1_TearsOfSteel_rep1 tc: (bersih)
21:55:50 S1_TearsOfSteel_rep1 agen jalan | >> membaca 1 map bernama 'flows': id [3]
22:00:54 S1_TearsOfSteel_rep1 harness: OK: 2 perpindahan kualitas, 1 stall, media 299.124s
22:00:58 S1_TearsOfSteel_rep1 label: {'Degraded': 1, 'Excellent': 29}
22:00:58 S1_TearsOfSteel_rep1 selaras: pergeseran akibat stall: 0.000 detik (0.00 window)
22:00:58 S1_Valkaama_rep1 tc: (bersih)
22:01:03 S1_Valkaama_rep1 agen jalan | >> membaca 1 map bernama 'flows': id [3]
22:06:07 S1_Valkaama_rep1 harness: OK: 3 perpindahan kualitas, 1 stall, media 300.243s
22:06:12 S1_Valkaama_rep1 label: {'Degraded': 1, 'Excellent': 29}
22:06:12 S1_Valkaama_rep1 selaras: pergeseran akibat stall: 0.000 detik (0.00 window)
22:06:12 S1_TheSwissAccount_rep1 tc: (bersih)
22:06:17 S1_TheSwissAccount_rep1 agen jalan | >> membaca 1 map bernama 'flows': id [3]
22:11:21 S1_TheSwissAccount_rep1 harness: OK: 3 perpindahan kualitas, 1 stall, media 300.25s
22:11:25 S1_TheSwissAccount_rep1 label: {'Degraded': 1, 'Excellent': 29}
22:11:25 S1_TheSwissAccount_rep1 selaras: pergeseran akibat stall: 0.000 detik (0.00 window)
22:11:26 S2A_BigBuckBunny_rep1 tc: tbf rate 3mbit burst 32k latency 50ms
22:11:30 S2A_BigBuckBunny_rep1 agen jalan | >> membaca 1 map bernama 'flows': id [3]
22:16:34 S2A_BigBuckBunny_rep1 harness: OK: 29 perpindahan kualitas, 2 stall, media 299.916s
22:16:39 S2A_BigBuckBunny_rep1 label: {'Degraded': 1, 'Excellent': 29}
22:16:39 S2A_BigBuckBunny_rep1 selaras: pergeseran akibat stall: 0.074 detik (0.01 window)
22:16:39 S2A_ElephantsDream_rep1 tc: tbf rate 3mbit burst 32k latency 50ms
22:16:44 S2A_ElephantsDream_rep1 agen jalan | >> membaca 1 map bernama 'flows': id [3]
22:21:48 S2A_ElephantsDream_rep1 harness: OK: 25 perpindahan kualitas, 2 stall, media 299.918s
22:21:52 S2A_ElephantsDream_rep1 label: {'Degraded': 1, 'Excellent': 29}
22:21:52 S2A_ElephantsDream_rep1 selaras: pergeseran akibat stall: 0.093 detik (0.01 window)
22:21:52 S2A_OfForestAndMen_rep1 tc: tbf rate 3mbit burst 32k latency 50ms
22:21:57 S2A_OfForestAndMen_rep1 agen jalan | >> membaca 1 map bernama 'flows': id [3]
22:27:00 S2A_OfForestAndMen_rep1 harness: OK: 39 perpindahan kualitas, 1 stall, media 299.978s
22:27:05 S2A_OfForestAndMen_rep1 label: {'Degraded': 1, 'Excellent': 29}
22:27:05 S2A_OfForestAndMen_rep1 selaras: pergeseran akibat stall: 0.000 detik (0.00 window)
22:27:05 S2A_RedBullPlayStreets_rep1 tc: tbf rate 3mbit burst 32k latency 50ms
22:27:10 S2A_RedBullPlayStreets_rep1 agen jalan | >> membaca 1 map bernama 'flows': id [3]
22:32:14 S2A_RedBullPlayStreets_rep1 harness: OK: 33 perpindahan kualitas, 1 stall, media 299.484s
22:32:18 S2A_RedBullPlayStreets_rep1 label: {'Critical': 1, 'Excellent': 25, 'Good': 4}
22:32:18 S2A_RedBullPlayStreets_rep1 selaras: pergeseran akibat stall: 1.856 detik (0.19 window)
22:32:19 S2A_TearsOfSteel_rep1 tc: tbf rate 3mbit burst 32k latency 50ms
22:32:24 S2A_TearsOfSteel_rep1 agen jalan | >> membaca 1 map bernama 'flows': id [3]
22:37:27 S2A_TearsOfSteel_rep1 harness: OK: 20 perpindahan kualitas, 1 stall, media 299.123s
22:37:31 S2A_TearsOfSteel_rep1 label: {'Degraded': 1, 'Excellent': 28, 'Good': 1}
22:37:32 S2A_TearsOfSteel_rep1 selaras: pergeseran akibat stall: 0.000 detik (0.00 window)
22:37:32 S2A_Valkaama_rep1 tc: tbf rate 3mbit burst 32k latency 50ms
22:37:36 S2A_Valkaama_rep1 agen jalan | >> membaca 1 map bernama 'flows': id [3]
22:42:40 S2A_Valkaama_rep1 harness: OK: 7 perpindahan kualitas, 2 stall, media 300.208s
22:42:44 S2A_Valkaama_rep1 label: {'Critical': 1, 'Excellent': 29}
22:42:45 S2A_Valkaama_rep1 selaras: pergeseran akibat stall: 1.146 detik (0.11 window)
22:42:45 S2A_TheSwissAccount_rep1 tc: tbf rate 3mbit burst 32k latency 50ms
22:42:50 S2A_TheSwissAccount_rep1 agen jalan | >> membaca 1 map bernama 'flows': id [3]
22:47:53 S2A_TheSwissAccount_rep1 harness: OK: 5 perpindahan kualitas, 1 stall, media 300.26s
22:47:58 S2A_TheSwissAccount_rep1 label: {'Degraded': 1, 'Excellent': 29}
22:47:58 S2A_TheSwissAccount_rep1 selaras: pergeseran akibat stall: 0.000 detik (0.00 window)
22:47:58 S2B_BigBuckBunny_rep1 tc: tbf rate 700kbit burst 15k latency 50ms
22:48:03 S2B_BigBuckBunny_rep1 agen jalan | >> membaca 1 map bernama 'flows': id [3]
22:53:07 S2B_BigBuckBunny_rep1 harness: OK: 13 perpindahan kualitas, 1 stall, media 297.589s
22:53:11 S2B_BigBuckBunny_rep1 label: {'Critical': 1, 'Good': 27, 'Degraded': 2}
22:53:11 S2B_BigBuckBunny_rep1 selaras: pergeseran akibat stall: 0.000 detik (0.00 window)
22:53:12 S2B_ElephantsDream_rep1 tc: tbf rate 700kbit burst 15k latency 50ms
22:53:16 S2B_ElephantsDream_rep1 agen jalan | >> membaca 1 map bernama 'flows': id [3]
22:58:20 S2B_ElephantsDream_rep1 harness: OK: 23 perpindahan kualitas, 2 stall, media 297.603s
22:58:24 S2B_ElephantsDream_rep1 label: {'Critical': 1, 'Good': 23, 'Degraded': 6}
22:58:24 S2B_ElephantsDream_rep1 selaras: pergeseran akibat stall: 0.157 detik (0.02 window)
22:58:25 S2B_OfForestAndMen_rep1 tc: tbf rate 700kbit burst 15k latency 50ms
22:58:29 S2B_OfForestAndMen_rep1 agen jalan | >> membaca 1 map bernama 'flows': id [3]
23:03:33 S2B_OfForestAndMen_rep1 harness: OK: 3 perpindahan kualitas, 1 stall, media 298.195s
23:03:37 S2B_OfForestAndMen_rep1 label: {'Critical': 1, 'Good': 29}
23:03:37 S2B_OfForestAndMen_rep1 selaras: pergeseran akibat stall: 0.000 detik (0.00 window)
23:03:38 S2B_RedBullPlayStreets_rep1 tc: tbf rate 700kbit burst 15k latency 50ms
23:03:42 S2B_RedBullPlayStreets_rep1 agen jalan | >> membaca 1 map bernama 'flows': id [3]
23:08:46 S2B_RedBullPlayStreets_rep1 harness: OK: 12 perpindahan kualitas, 2 stall, media 293.247s
23:08:50 S2B_RedBullPlayStreets_rep1 label: {'Critical': 1, 'Good': 27, 'Degraded': 2}
23:08:51 S2B_RedBullPlayStreets_rep1 selaras: pergeseran akibat stall: 8.178 detik (0.82 window)
23:08:51 S2B_TearsOfSteel_rep1 tc: tbf rate 700kbit burst 15k latency 50ms
23:08:56 S2B_TearsOfSteel_rep1 agen jalan | >> membaca 1 map bernama 'flows': id [3]
23:13:59 S2B_TearsOfSteel_rep1 harness: OK: 14 perpindahan kualitas, 1 stall, media 288.605s
23:14:03 S2B_TearsOfSteel_rep1 label: {'Degraded': 22, 'Good': 7}
23:14:03 S2B_TearsOfSteel_rep1 selaras: pergeseran akibat stall: 0.000 detik (0.00 window)
23:14:04 S2B_Valkaama_rep1 tc: tbf rate 700kbit burst 15k latency 50ms
23:14:08 S2B_Valkaama_rep1 agen jalan | >> membaca 1 map bernama 'flows': id [3]
23:19:12 S2B_Valkaama_rep1 harness: OK: 23 perpindahan kualitas, 2 stall, media 300.231s
23:19:16 S2B_Valkaama_rep1 label: {'Degraded': 1, 'Good': 29}
23:19:16 S2B_Valkaama_rep1 selaras: pergeseran akibat stall: 0.424 detik (0.04 window)
23:19:16 S2B_TheSwissAccount_rep1 tc: tbf rate 700kbit burst 15k latency 50ms
23:19:21 S2B_TheSwissAccount_rep1 agen jalan | >> membaca 1 map bernama 'flows': id [3]
23:24:24 S2B_TheSwissAccount_rep1 harness: OK: 2 perpindahan kualitas, 1 stall, media 300.242s
23:24:28 S2B_TheSwissAccount_rep1 label: {'Degraded': 1, 'Good': 29}
23:24:29 S2B_TheSwissAccount_rep1 selaras: pergeseran akibat stall: 0.000 detik (0.00 window)
23:24:29 S2C_BigBuckBunny_rep1 tc: tbf rate 400kbit burst 15k latency 50ms
23:24:34 S2C_BigBuckBunny_rep1 agen jalan | >> membaca 1 map bernama 'flows': id [3]
23:29:37 S2C_BigBuckBunny_rep1 harness: OK: 34 perpindahan kualitas, 1 stall, media 294.307s
23:29:41 S2C_BigBuckBunny_rep1 label: {'Critical': 1, 'Degraded': 29}
23:29:41 S2C_BigBuckBunny_rep1 selaras: pergeseran akibat stall: 0.000 detik (0.00 window)
23:29:42 S2C_ElephantsDream_rep1 tc: tbf rate 400kbit burst 15k latency 50ms
23:29:47 S2C_ElephantsDream_rep1 agen jalan | >> membaca 1 map bernama 'flows': id [3]
23:34:50 S2C_ElephantsDream_rep1 harness: OK: 39 perpindahan kualitas, 2 stall, media 294.404s
23:34:54 S2C_ElephantsDream_rep1 label: {'Critical': 1, 'Degraded': 29}
23:34:54 S2C_ElephantsDream_rep1 selaras: pergeseran akibat stall: 0.151 detik (0.02 window)
23:34:55 S2C_OfForestAndMen_rep1 tc: tbf rate 400kbit burst 15k latency 50ms
23:34:59 S2C_OfForestAndMen_rep1 agen jalan | >> membaca 1 map bernama 'flows': id [3]
23:40:03 S2C_OfForestAndMen_rep1 harness: OK: 43 perpindahan kualitas, 1 stall, media 295.27s
23:40:07 S2C_OfForestAndMen_rep1 label: {'Critical': 1, 'Degraded': 29}
23:40:07 S2C_OfForestAndMen_rep1 selaras: pergeseran akibat stall: 0.000 detik (0.00 window)
23:40:07 S2C_RedBullPlayStreets_rep1 tc: tbf rate 400kbit burst 15k latency 50ms
23:40:12 S2C_RedBullPlayStreets_rep1 agen jalan | >> membaca 1 map bernama 'flows': id [3]
23:45:16 S2C_RedBullPlayStreets_rep1 harness: OK: 12 perpindahan kualitas, 2 stall, media 296.396s
23:45:20 S2C_RedBullPlayStreets_rep1 label: {'Critical': 1, 'Degraded': 29}
23:45:20 S2C_RedBullPlayStreets_rep1 selaras: pergeseran akibat stall: 4.481 detik (0.45 window)
23:45:20 S2C_TearsOfSteel_rep1 tc: tbf rate 400kbit burst 15k latency 50ms
23:45:25 S2C_TearsOfSteel_rep1 agen jalan | >> membaca 1 map bernama 'flows': id [3]
23:50:29 S2C_TearsOfSteel_rep1 harness: OK: 2 perpindahan kualitas, 4 stall, media 295.483s
23:50:33 S2C_TearsOfSteel_rep1 label: {'Degraded': 28, 'Critical': 2}
23:50:33 S2C_TearsOfSteel_rep1 selaras: pergeseran akibat stall: 4.885 detik (0.49 window)
23:50:33 S2C_Valkaama_rep1 tc: tbf rate 400kbit burst 15k latency 50ms
23:50:38 S2C_Valkaama_rep1 agen jalan | >> membaca 1 map bernama 'flows': id [3]
23:55:41 S2C_Valkaama_rep1 harness: OK: 25 perpindahan kualitas, 2 stall, media 299.827s
23:55:45 S2C_Valkaama_rep1 label: {'Critical': 1, 'Degraded': 27, 'Good': 2}
23:55:46 S2C_Valkaama_rep1 selaras: pergeseran akibat stall: 0.866 detik (0.09 window)
23:55:46 S2C_TheSwissAccount_rep1 tc: tbf rate 400kbit burst 15k latency 50ms
23:55:51 S2C_TheSwissAccount_rep1 agen jalan | >> membaca 1 map bernama 'flows': id [3]
00:00:54 S2C_TheSwissAccount_rep1 harness: OK: 6 perpindahan kualitas, 1 stall, media 300.244s
00:00:58 S2C_TheSwissAccount_rep1 label: {'Degraded': 29, 'Good': 1}
00:00:59 S2C_TheSwissAccount_rep1 selaras: pergeseran akibat stall: 0.000 detik (0.00 window)
00:00:59 S2D_BigBuckBunny_rep1 tc: tbf rate 150kbit burst 15k latency 50ms
00:01:04 S2D_BigBuckBunny_rep1 agen jalan | >> membaca 1 map bernama 'flows': id [3]
00:06:07 S2D_BigBuckBunny_rep1 harness: OK: 45 perpindahan kualitas, 2 stall, media 282.517s
00:06:11 S2D_BigBuckBunny_rep1 label: {'Critical': 25, 'Degraded': 4}
00:06:11 S2D_BigBuckBunny_rep1 selaras: pergeseran akibat stall: 0.276 detik (0.03 window)
00:06:12 S2D_ElephantsDream_rep1 tc: tbf rate 150kbit burst 15k latency 50ms
00:06:17 S2D_ElephantsDream_rep1 agen jalan | >> membaca 1 map bernama 'flows': id [3]
00:11:20 S2D_ElephantsDream_rep1 harness: OK: 35 perpindahan kualitas, 3 stall, media 282.074s
00:11:24 S2D_ElephantsDream_rep1 label: {'Critical': 28, 'Degraded': 1}
00:11:24 S2D_ElephantsDream_rep1 selaras: pergeseran akibat stall: 1.375 detik (0.14 window)
00:11:25 S2D_OfForestAndMen_rep1 tc: tbf rate 150kbit burst 15k latency 50ms
00:11:29 S2D_OfForestAndMen_rep1 agen jalan | >> membaca 1 map bernama 'flows': id [3]
00:16:33 S2D_OfForestAndMen_rep1 harness: OK: 28 perpindahan kualitas, 1 stall, media 292.955s
00:16:37 S2D_OfForestAndMen_rep1 label: {'Critical': 30}
00:16:37 S2D_OfForestAndMen_rep1 selaras: pergeseran akibat stall: 0.000 detik (0.00 window)
00:16:37 S2D_RedBullPlayStreets_rep1 tc: tbf rate 150kbit burst 15k latency 50ms
00:16:42 S2D_RedBullPlayStreets_rep1 agen jalan | >> membaca 1 map bernama 'flows': id [3]
00:21:46 S2D_RedBullPlayStreets_rep1 harness: OK: 24 perpindahan kualitas, 2 stall, media 299.138s
00:21:50 S2D_RedBullPlayStreets_rep1 label: {'Critical': 30}
00:21:50 S2D_RedBullPlayStreets_rep1 selaras: pergeseran akibat stall: 1.790 detik (0.18 window)
00:21:50 S2D_TearsOfSteel_rep1 tc: tbf rate 150kbit burst 15k latency 50ms
00:21:55 S2D_TearsOfSteel_rep1 agen jalan | >> membaca 1 map bernama 'flows': id [3]
00:26:58 S2D_TearsOfSteel_rep1 harness: OK: 2 perpindahan kualitas, 32 stall, media 135.637s
00:27:02 S2D_TearsOfSteel_rep1 label: {'Critical': 13, 'Degraded': 1}
00:27:02 S2D_TearsOfSteel_rep1 selaras: pergeseran akibat stall: 163.460 detik (16.35 window)
00:27:03 S2D_Valkaama_rep1 tc: tbf rate 150kbit burst 15k latency 50ms
00:27:07 S2D_Valkaama_rep1 agen jalan | >> membaca 1 map bernama 'flows': id [3]
00:32:11 S2D_Valkaama_rep1 harness: OK: 23 perpindahan kualitas, 2 stall, media 299.618s
00:32:15 S2D_Valkaama_rep1 label: {'Critical': 26, 'Degraded': 4}
00:32:15 S2D_Valkaama_rep1 selaras: pergeseran akibat stall: 0.135 detik (0.01 window)
00:32:15 S2D_TheSwissAccount_rep1 tc: tbf rate 150kbit burst 15k latency 50ms
00:32:20 S2D_TheSwissAccount_rep1 agen jalan | >> membaca 1 map bernama 'flows': id [3]
00:37:24 S2D_TheSwissAccount_rep1 harness: OK: 19 perpindahan kualitas, 2 stall, media 298.77s
00:37:28 S2D_TheSwissAccount_rep1 label: {'Critical': 27, 'Degraded': 3}
00:37:28 S2D_TheSwissAccount_rep1 selaras: pergeseran akibat stall: 0.468 detik (0.05 window)
00:37:28 S3A_BigBuckBunny_rep1 tc: netem delay 250ms 50ms distribution normal
00:37:33 S3A_BigBuckBunny_rep1 agen jalan | >> membaca 1 map bernama 'flows': id [3]
00:42:37 S3A_BigBuckBunny_rep1 harness: OK: 31 perpindahan kualitas, 3 stall, media 285.586s
00:42:41 S3A_BigBuckBunny_rep1 label: {'Critical': 5, 'Degraded': 11, 'Good': 4, 'Excellent': 9}
00:42:41 S3A_BigBuckBunny_rep1 selaras: pergeseran akibat stall: 6.474 detik (0.65 window)
00:42:41 S3A_ElephantsDream_rep1 tc: netem delay 250ms 50ms distribution normal
00:42:46 S3A_ElephantsDream_rep1 agen jalan | >> membaca 1 map bernama 'flows': id [3]
00:47:50 S3A_ElephantsDream_rep1 harness: OK: 31 perpindahan kualitas, 4 stall, media 286.679s
00:47:54 S3A_ElephantsDream_rep1 label: {'Critical': 9, 'Degraded': 15, 'Good': 5}
00:47:54 S3A_ElephantsDream_rep1 selaras: pergeseran akibat stall: 6.627 detik (0.66 window)
00:47:55 S3A_OfForestAndMen_rep1 tc: netem delay 250ms 50ms distribution normal
00:47:59 S3A_OfForestAndMen_rep1 agen jalan | >> membaca 1 map bernama 'flows': id [3]
00:53:04 S3A_OfForestAndMen_rep1 harness: OK: 32 perpindahan kualitas, 10 stall, media 279.345s
00:53:07 S3A_OfForestAndMen_rep1 label: {'Critical': 6, 'Degraded': 16, 'Good': 5, 'Excellent': 1}
00:53:08 S3A_OfForestAndMen_rep1 selaras: pergeseran akibat stall: 12.207 detik (1.22 window)
00:53:08 S3A_RedBullPlayStreets_rep1 tc: netem delay 250ms 50ms distribution normal
00:53:13 S3A_RedBullPlayStreets_rep1 agen jalan | >> membaca 1 map bernama 'flows': id [3]
00:58:17 S3A_RedBullPlayStreets_rep1 harness: OK: 32 perpindahan kualitas, 5 stall, media 290.039s
00:58:21 S3A_RedBullPlayStreets_rep1 label: {'Critical': 12, 'Degraded': 6, 'Good': 7, 'Excellent': 4}
00:58:21 S3A_RedBullPlayStreets_rep1 selaras: pergeseran akibat stall: 9.948 detik (0.99 window)
00:58:22 S3A_TearsOfSteel_rep1 tc: netem delay 250ms 50ms distribution normal
00:58:26 S3A_TearsOfSteel_rep1 agen jalan | >> membaca 1 map bernama 'flows': id [3]
01:03:30 S3A_TearsOfSteel_rep1 harness: OK: 6 perpindahan kualitas, 4 stall, media 293.911s
01:03:34 S3A_TearsOfSteel_rep1 label: {'Degraded': 28, 'Critical': 2}
01:03:34 S3A_TearsOfSteel_rep1 selaras: pergeseran akibat stall: 5.941 detik (0.59 window)
01:03:35 S3A_Valkaama_rep1 tc: netem delay 250ms 50ms distribution normal
01:03:39 S3A_Valkaama_rep1 agen jalan | >> membaca 1 map bernama 'flows': id [3]
01:08:43 S3A_Valkaama_rep1 harness: OK: 30 perpindahan kualitas, 3 stall, media 297.621s
01:08:47 S3A_Valkaama_rep1 label: {'Critical': 7, 'Degraded': 10, 'Good': 6, 'Excellent': 7}
01:08:47 S3A_Valkaama_rep1 selaras: pergeseran akibat stall: 2.275 detik (0.23 window)
01:08:48 S3A_TheSwissAccount_rep1 tc: netem delay 250ms 50ms distribution normal
01:08:52 S3A_TheSwissAccount_rep1 agen jalan | >> membaca 1 map bernama 'flows': id [3]
01:13:56 S3A_TheSwissAccount_rep1 harness: OK: 28 perpindahan kualitas, 7 stall, media 268.218s
01:14:00 S3A_TheSwissAccount_rep1 label: {'Critical': 3, 'Degraded': 6, 'Good': 12, 'Excellent': 6}
01:14:01 S3A_TheSwissAccount_rep1 selaras: pergeseran akibat stall: 13.718 detik (1.37 window)
01:14:01 S3B_BigBuckBunny_rep1 tc: netem delay 100ms 30ms 25%
01:14:06 S3B_BigBuckBunny_rep1 agen jalan | >> membaca 1 map bernama 'flows': id [3]
01:19:09 S3B_BigBuckBunny_rep1 harness: OK: 7 perpindahan kualitas, 1 stall, media 298.779s
01:19:13 S3B_BigBuckBunny_rep1 label: {'Critical': 1, 'Excellent': 29}
01:19:13 S3B_BigBuckBunny_rep1 selaras: pergeseran akibat stall: 0.000 detik (0.00 window)
01:19:14 S3B_ElephantsDream_rep1 tc: netem delay 100ms 30ms 25%
01:19:18 S3B_ElephantsDream_rep1 agen jalan | >> membaca 1 map bernama 'flows': id [3]
01:24:22 S3B_ElephantsDream_rep1 harness: OK: 6 perpindahan kualitas, 1 stall, media 298.581s
01:24:26 S3B_ElephantsDream_rep1 label: {'Critical': 1, 'Excellent': 29}
01:24:26 S3B_ElephantsDream_rep1 selaras: pergeseran akibat stall: 0.000 detik (0.00 window)
01:24:27 S3B_OfForestAndMen_rep1 tc: netem delay 100ms 30ms 25%
01:24:31 S3B_OfForestAndMen_rep1 agen jalan | >> membaca 1 map bernama 'flows': id [3]
01:29:35 S3B_OfForestAndMen_rep1 harness: OK: 5 perpindahan kualitas, 1 stall, media 297.272s
01:29:39 S3B_OfForestAndMen_rep1 label: {'Critical': 1, 'Excellent': 29}
01:29:39 S3B_OfForestAndMen_rep1 selaras: pergeseran akibat stall: 0.000 detik (0.00 window)
01:29:40 S3B_RedBullPlayStreets_rep1 tc: netem delay 100ms 30ms 25%
01:29:44 S3B_RedBullPlayStreets_rep1 agen jalan | >> membaca 1 map bernama 'flows': id [3]
01:34:48 S3B_RedBullPlayStreets_rep1 harness: OK: 7 perpindahan kualitas, 1 stall, media 300.236s
01:34:52 S3B_RedBullPlayStreets_rep1 label: {'Degraded': 1, 'Excellent': 29}
01:34:52 S3B_RedBullPlayStreets_rep1 selaras: pergeseran akibat stall: 0.000 detik (0.00 window)
01:34:53 S3B_TearsOfSteel_rep1 tc: netem delay 100ms 30ms 25%
01:34:57 S3B_TearsOfSteel_rep1 agen jalan | >> membaca 1 map bernama 'flows': id [3]
01:40:01 S3B_TearsOfSteel_rep1 harness: OK: 9 perpindahan kualitas, 1 stall, media 299.124s
01:40:05 S3B_TearsOfSteel_rep1 label: {'Degraded': 1, 'Excellent': 26, 'Good': 3}
01:40:06 S3B_TearsOfSteel_rep1 selaras: pergeseran akibat stall: 0.000 detik (0.00 window)
01:40:06 S3B_Valkaama_rep1 tc: netem delay 100ms 30ms 25%
01:40:11 S3B_Valkaama_rep1 agen jalan | >> membaca 1 map bernama 'flows': id [3]
01:45:14 S3B_Valkaama_rep1 harness: OK: 6 perpindahan kualitas, 1 stall, media 300.224s
01:45:18 S3B_Valkaama_rep1 label: {'Degraded': 1, 'Excellent': 29}
01:45:18 S3B_Valkaama_rep1 selaras: pergeseran akibat stall: 0.000 detik (0.00 window)
01:45:19 S3B_TheSwissAccount_rep1 tc: netem delay 100ms 30ms 25%
01:45:24 S3B_TheSwissAccount_rep1 agen jalan | >> membaca 1 map bernama 'flows': id [3]
01:50:27 S3B_TheSwissAccount_rep1 harness: OK: 7 perpindahan kualitas, 1 stall, media 300.24s
01:50:31 S3B_TheSwissAccount_rep1 label: {'Degraded': 1, 'Excellent': 29}
01:50:31 S3B_TheSwissAccount_rep1 selaras: pergeseran akibat stall: 0.000 detik (0.00 window)
01:50:32 S4A_BigBuckBunny_rep1 tc: netem delay 50ms
01:50:36 S4A_BigBuckBunny_rep1 agen jalan | >> membaca 1 map bernama 'flows': id [3]
01:55:40 S4A_BigBuckBunny_rep1 harness: OK: 3 perpindahan kualitas, 1 stall, media 299.946s
01:55:44 S4A_BigBuckBunny_rep1 label: {'Degraded': 1, 'Excellent': 29}
01:55:44 S4A_BigBuckBunny_rep1 selaras: pergeseran akibat stall: 0.000 detik (0.00 window)
01:55:45 S4A_ElephantsDream_rep1 tc: netem delay 50ms
01:55:49 S4A_ElephantsDream_rep1 agen jalan | >> membaca 1 map bernama 'flows': id [3]
02:00:53 S4A_ElephantsDream_rep1 harness: OK: 3 perpindahan kualitas, 1 stall, media 299.943s
02:00:57 S4A_ElephantsDream_rep1 label: {'Degraded': 1, 'Excellent': 29}
02:00:57 S4A_ElephantsDream_rep1 selaras: pergeseran akibat stall: 0.000 detik (0.00 window)
02:00:57 S4A_OfForestAndMen_rep1 tc: netem delay 50ms
02:01:02 S4A_OfForestAndMen_rep1 agen jalan | >> membaca 1 map bernama 'flows': id [3]
02:06:06 S4A_OfForestAndMen_rep1 harness: OK: 3 perpindahan kualitas, 1 stall, media 299.981s
02:06:10 S4A_OfForestAndMen_rep1 label: {'Degraded': 1, 'Excellent': 29}
02:06:10 S4A_OfForestAndMen_rep1 selaras: pergeseran akibat stall: 0.000 detik (0.00 window)
02:06:10 S4A_RedBullPlayStreets_rep1 tc: netem delay 50ms
02:06:15 S4A_RedBullPlayStreets_rep1 agen jalan | >> membaca 1 map bernama 'flows': id [3]
02:11:19 S4A_RedBullPlayStreets_rep1 harness: OK: 3 perpindahan kualitas, 1 stall, media 300.231s
02:11:23 S4A_RedBullPlayStreets_rep1 label: {'Degraded': 1, 'Excellent': 29}
02:11:23 S4A_RedBullPlayStreets_rep1 selaras: pergeseran akibat stall: 0.000 detik (0.00 window)
02:11:23 S4A_TearsOfSteel_rep1 tc: netem delay 50ms
02:11:28 S4A_TearsOfSteel_rep1 agen jalan | >> membaca 1 map bernama 'flows': id [3]
02:16:31 S4A_TearsOfSteel_rep1 harness: OK: 2 perpindahan kualitas, 1 stall, media 299.124s
02:16:36 S4A_TearsOfSteel_rep1 label: {'Degraded': 1, 'Excellent': 29}
02:16:36 S4A_TearsOfSteel_rep1 selaras: pergeseran akibat stall: 0.000 detik (0.00 window)
02:16:36 S4A_Valkaama_rep1 tc: netem delay 50ms
02:16:41 S4A_Valkaama_rep1 agen jalan | >> membaca 1 map bernama 'flows': id [3]
02:21:44 S4A_Valkaama_rep1 harness: OK: 3 perpindahan kualitas, 1 stall, media 300.228s
02:21:48 S4A_Valkaama_rep1 label: {'Degraded': 1, 'Excellent': 29}
02:21:48 S4A_Valkaama_rep1 selaras: pergeseran akibat stall: 0.000 detik (0.00 window)
02:21:49 S4A_TheSwissAccount_rep1 tc: netem delay 50ms
02:21:54 S4A_TheSwissAccount_rep1 agen jalan | >> membaca 1 map bernama 'flows': id [3]
02:26:57 S4A_TheSwissAccount_rep1 harness: OK: 3 perpindahan kualitas, 1 stall, media 300.241s
02:27:01 S4A_TheSwissAccount_rep1 label: {'Degraded': 1, 'Excellent': 29}
02:27:01 S4A_TheSwissAccount_rep1 selaras: pergeseran akibat stall: 0.000 detik (0.00 window)
02:27:02 S4B_BigBuckBunny_rep1 tc: netem delay 150ms
02:27:06 S4B_BigBuckBunny_rep1 agen jalan | >> membaca 1 map bernama 'flows': id [3]
02:32:10 S4B_BigBuckBunny_rep1 harness: OK: 2 perpindahan kualitas, 1 stall, media 299.871s
02:32:14 S4B_BigBuckBunny_rep1 label: {'Degraded': 1, 'Excellent': 29}
02:32:14 S4B_BigBuckBunny_rep1 selaras: pergeseran akibat stall: 0.000 detik (0.00 window)
02:32:15 S4B_ElephantsDream_rep1 tc: netem delay 150ms
02:32:19 S4B_ElephantsDream_rep1 agen jalan | >> membaca 1 map bernama 'flows': id [3]
02:37:23 S4B_ElephantsDream_rep1 harness: OK: 3 perpindahan kualitas, 1 stall, media 299.916s
02:37:28 S4B_ElephantsDream_rep1 label: {'Degraded': 1, 'Excellent': 29}
02:37:28 S4B_ElephantsDream_rep1 selaras: pergeseran akibat stall: 0.000 detik (0.00 window)
02:37:28 S4B_OfForestAndMen_rep1 tc: netem delay 150ms
02:37:33 S4B_OfForestAndMen_rep1 agen jalan | >> membaca 1 map bernama 'flows': id [3]
02:42:37 S4B_OfForestAndMen_rep1 harness: OK: 6 perpindahan kualitas, 1 stall, media 299.896s
02:42:41 S4B_OfForestAndMen_rep1 label: {'Degraded': 1, 'Excellent': 29}
02:42:41 S4B_OfForestAndMen_rep1 selaras: pergeseran akibat stall: 0.000 detik (0.00 window)
02:42:41 S4B_RedBullPlayStreets_rep1 tc: netem delay 150ms
02:42:46 S4B_RedBullPlayStreets_rep1 agen jalan | >> membaca 1 map bernama 'flows': id [3]
02:47:50 S4B_RedBullPlayStreets_rep1 harness: OK: 3 perpindahan kualitas, 1 stall, media 300.239s
02:47:54 S4B_RedBullPlayStreets_rep1 label: {'Degraded': 1, 'Excellent': 29}
02:47:54 S4B_RedBullPlayStreets_rep1 selaras: pergeseran akibat stall: 0.000 detik (0.00 window)
02:47:54 S4B_TearsOfSteel_rep1 tc: netem delay 150ms
02:47:59 S4B_TearsOfSteel_rep1 agen jalan | >> membaca 1 map bernama 'flows': id [3]
02:53:03 S4B_TearsOfSteel_rep1 harness: OK: 21 perpindahan kualitas, 1 stall, media 299.124s
02:53:07 S4B_TearsOfSteel_rep1 label: {'Degraded': 1, 'Excellent': 29}
02:53:07 S4B_TearsOfSteel_rep1 selaras: pergeseran akibat stall: 0.000 detik (0.00 window)
02:53:07 S4B_Valkaama_rep1 tc: netem delay 150ms
02:53:12 S4B_Valkaama_rep1 agen jalan | >> membaca 1 map bernama 'flows': id [3]
02:58:16 S4B_Valkaama_rep1 harness: OK: 3 perpindahan kualitas, 1 stall, media 300.25s
02:58:20 S4B_Valkaama_rep1 label: {'Degraded': 1, 'Excellent': 29}
02:58:20 S4B_Valkaama_rep1 selaras: pergeseran akibat stall: 0.000 detik (0.00 window)
02:58:21 S4B_TheSwissAccount_rep1 tc: netem delay 150ms
02:58:25 S4B_TheSwissAccount_rep1 agen jalan | >> membaca 1 map bernama 'flows': id [3]
03:03:29 S4B_TheSwissAccount_rep1 harness: OK: 3 perpindahan kualitas, 1 stall, media 300.222s
03:03:33 S4B_TheSwissAccount_rep1 label: {'Degraded': 1, 'Excellent': 29}
03:03:33 S4B_TheSwissAccount_rep1 selaras: pergeseran akibat stall: 0.000 detik (0.00 window)
03:03:34 S4C_BigBuckBunny_rep1 tc: netem delay 300ms
03:03:38 S4C_BigBuckBunny_rep1 agen jalan | >> membaca 1 map bernama 'flows': id [3]
03:08:43 S4C_BigBuckBunny_rep1 harness: OK: 3 perpindahan kualitas, 1 stall, media 298.701s
03:08:47 S4C_BigBuckBunny_rep1 label: {'Critical': 1, 'Excellent': 29}
03:08:47 S4C_BigBuckBunny_rep1 selaras: pergeseran akibat stall: 0.000 detik (0.00 window)
03:08:47 S4C_ElephantsDream_rep1 tc: netem delay 300ms
03:08:52 S4C_ElephantsDream_rep1 agen jalan | >> membaca 1 map bernama 'flows': id [3]
03:13:56 S4C_ElephantsDream_rep1 harness: OK: 3 perpindahan kualitas, 1 stall, media 298.738s
03:14:00 S4C_ElephantsDream_rep1 label: {'Critical': 1, 'Excellent': 29}
03:14:00 S4C_ElephantsDream_rep1 selaras: pergeseran akibat stall: 0.000 detik (0.00 window)
03:14:01 S4C_OfForestAndMen_rep1 tc: netem delay 300ms
03:14:05 S4C_OfForestAndMen_rep1 agen jalan | >> membaca 1 map bernama 'flows': id [3]
03:19:10 S4C_OfForestAndMen_rep1 harness: OK: 5 perpindahan kualitas, 1 stall, media 298.731s
03:19:14 S4C_OfForestAndMen_rep1 label: {'Critical': 1, 'Excellent': 29}
03:19:14 S4C_OfForestAndMen_rep1 selaras: pergeseran akibat stall: 0.000 detik (0.00 window)
03:19:14 S4C_RedBullPlayStreets_rep1 tc: netem delay 300ms
03:19:19 S4C_RedBullPlayStreets_rep1 agen jalan | >> membaca 1 map bernama 'flows': id [3]
03:24:23 S4C_RedBullPlayStreets_rep1 harness: OK: 9 perpindahan kualitas, 1 stall, media 299.917s
03:24:27 S4C_RedBullPlayStreets_rep1 label: {'Degraded': 1, 'Excellent': 29}
03:24:27 S4C_RedBullPlayStreets_rep1 selaras: pergeseran akibat stall: 0.000 detik (0.00 window)
03:24:27 S4C_TearsOfSteel_rep1 tc: netem delay 300ms
03:24:32 S4C_TearsOfSteel_rep1 agen jalan | >> membaca 1 map bernama 'flows': id [3]
03:29:36 S4C_TearsOfSteel_rep1 harness: OK: 4 perpindahan kualitas, 1 stall, media 299.124s
03:29:40 S4C_TearsOfSteel_rep1 label: {'Degraded': 1, 'Excellent': 29}
03:29:40 S4C_TearsOfSteel_rep1 selaras: pergeseran akibat stall: 0.000 detik (0.00 window)
03:29:41 S4C_Valkaama_rep1 tc: netem delay 300ms
03:29:45 S4C_Valkaama_rep1 agen jalan | >> membaca 1 map bernama 'flows': id [3]
03:34:50 S4C_Valkaama_rep1 harness: OK: 4 perpindahan kualitas, 1 stall, media 299.639s
03:34:54 S4C_Valkaama_rep1 label: {'Degraded': 1, 'Excellent': 29}
03:34:54 S4C_Valkaama_rep1 selaras: pergeseran akibat stall: 0.000 detik (0.00 window)
03:34:54 S4C_TheSwissAccount_rep1 tc: netem delay 300ms
03:34:59 S4C_TheSwissAccount_rep1 agen jalan | >> membaca 1 map bernama 'flows': id [3]
03:40:03 S4C_TheSwissAccount_rep1 harness: OK: 7 perpindahan kualitas, 1 stall, media 299.55s
03:40:08 S4C_TheSwissAccount_rep1 label: {'Degraded': 1, 'Excellent': 29}
03:40:08 S4C_TheSwissAccount_rep1 selaras: pergeseran akibat stall: 0.000 detik (0.00 window)
03:40:08 S5F_BigBuckBunny_rep1 tc: netem delay 100ms 20ms loss 5%
03:40:13 S5F_BigBuckBunny_rep1 agen jalan | >> membaca 1 map bernama 'flows': id [3]
03:45:16 S5F_BigBuckBunny_rep1 harness: OK: 37 perpindahan kualitas, 3 stall, media 295.694s
03:45:20 S5F_BigBuckBunny_rep1 label: {'Critical': 1, 'Degraded': 24, 'Good': 5}
03:45:21 S5F_BigBuckBunny_rep1 selaras: pergeseran akibat stall: 0.837 detik (0.08 window)
03:45:21 S5F_ElephantsDream_rep1 tc: netem delay 100ms 20ms loss 5%
03:45:26 S5F_ElephantsDream_rep1 agen jalan | >> membaca 1 map bernama 'flows': id [3]
03:50:29 S5F_ElephantsDream_rep1 harness: OK: 22 perpindahan kualitas, 2 stall, media 294.235s
03:50:33 S5F_ElephantsDream_rep1 label: {'Critical': 1, 'Degraded': 24, 'Good': 5}
03:50:33 S5F_ElephantsDream_rep1 selaras: pergeseran akibat stall: 4.257 detik (0.43 window)
03:50:34 S5F_OfForestAndMen_rep1 tc: netem delay 100ms 20ms loss 5%
03:50:38 S5F_OfForestAndMen_rep1 agen jalan | >> membaca 1 map bernama 'flows': id [3]
03:55:42 S5F_OfForestAndMen_rep1 harness: OK: 31 perpindahan kualitas, 6 stall, media 293.516s
03:55:46 S5F_OfForestAndMen_rep1 label: {'Degraded': 22, 'Critical': 3, 'Good': 5}
03:55:46 S5F_OfForestAndMen_rep1 selaras: pergeseran akibat stall: 6.559 detik (0.66 window)
03:55:47 S5F_RedBullPlayStreets_rep1 tc: netem delay 100ms 20ms loss 5%
03:55:51 S5F_RedBullPlayStreets_rep1 agen jalan | >> membaca 1 map bernama 'flows': id [3]
04:00:55 S5F_RedBullPlayStreets_rep1 harness: OK: 36 perpindahan kualitas, 4 stall, media 298.039s
04:00:59 S5F_RedBullPlayStreets_rep1 label: {'Critical': 1, 'Good': 10, 'Degraded': 19}
04:00:59 S5F_RedBullPlayStreets_rep1 selaras: pergeseran akibat stall: 2.475 detik (0.25 window)
04:01:00 S5F_TearsOfSteel_rep1 tc: netem delay 100ms 20ms loss 5%
04:01:04 S5F_TearsOfSteel_rep1 agen jalan | >> membaca 1 map bernama 'flows': id [3]
04:06:08 S5F_TearsOfSteel_rep1 harness: OK: 21 perpindahan kualitas, 1 stall, media 299.124s
04:06:12 S5F_TearsOfSteel_rep1 label: {'Degraded': 26, 'Good': 4}
04:06:12 S5F_TearsOfSteel_rep1 selaras: pergeseran akibat stall: 0.000 detik (0.00 window)
04:06:13 S5F_Valkaama_rep1 tc: netem delay 100ms 20ms loss 5%
04:06:17 S5F_Valkaama_rep1 agen jalan | >> membaca 1 map bernama 'flows': id [3]
04:11:21 S5F_Valkaama_rep1 harness: OK: 28 perpindahan kualitas, 3 stall, media 298.705s
04:11:25 S5F_Valkaama_rep1 label: {'Critical': 1, 'Good': 20, 'Degraded': 9}
04:11:25 S5F_Valkaama_rep1 selaras: pergeseran akibat stall: 1.898 detik (0.19 window)
04:11:25 S5F_TheSwissAccount_rep1 tc: netem delay 100ms 20ms loss 5%
04:11:30 S5F_TheSwissAccount_rep1 agen jalan | >> membaca 1 map bernama 'flows': id [3]
04:16:34 S5F_TheSwissAccount_rep1 harness: OK: 39 perpindahan kualitas, 3 stall, media 298.454s
04:16:38 S5F_TheSwissAccount_rep1 label: {'Degraded': 15, 'Good': 15}
04:16:38 S5F_TheSwissAccount_rep1 selaras: pergeseran akibat stall: 1.126 detik (0.11 window)
04:16:38 S5A_BigBuckBunny_rep1 tc: netem delay 100ms loss 5%
04:16:43 S5A_BigBuckBunny_rep1 agen jalan | >> membaca 1 map bernama 'flows': id [3]
04:21:47 S5A_BigBuckBunny_rep1 harness: OK: 33 perpindahan kualitas, 6 stall, media 286.653s
04:21:51 S5A_BigBuckBunny_rep1 label: {'Critical': 3, 'Degraded': 11, 'Good': 15}
04:21:51 S5A_BigBuckBunny_rep1 selaras: pergeseran akibat stall: 13.139 detik (1.31 window)
04:21:51 S5A_ElephantsDream_rep1 tc: netem delay 100ms loss 5%
04:21:56 S5A_ElephantsDream_rep1 agen jalan | >> membaca 1 map bernama 'flows': id [3]
04:27:00 S5A_ElephantsDream_rep1 harness: OK: 34 perpindahan kualitas, 6 stall, media 290.27s
04:27:04 S5A_ElephantsDream_rep1 label: {'Critical': 2, 'Good': 14, 'Degraded': 13}
04:27:04 S5A_ElephantsDream_rep1 selaras: pergeseran akibat stall: 9.460 detik (0.95 window)
04:27:04 S5A_OfForestAndMen_rep1 tc: netem delay 100ms loss 5%
04:27:09 S5A_OfForestAndMen_rep1 agen jalan | >> membaca 1 map bernama 'flows': id [3]
04:32:12 S5A_OfForestAndMen_rep1 harness: OK: 36 perpindahan kualitas, 4 stall, media 296.628s
04:32:17 S5A_OfForestAndMen_rep1 label: {'Critical': 3, 'Good': 19, 'Degraded': 8}
04:32:17 S5A_OfForestAndMen_rep1 selaras: pergeseran akibat stall: 2.908 detik (0.29 window)
04:32:17 S5A_RedBullPlayStreets_rep1 tc: netem delay 100ms loss 5%
04:32:22 S5A_RedBullPlayStreets_rep1 agen jalan | >> membaca 1 map bernama 'flows': id [3]
04:37:25 S5A_RedBullPlayStreets_rep1 harness: OK: 25 perpindahan kualitas, 3 stall, media 297.979s
04:37:29 S5A_RedBullPlayStreets_rep1 label: {'Critical': 1, 'Good': 21, 'Degraded': 8}
04:37:30 S5A_RedBullPlayStreets_rep1 selaras: pergeseran akibat stall: 2.635 detik (0.26 window)
04:37:30 S5A_TearsOfSteel_rep1 tc: netem delay 100ms loss 5%
04:37:35 S5A_TearsOfSteel_rep1 agen jalan | >> membaca 1 map bernama 'flows': id [3]
04:42:38 S5A_TearsOfSteel_rep1 harness: OK: 13 perpindahan kualitas, 1 stall, media 299.124s
04:42:42 S5A_TearsOfSteel_rep1 label: {'Degraded': 8, 'Good': 22}
04:42:42 S5A_TearsOfSteel_rep1 selaras: pergeseran akibat stall: 0.000 detik (0.00 window)
04:42:43 S5A_Valkaama_rep1 tc: netem delay 100ms loss 5%
04:42:48 S5A_Valkaama_rep1 agen jalan | >> membaca 1 map bernama 'flows': id [3]
04:47:51 S5A_Valkaama_rep1 harness: OK: 32 perpindahan kualitas, 4 stall, media 297.592s
04:47:55 S5A_Valkaama_rep1 label: {'Critical': 2, 'Excellent': 1, 'Good': 23, 'Degraded': 4}
04:47:56 S5A_Valkaama_rep1 selaras: pergeseran akibat stall: 3.080 detik (0.31 window)
04:47:56 S5A_TheSwissAccount_rep1 tc: netem delay 100ms loss 5%
04:48:01 S5A_TheSwissAccount_rep1 agen jalan | >> membaca 1 map bernama 'flows': id [3]
04:53:04 S5A_TheSwissAccount_rep1 harness: OK: 32 perpindahan kualitas, 4 stall, media 296.155s
04:53:08 S5A_TheSwissAccount_rep1 label: {'Critical': 2, 'Good': 18, 'Excellent': 2, 'Degraded': 8}
04:53:08 S5A_TheSwissAccount_rep1 selaras: pergeseran akibat stall: 4.288 detik (0.43 window)
04:53:09 S5B_BigBuckBunny_rep1 tc: netem delay 1ms 20ms loss 5%
04:53:13 S5B_BigBuckBunny_rep1 agen jalan | >> membaca 1 map bernama 'flows': id [3]
04:58:17 S5B_BigBuckBunny_rep1 harness: OK: 20 perpindahan kualitas, 1 stall, media 299.794s
04:58:21 S5B_BigBuckBunny_rep1 label: {'Degraded': 1, 'Good': 2, 'Excellent': 27}
04:58:21 S5B_BigBuckBunny_rep1 selaras: pergeseran akibat stall: 0.000 detik (0.00 window)
04:58:21 S5B_ElephantsDream_rep1 tc: netem delay 1ms 20ms loss 5%
04:58:26 S5B_ElephantsDream_rep1 agen jalan | >> membaca 1 map bernama 'flows': id [3]
05:03:29 S5B_ElephantsDream_rep1 harness: OK: 42 perpindahan kualitas, 2 stall, media 299.677s
05:03:33 S5B_ElephantsDream_rep1 label: {'Critical': 1, 'Excellent': 29}
05:03:34 S5B_ElephantsDream_rep1 selaras: pergeseran akibat stall: 0.264 detik (0.03 window)
05:03:34 S5B_OfForestAndMen_rep1 tc: netem delay 1ms 20ms loss 5%
05:03:39 S5B_OfForestAndMen_rep1 agen jalan | >> membaca 1 map bernama 'flows': id [3]
05:08:42 S5B_OfForestAndMen_rep1 harness: OK: 38 perpindahan kualitas, 1 stall, media 299.977s
05:08:46 S5B_OfForestAndMen_rep1 label: {'Degraded': 1, 'Excellent': 29}
05:08:46 S5B_OfForestAndMen_rep1 selaras: pergeseran akibat stall: 0.000 detik (0.00 window)
05:08:47 S5B_RedBullPlayStreets_rep1 tc: netem delay 1ms 20ms loss 5%
05:08:51 S5B_RedBullPlayStreets_rep1 agen jalan | >> membaca 1 map bernama 'flows': id [3]
05:13:54 S5B_RedBullPlayStreets_rep1 harness: OK: 42 perpindahan kualitas, 2 stall, media 298.553s
05:13:58 S5B_RedBullPlayStreets_rep1 label: {'Critical': 1, 'Excellent': 29}
05:13:59 S5B_RedBullPlayStreets_rep1 selaras: pergeseran akibat stall: 2.110 detik (0.21 window)
05:13:59 S5B_TearsOfSteel_rep1 tc: netem delay 1ms 20ms loss 5%
05:14:04 S5B_TearsOfSteel_rep1 agen jalan | >> membaca 1 map bernama 'flows': id [3]
05:19:07 S5B_TearsOfSteel_rep1 harness: OK: 16 perpindahan kualitas, 1 stall, media 299.124s
05:19:11 S5B_TearsOfSteel_rep1 label: {'Degraded': 1, 'Good': 4, 'Excellent': 25}
05:19:11 S5B_TearsOfSteel_rep1 selaras: pergeseran akibat stall: 0.000 detik (0.00 window)
05:19:12 S5B_Valkaama_rep1 tc: netem delay 1ms 20ms loss 5%
05:19:16 S5B_Valkaama_rep1 agen jalan | >> membaca 1 map bernama 'flows': id [3]
05:24:20 S5B_Valkaama_rep1 harness: OK: 32 perpindahan kualitas, 1 stall, media 300.24s
05:24:24 S5B_Valkaama_rep1 label: {'Degraded': 1, 'Excellent': 29}
05:24:24 S5B_Valkaama_rep1 selaras: pergeseran akibat stall: 0.000 detik (0.00 window)
05:24:24 S5B_TheSwissAccount_rep1 tc: netem delay 1ms 20ms loss 5%
05:24:29 S5B_TheSwissAccount_rep1 agen jalan | >> membaca 1 map bernama 'flows': id [3]
05:29:32 S5B_TheSwissAccount_rep1 harness: OK: 19 perpindahan kualitas, 1 stall, media 300.228s
05:29:37 S5B_TheSwissAccount_rep1 label: {'Degraded': 1, 'Excellent': 29}
05:29:37 S5B_TheSwissAccount_rep1 selaras: pergeseran akibat stall: 0.000 detik (0.00 window)
05:29:37 S5C_BigBuckBunny_rep1 tc: netem delay 100ms 20ms
05:29:42 S5C_BigBuckBunny_rep1 agen jalan | >> membaca 1 map bernama 'flows': id [3]
05:34:45 S5C_BigBuckBunny_rep1 harness: OK: 7 perpindahan kualitas, 1 stall, media 299.93s
05:34:49 S5C_BigBuckBunny_rep1 label: {'Degraded': 1, 'Excellent': 29}
05:34:49 S5C_BigBuckBunny_rep1 selaras: pergeseran akibat stall: 0.000 detik (0.00 window)
05:34:50 S5C_ElephantsDream_rep1 tc: netem delay 100ms 20ms
05:34:55 S5C_ElephantsDream_rep1 agen jalan | >> membaca 1 map bernama 'flows': id [3]
05:39:58 S5C_ElephantsDream_rep1 harness: OK: 5 perpindahan kualitas, 1 stall, media 299.522s
05:40:02 S5C_ElephantsDream_rep1 label: {'Critical': 1, 'Excellent': 29}
05:40:03 S5C_ElephantsDream_rep1 selaras: pergeseran akibat stall: 0.000 detik (0.00 window)
05:40:03 S5C_OfForestAndMen_rep1 tc: netem delay 100ms 20ms
05:40:08 S5C_OfForestAndMen_rep1 agen jalan | >> membaca 1 map bernama 'flows': id [3]
05:45:11 S5C_OfForestAndMen_rep1 harness: OK: 3 perpindahan kualitas, 1 stall, media 299.989s
05:45:15 S5C_OfForestAndMen_rep1 label: {'Degraded': 1, 'Excellent': 29}
05:45:15 S5C_OfForestAndMen_rep1 selaras: pergeseran akibat stall: 0.000 detik (0.00 window)
05:45:16 S5C_RedBullPlayStreets_rep1 tc: netem delay 100ms 20ms
05:45:20 S5C_RedBullPlayStreets_rep1 agen jalan | >> membaca 1 map bernama 'flows': id [3]
05:50:24 S5C_RedBullPlayStreets_rep1 harness: OK: 7 perpindahan kualitas, 1 stall, media 300.228s
05:50:29 S5C_RedBullPlayStreets_rep1 label: {'Degraded': 1, 'Excellent': 29}
05:50:29 S5C_RedBullPlayStreets_rep1 selaras: pergeseran akibat stall: 0.000 detik (0.00 window)
05:50:29 S5C_TearsOfSteel_rep1 tc: netem delay 100ms 20ms
05:50:34 S5C_TearsOfSteel_rep1 agen jalan | >> membaca 1 map bernama 'flows': id [3]
05:55:38 S5C_TearsOfSteel_rep1 harness: OK: 6 perpindahan kualitas, 1 stall, media 299.123s
05:55:42 S5C_TearsOfSteel_rep1 label: {'Degraded': 1, 'Excellent': 29}
05:55:42 S5C_TearsOfSteel_rep1 selaras: pergeseran akibat stall: 0.000 detik (0.00 window)
05:55:42 S5C_Valkaama_rep1 tc: netem delay 100ms 20ms
05:55:47 S5C_Valkaama_rep1 agen jalan | >> membaca 1 map bernama 'flows': id [3]
06:00:50 S5C_Valkaama_rep1 harness: OK: 6 perpindahan kualitas, 1 stall, media 300.248s
06:00:54 S5C_Valkaama_rep1 label: {'Degraded': 1, 'Excellent': 29}
06:00:55 S5C_Valkaama_rep1 selaras: pergeseran akibat stall: 0.000 detik (0.00 window)
06:00:55 S5C_TheSwissAccount_rep1 tc: netem delay 100ms 20ms
06:01:00 S5C_TheSwissAccount_rep1 agen jalan | >> membaca 1 map bernama 'flows': id [3]
06:06:04 S5C_TheSwissAccount_rep1 harness: OK: 6 perpindahan kualitas, 1 stall, media 300.224s
06:06:09 S5C_TheSwissAccount_rep1 label: {'Degraded': 1, 'Excellent': 29}
06:06:09 S5C_TheSwissAccount_rep1 selaras: pergeseran akibat stall: 0.000 detik (0.00 window)
