
=== mulai 2026-08-17 16:54:35 (98 run) ===
16:54:36 S1_BigBuckBunny_rep1 tc: (bersih)
16:54:40 S1_BigBuckBunny_rep1 agen jalan | >> membaca 1 map bernama 'flows': id [56]
16:59:45 S1_BigBuckBunny_rep1 harness: OK: 3 perpindahan kualitas, 1 stall, media 299.958s
16:59:49 S1_BigBuckBunny_rep1 label: {'Degraded': 1, 'Excellent': 29}
16:59:49 S1_BigBuckBunny_rep1 selaras: pergeseran akibat stall: 0.000 detik (0.00 window)
16:59:50 S1_ElephantsDream_rep1 tc: (bersih)
16:59:54 S1_ElephantsDream_rep1 agen jalan | >> membaca 1 map bernama 'flows': id [56]
17:04:58 S1_ElephantsDream_rep1 harness: OK: 3 perpindahan kualitas, 1 stall, media 299.934s
17:05:02 S1_ElephantsDream_rep1 label: {'Degraded': 1, 'Excellent': 29}
17:05:02 S1_ElephantsDream_rep1 selaras: pergeseran akibat stall: 0.000 detik (0.00 window)
17:05:02 S1_OfForestAndMen_rep1 tc: (bersih)
17:05:07 S1_OfForestAndMen_rep1 agen jalan | >> membaca 1 map bernama 'flows': id [56]
17:10:11 S1_OfForestAndMen_rep1 harness: OK: 3 perpindahan kualitas, 1 stall, media 299.985s
17:10:15 S1_OfForestAndMen_rep1 label: {'Degraded': 1, 'Excellent': 29}
17:10:15 S1_OfForestAndMen_rep1 selaras: pergeseran akibat stall: 0.000 detik (0.00 window)
17:10:15 S1_RedBullPlayStreets_rep1 tc: (bersih)
17:10:20 S1_RedBullPlayStreets_rep1 agen jalan | >> membaca 1 map bernama 'flows': id [56]
17:15:23 S1_RedBullPlayStreets_rep1 harness: OK: 3 perpindahan kualitas, 1 stall, media 300.246s
17:15:28 S1_RedBullPlayStreets_rep1 label: {'Degraded': 1, 'Excellent': 29}
17:15:28 S1_RedBullPlayStreets_rep1 selaras: pergeseran akibat stall: 0.000 detik (0.00 window)
17:15:28 S1_TearsOfSteel_rep1 tc: (bersih)
17:15:33 S1_TearsOfSteel_rep1 agen jalan | >> membaca 1 map bernama 'flows': id [56]
17:20:36 S1_TearsOfSteel_rep1 harness: OK: 2 perpindahan kualitas, 1 stall, media 299.124s
17:20:40 S1_TearsOfSteel_rep1 label: {'Degraded': 1, 'Good': 29}
17:20:41 S1_TearsOfSteel_rep1 selaras: pergeseran akibat stall: 0.000 detik (0.00 window)
17:20:41 S1_Valkaama_rep1 tc: (bersih)
17:20:46 S1_Valkaama_rep1 agen jalan | >> membaca 1 map bernama 'flows': id [56]
17:25:49 S1_Valkaama_rep1 harness: OK: 3 perpindahan kualitas, 1 stall, media 300.226s
17:25:53 S1_Valkaama_rep1 label: {'Degraded': 1, 'Excellent': 29}
17:25:54 S1_Valkaama_rep1 selaras: pergeseran akibat stall: 0.000 detik (0.00 window)
17:25:54 S1_TheSwissAccount_rep1 tc: (bersih)
17:25:59 S1_TheSwissAccount_rep1 agen jalan | >> membaca 1 map bernama 'flows': id [56]
17:31:02 S1_TheSwissAccount_rep1 harness: OK: 3 perpindahan kualitas, 1 stall, media 300.242s
17:31:07 S1_TheSwissAccount_rep1 label: {'Degraded': 1, 'Excellent': 29}
17:31:07 S1_TheSwissAccount_rep1 selaras: pergeseran akibat stall: 0.000 detik (0.00 window)
17:31:07 S2A_BigBuckBunny_rep1 tc: tbf rate 3mbit burst 32k latency 50ms
17:31:12 S2A_BigBuckBunny_rep1 agen jalan | >> membaca 1 map bernama 'flows': id [56]
17:36:15 S2A_BigBuckBunny_rep1 harness: OK: 32 perpindahan kualitas, 2 stall, media 299.968s
17:36:19 S2A_BigBuckBunny_rep1 label: {'Degraded': 1, 'Excellent': 29}
17:36:19 S2A_BigBuckBunny_rep1 selaras: pergeseran akibat stall: 0.101 detik (0.01 window)
17:36:20 S2A_ElephantsDream_rep1 tc: tbf rate 3mbit burst 32k latency 50ms
17:36:25 S2A_ElephantsDream_rep1 agen jalan | >> membaca 1 map bernama 'flows': id [56]
17:41:29 S2A_ElephantsDream_rep1 harness: OK: 38 perpindahan kualitas, 2 stall, media 299.929s
17:41:33 S2A_ElephantsDream_rep1 label: {'Degraded': 1, 'Excellent': 29}
17:41:33 S2A_ElephantsDream_rep1 selaras: pergeseran akibat stall: 0.123 detik (0.01 window)
17:41:33 S2A_OfForestAndMen_rep1 tc: tbf rate 3mbit burst 32k latency 50ms
17:41:38 S2A_OfForestAndMen_rep1 agen jalan | >> membaca 1 map bernama 'flows': id [56]
17:46:42 S2A_OfForestAndMen_rep1 harness: OK: 36 perpindahan kualitas, 1 stall, media 299.98s
17:46:46 S2A_OfForestAndMen_rep1 label: {'Degraded': 1, 'Excellent': 29}
17:46:46 S2A_OfForestAndMen_rep1 selaras: pergeseran akibat stall: 0.000 detik (0.00 window)
17:46:46 S2A_RedBullPlayStreets_rep1 tc: tbf rate 3mbit burst 32k latency 50ms
17:46:51 S2A_RedBullPlayStreets_rep1 agen jalan | >> membaca 1 map bernama 'flows': id [56]
17:51:55 S2A_RedBullPlayStreets_rep1 harness: OK: 33 perpindahan kualitas, 2 stall, media 300.243s
17:51:59 S2A_RedBullPlayStreets_rep1 label: {'Degraded': 1, 'Excellent': 25, 'Good': 4}
17:51:59 S2A_RedBullPlayStreets_rep1 selaras: pergeseran akibat stall: 0.683 detik (0.07 window)
17:52:00 S2A_TearsOfSteel_rep1 tc: tbf rate 3mbit burst 32k latency 50ms
17:52:04 S2A_TearsOfSteel_rep1 agen jalan | >> membaca 1 map bernama 'flows': id [56]
17:57:08 S2A_TearsOfSteel_rep1 harness: OK: 12 perpindahan kualitas, 1 stall, media 276.047s
17:57:12 S2A_TearsOfSteel_rep1 label: {'Degraded': 1, 'Excellent': 27}
17:57:12 S2A_TearsOfSteel_rep1 selaras: pergeseran akibat stall: 0.000 detik (0.00 window)
17:57:13 S2A_Valkaama_rep1 tc: tbf rate 3mbit burst 32k latency 50ms
17:57:17 S2A_Valkaama_rep1 agen jalan | >> membaca 1 map bernama 'flows': id [56]
18:02:21 S2A_Valkaama_rep1 harness: OK: 7 perpindahan kualitas, 2 stall, media 300.029s
18:02:25 S2A_Valkaama_rep1 label: {'Critical': 1, 'Excellent': 29}
18:02:25 S2A_Valkaama_rep1 selaras: pergeseran akibat stall: 1.163 detik (0.12 window)
18:02:26 S2A_TheSwissAccount_rep1 tc: tbf rate 3mbit burst 32k latency 50ms
18:02:30 S2A_TheSwissAccount_rep1 agen jalan | >> membaca 1 map bernama 'flows': id [56]
18:07:34 S2A_TheSwissAccount_rep1 harness: OK: 5 perpindahan kualitas, 1 stall, media 300.25s
18:07:38 S2A_TheSwissAccount_rep1 label: {'Degraded': 1, 'Excellent': 29}
18:07:38 S2A_TheSwissAccount_rep1 selaras: pergeseran akibat stall: 0.000 detik (0.00 window)
18:07:39 S2B_BigBuckBunny_rep1 tc: tbf rate 700kbit burst 15k latency 50ms
18:07:43 S2B_BigBuckBunny_rep1 agen jalan | >> membaca 1 map bernama 'flows': id [56]
18:12:47 S2B_BigBuckBunny_rep1 harness: OK: 13 perpindahan kualitas, 1 stall, media 297.51s
18:12:51 S2B_BigBuckBunny_rep1 label: {'Critical': 1, 'Good': 27, 'Degraded': 2}
18:12:51 S2B_BigBuckBunny_rep1 selaras: pergeseran akibat stall: 0.000 detik (0.00 window)
18:12:52 S2B_ElephantsDream_rep1 tc: tbf rate 700kbit burst 15k latency 50ms
18:12:56 S2B_ElephantsDream_rep1 agen jalan | >> membaca 1 map bernama 'flows': id [56]
18:18:01 S2B_ElephantsDream_rep1 harness: OK: 23 perpindahan kualitas, 2 stall, media 297.658s
18:18:05 S2B_ElephantsDream_rep1 label: {'Critical': 1, 'Good': 23, 'Degraded': 6}
18:18:05 S2B_ElephantsDream_rep1 selaras: pergeseran akibat stall: 0.190 detik (0.02 window)
18:18:05 S2B_OfForestAndMen_rep1 tc: tbf rate 700kbit burst 15k latency 50ms
18:18:10 S2B_OfForestAndMen_rep1 agen jalan | >> membaca 1 map bernama 'flows': id [56]
18:23:14 S2B_OfForestAndMen_rep1 harness: OK: 3 perpindahan kualitas, 1 stall, media 298.065s
18:23:18 S2B_OfForestAndMen_rep1 label: {'Critical': 1, 'Good': 29}
18:23:18 S2B_OfForestAndMen_rep1 selaras: pergeseran akibat stall: 0.000 detik (0.00 window)
18:23:18 S2B_RedBullPlayStreets_rep1 tc: tbf rate 700kbit burst 15k latency 50ms
18:23:23 S2B_RedBullPlayStreets_rep1 agen jalan | >> membaca 1 map bernama 'flows': id [56]
18:28:27 S2B_RedBullPlayStreets_rep1 harness: OK: 6 perpindahan kualitas, 2 stall, media 300.24s
18:28:31 S2B_RedBullPlayStreets_rep1 label: {'Degraded': 2, 'Good': 28}
18:28:31 S2B_RedBullPlayStreets_rep1 selaras: pergeseran akibat stall: 0.800 detik (0.08 window)
18:28:31 S2B_TearsOfSteel_rep1 tc: tbf rate 700kbit burst 15k latency 50ms
18:28:36 S2B_TearsOfSteel_rep1 agen jalan | >> membaca 1 map bernama 'flows': id [56]
18:33:40 S2B_TearsOfSteel_rep1 harness: OK: 15 perpindahan kualitas, 2 stall, media 299.122s
18:33:44 S2B_TearsOfSteel_rep1 label: {'Degraded': 24, 'Good': 6}
18:33:44 S2B_TearsOfSteel_rep1 selaras: pergeseran akibat stall: 0.604 detik (0.06 window)
18:33:45 S2B_Valkaama_rep1 tc: tbf rate 700kbit burst 15k latency 50ms
18:33:49 S2B_Valkaama_rep1 agen jalan | >> membaca 1 map bernama 'flows': id [56]
18:38:53 S2B_Valkaama_rep1 harness: OK: 22 perpindahan kualitas, 2 stall, media 300.242s
18:38:57 S2B_Valkaama_rep1 label: {'Degraded': 1, 'Good': 29}
18:38:57 S2B_Valkaama_rep1 selaras: pergeseran akibat stall: 0.422 detik (0.04 window)
18:38:58 S2B_TheSwissAccount_rep1 tc: tbf rate 700kbit burst 15k latency 50ms
18:39:02 S2B_TheSwissAccount_rep1 agen jalan | >> membaca 1 map bernama 'flows': id [56]
18:44:06 S2B_TheSwissAccount_rep1 harness: OK: 20 perpindahan kualitas, 1 stall, media 300.258s
18:44:10 S2B_TheSwissAccount_rep1 label: {'Degraded': 4, 'Good': 26}
18:44:11 S2B_TheSwissAccount_rep1 selaras: pergeseran akibat stall: 0.000 detik (0.00 window)
18:44:11 S2C_BigBuckBunny_rep1 tc: tbf rate 400kbit burst 15k latency 50ms
18:44:16 S2C_BigBuckBunny_rep1 agen jalan | >> membaca 1 map bernama 'flows': id [56]
18:49:20 S2C_BigBuckBunny_rep1 harness: OK: 34 perpindahan kualitas, 1 stall, media 294.759s
18:49:24 S2C_BigBuckBunny_rep1 label: {'Critical': 1, 'Degraded': 29}
18:49:24 S2C_BigBuckBunny_rep1 selaras: pergeseran akibat stall: 0.000 detik (0.00 window)
18:49:24 S2C_ElephantsDream_rep1 tc: tbf rate 400kbit burst 15k latency 50ms
18:49:29 S2C_ElephantsDream_rep1 agen jalan | >> membaca 1 map bernama 'flows': id [56]
18:54:33 S2C_ElephantsDream_rep1 harness: OK: 49 perpindahan kualitas, 2 stall, media 294.734s
18:54:37 S2C_ElephantsDream_rep1 label: {'Critical': 1, 'Degraded': 29}
18:54:37 S2C_ElephantsDream_rep1 selaras: pergeseran akibat stall: 0.109 detik (0.01 window)
18:54:37 S2C_OfForestAndMen_rep1 tc: tbf rate 400kbit burst 15k latency 50ms
18:54:42 S2C_OfForestAndMen_rep1 agen jalan | >> membaca 1 map bernama 'flows': id [56]
18:59:45 S2C_OfForestAndMen_rep1 harness: OK: 34 perpindahan kualitas, 1 stall, media 295.406s
18:59:49 S2C_OfForestAndMen_rep1 label: {'Critical': 1, 'Degraded': 29}
18:59:49 S2C_OfForestAndMen_rep1 selaras: pergeseran akibat stall: 0.000 detik (0.00 window)
18:59:49 S2C_RedBullPlayStreets_rep1 tc: tbf rate 400kbit burst 15k latency 50ms
18:59:54 S2C_RedBullPlayStreets_rep1 agen jalan | >> membaca 1 map bernama 'flows': id [56]
19:04:57 S2C_RedBullPlayStreets_rep1 harness: OK: 5 perpindahan kualitas, 2 stall, media 300.232s
19:05:01 S2C_RedBullPlayStreets_rep1 label: {'Degraded': 30}
19:05:01 S2C_RedBullPlayStreets_rep1 selaras: pergeseran akibat stall: 0.870 detik (0.09 window)
19:05:01 S2C_TearsOfSteel_rep1 tc: tbf rate 400kbit burst 15k latency 50ms
19:05:06 S2C_TearsOfSteel_rep1 agen jalan | >> membaca 1 map bernama 'flows': id [56]
19:10:09 S2C_TearsOfSteel_rep1 harness: OK: 3 perpindahan kualitas, 2 stall, media 288.351s
19:10:13 S2C_TearsOfSteel_rep1 label: {'Degraded': 28, 'Critical': 1}
19:10:13 S2C_TearsOfSteel_rep1 selaras: pergeseran akibat stall: 2.833 detik (0.28 window)
19:10:13 S2C_Valkaama_rep1 tc: tbf rate 400kbit burst 15k latency 50ms
19:10:18 S2C_Valkaama_rep1 agen jalan | >> membaca 1 map bernama 'flows': id [56]
19:15:22 S2C_Valkaama_rep1 harness: OK: 22 perpindahan kualitas, 2 stall, media 300.249s
19:15:26 S2C_Valkaama_rep1 label: {'Degraded': 27, 'Good': 3}
19:15:26 S2C_Valkaama_rep1 selaras: pergeseran akibat stall: 0.256 detik (0.03 window)
19:15:27 S2C_TheSwissAccount_rep1 tc: tbf rate 400kbit burst 15k latency 50ms
19:15:31 S2C_TheSwissAccount_rep1 agen jalan | >> membaca 1 map bernama 'flows': id [56]
19:20:34 S2C_TheSwissAccount_rep1 harness: OK: 6 perpindahan kualitas, 1 stall, media 300.222s
19:20:38 S2C_TheSwissAccount_rep1 label: {'Degraded': 29, 'Good': 1}
19:20:39 S2C_TheSwissAccount_rep1 selaras: pergeseran akibat stall: 0.000 detik (0.00 window)
19:20:39 S2D_BigBuckBunny_rep1 tc: tbf rate 150kbit burst 15k latency 50ms
19:20:44 S2D_BigBuckBunny_rep1 agen jalan | >> membaca 1 map bernama 'flows': id [56]
19:25:47 S2D_BigBuckBunny_rep1 harness: OK: 21 perpindahan kualitas, 2 stall, media 291.256s
19:25:51 S2D_BigBuckBunny_rep1 label: {'Critical': 28, 'Degraded': 1}
19:25:51 S2D_BigBuckBunny_rep1 selaras: pergeseran akibat stall: 2.498 detik (0.25 window)
19:25:51 S2D_ElephantsDream_rep1 tc: tbf rate 150kbit burst 15k latency 50ms
19:25:56 S2D_ElephantsDream_rep1 agen jalan | >> membaca 1 map bernama 'flows': id [56]
19:30:59 S2D_ElephantsDream_rep1 harness: OK: 21 perpindahan kualitas, 2 stall, media 289.962s
19:31:03 S2D_ElephantsDream_rep1 label: {'Critical': 28, 'Degraded': 1}
19:31:03 S2D_ElephantsDream_rep1 selaras: pergeseran akibat stall: 4.141 detik (0.41 window)
19:31:04 S2D_OfForestAndMen_rep1 tc: tbf rate 150kbit burst 15k latency 50ms
19:31:08 S2D_OfForestAndMen_rep1 agen jalan | >> membaca 1 map bernama 'flows': id [56]
19:36:11 S2D_OfForestAndMen_rep1 harness: OK: 27 perpindahan kualitas, 1 stall, media 286.155s
19:36:15 S2D_OfForestAndMen_rep1 label: {'Critical': 28, 'Degraded': 1}
19:36:15 S2D_OfForestAndMen_rep1 selaras: pergeseran akibat stall: 0.000 detik (0.00 window)
19:36:16 S2D_RedBullPlayStreets_rep1 tc: tbf rate 150kbit burst 15k latency 50ms
19:36:20 S2D_RedBullPlayStreets_rep1 agen jalan | >> membaca 1 map bernama 'flows': id [56]
19:41:23 S2D_RedBullPlayStreets_rep1 harness: OK: 22 perpindahan kualitas, 3 stall, media 262.099s
19:41:27 S2D_RedBullPlayStreets_rep1 label: {'Critical': 26, 'Degraded': 1}
19:41:27 S2D_RedBullPlayStreets_rep1 selaras: pergeseran akibat stall: 39.476 detik (3.95 window)
19:41:28 S2D_TearsOfSteel_rep1 tc: tbf rate 150kbit burst 15k latency 50ms
19:41:32 S2D_TearsOfSteel_rep1 agen jalan | >> membaca 1 map bernama 'flows': id [56]
19:46:35 S2D_TearsOfSteel_rep1 harness: OK: 3 perpindahan kualitas, 33 stall, media 135.895s
19:46:39 S2D_TearsOfSteel_rep1 label: {'Critical': 13, 'Degraded': 1}
19:46:39 S2D_TearsOfSteel_rep1 selaras: pergeseran akibat stall: 163.674 detik (16.37 window)
19:46:40 S2D_Valkaama_rep1 tc: tbf rate 150kbit burst 15k latency 50ms
19:46:44 S2D_Valkaama_rep1 agen jalan | >> membaca 1 map bernama 'flows': id [56]
19:51:47 S2D_Valkaama_rep1 harness: OK: 21 perpindahan kualitas, 2 stall, media 299.985s
19:51:51 S2D_Valkaama_rep1 label: {'Critical': 27, 'Degraded': 3}
19:51:51 S2D_Valkaama_rep1 selaras: pergeseran akibat stall: 0.102 detik (0.01 window)
19:51:52 S2D_TheSwissAccount_rep1 tc: tbf rate 150kbit burst 15k latency 50ms
19:51:56 S2D_TheSwissAccount_rep1 agen jalan | >> membaca 1 map bernama 'flows': id [56]
19:57:00 S2D_TheSwissAccount_rep1 harness: OK: 12 perpindahan kualitas, 2 stall, media 299.09s
19:57:04 S2D_TheSwissAccount_rep1 label: {'Critical': 29, 'Degraded': 1}
19:57:04 S2D_TheSwissAccount_rep1 selaras: pergeseran akibat stall: 0.627 detik (0.06 window)
19:57:04 S3A_BigBuckBunny_rep1 tc: netem delay 250ms 50ms distribution normal
19:57:09 S3A_BigBuckBunny_rep1 agen jalan | >> membaca 1 map bernama 'flows': id [56]
20:02:12 S3A_BigBuckBunny_rep1 harness: OK: 28 perpindahan kualitas, 11 stall, media 253.066s
20:02:16 S3A_BigBuckBunny_rep1 label: {'Critical': 10, 'Degraded': 6, 'Excellent': 6, 'Good': 4}
20:02:17 S3A_BigBuckBunny_rep1 selaras: pergeseran akibat stall: 38.624 detik (3.86 window)
20:02:17 S3A_ElephantsDream_rep1 tc: netem delay 250ms 50ms distribution normal
20:02:22 S3A_ElephantsDream_rep1 agen jalan | >> membaca 1 map bernama 'flows': id [56]
20:07:25 S3A_ElephantsDream_rep1 harness: OK: 32 perpindahan kualitas, 10 stall, media 206.512s
20:07:29 S3A_ElephantsDream_rep1 label: {'Critical': 5, 'Degraded': 10, 'Excellent': 2, 'Good': 4}
20:07:29 S3A_ElephantsDream_rep1 selaras: pergeseran akibat stall: 84.185 detik (8.42 window)
20:07:29 S3A_OfForestAndMen_rep1 tc: netem delay 250ms 50ms distribution normal
20:07:34 S3A_OfForestAndMen_rep1 agen jalan | >> membaca 1 map bernama 'flows': id [56]
20:12:38 S3A_OfForestAndMen_rep1 harness: OK: 33 perpindahan kualitas, 6 stall, media 251.639s
20:12:42 S3A_OfForestAndMen_rep1 label: {'Critical': 11, 'Degraded': 9, 'Good': 4, 'Excellent': 1}
20:12:42 S3A_OfForestAndMen_rep1 selaras: pergeseran akibat stall: 42.271 detik (4.23 window)
20:12:43 S3A_RedBullPlayStreets_rep1 tc: netem delay 250ms 50ms distribution normal
20:12:47 S3A_RedBullPlayStreets_rep1 agen jalan | >> membaca 1 map bernama 'flows': id [56]
20:17:52 S3A_RedBullPlayStreets_rep1 harness: OK: 26 perpindahan kualitas, 4 stall, media 298.165s
20:17:56 S3A_RedBullPlayStreets_rep1 label: {'Critical': 4, 'Degraded': 6, 'Good': 9, 'Excellent': 11}
20:17:56 S3A_RedBullPlayStreets_rep1 selaras: pergeseran akibat stall: 1.902 detik (0.19 window)
20:17:56 S3A_TearsOfSteel_rep1 tc: netem delay 250ms 50ms distribution normal
20:18:01 S3A_TearsOfSteel_rep1 agen jalan | >> membaca 1 map bernama 'flows': id [56]
20:23:05 S3A_TearsOfSteel_rep1 harness: OK: 14 perpindahan kualitas, 6 stall, media 284.726s
20:23:09 S3A_TearsOfSteel_rep1 label: {'Critical': 3, 'Degraded': 8, 'Good': 18}
20:23:09 S3A_TearsOfSteel_rep1 selaras: pergeseran akibat stall: 6.336 detik (0.63 window)
20:23:10 S3A_Valkaama_rep1 tc: netem delay 250ms 50ms distribution normal
20:23:14 S3A_Valkaama_rep1 agen jalan | >> membaca 1 map bernama 'flows': id [56]
20:28:18 S3A_Valkaama_rep1 harness: OK: 28 perpindahan kualitas, 4 stall, media 291.353s
20:28:23 S3A_Valkaama_rep1 label: {'Critical': 6, 'Degraded': 13, 'Good': 6, 'Excellent': 4}
20:28:23 S3A_Valkaama_rep1 selaras: pergeseran akibat stall: 8.488 detik (0.85 window)
20:28:25 S3A_TheSwissAccount_rep1 tc: netem delay 250ms 50ms distribution normal
20:28:30 S3A_TheSwissAccount_rep1 agen jalan | >> membaca 1 map bernama 'flows': id [56]
20:33:35 S3A_TheSwissAccount_rep1 harness: OK: 35 perpindahan kualitas, 6 stall, media 282.285s
20:33:40 S3A_TheSwissAccount_rep1 label: {'Critical': 3, 'Degraded': 16, 'Good': 10}
20:33:40 S3A_TheSwissAccount_rep1 selaras: pergeseran akibat stall: 17.349 detik (1.73 window)
20:33:40 S3B_BigBuckBunny_rep1 tc: netem delay 100ms 30ms 25%
20:33:45 S3B_BigBuckBunny_rep1 agen jalan | >> membaca 1 map bernama 'flows': id [56]
20:38:49 S3B_BigBuckBunny_rep1 harness: OK: 7 perpindahan kualitas, 1 stall, media 298.488s
20:38:54 S3B_BigBuckBunny_rep1 label: {'Critical': 1, 'Excellent': 29}
20:38:54 S3B_BigBuckBunny_rep1 selaras: pergeseran akibat stall: 0.000 detik (0.00 window)
20:38:55 S3B_ElephantsDream_rep1 tc: netem delay 100ms 30ms 25%
20:39:00 S3B_ElephantsDream_rep1 agen jalan | >> membaca 1 map bernama 'flows': id [56]
20:44:05 S3B_ElephantsDream_rep1 harness: OK: 8 perpindahan kualitas, 2 stall, media 299.252s
20:44:10 S3B_ElephantsDream_rep1 label: {'Critical': 1, 'Excellent': 29}
20:44:10 S3B_ElephantsDream_rep1 selaras: pergeseran akibat stall: 0.639 detik (0.06 window)
20:44:11 S3B_OfForestAndMen_rep1 tc: netem delay 100ms 30ms 25%
20:44:16 S3B_OfForestAndMen_rep1 agen jalan | >> membaca 1 map bernama 'flows': id [56]
20:49:19 S3B_OfForestAndMen_rep1 harness: OK: 5 perpindahan kualitas, 1 stall, media 298.851s
20:49:24 S3B_OfForestAndMen_rep1 label: {'Critical': 1, 'Excellent': 29}
20:49:24 S3B_OfForestAndMen_rep1 selaras: pergeseran akibat stall: 0.000 detik (0.00 window)
20:49:25 S3B_RedBullPlayStreets_rep1 tc: netem delay 100ms 30ms 25%
20:49:30 S3B_RedBullPlayStreets_rep1 agen jalan | >> membaca 1 map bernama 'flows': id [56]
20:54:34 S3B_RedBullPlayStreets_rep1 harness: OK: 8 perpindahan kualitas, 1 stall, media 300.245s
20:54:38 S3B_RedBullPlayStreets_rep1 label: {'Degraded': 1, 'Excellent': 27, 'Good': 2}
20:54:39 S3B_RedBullPlayStreets_rep1 selaras: pergeseran akibat stall: 0.000 detik (0.00 window)
20:54:39 S3B_TearsOfSteel_rep1 tc: netem delay 100ms 30ms 25%
20:54:44 S3B_TearsOfSteel_rep1 agen jalan | >> membaca 1 map bernama 'flows': id [56]
20:59:48 S3B_TearsOfSteel_rep1 harness: OK: 6 perpindahan kualitas, 1 stall, media 299.124s
20:59:53 S3B_TearsOfSteel_rep1 label: {'Degraded': 1, 'Excellent': 29}
20:59:53 S3B_TearsOfSteel_rep1 selaras: pergeseran akibat stall: 0.000 detik (0.00 window)
20:59:54 S3B_Valkaama_rep1 tc: netem delay 100ms 30ms 25%
20:59:59 S3B_Valkaama_rep1 agen jalan | >> membaca 1 map bernama 'flows': id [56]
21:05:02 S3B_Valkaama_rep1 harness: OK: 6 perpindahan kualitas, 1 stall, media 300.23s
21:05:07 S3B_Valkaama_rep1 label: {'Degraded': 1, 'Excellent': 29}
21:05:07 S3B_Valkaama_rep1 selaras: pergeseran akibat stall: 0.000 detik (0.00 window)
21:05:08 S3B_TheSwissAccount_rep1 tc: netem delay 100ms 30ms 25%
21:05:13 S3B_TheSwissAccount_rep1 agen jalan | >> membaca 1 map bernama 'flows': id [56]
21:10:17 S3B_TheSwissAccount_rep1 harness: OK: 6 perpindahan kualitas, 1 stall, media 300.242s
21:10:22 S3B_TheSwissAccount_rep1 label: {'Degraded': 1, 'Excellent': 29}
21:10:22 S3B_TheSwissAccount_rep1 selaras: pergeseran akibat stall: 0.000 detik (0.00 window)
21:10:22 S4A_BigBuckBunny_rep1 tc: netem delay 50ms
21:10:27 S4A_BigBuckBunny_rep1 agen jalan | >> membaca 1 map bernama 'flows': id [56]
21:15:31 S4A_BigBuckBunny_rep1 harness: OK: 3 perpindahan kualitas, 1 stall, media 299.917s
21:15:36 S4A_BigBuckBunny_rep1 label: {'Degraded': 1, 'Excellent': 29}
21:15:36 S4A_BigBuckBunny_rep1 selaras: pergeseran akibat stall: 0.000 detik (0.00 window)
21:15:37 S4A_ElephantsDream_rep1 tc: netem delay 50ms
21:15:42 S4A_ElephantsDream_rep1 agen jalan | >> membaca 1 map bernama 'flows': id [56]
21:20:46 S4A_ElephantsDream_rep1 harness: OK: 3 perpindahan kualitas, 1 stall, media 299.957s
21:20:50 S4A_ElephantsDream_rep1 label: {'Degraded': 1, 'Excellent': 29}
21:20:50 S4A_ElephantsDream_rep1 selaras: pergeseran akibat stall: 0.000 detik (0.00 window)
21:20:51 S4A_OfForestAndMen_rep1 tc: netem delay 50ms
21:20:56 S4A_OfForestAndMen_rep1 agen jalan | >> membaca 1 map bernama 'flows': id [56]
21:26:00 S4A_OfForestAndMen_rep1 harness: OK: 3 perpindahan kualitas, 1 stall, media 300.002s
21:26:04 S4A_OfForestAndMen_rep1 label: {'Degraded': 1, 'Excellent': 29}
21:26:04 S4A_OfForestAndMen_rep1 selaras: pergeseran akibat stall: 0.000 detik (0.00 window)
21:26:05 S4A_RedBullPlayStreets_rep1 tc: netem delay 50ms
21:26:10 S4A_RedBullPlayStreets_rep1 agen jalan | >> membaca 1 map bernama 'flows': id [56]
21:31:13 S4A_RedBullPlayStreets_rep1 harness: OK: 3 perpindahan kualitas, 1 stall, media 300.243s
21:31:17 S4A_RedBullPlayStreets_rep1 label: {'Degraded': 1, 'Excellent': 29}
21:31:18 S4A_RedBullPlayStreets_rep1 selaras: pergeseran akibat stall: 0.000 detik (0.00 window)
21:31:18 S4A_TearsOfSteel_rep1 tc: netem delay 50ms
21:31:23 S4A_TearsOfSteel_rep1 agen jalan | >> membaca 1 map bernama 'flows': id [56]
21:36:26 S4A_TearsOfSteel_rep1 harness: OK: 2 perpindahan kualitas, 1 stall, media 299.124s
21:36:31 S4A_TearsOfSteel_rep1 label: {'Degraded': 1, 'Excellent': 29}
21:36:31 S4A_TearsOfSteel_rep1 selaras: pergeseran akibat stall: 0.000 detik (0.00 window)
21:36:31 S4A_Valkaama_rep1 tc: netem delay 50ms
21:36:36 S4A_Valkaama_rep1 agen jalan | >> membaca 1 map bernama 'flows': id [56]
21:41:40 S4A_Valkaama_rep1 harness: OK: 2 perpindahan kualitas, 1 stall, media 300.245s
21:41:45 S4A_Valkaama_rep1 label: {'Degraded': 1, 'Excellent': 29}
21:41:45 S4A_Valkaama_rep1 selaras: pergeseran akibat stall: 0.000 detik (0.00 window)
21:41:46 S4A_TheSwissAccount_rep1 tc: netem delay 50ms
21:41:51 S4A_TheSwissAccount_rep1 agen jalan | >> membaca 1 map bernama 'flows': id [56]
21:46:54 S4A_TheSwissAccount_rep1 harness: OK: 3 perpindahan kualitas, 1 stall, media 300.242s
21:46:59 S4A_TheSwissAccount_rep1 label: {'Degraded': 1, 'Excellent': 29}
21:46:59 S4A_TheSwissAccount_rep1 selaras: pergeseran akibat stall: 0.000 detik (0.00 window)
21:47:00 S4B_BigBuckBunny_rep1 tc: netem delay 150ms
21:47:04 S4B_BigBuckBunny_rep1 agen jalan | >> membaca 1 map bernama 'flows': id [56]
21:52:08 S4B_BigBuckBunny_rep1 harness: OK: 3 perpindahan kualitas, 1 stall, media 299.933s
21:52:13 S4B_BigBuckBunny_rep1 label: {'Degraded': 1, 'Excellent': 29}
21:52:13 S4B_BigBuckBunny_rep1 selaras: pergeseran akibat stall: 0.000 detik (0.00 window)
21:52:13 S4B_ElephantsDream_rep1 tc: netem delay 150ms
21:52:18 S4B_ElephantsDream_rep1 agen jalan | >> membaca 1 map bernama 'flows': id [56]
21:57:22 S4B_ElephantsDream_rep1 harness: OK: 3 perpindahan kualitas, 1 stall, media 299.962s
21:57:27 S4B_ElephantsDream_rep1 label: {'Degraded': 1, 'Excellent': 29}
21:57:27 S4B_ElephantsDream_rep1 selaras: pergeseran akibat stall: 0.000 detik (0.00 window)
21:57:28 S4B_OfForestAndMen_rep1 tc: netem delay 150ms
21:57:33 S4B_OfForestAndMen_rep1 agen jalan | >> membaca 1 map bernama 'flows': id [56]
22:02:36 S4B_OfForestAndMen_rep1 harness: OK: 6 perpindahan kualitas, 1 stall, media 299.992s
22:02:41 S4B_OfForestAndMen_rep1 label: {'Degraded': 1, 'Excellent': 29}
22:02:41 S4B_OfForestAndMen_rep1 selaras: pergeseran akibat stall: 0.000 detik (0.00 window)
22:02:42 S4B_RedBullPlayStreets_rep1 tc: netem delay 150ms
22:02:46 S4B_RedBullPlayStreets_rep1 agen jalan | >> membaca 1 map bernama 'flows': id [56]
22:07:50 S4B_RedBullPlayStreets_rep1 harness: OK: 3 perpindahan kualitas, 1 stall, media 300.243s
22:07:55 S4B_RedBullPlayStreets_rep1 label: {'Degraded': 1, 'Excellent': 29}
22:07:55 S4B_RedBullPlayStreets_rep1 selaras: pergeseran akibat stall: 0.000 detik (0.00 window)
22:07:56 S4B_TearsOfSteel_rep1 tc: netem delay 150ms
22:08:01 S4B_TearsOfSteel_rep1 agen jalan | >> membaca 1 map bernama 'flows': id [56]
22:13:05 S4B_TearsOfSteel_rep1 harness: OK: 15 perpindahan kualitas, 1 stall, media 299.124s
22:13:09 S4B_TearsOfSteel_rep1 label: {'Degraded': 1, 'Excellent': 29}
22:13:09 S4B_TearsOfSteel_rep1 selaras: pergeseran akibat stall: 0.000 detik (0.00 window)
22:13:10 S4B_Valkaama_rep1 tc: netem delay 150ms
22:13:15 S4B_Valkaama_rep1 agen jalan | >> membaca 1 map bernama 'flows': id [56]
22:18:20 S4B_Valkaama_rep1 harness: OK: 3 perpindahan kualitas, 1 stall, media 300.219s
22:18:24 S4B_Valkaama_rep1 label: {'Degraded': 1, 'Excellent': 29}
22:18:24 S4B_Valkaama_rep1 selaras: pergeseran akibat stall: 0.000 detik (0.00 window)
22:18:24 S4B_TheSwissAccount_rep1 tc: netem delay 150ms
22:18:29 S4B_TheSwissAccount_rep1 agen jalan | >> membaca 1 map bernama 'flows': id [56]
22:23:34 S4B_TheSwissAccount_rep1 harness: OK: 3 perpindahan kualitas, 1 stall, media 300.221s
22:23:38 S4B_TheSwissAccount_rep1 label: {'Degraded': 1, 'Excellent': 29}
22:23:38 S4B_TheSwissAccount_rep1 selaras: pergeseran akibat stall: 0.000 detik (0.00 window)
22:23:38 S4C_BigBuckBunny_rep1 tc: netem delay 300ms
22:23:43 S4C_BigBuckBunny_rep1 agen jalan | >> membaca 1 map bernama 'flows': id [56]
22:28:48 S4C_BigBuckBunny_rep1 harness: OK: 3 perpindahan kualitas, 1 stall, media 299.405s
22:28:52 S4C_BigBuckBunny_rep1 label: {'Critical': 1, 'Excellent': 29}
22:28:52 S4C_BigBuckBunny_rep1 selaras: pergeseran akibat stall: 0.000 detik (0.00 window)
22:28:52 S4C_ElephantsDream_rep1 tc: netem delay 300ms
22:28:57 S4C_ElephantsDream_rep1 agen jalan | >> membaca 1 map bernama 'flows': id [56]
22:34:02 S4C_ElephantsDream_rep1 harness: OK: 3 perpindahan kualitas, 1 stall, media 299.363s
22:34:06 S4C_ElephantsDream_rep1 label: {'Critical': 1, 'Excellent': 29}
22:34:06 S4C_ElephantsDream_rep1 selaras: pergeseran akibat stall: 0.000 detik (0.00 window)
22:34:07 S4C_OfForestAndMen_rep1 tc: netem delay 300ms
22:34:11 S4C_OfForestAndMen_rep1 agen jalan | >> membaca 1 map bernama 'flows': id [56]
22:39:17 S4C_OfForestAndMen_rep1 harness: OK: 5 perpindahan kualitas, 1 stall, media 298.971s
22:39:21 S4C_OfForestAndMen_rep1 label: {'Critical': 1, 'Excellent': 29}
22:39:21 S4C_OfForestAndMen_rep1 selaras: pergeseran akibat stall: 0.000 detik (0.00 window)
22:39:21 S4C_RedBullPlayStreets_rep1 tc: netem delay 300ms
22:39:26 S4C_RedBullPlayStreets_rep1 agen jalan | >> membaca 1 map bernama 'flows': id [56]
22:44:31 S4C_RedBullPlayStreets_rep1 harness: OK: 10 perpindahan kualitas, 1 stall, media 300.242s
22:44:35 S4C_RedBullPlayStreets_rep1 label: {'Degraded': 1, 'Excellent': 29}
22:44:35 S4C_RedBullPlayStreets_rep1 selaras: pergeseran akibat stall: 0.000 detik (0.00 window)
22:44:35 S4C_TearsOfSteel_rep1 tc: netem delay 300ms
22:44:40 S4C_TearsOfSteel_rep1 agen jalan | >> membaca 1 map bernama 'flows': id [56]
22:49:46 S4C_TearsOfSteel_rep1 harness: OK: 4 perpindahan kualitas, 1 stall, media 299.123s
22:49:50 S4C_TearsOfSteel_rep1 label: {'Degraded': 1, 'Excellent': 29}
22:49:50 S4C_TearsOfSteel_rep1 selaras: pergeseran akibat stall: 0.000 detik (0.00 window)
22:49:50 S4C_Valkaama_rep1 tc: netem delay 300ms
22:49:55 S4C_Valkaama_rep1 agen jalan | >> membaca 1 map bernama 'flows': id [56]
22:55:00 S4C_Valkaama_rep1 harness: OK: 4 perpindahan kualitas, 1 stall, media 300.222s
22:55:04 S4C_Valkaama_rep1 label: {'Degraded': 1, 'Excellent': 29}
22:55:04 S4C_Valkaama_rep1 selaras: pergeseran akibat stall: 0.000 detik (0.00 window)
22:55:04 S4C_TheSwissAccount_rep1 tc: netem delay 300ms
22:55:09 S4C_TheSwissAccount_rep1 agen jalan | >> membaca 1 map bernama 'flows': id [56]
23:00:14 S4C_TheSwissAccount_rep1 harness: OK: 12 perpindahan kualitas, 1 stall, media 300.225s
23:00:18 S4C_TheSwissAccount_rep1 label: {'Degraded': 1, 'Excellent': 27, 'Good': 2}
23:00:18 S4C_TheSwissAccount_rep1 selaras: pergeseran akibat stall: 0.000 detik (0.00 window)
23:00:18 S5F_BigBuckBunny_rep1 tc: netem delay 100ms 20ms loss 5%
23:00:23 S5F_BigBuckBunny_rep1 agen jalan | >> membaca 1 map bernama 'flows': id [56]
23:05:27 S5F_BigBuckBunny_rep1 harness: OK: 29 perpindahan kualitas, 2 stall, media 294.941s
23:05:31 S5F_BigBuckBunny_rep1 label: {'Critical': 1, 'Degraded': 21, 'Good': 8}
23:05:31 S5F_BigBuckBunny_rep1 selaras: pergeseran akibat stall: 5.189 detik (0.52 window)
23:05:31 S5F_ElephantsDream_rep1 tc: netem delay 100ms 20ms loss 5%
23:05:36 S5F_ElephantsDream_rep1 agen jalan | >> membaca 1 map bernama 'flows': id [56]
23:10:40 S5F_ElephantsDream_rep1 harness: OK: 39 perpindahan kualitas, 3 stall, media 296.533s
23:10:44 S5F_ElephantsDream_rep1 label: {'Critical': 3, 'Degraded': 22, 'Good': 5}
23:10:44 S5F_ElephantsDream_rep1 selaras: pergeseran akibat stall: 2.908 detik (0.29 window)
23:10:45 S5F_OfForestAndMen_rep1 tc: netem delay 100ms 20ms loss 5%
23:10:49 S5F_OfForestAndMen_rep1 agen jalan | >> membaca 1 map bernama 'flows': id [56]
23:15:53 S5F_OfForestAndMen_rep1 harness: OK: 42 perpindahan kualitas, 2 stall, media 298.829s
23:15:57 S5F_OfForestAndMen_rep1 label: {'Critical': 2, 'Good': 9, 'Degraded': 19}
23:15:57 S5F_OfForestAndMen_rep1 selaras: pergeseran akibat stall: 0.422 detik (0.04 window)
23:15:58 S5F_RedBullPlayStreets_rep1 tc: netem delay 100ms 20ms loss 5%
23:16:02 S5F_RedBullPlayStreets_rep1 agen jalan | >> membaca 1 map bernama 'flows': id [56]
23:21:07 S5F_RedBullPlayStreets_rep1 harness: OK: 36 perpindahan kualitas, 1 stall, media 300.223s
23:21:11 S5F_RedBullPlayStreets_rep1 label: {'Degraded': 25, 'Good': 5}
23:21:11 S5F_RedBullPlayStreets_rep1 selaras: pergeseran akibat stall: 0.000 detik (0.00 window)
23:21:11 S5F_TearsOfSteel_rep1 tc: netem delay 100ms 20ms loss 5%
23:21:16 S5F_TearsOfSteel_rep1 agen jalan | >> membaca 1 map bernama 'flows': id [56]
23:26:21 S5F_TearsOfSteel_rep1 harness: OK: 18 perpindahan kualitas, 1 stall, media 299.123s
23:26:25 S5F_TearsOfSteel_rep1 label: {'Degraded': 28, 'Good': 2}
23:26:25 S5F_TearsOfSteel_rep1 selaras: pergeseran akibat stall: 0.000 detik (0.00 window)
23:26:25 S5F_Valkaama_rep1 tc: netem delay 100ms 20ms loss 5%
23:26:30 S5F_Valkaama_rep1 agen jalan | >> membaca 1 map bernama 'flows': id [56]
23:31:34 S5F_Valkaama_rep1 harness: OK: 28 perpindahan kualitas, 2 stall, media 300.226s
23:31:38 S5F_Valkaama_rep1 label: {'Degraded': 15, 'Good': 15}
23:31:38 S5F_Valkaama_rep1 selaras: pergeseran akibat stall: 0.284 detik (0.03 window)
23:31:39 S5F_TheSwissAccount_rep1 tc: netem delay 100ms 20ms loss 5%
23:31:43 S5F_TheSwissAccount_rep1 agen jalan | >> membaca 1 map bernama 'flows': id [56]
23:36:48 S5F_TheSwissAccount_rep1 harness: OK: 24 perpindahan kualitas, 3 stall, media 297.66s
23:36:52 S5F_TheSwissAccount_rep1 label: {'Critical': 2, 'Good': 10, 'Degraded': 18}
23:36:52 S5F_TheSwissAccount_rep1 selaras: pergeseran akibat stall: 3.028 detik (0.30 window)
23:36:52 S5A_BigBuckBunny_rep1 tc: netem delay 100ms loss 5%
23:36:57 S5A_BigBuckBunny_rep1 agen jalan | >> membaca 1 map bernama 'flows': id [56]
23:42:01 S5A_BigBuckBunny_rep1 harness: OK: 44 perpindahan kualitas, 6 stall, media 277.534s
23:42:05 S5A_BigBuckBunny_rep1 label: {'Critical': 2, 'Degraded': 10, 'Excellent': 1, 'Good': 15}
23:42:05 S5A_BigBuckBunny_rep1 selaras: pergeseran akibat stall: 23.213 detik (2.32 window)
23:42:06 S5A_ElephantsDream_rep1 tc: netem delay 100ms loss 5%
23:42:10 S5A_ElephantsDream_rep1 agen jalan | >> membaca 1 map bernama 'flows': id [56]
23:47:15 S5A_ElephantsDream_rep1 harness: OK: 36 perpindahan kualitas, 5 stall, media 294.478s
23:47:19 S5A_ElephantsDream_rep1 label: {'Critical': 3, 'Good': 15, 'Degraded': 12}
23:47:19 S5A_ElephantsDream_rep1 selaras: pergeseran akibat stall: 5.713 detik (0.57 window)
23:47:19 S5A_OfForestAndMen_rep1 tc: netem delay 100ms loss 5%
23:47:24 S5A_OfForestAndMen_rep1 agen jalan | >> membaca 1 map bernama 'flows': id [56]
23:52:29 S5A_OfForestAndMen_rep1 harness: OK: 31 perpindahan kualitas, 2 stall, media 298.83s
23:52:33 S5A_OfForestAndMen_rep1 label: {'Degraded': 3, 'Good': 26, 'Critical': 1}
23:52:33 S5A_OfForestAndMen_rep1 selaras: pergeseran akibat stall: 1.284 detik (0.13 window)
23:52:34 S5A_RedBullPlayStreets_rep1 tc: netem delay 100ms loss 5%
23:52:38 S5A_RedBullPlayStreets_rep1 agen jalan | >> membaca 1 map bernama 'flows': id [56]
23:57:43 S5A_RedBullPlayStreets_rep1 harness: OK: 34 perpindahan kualitas, 4 stall, media 298.03s
23:57:47 S5A_RedBullPlayStreets_rep1 label: {'Critical': 2, 'Degraded': 13, 'Good': 15}
23:57:47 S5A_RedBullPlayStreets_rep1 selaras: pergeseran akibat stall: 3.211 detik (0.32 window)
23:57:47 S5A_TearsOfSteel_rep1 tc: netem delay 100ms loss 5%
23:57:52 S5A_TearsOfSteel_rep1 agen jalan | >> membaca 1 map bernama 'flows': id [56]
00:02:56 S5A_TearsOfSteel_rep1 harness: OK: 20 perpindahan kualitas, 1 stall, media 299.124s
00:03:00 S5A_TearsOfSteel_rep1 label: {'Degraded': 15, 'Good': 15}
00:03:00 S5A_TearsOfSteel_rep1 selaras: pergeseran akibat stall: 0.000 detik (0.00 window)
00:03:00 S5A_Valkaama_rep1 tc: netem delay 100ms loss 5%
00:03:05 S5A_Valkaama_rep1 agen jalan | >> membaca 1 map bernama 'flows': id [56]
00:08:09 S5A_Valkaama_rep1 harness: OK: 44 perpindahan kualitas, 2 stall, media 299.455s
00:08:13 S5A_Valkaama_rep1 label: {'Degraded': 5, 'Good': 24, 'Critical': 1}
00:08:13 S5A_Valkaama_rep1 selaras: pergeseran akibat stall: 1.384 detik (0.14 window)
00:08:14 S5A_TheSwissAccount_rep1 tc: netem delay 100ms loss 5%
00:08:18 S5A_TheSwissAccount_rep1 agen jalan | >> membaca 1 map bernama 'flows': id [56]
00:13:23 S5A_TheSwissAccount_rep1 harness: OK: 36 perpindahan kualitas, 2 stall, media 294.187s
00:13:27 S5A_TheSwissAccount_rep1 label: {'Degraded': 8, 'Good': 21, 'Critical': 1}
00:13:27 S5A_TheSwissAccount_rep1 selaras: pergeseran akibat stall: 6.290 detik (0.63 window)
00:13:27 S5B_BigBuckBunny_rep1 tc: netem delay 1ms 20ms loss 5%
00:13:32 S5B_BigBuckBunny_rep1 agen jalan | >> membaca 1 map bernama 'flows': id [56]
00:18:35 S5B_BigBuckBunny_rep1 harness: OK: 27 perpindahan kualitas, 3 stall, media 299.9s
00:18:39 S5B_BigBuckBunny_rep1 label: {'Degraded': 2, 'Excellent': 28}
00:18:39 S5B_BigBuckBunny_rep1 selaras: pergeseran akibat stall: 0.559 detik (0.06 window)
00:18:40 S5B_ElephantsDream_rep1 tc: netem delay 1ms 20ms loss 5%
00:18:44 S5B_ElephantsDream_rep1 agen jalan | >> membaca 1 map bernama 'flows': id [56]
00:23:48 S5B_ElephantsDream_rep1 harness: OK: 23 perpindahan kualitas, 1 stall, media 299.95s
00:23:52 S5B_ElephantsDream_rep1 label: {'Degraded': 1, 'Excellent': 29}
00:23:52 S5B_ElephantsDream_rep1 selaras: pergeseran akibat stall: 0.000 detik (0.00 window)
00:23:53 S5B_OfForestAndMen_rep1 tc: netem delay 1ms 20ms loss 5%
00:23:57 S5B_OfForestAndMen_rep1 agen jalan | >> membaca 1 map bernama 'flows': id [56]
00:29:01 S5B_OfForestAndMen_rep1 harness: OK: 40 perpindahan kualitas, 1 stall, media 299.99s
00:29:05 S5B_OfForestAndMen_rep1 label: {'Degraded': 1, 'Excellent': 29}
00:29:05 S5B_OfForestAndMen_rep1 selaras: pergeseran akibat stall: 0.000 detik (0.00 window)
00:29:05 S5B_RedBullPlayStreets_rep1 tc: netem delay 1ms 20ms loss 5%
00:29:10 S5B_RedBullPlayStreets_rep1 agen jalan | >> membaca 1 map bernama 'flows': id [56]
00:34:14 S5B_RedBullPlayStreets_rep1 harness: OK: 31 perpindahan kualitas, 2 stall, media 299.239s
00:34:18 S5B_RedBullPlayStreets_rep1 label: {'Critical': 1, 'Good': 5, 'Excellent': 24}
00:34:18 S5B_RedBullPlayStreets_rep1 selaras: pergeseran akibat stall: 1.544 detik (0.15 window)
00:34:18 S5B_TearsOfSteel_rep1 tc: netem delay 1ms 20ms loss 5%
00:34:23 S5B_TearsOfSteel_rep1 agen jalan | >> membaca 1 map bernama 'flows': id [56]
00:39:27 S5B_TearsOfSteel_rep1 harness: OK: 25 perpindahan kualitas, 1 stall, media 299.123s
00:39:31 S5B_TearsOfSteel_rep1 label: {'Degraded': 1, 'Excellent': 29}
00:39:31 S5B_TearsOfSteel_rep1 selaras: pergeseran akibat stall: 0.000 detik (0.00 window)
00:39:31 S5B_Valkaama_rep1 tc: netem delay 1ms 20ms loss 5%
00:39:36 S5B_Valkaama_rep1 agen jalan | >> membaca 1 map bernama 'flows': id [56]
00:44:40 S5B_Valkaama_rep1 harness: OK: 29 perpindahan kualitas, 0 stall, media 300.231s
00:44:45 S5B_Valkaama_rep1 label: {'Excellent': 30}
00:44:45 S5B_Valkaama_rep1 selaras: pergeseran akibat stall: 0.000 detik (0.00 window)
00:44:45 S5B_TheSwissAccount_rep1 tc: netem delay 1ms 20ms loss 5%
00:44:50 S5B_TheSwissAccount_rep1 agen jalan | >> membaca 1 map bernama 'flows': id [56]
00:49:53 S5B_TheSwissAccount_rep1 harness: OK: 36 perpindahan kualitas, 1 stall, media 300.238s
00:49:57 S5B_TheSwissAccount_rep1 label: {'Degraded': 1, 'Excellent': 29}
00:49:57 S5B_TheSwissAccount_rep1 selaras: pergeseran akibat stall: 0.000 detik (0.00 window)
00:49:58 S5C_BigBuckBunny_rep1 tc: netem delay 100ms 20ms
00:50:02 S5C_BigBuckBunny_rep1 agen jalan | >> membaca 1 map bernama 'flows': id [56]
00:55:07 S5C_BigBuckBunny_rep1 harness: OK: 5 perpindahan kualitas, 1 stall, media 299.93s
00:55:11 S5C_BigBuckBunny_rep1 label: {'Critical': 1, 'Excellent': 29}
00:55:11 S5C_BigBuckBunny_rep1 selaras: pergeseran akibat stall: 0.000 detik (0.00 window)
00:55:11 S5C_ElephantsDream_rep1 tc: netem delay 100ms 20ms
00:55:16 S5C_ElephantsDream_rep1 agen jalan | >> membaca 1 map bernama 'flows': id [56]
01:00:20 S5C_ElephantsDream_rep1 harness: OK: 5 perpindahan kualitas, 1 stall, media 299.78s
01:00:24 S5C_ElephantsDream_rep1 label: {'Critical': 1, 'Excellent': 29}
01:00:25 S5C_ElephantsDream_rep1 selaras: pergeseran akibat stall: 0.000 detik (0.00 window)
01:00:25 S5C_OfForestAndMen_rep1 tc: netem delay 100ms 20ms
01:00:30 S5C_OfForestAndMen_rep1 agen jalan | >> membaca 1 map bernama 'flows': id [56]
01:05:34 S5C_OfForestAndMen_rep1 harness: OK: 3 perpindahan kualitas, 1 stall, media 299.978s
01:05:38 S5C_OfForestAndMen_rep1 label: {'Degraded': 1, 'Excellent': 29}
01:05:38 S5C_OfForestAndMen_rep1 selaras: pergeseran akibat stall: 0.000 detik (0.00 window)
01:05:38 S5C_RedBullPlayStreets_rep1 tc: netem delay 100ms 20ms
01:05:43 S5C_RedBullPlayStreets_rep1 agen jalan | >> membaca 1 map bernama 'flows': id [56]
01:10:47 S5C_RedBullPlayStreets_rep1 harness: OK: 7 perpindahan kualitas, 1 stall, media 300.245s
01:10:51 S5C_RedBullPlayStreets_rep1 label: {'Degraded': 1, 'Excellent': 29}
01:10:51 S5C_RedBullPlayStreets_rep1 selaras: pergeseran akibat stall: 0.000 detik (0.00 window)
01:10:51 S5C_TearsOfSteel_rep1 tc: netem delay 100ms 20ms
01:10:56 S5C_TearsOfSteel_rep1 agen jalan | >> membaca 1 map bernama 'flows': id [56]
01:16:00 S5C_TearsOfSteel_rep1 harness: OK: 10 perpindahan kualitas, 1 stall, media 299.124s
01:16:04 S5C_TearsOfSteel_rep1 label: {'Degraded': 1, 'Excellent': 29}
01:16:04 S5C_TearsOfSteel_rep1 selaras: pergeseran akibat stall: 0.000 detik (0.00 window)
01:16:05 S5C_Valkaama_rep1 tc: netem delay 100ms 20ms
01:16:09 S5C_Valkaama_rep1 agen jalan | >> membaca 1 map bernama 'flows': id [56]
01:21:13 S5C_Valkaama_rep1 harness: OK: 7 perpindahan kualitas, 1 stall, media 300.237s
01:21:17 S5C_Valkaama_rep1 label: {'Degraded': 1, 'Excellent': 29}
01:21:17 S5C_Valkaama_rep1 selaras: pergeseran akibat stall: 0.000 detik (0.00 window)
01:21:17 S5C_TheSwissAccount_rep1 tc: netem delay 100ms 20ms
01:21:22 S5C_TheSwissAccount_rep1 agen jalan | >> membaca 1 map bernama 'flows': id [56]
01:26:26 S5C_TheSwissAccount_rep1 harness: OK: 3 perpindahan kualitas, 1 stall, media 300.235s
01:26:30 S5C_TheSwissAccount_rep1 label: {'Degraded': 1, 'Excellent': 29}
01:26:31 S5C_TheSwissAccount_rep1 selaras: pergeseran akibat stall: 0.000 detik (0.00 window)

=== mulai 2026-08-18 04:43:02 (5 run) ===
04:43:03 S1_TearsOfSteel_rep1 tc: (bersih)
04:43:07 S1_TearsOfSteel_rep1 agen jalan | >> membaca 1 map bernama 'flows': id [56]
04:48:11 S1_TearsOfSteel_rep1 harness: OK: 2 perpindahan kualitas, 1 stall, media 281.674s
04:48:15 S1_TearsOfSteel_rep1 label: {'Degraded': 1, 'Excellent': 28}
04:48:16 S1_TearsOfSteel_rep1 selaras: pergeseran akibat stall: 0.000 detik (0.00 window)
04:48:16 S2A_TearsOfSteel_rep1 tc: tbf rate 3mbit burst 32k latency 50ms
04:48:21 S2A_TearsOfSteel_rep1 agen jalan | >> membaca 1 map bernama 'flows': id [56]
04:53:25 S2A_TearsOfSteel_rep1 harness: OK: 15 perpindahan kualitas, 1 stall, media 276.122s
04:53:29 S2A_TearsOfSteel_rep1 label: {'Degraded': 1, 'Excellent': 24, 'Good': 3}
04:53:29 S2A_TearsOfSteel_rep1 selaras: pergeseran akibat stall: 0.000 detik (0.00 window)
04:53:29 S2B_TearsOfSteel_rep1 tc: tbf rate 700kbit burst 15k latency 50ms
04:53:34 S2B_TearsOfSteel_rep1 agen jalan | >> membaca 1 map bernama 'flows': id [56]
04:58:38 S2B_TearsOfSteel_rep1 harness: OK: 17 perpindahan kualitas, 1 stall, media 274.452s
04:58:42 S2B_TearsOfSteel_rep1 label: {'Degraded': 21, 'Good': 7}
04:58:42 S2B_TearsOfSteel_rep1 selaras: pergeseran akibat stall: 0.000 detik (0.00 window)
04:58:42 S2C_TearsOfSteel_rep1 tc: tbf rate 400kbit burst 15k latency 50ms
04:58:47 S2C_TearsOfSteel_rep1 agen jalan | >> membaca 1 map bernama 'flows': id [56]
05:03:51 S2C_TearsOfSteel_rep1 harness: OK: 2 perpindahan kualitas, 2 stall, media 272.733s
05:03:55 S2C_TearsOfSteel_rep1 label: {'Degraded': 27, 'Critical': 1}
05:03:55 S2C_TearsOfSteel_rep1 selaras: pergeseran akibat stall: 2.235 detik (0.22 window)
05:03:56 S2D_TearsOfSteel_rep1 tc: tbf rate 150kbit burst 15k latency 50ms
05:04:00 S2D_TearsOfSteel_rep1 agen jalan | >> membaca 1 map bernama 'flows': id [56]
05:09:04 S2D_TearsOfSteel_rep1 harness: OK: 2 perpindahan kualitas, 35 stall, media 135.469s
05:09:08 S2D_TearsOfSteel_rep1 label: {'Critical': 13, 'Degraded': 1}
05:09:08 S2D_TearsOfSteel_rep1 selaras: pergeseran akibat stall: 159.536 detik (15.95 window)
