>> run_id=CONT_s3_BigBuckBunny | map=flows | poll=0.1s | window=10.0s -> qos_features.csv
>> menghitung SEMUA flow TCP yang lewat (Ctrl-C untuk berhenti)
>> XDP terpasang di eth0: prog id=22
>> membaca 1 map bernama 'flows': id [2]
>> entri awal di map: 1928  (0 = belum ada trafik TCP yang tertangkap)
  w0      0.000 Mbps (std  0.000)  jit   0.000 ms  reord  0.00%  rtt    0.00 ms        0 pkt  0 flow
  w1      0.000 Mbps (std  0.000)  jit   0.000 ms  reord  0.00%  rtt    0.00 ms        0 pkt  0 flow
  w2      0.192 Mbps (std  0.169)  jit  58.111 ms  reord  0.19%  rtt  357.17 ms      528 pkt  7 flow
  w3      0.253 Mbps (std  0.115)  jit  84.487 ms  reord  6.57%  rtt  223.84 ms      685 pkt  2 flow
  w4      0.252 Mbps (std  0.300)  jit  56.622 ms  reord 12.29%  rtt  267.84 ms      789 pkt  4 flow
  w5      0.444 Mbps (std  0.375)  jit 109.706 ms  reord  0.09%  rtt  141.70 ms    1,092 pkt  6 flow
  w6      0.974 Mbps (std  0.626)  jit  23.501 ms  reord  0.26%  rtt  113.64 ms    2,299 pkt  6 flow
  w7      0.795 Mbps (std  0.506)  jit  21.995 ms  reord  0.89%  rtt  127.09 ms    1,803 pkt  2 flow
  w8      1.019 Mbps (std  0.125)  jit  28.535 ms  reord  0.00%  rtt  141.84 ms    2,410 pkt  4 flow
  w9      0.549 Mbps (std  0.551)  jit  25.331 ms  reord  0.65%  rtt  128.71 ms    1,238 pkt  2 flow
  w10     0.622 Mbps (std  0.388)  jit  32.998 ms  reord  0.00%  rtt  129.52 ms    1,418 pkt  2 flow
  w11     0.832 Mbps (std  1.521)  jit  28.040 ms  reord  3.41%  rtt  161.48 ms    1,963 pkt  2 flow
  w12     0.327 Mbps (std  0.157)  jit  67.073 ms  reord 12.49%  rtt  145.07 ms    1,009 pkt  2 flow
  w13     0.332 Mbps (std  0.158)  jit  66.262 ms  reord 11.33%  rtt  141.01 ms    1,006 pkt  2 flow
  w14     0.343 Mbps (std  0.257)  jit 11742.564 ms  reord  0.12%  rtt  189.03 ms      845 pkt  4 flow
  w15     0.413 Mbps (std  0.228)  jit 12051.870 ms  reord 29.04%  rtt  194.48 ms    1,009 pkt  4 flow
  w16  (parsial, 76 cuplikan) 0.000 Mbps
>> selesai: 17 window -> qos_features.csv
>>          cuplikan mentah -> qos_samples.csv (untuk align_qos.py)
