>> run_id=CONT_s3_OfForestAndMen | map=flows | poll=0.1s | window=10.0s -> qos_features.csv
>> menghitung SEMUA flow TCP yang lewat (Ctrl-C untuk berhenti)
>> XDP terpasang di eth0: prog id=22
>> membaca 1 map bernama 'flows': id [2]
>> entri awal di map: 3248  (0 = belum ada trafik TCP yang tertangkap)
  w0      0.000 Mbps (std  0.000)  jit   0.000 ms  reord  0.00%  rtt    0.00 ms        0 pkt  0 flow
  w1      0.120 Mbps (std  0.156)  jit  37.169 ms  reord  0.44%  rtt  390.30 ms      451 pkt  7 flow
  w2      0.266 Mbps (std  0.252)  jit  63.175 ms  reord  5.37%  rtt  209.90 ms    1,080 pkt  4 flow
  w3      0.461 Mbps (std  0.293)  jit  56.544 ms  reord  3.64%  rtt  172.05 ms    1,595 pkt  4 flow
  w4      0.889 Mbps (std  0.515)  jit  29.974 ms  reord  0.31%  rtt  144.40 ms    2,894 pkt  6 flow
  w5      1.155 Mbps (std  1.100)  jit  20.510 ms  reord  0.33%  rtt  114.53 ms    3,641 pkt  4 flow
  w6      0.955 Mbps (std  0.377)  jit  26.590 ms  reord  0.33%  rtt  131.79 ms    3,044 pkt  4 flow
  w7      0.852 Mbps (std  0.094)  jit  21.764 ms  reord  0.00%  rtt  138.32 ms    2,662 pkt  2 flow
  w8      0.550 Mbps (std  0.618)  jit  46.142 ms  reord  6.14%  rtt  143.79 ms    1,988 pkt  2 flow
  w9      0.336 Mbps (std  0.145)  jit  64.062 ms  reord 14.35%  rtt  144.37 ms    1,470 pkt  2 flow
  w10     0.359 Mbps (std  0.251)  jit  61.117 ms  reord  0.24%  rtt  182.99 ms    1,226 pkt  4 flow
  w11     0.172 Mbps (std  0.246)  jit  24.650 ms  reord  0.00%  rtt  199.32 ms      598 pkt  4 flow
  w12  (parsial, 1 cuplikan) 0.000 Mbps
>> selesai: 13 window -> qos_features.csv
>>          cuplikan mentah -> qos_samples.csv (untuk align_qos.py)
