>> run_id=CONT_s14_BigBuckBunny | map=flows | poll=0.1s | window=10.0s -> qos_features.csv
>> menghitung SEMUA flow TCP yang lewat (Ctrl-C untuk berhenti)
>> XDP terpasang di eth0: prog id=22
>> membaca 1 map bernama 'flows': id [2]
>> entri awal di map: 2532  (0 = belum ada trafik TCP yang tertangkap)
  w0      0.000 Mbps (std  0.000)  jit   0.000 ms  reord  0.00%  rtt    0.00 ms        0 pkt  0 flow
  w1      0.016 Mbps (std  0.060)  jit   4.254 ms  reord  4.41%  rtt  218.31 ms       68 pkt  3 flow
  w2      0.122 Mbps (std  0.077)  jit 127.085 ms  reord  1.07%  rtt  697.30 ms      375 pkt  5 flow
  w3      0.187 Mbps (std  0.663)  jit  88.641 ms  reord  0.97%  rtt  583.79 ms      513 pkt  2 flow
  w4      0.118 Mbps (std  0.075)  jit 179.008 ms  reord  0.53%  rtt  642.57 ms      380 pkt  4 flow
  w5      0.115 Mbps (std  0.083)  jit 261.507 ms  reord  2.76%  rtt  781.73 ms      399 pkt  6 flow
  w6      0.148 Mbps (std  0.332)  jit 176.485 ms  reord  2.62%  rtt  574.83 ms      420 pkt  3 flow
  w7      0.115 Mbps (std  0.115)  jit 200.357 ms  reord  0.87%  rtt  665.54 ms      345 pkt  5 flow
  w8      0.210 Mbps (std  0.887)  jit 276.588 ms  reord  5.38%  rtt  836.25 ms      651 pkt  4 flow
  w9      0.809 Mbps (std  6.984)  jit 210.509 ms  reord  0.38%  rtt  592.89 ms    2,116 pkt  5 flow
  w10     0.097 Mbps (std  0.103)  jit 211.254 ms  reord  0.00%  rtt  634.29 ms      289 pkt  4 flow
  w11     0.151 Mbps (std  0.115)  jit 170.146 ms  reord  0.64%  rtt  507.08 ms      467 pkt  4 flow
  w12     0.215 Mbps (std  0.169)  jit 186.216 ms  reord  0.30%  rtt  499.47 ms      664 pkt  5 flow
  w13     0.378 Mbps (std  0.223)  jit  41.866 ms  reord  0.00%  rtt  178.63 ms    1,207 pkt  5 flow
  w14  (parsial, 18 cuplikan) 0.000 Mbps
>> selesai: 15 window -> qos_features.csv
>>          cuplikan mentah -> qos_samples.csv (untuk align_qos.py)
