>> run_id=CONT_s9_ElephantsDream | map=flows | poll=0.1s | window=10.0s -> qos_features.csv
>> menghitung SEMUA flow TCP yang lewat (Ctrl-C untuk berhenti)
>> XDP terpasang di eth0: prog id=22
>> membaca 1 map bernama 'flows': id [2]
>> entri awal di map: 2924  (0 = belum ada trafik TCP yang tertangkap)
  w0      0.000 Mbps (std  0.000)  jit   0.000 ms  reord  0.00%  rtt    0.00 ms        0 pkt  0 flow
  w1      0.303 Mbps (std  0.475)  jit   9.967 ms  reord  0.00%  rtt  137.50 ms    1,014 pkt  6 flow
  w2      1.336 Mbps (std  6.209)  jit 22018.447 ms  reord 36.41%  rtt  159.49 ms    4,251 pkt  6 flow
  w3      0.802 Mbps (std  0.560)  jit  28.141 ms  reord  0.00%  rtt  112.83 ms    2,364 pkt  4 flow
  w4      1.333 Mbps (std  2.607)  jit  14.066 ms  reord  2.58%  rtt   75.50 ms    3,994 pkt  4 flow
  w5      1.465 Mbps (std  0.794)  jit  15.042 ms  reord  0.52%  rtt   94.23 ms    4,263 pkt  2 flow
  w6      1.277 Mbps (std  0.393)  jit  24.966 ms  reord  0.36%  rtt  111.57 ms    3,896 pkt  4 flow
  w7      0.525 Mbps (std  0.286)  jit  41.985 ms  reord 13.70%  rtt   96.35 ms    2,059 pkt  2 flow
  w8      1.112 Mbps (std  1.929)  jit  16.946 ms  reord  0.89%  rtt   39.46 ms    3,478 pkt  4 flow
  w9      3.748 Mbps (std  2.256)  jit   6.509 ms  reord  0.72%  rtt   47.32 ms   12,321 pkt  4 flow
  w10     5.557 Mbps (std  1.533)  jit   4.387 ms  reord  0.22%  rtt   43.01 ms   19,334 pkt  6 flow
  w11     2.586 Mbps (std  2.551)  jit   6.665 ms  reord  0.57%  rtt   77.37 ms    9,369 pkt  4 flow
  w12  (parsial, 85 cuplikan) 0.000 Mbps
>> selesai: 13 window -> qos_features.csv
>>          cuplikan mentah -> qos_samples.csv (untuk align_qos.py)
