>> run_id=CONT_s8_BigBuckBunny | map=flows | poll=0.1s | window=10.0s -> qos_features.csv
>> menghitung SEMUA flow TCP yang lewat (Ctrl-C untuk berhenti)
>> XDP terpasang di eth0: prog id=22
>> membaca 1 map bernama 'flows': id [2]
>> entri awal di map: 2284  (0 = belum ada trafik TCP yang tertangkap)
  w0      0.000 Mbps (std  0.000)  jit   0.000 ms  reord  0.00%  rtt    0.00 ms        0 pkt  0 flow
  w1      0.000 Mbps (std  0.000)  jit   0.000 ms  reord  0.00%  rtt    0.00 ms        0 pkt  0 flow
  w2      0.135 Mbps (std  0.077)  jit  71.304 ms  reord 13.33%  rtt  460.27 ms      525 pkt  5 flow
  w3      0.101 Mbps (std  0.105)  jit  93.792 ms  reord  3.10%  rtt  432.98 ms      323 pkt  2 flow
  w4      0.075 Mbps (std  0.135)  jit 196.506 ms  reord  0.47%  rtt  527.80 ms      213 pkt  4 flow
  w5      0.764 Mbps (std  6.278)  jit 182.788 ms  reord  2.93%  rtt  678.79 ms    1,914 pkt  7 flow
  w6      0.066 Mbps (std  0.141)  jit  61.916 ms  reord  0.00%  rtt  387.81 ms      168 pkt  2 flow
  w7      0.165 Mbps (std  0.601)  jit 158.110 ms  reord  2.91%  rtt  442.75 ms      446 pkt  4 flow
  w8      0.155 Mbps (std  0.118)  jit 125.591 ms  reord  0.25%  rtt  475.07 ms      406 pkt  3 flow
  w9      0.262 Mbps (std  0.224)  jit  98.789 ms  reord  0.88%  rtt  406.19 ms      680 pkt  4 flow
  w10     1.029 Mbps (std  7.046)  jit 103.048 ms  reord  0.58%  rtt  408.24 ms    2,601 pkt  6 flow
  w11     0.154 Mbps (std  0.047)  jit 236.178 ms  reord  0.40%  rtt  698.74 ms      499 pkt  5 flow
  w12     0.210 Mbps (std  0.108)  jit 130.253 ms  reord  0.98%  rtt  410.12 ms      612 pkt  4 flow
  w13     0.800 Mbps (std  6.144)  jit 107.843 ms  reord  3.64%  rtt  508.44 ms    2,058 pkt  5 flow
  w14     0.110 Mbps (std  0.117)  jit  48.236 ms  reord 12.50%  rtt  439.00 ms      416 pkt  5 flow
  w15  (parsial, 13 cuplikan) 0.000 Mbps
>> selesai: 16 window -> qos_features.csv
>>          cuplikan mentah -> qos_samples.csv (untuk align_qos.py)
