>> run_id=CONT_s9_BigBuckBunny | map=flows | poll=0.1s | window=10.0s -> qos_features.csv
>> menghitung SEMUA flow TCP yang lewat (Ctrl-C untuk berhenti)
>> XDP terpasang di eth0: prog id=22
>> membaca 1 map bernama 'flows': id [2]
>> entri awal di map: 2336  (0 = belum ada trafik TCP yang tertangkap)
  w0      0.000 Mbps (std  0.000)  jit   0.000 ms  reord  0.00%  rtt    0.00 ms        0 pkt  0 flow
  w1      0.013 Mbps (std  0.129)  jit   0.091 ms  reord  0.00%  rtt   41.23 ms       44 pkt  5 flow
  w2      1.838 Mbps (std  9.259)  jit  35.331 ms  reord  0.19%  rtt  131.23 ms    4,854 pkt  6 flow
  w3      0.820 Mbps (std  0.566)  jit  20.978 ms  reord  0.00%  rtt  103.65 ms    2,021 pkt  2 flow
  w4      1.477 Mbps (std  3.255)  jit  21.846 ms  reord  0.32%  rtt  105.20 ms    3,699 pkt  4 flow
  w5      1.134 Mbps (std  1.310)  jit  11.305 ms  reord  1.16%  rtt   58.86 ms    2,837 pkt  4 flow
  w6      1.930 Mbps (std  4.963)  jit  12.020 ms  reord  1.03%  rtt   57.94 ms    5,560 pkt  4 flow
  w7      1.414 Mbps (std  0.052)  jit  20.507 ms  reord  0.00%  rtt   70.16 ms    4,359 pkt  4 flow
  w8      0.673 Mbps (std  1.522)  jit  38.324 ms  reord  9.08%  rtt   90.43 ms    2,104 pkt  2 flow
  w9      3.247 Mbps (std  2.257)  jit  16.683 ms  reord  0.61%  rtt   54.14 ms    7,843 pkt  2 flow
  w10     5.022 Mbps (std  0.146)  jit   3.632 ms  reord  0.37%  rtt   46.83 ms   14,388 pkt  4 flow
  w11     4.566 Mbps (std  2.028)  jit   8.112 ms  reord  0.81%  rtt   56.81 ms   12,423 pkt  6 flow
  w12     5.723 Mbps (std  1.424)  jit   2.424 ms  reord  0.29%  rtt   39.91 ms   18,985 pkt  4 flow
  w13     3.756 Mbps (std 13.562)  jit  11.770 ms  reord  1.53%  rtt   77.30 ms   10,725 pkt  6 flow
  w14  (parsial, 87 cuplikan) 0.000 Mbps
>> selesai: 15 window -> qos_features.csv
>>          cuplikan mentah -> qos_samples.csv (untuk align_qos.py)
