>> run_id=CONT_s8_dynamic_Valkaama | map=flows | poll=0.1s | window=10.0s -> qos_features.csv
>> menghitung SEMUA flow TCP yang lewat (Ctrl-C untuk berhenti)
>> XDP terpasang di eth0: prog id=745
>> membaca 1 map bernama 'flows': id [208]
>> entri awal di map: 0  (0 = belum ada trafik TCP yang tertangkap)
  w0      0.000 Mbps (std  0.000)  jit   0.000 ms  reord  0.00%  rtt    0.00 ms        0 pkt  0 flow
  w1      0.000 Mbps (std  0.000)  jit   0.000 ms  reord  0.00%  rtt    0.00 ms        0 pkt  0 flow
  w2      0.000 Mbps (std  0.000)  jit   0.000 ms  reord  0.00%  rtt    0.00 ms        0 pkt  0 flow
  w3      0.000 Mbps (std  0.000)  jit   0.000 ms  reord  0.00%  rtt    0.00 ms        0 pkt  0 flow
  w4      0.006 Mbps (std  0.044)  jit   1.016 ms  reord  4.00%  rtt  151.92 ms       25 pkt  2 flow
  w5      0.148 Mbps (std  0.160)  jit  67.280 ms  reord 16.06%  rtt  502.88 ms      249 pkt  4 flow
  w6      0.115 Mbps (std  0.104)  jit  60.811 ms  reord 11.60%  rtt  525.66 ms      181 pkt  2 flow
  w7      0.111 Mbps (std  0.125)  jit  77.595 ms  reord  6.17%  rtt  430.99 ms      162 pkt  2 flow
  w8      0.110 Mbps (std  0.182)  jit 103.142 ms  reord  0.00%  rtt  383.70 ms      133 pkt  2 flow
  w9      0.044 Mbps (std  0.177)  jit  39.615 ms  reord  0.00%  rtt 5417.85 ms       50 pkt  2 flow
  w10     0.103 Mbps (std  0.244)  jit  76.189 ms  reord  0.00%  rtt  325.48 ms      110 pkt  4 flow
  w11     0.132 Mbps (std  0.236)  jit  69.888 ms  reord  0.66%  rtt  441.51 ms      152 pkt  4 flow
  w12     0.151 Mbps (std  0.122)  jit 140.317 ms  reord  0.00%  rtt  644.37 ms      208 pkt  5 flow
  w13     1.011 Mbps (std  8.901)  jit 106.385 ms  reord  3.43%  rtt  506.54 ms    1,051 pkt  4 flow
  w14     0.056 Mbps (std  0.209)  jit  40.718 ms  reord  0.00%  rtt  121.23 ms       65 pkt  2 flow
  w15     0.037 Mbps (std  0.171)  jit  33.423 ms  reord  0.00%  rtt  112.76 ms       40 pkt  2 flow
  w16     0.130 Mbps (std  0.232)  jit 115.882 ms  reord  0.00%  rtt 1523.85 ms      140 pkt  3 flow
  w17     0.115 Mbps (std  0.213)  jit  49.725 ms  reord  0.79%  rtt  604.14 ms      127 pkt  2 flow
  w18     0.157 Mbps (std  0.261)  jit  80.386 ms  reord  1.15%  rtt  490.02 ms      174 pkt  4 flow
  w19     0.155 Mbps (std  0.211)  jit  70.757 ms  reord  0.54%  rtt  384.62 ms      184 pkt  4 flow
  w20     0.109 Mbps (std  0.265)  jit  41.742 ms  reord  0.00%  rtt  339.40 ms      114 pkt  2 flow
  w21     0.167 Mbps (std  0.186)  jit  71.641 ms  reord  0.50%  rtt  425.76 ms      199 pkt  4 flow
  w22     0.175 Mbps (std  0.190)  jit 101.182 ms  reord  1.38%  rtt  527.86 ms      218 pkt  2 flow
  w23     0.090 Mbps (std  0.229)  jit  42.889 ms  reord  0.00%  rtt  132.27 ms      100 pkt  2 flow
  w24     0.172 Mbps (std  0.283)  jit  75.802 ms  reord  0.52%  rtt  232.23 ms      194 pkt  4 flow
  w25     1.830 Mbps (std 13.703)  jit 138.023 ms  reord  0.79%  rtt  362.59 ms    1,896 pkt  4 flow
  w26     0.156 Mbps (std  0.149)  jit 146.650 ms  reord  0.50%  rtt  686.60 ms      202 pkt  3 flow
  w27     0.157 Mbps (std  0.157)  jit 129.210 ms  reord  0.93%  rtt  540.07 ms      214 pkt  5 flow
  w28     0.149 Mbps (std  0.162)  jit 149.361 ms  reord  2.59%  rtt  648.29 ms      193 pkt  3 flow
  w29     0.124 Mbps (std  0.256)  jit  76.182 ms  reord  2.01%  rtt  267.87 ms      149 pkt  3 flow
  w30     0.181 Mbps (std  0.202)  jit 131.616 ms  reord  0.00%  rtt  373.96 ms      224 pkt  4 flow
  w31     0.246 Mbps (std  0.126)  jit 162.536 ms  reord  0.32%  rtt  508.34 ms      310 pkt  4 flow
  w32     1.547 Mbps (std 10.177)  jit 107.350 ms  reord  4.88%  rtt  484.92 ms    1,598 pkt  3 flow
  w33     0.205 Mbps (std  0.199)  jit  67.207 ms  reord  7.61%  rtt  352.63 ms      289 pkt  4 flow
  w34     0.219 Mbps (std  0.063)  jit  50.395 ms  reord  9.63%  rtt  653.18 ms      353 pkt  5 flow
  w35     0.003 Mbps (std  0.025)  jit   0.236 ms  reord  0.00%  rtt  426.01 ms        4 pkt  1 flow
  w36  (parsial, 17 cuplikan) 0.000 Mbps
>> selesai: 37 window -> qos_features.csv
>>          cuplikan mentah -> qos_samples.csv (untuk align_qos.py)
