>> run_id=CONT_s9_dynamic_BigBuckBunny | map=flows | poll=0.1s | window=10.0s -> qos_features.csv
>> menghitung SEMUA flow TCP yang lewat (Ctrl-C untuk berhenti)
>> XDP terpasang di eth0: prog id=2104
>> membaca 1 map bernama 'flows': id [596]
>> entri awal di map: 0  (0 = belum ada trafik TCP yang tertangkap)
  w0      0.000 Mbps (std  0.000)  jit   0.000 ms  reord  0.00%  rtt    0.00 ms        0 pkt  0 flow
  w1      0.000 Mbps (std  0.000)  jit   0.000 ms  reord  0.00%  rtt    0.00 ms        0 pkt  0 flow
  w2      0.000 Mbps (std  0.000)  jit   0.000 ms  reord  0.00%  rtt    0.00 ms        0 pkt  0 flow
  w3      0.000 Mbps (std  0.000)  jit   0.000 ms  reord  0.00%  rtt    0.00 ms        0 pkt  0 flow
  w4      0.157 Mbps (std  0.415)  jit   2.270 ms  reord  0.00%  rtt  104.96 ms      176 pkt  4 flow
  w5      1.048 Mbps (std  0.181)  jit  36.390 ms  reord  0.00%  rtt  139.98 ms    1,249 pkt  6 flow
  w6      2.726 Mbps (std 12.003)  jit  39.040 ms  reord  2.67%  rtt  125.22 ms    3,037 pkt  5 flow
  w7      0.870 Mbps (std  0.584)  jit  20.807 ms  reord  0.00%  rtt  100.59 ms      922 pkt  4 flow
  w8      1.209 Mbps (std  0.133)  jit  15.362 ms  reord  0.00%  rtt   96.26 ms    1,240 pkt  2 flow
  w9      1.211 Mbps (std  0.141)  jit  15.344 ms  reord  0.00%  rtt   96.79 ms    1,243 pkt  2 flow
  w10     1.091 Mbps (std  0.415)  jit  30.022 ms  reord  0.08%  rtt  104.20 ms    1,197 pkt  4 flow
  w11     0.551 Mbps (std  0.704)  jit  19.104 ms  reord  1.90%  rtt   92.90 ms      579 pkt  2 flow
  w12     2.839 Mbps (std  0.356)  jit   7.497 ms  reord  0.00%  rtt   71.17 ms    2,810 pkt  2 flow
  w13     1.739 Mbps (std  1.417)  jit  12.678 ms  reord  1.76%  rtt   69.77 ms    1,876 pkt  4 flow
  w14     0.955 Mbps (std  1.123)  jit  13.074 ms  reord  0.00%  rtt   84.42 ms      988 pkt  2 flow
  w15     1.205 Mbps (std  0.537)  jit  19.788 ms  reord  0.00%  rtt  100.41 ms    1,242 pkt  2 flow
  w16     1.399 Mbps (std  0.274)  jit  15.020 ms  reord  0.00%  rtt  104.13 ms    1,446 pkt  4 flow
  w17     1.408 Mbps (std  0.173)  jit  36.279 ms  reord  0.00%  rtt  120.99 ms    1,604 pkt  4 flow
  w18     1.402 Mbps (std  0.293)  jit  15.436 ms  reord  0.00%  rtt  104.17 ms    1,452 pkt  2 flow
  w19     1.550 Mbps (std  6.634)  jit   9.473 ms  reord  0.56%  rtt  101.07 ms    1,604 pkt  2 flow
  w20     0.468 Mbps (std  0.275)  jit  47.514 ms  reord 14.67%  rtt   96.04 ms      675 pkt  2 flow
  w21     0.358 Mbps (std  0.132)  jit  49.126 ms  reord 14.69%  rtt   95.79 ms      531 pkt  2 flow
  w22     1.242 Mbps (std  1.948)  jit  23.817 ms  reord  2.75%  rtt   67.83 ms    1,382 pkt  2 flow
  w23     0.743 Mbps (std  1.739)  jit   4.565 ms  reord  0.00%  rtt   36.13 ms      728 pkt  2 flow
  w24     1.154 Mbps (std  2.036)  jit   9.519 ms  reord  1.22%  rtt   40.81 ms    1,392 pkt  4 flow
  w25     4.318 Mbps (std  1.684)  jit   4.442 ms  reord  0.26%  rtt   49.38 ms    5,382 pkt  2 flow
  w26     3.951 Mbps (std  2.069)  jit   2.383 ms  reord  0.22%  rtt   43.75 ms    4,963 pkt  2 flow
  w27     3.649 Mbps (std  2.569)  jit   9.666 ms  reord  0.88%  rtt   58.94 ms    3,866 pkt  5 flow
  w28     4.802 Mbps (std  2.296)  jit   8.617 ms  reord  0.58%  rtt   53.23 ms    5,320 pkt  5 flow
  w29     5.964 Mbps (std  0.460)  jit   4.395 ms  reord  0.00%  rtt   37.66 ms    5,827 pkt  4 flow
  w30     5.972 Mbps (std  0.455)  jit   3.057 ms  reord  0.00%  rtt   35.46 ms    5,763 pkt  4 flow
  w31     7.337 Mbps (std 18.858)  jit   8.717 ms  reord  0.54%  rtt   49.50 ms    7,586 pkt  4 flow
  w32     3.148 Mbps (std  0.248)  jit  13.047 ms  reord  1.65%  rtt   85.59 ms    3,949 pkt  6 flow
  w33     3.130 Mbps (std  0.283)  jit   6.035 ms  reord  0.37%  rtt   79.04 ms    3,786 pkt  2 flow
  w34     0.923 Mbps (std  1.420)  jit   2.557 ms  reord  0.34%  rtt   81.48 ms    1,161 pkt  2 flow
  w35     0.000 Mbps (std  0.000)  jit   0.000 ms  reord  0.00%  rtt    0.00 ms        0 pkt  0 flow
  w36  (parsial, 12 cuplikan) 0.000 Mbps
>> selesai: 37 window -> qos_features.csv
>>          cuplikan mentah -> qos_samples.csv (untuk align_qos.py)
