>> run_id=CONT_s2_l2a_Valkaama | map=flows | poll=0.1s | window=10.0s -> qos_features.csv
>> menghitung SEMUA flow TCP yang lewat (Ctrl-C untuk berhenti)
>> XDP terpasang di eth0: prog id=330
>> membaca 1 map bernama 'flows': id [90]
>> entri awal di map: 0  (0 = belum ada trafik TCP yang tertangkap)
  w0      0.000 Mbps (std  0.000)  jit   0.000 ms  reord  0.00%  rtt    0.00 ms        0 pkt  0 flow
  w1      0.000 Mbps (std  0.000)  jit   0.000 ms  reord  0.00%  rtt    0.00 ms        0 pkt  0 flow
  w2      0.000 Mbps (std  0.000)  jit   0.000 ms  reord  0.00%  rtt    0.00 ms        0 pkt  0 flow
  w3      0.000 Mbps (std  0.000)  jit   0.000 ms  reord  0.00%  rtt    0.00 ms        0 pkt  0 flow
  w4      0.401 Mbps (std  1.422)  jit   0.361 ms  reord  3.02%  rtt   47.09 ms      529 pkt  4 flow
  w5      5.432 Mbps (std  1.830)  jit   1.712 ms  reord  0.44%  rtt   41.12 ms    6,812 pkt  4 flow
  w6      6.056 Mbps (std  0.269)  jit   5.109 ms  reord  0.20%  rtt   47.31 ms    7,583 pkt  4 flow
  w7      6.095 Mbps (std  0.193)  jit   0.880 ms  reord  0.31%  rtt   32.15 ms    8,254 pkt  2 flow
  w8      5.989 Mbps (std  0.220)  jit   3.095 ms  reord  0.00%  rtt   19.34 ms    6,102 pkt  2 flow
  w9      5.295 Mbps (std  8.414)  jit   4.370 ms  reord  0.48%  rtt   20.30 ms    5,577 pkt  2 flow
  w10     1.563 Mbps (std  1.612)  jit   2.690 ms  reord  0.00%  rtt   21.65 ms    1,760 pkt  2 flow
  w11     1.546 Mbps (std  1.653)  jit  10.252 ms  reord  1.20%  rtt   69.24 ms    1,839 pkt  4 flow
  w12     2.675 Mbps (std  1.270)  jit   9.353 ms  reord  0.67%  rtt   74.39 ms    3,117 pkt  4 flow
  w13     2.894 Mbps (std  4.406)  jit   7.028 ms  reord  0.78%  rtt   61.47 ms    3,065 pkt  2 flow
  w14     3.328 Mbps (std  0.485)  jit  11.400 ms  reord  0.00%  rtt   76.40 ms    3,288 pkt  5 flow
  w15     3.347 Mbps (std  0.541)  jit  16.300 ms  reord  0.00%  rtt   84.68 ms    3,389 pkt  6 flow
  w16     3.341 Mbps (std  0.545)  jit  16.267 ms  reord  0.00%  rtt   84.60 ms    3,389 pkt  6 flow
  w17     3.335 Mbps (std  0.533)  jit  15.889 ms  reord  0.00%  rtt   84.53 ms    3,392 pkt  6 flow
  w18     5.696 Mbps (std 16.698)  jit   6.744 ms  reord  4.02%  rtt   72.88 ms    7,122 pkt  5 flow
  w19     5.989 Mbps (std  0.405)  jit   6.339 ms  reord  0.06%  rtt   45.74 ms    6,284 pkt  4 flow
  w20     5.972 Mbps (std  0.462)  jit   2.899 ms  reord  0.00%  rtt   35.34 ms    5,727 pkt  2 flow
  w21     5.983 Mbps (std  0.478)  jit   5.262 ms  reord  0.00%  rtt   37.33 ms    6,019 pkt  4 flow
  w22     6.084 Mbps (std  0.366)  jit   5.761 ms  reord  0.81%  rtt   48.93 ms    8,042 pkt  4 flow
  w23     2.555 Mbps (std 10.288)  jit  19.368 ms  reord  6.54%  rtt   46.22 ms    3,119 pkt  2 flow
  w24     0.751 Mbps (std  0.426)  jit  19.412 ms  reord 13.98%  rtt   47.48 ms    1,066 pkt  2 flow
  w25     1.775 Mbps (std  1.586)  jit  23.953 ms  reord 19.53%  rtt   48.03 ms    2,678 pkt  4 flow
  w26     2.259 Mbps (std  2.052)  jit  17.481 ms  reord 26.33%  rtt   55.51 ms    3,536 pkt  4 flow
  w27     1.815 Mbps (std  2.358)  jit  12.976 ms  reord  4.45%  rtt   41.87 ms    2,001 pkt  3 flow
  w28     5.965 Mbps (std  0.455)  jit   2.905 ms  reord  0.00%  rtt   35.14 ms    5,764 pkt  2 flow
  w29     6.826 Mbps (std  8.470)  jit   2.775 ms  reord  0.27%  rtt   34.81 ms    6,768 pkt  2 flow
  w30     5.993 Mbps (std  0.269)  jit   2.998 ms  reord  0.05%  rtt   19.83 ms    6,353 pkt  2 flow
  w31     0.372 Mbps (std  1.420)  jit   7.400 ms  reord  0.00%  rtt   20.95 ms      396 pkt  2 flow
  w32     0.488 Mbps (std  1.484)  jit   1.104 ms  reord  2.43%  rtt   61.72 ms      659 pkt  2 flow
  w33     0.526 Mbps (std  1.547)  jit   2.313 ms  reord  0.00%  rtt   84.84 ms      632 pkt  2 flow
  w34     0.000 Mbps (std  0.001)  jit  31.770 ms  reord  0.00%  rtt    0.51 ms        3 pkt  2 flow
  w35     0.000 Mbps (std  0.000)  jit   0.000 ms  reord  0.00%  rtt    0.00 ms        0 pkt  0 flow
  w36  (parsial, 9 cuplikan) 0.000 Mbps
>> selesai: 37 window -> qos_features.csv
>>          cuplikan mentah -> qos_samples.csv (untuk align_qos.py)
