>> run_id=CONT_s8_bola_OfForestAndMen | map=flows | poll=0.1s | window=10.0s -> qos_features.csv
>> menghitung SEMUA flow TCP yang lewat (Ctrl-C untuk berhenti)
>> XDP terpasang di eth0: prog id=2553
>> membaca 1 map bernama 'flows': id [724]
>> entri awal di map: 0  (0 = belum ada trafik TCP yang tertangkap)
  w0      0.000 Mbps (std  0.000)  jit   0.000 ms  reord  0.00%  rtt    0.00 ms        0 pkt  0 flow
  w1      0.000 Mbps (std  0.000)  jit   0.000 ms  reord  0.00%  rtt    0.00 ms        0 pkt  0 flow
  w2      0.000 Mbps (std  0.000)  jit   0.000 ms  reord  0.00%  rtt    0.00 ms        0 pkt  0 flow
  w3      0.000 Mbps (std  0.000)  jit   0.000 ms  reord  0.00%  rtt    0.00 ms        0 pkt  0 flow
  w4      0.005 Mbps (std  0.041)  jit   1.023 ms  reord  8.00%  rtt  148.38 ms       25 pkt  2 flow
  w5      0.068 Mbps (std  0.142)  jit  24.560 ms  reord 16.95%  rtt  336.20 ms      118 pkt  5 flow
  w6      0.137 Mbps (std  0.146)  jit  56.431 ms  reord 13.36%  rtt  598.83 ms      217 pkt  2 flow
  w7      0.141 Mbps (std  0.105)  jit  76.212 ms  reord  2.51%  rtt  327.05 ms      199 pkt  2 flow
  w8      0.116 Mbps (std  0.171)  jit  60.140 ms  reord  3.68%  rtt  565.25 ms      163 pkt  2 flow
  w9      0.121 Mbps (std  0.220)  jit  67.231 ms  reord  1.36%  rtt  386.46 ms      147 pkt  2 flow
  w10     0.146 Mbps (std  0.226)  jit  79.749 ms  reord  0.00%  rtt  549.46 ms      164 pkt  3 flow
  w11     0.136 Mbps (std  0.252)  jit  61.658 ms  reord  0.60%  rtt  513.81 ms      166 pkt  6 flow
  w12     0.146 Mbps (std  0.153)  jit 134.738 ms  reord  0.00%  rtt  673.56 ms      185 pkt  4 flow
  w13     1.852 Mbps (std 17.746)  jit  47.625 ms  reord  0.22%  rtt  704.07 ms    1,824 pkt  3 flow
  w14     0.129 Mbps (std  0.278)  jit  61.080 ms  reord  0.72%  rtt  500.60 ms      138 pkt  2 flow
  w15     0.122 Mbps (std  0.204)  jit  55.452 ms  reord  0.00%  rtt  587.42 ms      134 pkt  2 flow
  w16     0.106 Mbps (std  0.213)  jit  66.331 ms  reord  0.00%  rtt  506.57 ms      122 pkt  3 flow
  w17     0.062 Mbps (std  0.249)  jit  33.907 ms  reord  9.59%  rtt  278.49 ms       73 pkt  4 flow
  w18     0.079 Mbps (std  0.233)  jit  50.393 ms  reord  0.00%  rtt  402.65 ms       85 pkt  2 flow
  w19     0.170 Mbps (std  0.214)  jit  87.523 ms  reord  0.99%  rtt  464.10 ms      202 pkt  4 flow
  w20     0.166 Mbps (std  0.208)  jit  53.731 ms  reord  0.53%  rtt  389.32 ms      190 pkt  2 flow
  w21     0.141 Mbps (std  0.235)  jit  49.799 ms  reord  0.00%  rtt  346.94 ms      163 pkt  4 flow
  w22     0.147 Mbps (std  0.261)  jit  95.626 ms  reord  3.80%  rtt  505.93 ms      184 pkt  3 flow
  w23     0.265 Mbps (std  0.242)  jit  71.599 ms  reord  0.00%  rtt  213.84 ms      298 pkt  2 flow
  w24     0.358 Mbps (std  0.208)  jit  56.259 ms  reord  0.00%  rtt  254.23 ms      406 pkt  4 flow
  w25     0.282 Mbps (std  0.187)  jit 115.694 ms  reord  0.55%  rtt  359.23 ms      361 pkt  4 flow
  w26     0.154 Mbps (std  0.131)  jit 155.231 ms  reord  0.48%  rtt  660.76 ms      209 pkt  4 flow
  w27     0.156 Mbps (std  0.119)  jit 162.229 ms  reord  0.00%  rtt  592.13 ms      218 pkt  4 flow
  w28     0.138 Mbps (std  0.148)  jit 141.742 ms  reord  1.12%  rtt  620.22 ms      179 pkt  3 flow
  w29     0.144 Mbps (std  0.238)  jit 122.931 ms  reord  1.15%  rtt  370.67 ms      174 pkt  3 flow
  w30     0.237 Mbps (std  0.238)  jit 111.198 ms  reord  0.35%  rtt  364.56 ms      288 pkt  4 flow
  w31     0.247 Mbps (std  0.164)  jit 140.152 ms  reord  0.64%  rtt  390.95 ms      313 pkt  4 flow
  w32     1.775 Mbps (std 16.951)  jit  54.340 ms  reord  0.39%  rtt  419.25 ms    1,800 pkt  2 flow
  w33     0.218 Mbps (std  0.169)  jit 101.378 ms  reord  6.60%  rtt  430.36 ms      318 pkt  4 flow
  w34     0.145 Mbps (std  0.117)  jit  80.004 ms  reord 10.73%  rtt  679.28 ms      233 pkt  4 flow
  w35     0.000 Mbps (std  0.000)  jit   0.000 ms  reord  0.00%  rtt    0.00 ms        0 pkt  0 flow
  w36  (parsial, 11 cuplikan) 0.000 Mbps
>> selesai: 37 window -> qos_features.csv
>>          cuplikan mentah -> qos_samples.csv (untuk align_qos.py)
