>> run_id=CONT_s8_bola_ElephantsDream | map=flows | poll=0.1s | window=10.0s -> qos_features.csv
>> menghitung SEMUA flow TCP yang lewat (Ctrl-C untuk berhenti)
>> XDP terpasang di eth0: prog id=1270
>> membaca 1 map bernama 'flows': id [358]
>> entri awal di map: 0  (0 = belum ada trafik TCP yang tertangkap)
  w0      0.000 Mbps (std  0.000)  jit   0.000 ms  reord  0.00%  rtt    0.00 ms        0 pkt  0 flow
  w1      0.000 Mbps (std  0.000)  jit   0.000 ms  reord  0.00%  rtt    0.00 ms        0 pkt  0 flow
  w2      0.000 Mbps (std  0.000)  jit   0.000 ms  reord  0.00%  rtt    0.00 ms        0 pkt  0 flow
  w3      0.000 Mbps (std  0.000)  jit   0.000 ms  reord  0.00%  rtt    0.00 ms        0 pkt  0 flow
  w4      0.005 Mbps (std  0.042)  jit   0.722 ms  reord  8.70%  rtt  133.21 ms       23 pkt  3 flow
  w5      0.147 Mbps (std  0.136)  jit  46.959 ms  reord 12.97%  rtt  675.36 ms      239 pkt  4 flow
  w6      0.141 Mbps (std  0.099)  jit  37.923 ms  reord  7.80%  rtt  295.79 ms      218 pkt  2 flow
  w7      0.141 Mbps (std  0.115)  jit  69.075 ms  reord  1.55%  rtt  345.61 ms      194 pkt  2 flow
  w8      0.143 Mbps (std  0.109)  jit  77.541 ms  reord  5.16%  rtt  419.46 ms      213 pkt  2 flow
  w9      0.066 Mbps (std  0.196)  jit  36.641 ms  reord  9.89%  rtt  291.24 ms       91 pkt  2 flow
  w10     0.060 Mbps (std  0.205)  jit  54.774 ms  reord  0.00%  rtt  116.01 ms       66 pkt  2 flow
  w11     0.114 Mbps (std  0.196)  jit  85.068 ms  reord  0.00%  rtt  452.45 ms      146 pkt  7 flow
  w12     0.147 Mbps (std  0.115)  jit 172.920 ms  reord  0.00%  rtt  824.52 ms      193 pkt  3 flow
  w13     1.856 Mbps (std 13.796)  jit 107.959 ms  reord  2.88%  rtt  605.77 ms    1,911 pkt  4 flow
  w14     0.067 Mbps (std  0.212)  jit  24.825 ms  reord  1.30%  rtt  410.25 ms       77 pkt  2 flow
  w15     0.114 Mbps (std  0.241)  jit  67.984 ms  reord  0.81%  rtt  649.88 ms      124 pkt  2 flow
  w16     0.115 Mbps (std  0.217)  jit  53.761 ms  reord  1.45%  rtt  437.80 ms      138 pkt  2 flow
  w17     0.126 Mbps (std  0.268)  jit  51.382 ms  reord  4.14%  rtt  523.32 ms      145 pkt  2 flow
  w18     0.167 Mbps (std  0.232)  jit  48.613 ms  reord  1.60%  rtt  431.68 ms      188 pkt  2 flow
  w19     0.164 Mbps (std  0.206)  jit  71.903 ms  reord  0.00%  rtt  490.53 ms      192 pkt  4 flow
  w20     0.113 Mbps (std  0.275)  jit  32.798 ms  reord  0.00%  rtt  376.87 ms      119 pkt  2 flow
  w21     0.122 Mbps (std  0.230)  jit  61.569 ms  reord  0.00%  rtt  435.39 ms      134 pkt  4 flow
  w22     0.193 Mbps (std  0.187)  jit 111.460 ms  reord  1.63%  rtt  417.68 ms      245 pkt  3 flow
  w23     0.224 Mbps (std  0.252)  jit  38.777 ms  reord  0.00%  rtt  208.65 ms      250 pkt  2 flow
  w24     0.265 Mbps (std  0.288)  jit  65.710 ms  reord  0.00%  rtt  262.26 ms      303 pkt  4 flow
  w25     1.961 Mbps (std 16.601)  jit 105.694 ms  reord  0.44%  rtt  387.45 ms    2,026 pkt  4 flow
  w26     0.156 Mbps (std  0.137)  jit 135.764 ms  reord  0.96%  rtt  628.01 ms      208 pkt  3 flow
  w27     0.154 Mbps (std  0.137)  jit 129.573 ms  reord  0.00%  rtt  534.83 ms      207 pkt  4 flow
  w28     0.143 Mbps (std  0.150)  jit 135.235 ms  reord  0.00%  rtt  642.20 ms      185 pkt  3 flow
  w29     0.171 Mbps (std  0.270)  jit  66.599 ms  reord  0.00%  rtt  318.83 ms      187 pkt  4 flow
  w30     0.241 Mbps (std  0.152)  jit 129.269 ms  reord  0.00%  rtt  437.46 ms      293 pkt  4 flow
  w31     0.246 Mbps (std  0.167)  jit 116.562 ms  reord  0.00%  rtt  432.90 ms      308 pkt  4 flow
  w32     1.512 Mbps (std  9.152)  jit  97.026 ms  reord  5.01%  rtt  468.21 ms    1,637 pkt  4 flow
  w33     0.144 Mbps (std  0.213)  jit  60.763 ms  reord  8.64%  rtt  437.38 ms      220 pkt  4 flow
  w34     0.218 Mbps (std  0.083)  jit  67.631 ms  reord  8.26%  rtt  532.47 ms      351 pkt  4 flow
  w35     0.001 Mbps (std  0.011)  jit   0.307 ms  reord  0.00%  rtt  250.17 ms        1 pkt  1 flow
  w36  (parsial, 18 cuplikan) 0.000 Mbps
>> selesai: 37 window -> qos_features.csv
>>          cuplikan mentah -> qos_samples.csv (untuk align_qos.py)
