>> run_id=CONT_s3_l2a_TheSwissAccount | map=flows | poll=0.1s | window=10.0s -> qos_features.csv
>> menghitung SEMUA flow TCP yang lewat (Ctrl-C untuk berhenti)
>> XDP terpasang di eth0: prog id=1207
>> membaca 1 map bernama 'flows': id [340]
>> entri awal di map: 0  (0 = belum ada trafik TCP yang tertangkap)
  w0      0.000 Mbps (std  0.000)  jit   0.000 ms  reord  0.00%  rtt    0.00 ms        0 pkt  0 flow
  w1      0.000 Mbps (std  0.000)  jit   0.000 ms  reord  0.00%  rtt    0.00 ms        0 pkt  0 flow
  w2      0.000 Mbps (std  0.000)  jit   0.000 ms  reord  0.00%  rtt    0.00 ms        0 pkt  0 flow
  w3      0.000 Mbps (std  0.000)  jit   0.000 ms  reord  0.00%  rtt    0.00 ms        0 pkt  0 flow
  w4      0.055 Mbps (std  0.179)  jit   4.169 ms  reord  1.22%  rtt  207.02 ms       82 pkt  4 flow
  w5      0.298 Mbps (std  0.218)  jit  88.484 ms  reord  0.00%  rtt  345.28 ms      351 pkt  4 flow
  w6      0.300 Mbps (std  0.104)  jit  62.326 ms  reord  0.00%  rtt  216.21 ms      382 pkt  2 flow
  w7      0.188 Mbps (std  0.239)  jit  47.768 ms  reord  7.87%  rtt  165.43 ms      254 pkt  2 flow
  w8      0.251 Mbps (std  0.164)  jit  53.618 ms  reord 16.92%  rtt  169.21 ms      390 pkt  4 flow
  w9      0.264 Mbps (std  0.138)  jit  82.064 ms  reord 13.33%  rtt  253.44 ms      405 pkt  4 flow
  w10     0.469 Mbps (std  0.376)  jit  44.586 ms  reord  2.43%  rtt  120.24 ms      534 pkt  4 flow
  w11     0.748 Mbps (std  0.227)  jit  32.560 ms  reord  0.00%  rtt  152.94 ms      798 pkt  4 flow
  w12     0.757 Mbps (std  0.195)  jit  48.624 ms  reord  0.00%  rtt  182.77 ms      859 pkt  5 flow
  w13     1.571 Mbps (std  5.378)  jit  21.239 ms  reord  2.18%  rtt  117.84 ms    1,648 pkt  2 flow
  w14     1.533 Mbps (std  0.261)  jit  20.915 ms  reord  0.00%  rtt  108.60 ms    1,639 pkt  6 flow
  w15     2.348 Mbps (std  6.746)  jit  19.805 ms  reord  0.53%  rtt  106.39 ms    2,455 pkt  4 flow
  w16     0.843 Mbps (std  0.470)  jit  19.485 ms  reord  3.25%  rtt  120.56 ms      924 pkt  2 flow
  w17     0.975 Mbps (std  0.341)  jit  20.908 ms  reord  0.00%  rtt  120.79 ms    1,012 pkt  4 flow
  w18     0.933 Mbps (std  0.377)  jit  37.059 ms  reord  0.00%  rtt  158.07 ms    1,007 pkt  4 flow
  w19     0.768 Mbps (std  0.512)  jit  21.519 ms  reord  0.00%  rtt  118.97 ms      794 pkt  2 flow
  w20     1.916 Mbps (std 12.440)  jit  27.236 ms  reord  0.52%  rtt  134.15 ms    1,935 pkt  2 flow
  w21     0.824 Mbps (std  0.263)  jit  22.815 ms  reord  0.00%  rtt  130.22 ms      882 pkt  2 flow
  w22     0.747 Mbps (std  0.392)  jit  27.359 ms  reord  0.00%  rtt  134.41 ms      791 pkt  2 flow
  w23     0.633 Mbps (std  0.440)  jit  28.027 ms  reord  0.00%  rtt  133.11 ms      674 pkt  2 flow
  w24     0.756 Mbps (std  0.354)  jit  25.928 ms  reord  0.00%  rtt  146.80 ms      812 pkt  2 flow
  w25     0.429 Mbps (std  0.313)  jit  42.971 ms  reord 12.12%  rtt  162.71 ms      561 pkt  2 flow
  w26     0.369 Mbps (std  0.250)  jit  55.004 ms  reord 11.52%  rtt  139.43 ms      512 pkt  2 flow
  w27     0.272 Mbps (std  0.217)  jit  59.915 ms  reord 13.57%  rtt  138.13 ms      398 pkt  2 flow
  w28     0.291 Mbps (std  0.208)  jit  63.849 ms  reord 13.44%  rtt  136.64 ms      424 pkt  2 flow
  w29     0.359 Mbps (std  0.236)  jit  54.656 ms  reord  9.38%  rtt  140.83 ms      501 pkt  2 flow
  w30     0.883 Mbps (std  2.704)  jit  56.039 ms  reord  0.62%  rtt  222.65 ms      960 pkt  4 flow
  w31     0.519 Mbps (std  0.171)  jit  38.106 ms  reord  0.00%  rtt  134.26 ms      599 pkt  3 flow
  w32     0.519 Mbps (std  0.164)  jit  47.572 ms  reord  0.00%  rtt  174.67 ms      610 pkt  4 flow
  w33     0.520 Mbps (std  0.155)  jit  76.497 ms  reord  0.00%  rtt  220.32 ms      618 pkt  4 flow
  w34     0.105 Mbps (std  0.220)  jit   7.378 ms  reord  0.00%  rtt  135.96 ms      123 pkt  2 flow
  w35     0.000 Mbps (std  0.000)  jit   0.000 ms  reord  0.00%  rtt    0.00 ms        0 pkt  0 flow
  w36  (parsial, 18 cuplikan) 0.000 Mbps
>> selesai: 37 window -> qos_features.csv
>>          cuplikan mentah -> qos_samples.csv (untuk align_qos.py)
