>> run_id=CONT_s9_throughput_TheSwissAccount | map=flows | poll=0.1s | window=10.0s -> qos_features.csv
>> menghitung SEMUA flow TCP yang lewat (Ctrl-C untuk berhenti)
>> XDP terpasang di eth0: prog id=689
>> membaca 1 map bernama 'flows': id [192]
>> entri awal di map: 0  (0 = belum ada trafik TCP yang tertangkap)
  w0      0.000 Mbps (std  0.000)  jit   0.000 ms  reord  0.00%  rtt    0.00 ms        0 pkt  0 flow
  w1      0.000 Mbps (std  0.000)  jit   0.000 ms  reord  0.00%  rtt    0.00 ms        0 pkt  0 flow
  w2      0.000 Mbps (std  0.000)  jit   0.000 ms  reord  0.00%  rtt    0.00 ms        0 pkt  0 flow
  w3      0.000 Mbps (std  0.000)  jit   0.000 ms  reord  0.00%  rtt    0.00 ms        0 pkt  0 flow
  w4      0.179 Mbps (std  0.420)  jit   2.937 ms  reord  0.00%  rtt  111.22 ms      202 pkt  4 flow
  w5      1.054 Mbps (std  0.172)  jit  41.505 ms  reord  0.00%  rtt  138.24 ms    1,256 pkt  6 flow
  w6      2.398 Mbps (std 12.884)  jit  38.088 ms  reord  5.04%  rtt  123.69 ms    2,758 pkt  6 flow
  w7      0.221 Mbps (std  0.488)  jit  21.125 ms  reord  0.00%  rtt   76.12 ms      255 pkt  2 flow
  w8      0.384 Mbps (std  0.574)  jit  29.906 ms  reord  0.00%  rtt   75.03 ms      405 pkt  2 flow
  w9      1.211 Mbps (std  0.161)  jit  16.500 ms  reord  0.00%  rtt   97.05 ms    1,239 pkt  2 flow
  w10     1.211 Mbps (std  0.206)  jit  29.491 ms  reord  0.00%  rtt  129.26 ms    1,293 pkt  4 flow
  w11     1.078 Mbps (std  0.405)  jit  13.562 ms  reord  0.00%  rtt   96.11 ms    1,113 pkt  4 flow
  w12     0.656 Mbps (std  1.174)  jit  11.764 ms  reord  0.00%  rtt   60.91 ms      647 pkt  2 flow
  w13     1.255 Mbps (std  1.390)  jit  17.024 ms  reord  2.06%  rtt   67.52 ms    1,359 pkt  4 flow
  w14     3.020 Mbps (std  8.598)  jit  12.329 ms  reord  0.49%  rtt   80.45 ms    3,067 pkt  4 flow
  w15     1.401 Mbps (std  0.288)  jit  13.598 ms  reord  0.00%  rtt   87.16 ms    1,442 pkt  2 flow
  w16     1.398 Mbps (std  0.279)  jit  13.336 ms  reord  0.00%  rtt   84.62 ms    1,446 pkt  4 flow
  w17     1.401 Mbps (std  0.237)  jit  36.888 ms  reord  0.00%  rtt  133.38 ms    1,540 pkt  4 flow
  w18     0.806 Mbps (std  0.734)  jit  14.703 ms  reord  0.00%  rtt   98.16 ms      837 pkt  2 flow
  w19     0.711 Mbps (std  0.678)  jit  25.254 ms  reord  5.87%  rtt   93.48 ms      783 pkt  2 flow
  w20     0.458 Mbps (std  0.170)  jit  43.989 ms  reord 16.47%  rtt   95.76 ms      668 pkt  2 flow
  w21     0.472 Mbps (std  0.214)  jit  45.632 ms  reord 17.81%  rtt   95.85 ms      685 pkt  2 flow
  w22     1.436 Mbps (std  1.948)  jit  20.768 ms  reord  3.24%  rtt   68.30 ms    1,700 pkt  2 flow
  w23     0.579 Mbps (std  1.535)  jit   3.583 ms  reord  0.00%  rtt   38.31 ms      578 pkt  2 flow
  w24     3.132 Mbps (std  2.392)  jit  12.125 ms  reord  0.00%  rtt   44.73 ms    3,047 pkt  4 flow
  w25     4.964 Mbps (std  0.439)  jit   5.085 ms  reord  0.00%  rtt   45.04 ms    4,810 pkt  4 flow
  w26     4.330 Mbps (std  1.680)  jit   3.929 ms  reord  0.00%  rtt   42.13 ms    4,140 pkt  2 flow
  w27     4.392 Mbps (std  2.677)  jit   8.685 ms  reord  0.24%  rtt   48.89 ms    4,563 pkt  4 flow
  w28     5.423 Mbps (std  1.721)  jit   7.551 ms  reord  0.60%  rtt   47.94 ms    5,962 pkt  5 flow
  w29     6.046 Mbps (std  0.304)  jit   2.053 ms  reord  0.19%  rtt   39.76 ms    7,930 pkt  4 flow
  w30     2.514 Mbps (std  2.934)  jit   2.785 ms  reord  0.11%  rtt   33.84 ms    2,775 pkt  4 flow
  w31     4.666 Mbps (std  2.178)  jit   9.120 ms  reord  1.46%  rtt   55.22 ms    5,565 pkt  4 flow
  w32     3.146 Mbps (std  0.153)  jit  12.780 ms  reord  1.85%  rtt   89.68 ms    4,118 pkt  5 flow
  w33     2.963 Mbps (std  0.725)  jit   4.985 ms  reord  0.18%  rtt   89.43 ms    3,845 pkt  2 flow
  w34     0.001 Mbps (std  0.007)  jit   2.503 ms  reord  0.00%  rtt   23.25 ms        6 pkt  2 flow
  w35     0.000 Mbps (std  0.000)  jit   0.000 ms  reord  0.00%  rtt    0.00 ms        0 pkt  0 flow
  w36  (parsial, 16 cuplikan) 0.000 Mbps
>> selesai: 37 window -> qos_features.csv
>>          cuplikan mentah -> qos_samples.csv (untuk align_qos.py)
