>> run_id=CONT_s1_dynamic_TearsOfSteel | map=flows | poll=0.1s | window=10.0s -> qos_features.csv
>> menghitung SEMUA flow TCP yang lewat (Ctrl-C untuk berhenti)
>> XDP terpasang di eth0: prog id=703
>> membaca 1 map bernama 'flows': id [196]
>> entri awal di map: 0  (0 = belum ada trafik TCP yang tertangkap)
  w0      0.000 Mbps (std  0.000)  jit   0.000 ms  reord  0.00%  rtt    0.00 ms        0 pkt  0 flow
  w1      0.000 Mbps (std  0.000)  jit   0.000 ms  reord  0.00%  rtt    0.00 ms        0 pkt  0 flow
  w2      0.000 Mbps (std  0.000)  jit   0.000 ms  reord  0.00%  rtt    0.00 ms        0 pkt  0 flow
  w3      0.000 Mbps (std  0.000)  jit   0.000 ms  reord  0.00%  rtt    0.00 ms        0 pkt  0 flow
  w4      0.516 Mbps (std  2.621)  jit   0.897 ms  reord  0.00%  rtt  100.27 ms      519 pkt  4 flow
  w5     70.071 Mbps (std 124.960)  jit   3.038 ms  reord  0.00%  rtt   45.29 ms   66,890 pkt  6 flow
  w6     11.913 Mbps (std 57.873)  jit   0.085 ms  reord  0.00%  rtt    1.41 ms   11,370 pkt  2 flow
  w7     13.136 Mbps (std 56.467)  jit   0.378 ms  reord  0.00%  rtt    1.10 ms   12,589 pkt  2 flow
  w8      4.112 Mbps (std 34.425)  jit  30.332 ms  reord  0.03%  rtt  218.18 ms    3,939 pkt  2 flow
  w9      0.234 Mbps (std  0.269)  jit  76.728 ms  reord  0.41%  rtt  485.57 ms      245 pkt  3 flow
  w10     0.238 Mbps (std  0.240)  jit 475.638 ms  reord  0.36%  rtt  456.05 ms      277 pkt  4 flow
  w11     1.829 Mbps (std 15.235)  jit 113.902 ms  reord  7.53%  rtt  491.96 ms    1,980 pkt  6 flow
  w12     0.285 Mbps (std  0.140)  jit  96.652 ms  reord 13.64%  rtt  431.06 ms      418 pkt  4 flow
  w13     0.291 Mbps (std  0.101)  jit  34.925 ms  reord  9.32%  rtt  448.10 ms      429 pkt  5 flow
  w14     0.289 Mbps (std  0.096)  jit 141.909 ms  reord  5.41%  rtt  444.16 ms      425 pkt  4 flow
  w15     0.280 Mbps (std  0.143)  jit  98.262 ms  reord  3.57%  rtt  370.46 ms      392 pkt  4 flow
  w16     0.651 Mbps (std  0.310)  jit  68.697 ms  reord  1.90%  rtt  250.13 ms      791 pkt  6 flow
  w17     0.826 Mbps (std  0.114)  jit  51.978 ms  reord  0.00%  rtt  131.63 ms    1,069 pkt  4 flow
  w18     1.034 Mbps (std  3.536)  jit  37.249 ms  reord  0.32%  rtt  125.36 ms    1,236 pkt  4 flow
  w19     0.593 Mbps (std  0.710)  jit  29.488 ms  reord  0.00%  rtt   89.91 ms      639 pkt  4 flow
  w20     1.220 Mbps (std  0.455)  jit  32.325 ms  reord  0.07%  rtt   82.45 ms    1,454 pkt  5 flow
  w21     1.005 Mbps (std  0.631)  jit  32.135 ms  reord  0.09%  rtt   98.62 ms    1,147 pkt  4 flow
  w22     0.779 Mbps (std  0.685)  jit  25.978 ms  reord  0.00%  rtt   89.92 ms      875 pkt  4 flow
  w23     0.248 Mbps (std  0.552)  jit  48.193 ms  reord  0.38%  rtt 2316.15 ms      260 pkt  2 flow
  w24     0.442 Mbps (std  0.489)  jit  42.050 ms  reord  0.00%  rtt  120.26 ms      469 pkt  2 flow
  w25     0.336 Mbps (std  0.446)  jit  42.865 ms  reord  0.00%  rtt  113.35 ms      356 pkt  4 flow
  w26     0.672 Mbps (std  0.360)  jit  54.644 ms  reord  0.00%  rtt  158.53 ms      821 pkt  6 flow
  w27     0.827 Mbps (std  0.130)  jit  82.557 ms  reord  0.10%  rtt  167.87 ms    1,027 pkt  6 flow
  w28     0.472 Mbps (std  0.464)  jit  38.078 ms  reord  0.00%  rtt  116.53 ms      561 pkt  4 flow
  w29     0.275 Mbps (std  0.519)  jit  27.675 ms  reord  1.67%  rtt  101.19 ms      300 pkt  2 flow
  w30     0.618 Mbps (std  0.891)  jit  24.393 ms  reord  0.00%  rtt   84.30 ms      666 pkt  4 flow
  w31     1.827 Mbps (std  0.217)  jit  31.033 ms  reord  0.10%  rtt  102.87 ms    2,014 pkt  5 flow
  w32     1.473 Mbps (std  0.721)  jit  21.650 ms  reord  0.00%  rtt  130.68 ms    1,592 pkt  4 flow
  w33     0.295 Mbps (std  0.809)  jit  60.277 ms  reord 11.81%  rtt  101.60 ms      364 pkt  4 flow
  w34     0.000 Mbps (std  0.000)  jit   0.000 ms  reord  0.00%  rtt    0.00 ms        0 pkt  0 flow
  w35  (parsial, 93 cuplikan) 0.000 Mbps
>> selesai: 36 window -> qos_features.csv
>>          cuplikan mentah -> qos_samples.csv (untuk align_qos.py)
