>> run_id=CONT_s2_bola_TheSwissAccount | map=flows | poll=0.1s | window=10.0s -> qos_features.csv
>> menghitung SEMUA flow TCP yang lewat (Ctrl-C untuk berhenti)
>> XDP terpasang di eth0: prog id=169
>> membaca 1 map bernama 'flows': id [44]
>> entri awal di map: 0  (0 = belum ada trafik TCP yang tertangkap)
  w0      0.000 Mbps (std  0.000)  jit   0.000 ms  reord  0.00%  rtt    0.00 ms        0 pkt  0 flow
  w1      0.000 Mbps (std  0.000)  jit   0.000 ms  reord  0.00%  rtt    0.00 ms        0 pkt  0 flow
  w2      0.000 Mbps (std  0.000)  jit   0.000 ms  reord  0.00%  rtt    0.00 ms        0 pkt  0 flow
  w3      0.000 Mbps (std  0.000)  jit   0.000 ms  reord  0.00%  rtt    0.00 ms        0 pkt  0 flow
  w4      0.394 Mbps (std  1.366)  jit   0.438 ms  reord  2.88%  rtt   44.98 ms      520 pkt  4 flow
  w5      5.749 Mbps (std  1.279)  jit   2.538 ms  reord  0.34%  rtt   36.47 ms    6,838 pkt  4 flow
  w6      2.629 Mbps (std  2.819)  jit   7.363 ms  reord  1.08%  rtt   56.19 ms    3,236 pkt  4 flow
  w7      3.605 Mbps (std  2.924)  jit   4.608 ms  reord  0.11%  rtt   33.58 ms    4,515 pkt  2 flow
  w8      4.111 Mbps (std  2.760)  jit   1.537 ms  reord  0.10%  rtt   35.58 ms    5,076 pkt  2 flow
  w9      4.280 Mbps (std 10.522)  jit   5.764 ms  reord  0.83%  rtt   49.40 ms    4,687 pkt  2 flow
  w10     3.216 Mbps (std  0.209)  jit   5.382 ms  reord  0.00%  rtt   66.36 ms    3,040 pkt  2 flow
  w11     3.220 Mbps (std  0.285)  jit   6.259 ms  reord  0.00%  rtt   64.32 ms    3,092 pkt  4 flow
  w12     2.828 Mbps (std  1.113)  jit   8.668 ms  reord  0.00%  rtt   73.05 ms    2,749 pkt  4 flow
  w13     1.782 Mbps (std  4.318)  jit   9.887 ms  reord  1.34%  rtt   55.88 ms    2,085 pkt  2 flow
  w14     2.695 Mbps (std  1.358)  jit  12.429 ms  reord  0.20%  rtt   58.80 ms    2,931 pkt  5 flow
  w15     3.364 Mbps (std  0.380)  jit  14.775 ms  reord  0.00%  rtt   59.57 ms    3,917 pkt  6 flow
  w16     3.375 Mbps (std  0.105)  jit  14.182 ms  reord  0.00%  rtt   41.82 ms    4,305 pkt  5 flow
  w17     3.377 Mbps (std  0.107)  jit  14.078 ms  reord  0.00%  rtt   41.83 ms    4,321 pkt  6 flow
  w18     3.576 Mbps (std  4.141)  jit  11.058 ms  reord  1.28%  rtt   59.77 ms    4,049 pkt  5 flow
  w19     2.068 Mbps (std  2.669)  jit   8.826 ms  reord  0.09%  rtt   70.65 ms    2,153 pkt  4 flow
  w20     5.958 Mbps (std  0.457)  jit   4.094 ms  reord  0.00%  rtt   35.11 ms    5,725 pkt  2 flow
  w21     5.984 Mbps (std  0.483)  jit   5.798 ms  reord  0.00%  rtt   40.97 ms    5,942 pkt  6 flow
  w22     5.978 Mbps (std  0.473)  jit   8.520 ms  reord  0.00%  rtt   45.65 ms    6,078 pkt  4 flow
  w23     2.559 Mbps (std  9.059)  jit  19.202 ms  reord  8.25%  rtt   45.78 ms    2,932 pkt  2 flow
  w24     1.019 Mbps (std  1.242)  jit  18.077 ms  reord 20.27%  rtt   47.10 ms    1,544 pkt  4 flow
  w25     2.857 Mbps (std  2.902)  jit  10.478 ms  reord 28.36%  rtt   75.38 ms    4,700 pkt  4 flow
  w26     5.371 Mbps (std  1.874)  jit   4.903 ms  reord 26.31%  rtt   89.42 ms    8,671 pkt  4 flow
  w27     1.599 Mbps (std  2.948)  jit   4.088 ms  reord 18.39%  rtt   51.22 ms    2,366 pkt  2 flow
  w28     2.045 Mbps (std  2.797)  jit   4.890 ms  reord  0.35%  rtt   32.63 ms    2,892 pkt  2 flow
  w29     5.832 Mbps (std  8.601)  jit   2.253 ms  reord  0.60%  rtt   33.55 ms    7,899 pkt  2 flow
  w30     5.989 Mbps (std  0.274)  jit   3.045 ms  reord  0.03%  rtt   19.61 ms    6,308 pkt  2 flow
  w31     5.663 Mbps (std  1.530)  jit   1.618 ms  reord  0.60%  rtt   30.96 ms    7,477 pkt  2 flow
  w32     0.591 Mbps (std  1.688)  jit   7.795 ms  reord  2.02%  rtt   55.72 ms      794 pkt  2 flow
  w33     0.421 Mbps (std  1.412)  jit   1.748 ms  reord  0.19%  rtt   87.53 ms      522 pkt  2 flow
  w34     0.000 Mbps (std  0.001)  jit  21.190 ms  reord  0.00%  rtt    0.53 ms        3 pkt  2 flow
  w35     0.000 Mbps (std  0.000)  jit   0.000 ms  reord  0.00%  rtt    0.00 ms        0 pkt  0 flow
  w36  (parsial, 4 cuplikan) 0.000 Mbps
>> selesai: 37 window -> qos_features.csv
>>          cuplikan mentah -> qos_samples.csv (untuk align_qos.py)
