>> run_id=CONT_s4_dynamic_RedBullPlayStreets | map=flows | poll=0.1s | window=10.0s -> qos_features.csv
>> menghitung SEMUA flow TCP yang lewat (Ctrl-C untuk berhenti)
>> XDP terpasang di eth0: prog id=2251
>> membaca 1 map bernama 'flows': id [638]
>> entri awal di map: 0  (0 = belum ada trafik TCP yang tertangkap)
  w0      0.000 Mbps (std  0.000)  jit   0.000 ms  reord  0.00%  rtt    0.00 ms        0 pkt  0 flow
  w1      0.000 Mbps (std  0.000)  jit   0.000 ms  reord  0.00%  rtt    0.00 ms        0 pkt  0 flow
  w2      0.000 Mbps (std  0.000)  jit   0.000 ms  reord  0.00%  rtt    0.00 ms        0 pkt  0 flow
  w3      0.000 Mbps (std  0.000)  jit   0.000 ms  reord  0.00%  rtt    0.00 ms        0 pkt  0 flow
  w4      0.005 Mbps (std  0.040)  jit   0.693 ms  reord  8.33%  rtt  127.45 ms       24 pkt  3 flow
  w5      0.224 Mbps (std  0.162)  jit  51.942 ms  reord  1.33%  rtt  260.31 ms      300 pkt  5 flow
  w6      0.250 Mbps (std  0.048)  jit  66.262 ms  reord  0.00%  rtt  257.33 ms      319 pkt  2 flow
  w7      0.250 Mbps (std  0.055)  jit  65.594 ms  reord  0.00%  rtt  246.14 ms      320 pkt  2 flow
  w8      0.153 Mbps (std  0.256)  jit  37.229 ms  reord  0.57%  rtt  225.91 ms      176 pkt  2 flow
  w9      0.125 Mbps (std  0.288)  jit  61.026 ms  reord  0.00%  rtt 2385.04 ms      134 pkt  2 flow
  w10     0.086 Mbps (std  0.259)  jit  30.849 ms  reord  0.00%  rtt  133.02 ms       89 pkt  2 flow
  w11     0.435 Mbps (std  0.269)  jit  87.108 ms  reord  0.21%  rtt  215.83 ms      476 pkt  4 flow
  w12     0.524 Mbps (std  0.949)  jit  34.437 ms  reord  1.96%  rtt  218.99 ms      562 pkt  2 flow
  w13     0.495 Mbps (std  0.288)  jit  59.023 ms  reord  0.00%  rtt  207.13 ms      574 pkt  4 flow
  w14     0.603 Mbps (std  0.127)  jit  77.311 ms  reord  0.00%  rtt  220.06 ms      729 pkt  5 flow
  w15     0.606 Mbps (std  0.147)  jit  81.311 ms  reord  0.00%  rtt  236.37 ms      725 pkt  4 flow
  w16     0.569 Mbps (std  0.220)  jit  31.999 ms  reord  0.00%  rtt  118.11 ms      644 pkt  3 flow
  w17     0.175 Mbps (std  1.152)  jit   1.290 ms  reord  4.97%  rtt   21.67 ms      181 pkt  2 flow
  w18     0.247 Mbps (std  1.407)  jit   2.207 ms  reord  0.00%  rtt    0.86 ms      243 pkt  2 flow
  w19     2.121 Mbps (std  5.772)  jit   9.227 ms  reord  0.00%  rtt  112.23 ms    2,105 pkt  4 flow
  w20     2.373 Mbps (std  5.106)  jit  10.403 ms  reord  0.00%  rtt  109.75 ms    2,352 pkt  3 flow
  w21     1.425 Mbps (std  4.041)  jit  19.574 ms  reord  0.35%  rtt  127.94 ms    1,429 pkt  2 flow
  w22     0.335 Mbps (std  0.258)  jit  52.174 ms  reord  0.00%  rtt  324.84 ms      353 pkt  2 flow
  w23     0.337 Mbps (std  0.286)  jit  33.121 ms  reord  0.00%  rtt  324.51 ms      352 pkt  2 flow
  w24     0.332 Mbps (std  0.289)  jit  32.453 ms  reord  0.00%  rtt  326.67 ms      347 pkt  2 flow
  w25     0.332 Mbps (std  0.299)  jit  34.164 ms  reord  0.00%  rtt  304.42 ms      346 pkt  2 flow
  w26     0.285 Mbps (std  0.415)  jit  33.676 ms  reord  0.00%  rtt  150.04 ms      298 pkt  2 flow
  w27     0.784 Mbps (std  0.240)  jit  42.314 ms  reord  0.00%  rtt  165.29 ms      855 pkt  4 flow
  w28     1.227 Mbps (std  4.205)  jit  45.869 ms  reord  1.61%  rtt  138.21 ms    1,370 pkt  4 flow
  w29     1.160 Mbps (std  0.753)  jit  22.485 ms  reord  0.00%  rtt   91.23 ms    1,243 pkt  4 flow
  w30     1.641 Mbps (std  0.173)  jit  32.890 ms  reord  0.00%  rtt   91.80 ms    1,946 pkt  6 flow
  w31     3.163 Mbps (std 20.701)  jit  24.159 ms  reord  0.30%  rtt   93.42 ms    3,331 pkt  4 flow
  w32     1.128 Mbps (std  0.159)  jit  39.899 ms  reord  0.14%  rtt  118.30 ms    1,409 pkt  6 flow
  w33     1.132 Mbps (std  0.081)  jit  42.712 ms  reord  0.00%  rtt  116.78 ms    1,469 pkt  5 flow
  w34     0.149 Mbps (std  0.380)  jit   5.914 ms  reord  0.00%  rtt  120.64 ms      190 pkt  4 flow
  w35     0.000 Mbps (std  0.000)  jit   0.000 ms  reord  0.00%  rtt    0.00 ms        0 pkt  0 flow
  w36  (parsial, 16 cuplikan) 0.000 Mbps
>> selesai: 37 window -> qos_features.csv
>>          cuplikan mentah -> qos_samples.csv (untuk align_qos.py)
