>> run_id=CONT_s6_bola_TheSwissAccount | map=flows | poll=0.1s | window=10.0s -> qos_features.csv
>> menghitung SEMUA flow TCP yang lewat (Ctrl-C untuk berhenti)
>> XDP terpasang di eth0: prog id=2686
>> membaca 1 map bernama 'flows': id [762]
>> entri awal di map: 0  (0 = belum ada trafik TCP yang tertangkap)
  w0      0.000 Mbps (std  0.000)  jit   0.000 ms  reord  0.00%  rtt    0.00 ms        0 pkt  0 flow
  w1      0.000 Mbps (std  0.000)  jit   0.000 ms  reord  0.00%  rtt    0.00 ms        0 pkt  0 flow
  w2      0.000 Mbps (std  0.000)  jit   0.000 ms  reord  0.00%  rtt    0.00 ms        0 pkt  0 flow
  w3      0.000 Mbps (std  0.000)  jit   0.000 ms  reord  0.00%  rtt    0.00 ms        0 pkt  0 flow
  w4      0.042 Mbps (std  0.222)  jit   0.803 ms  reord  1.54%  rtt   64.23 ms       65 pkt  2 flow
  w5      0.316 Mbps (std  0.287)  jit  60.411 ms  reord 16.04%  rtt  135.46 ms      455 pkt  4 flow
  w6      0.153 Mbps (std  0.180)  jit  68.800 ms  reord 16.46%  rtt  135.16 ms      237 pkt  2 flow
  w7      0.188 Mbps (std  0.204)  jit  58.903 ms  reord 10.58%  rtt  140.98 ms      274 pkt  2 flow
  w8      0.257 Mbps (std  0.223)  jit  67.751 ms  reord  8.94%  rtt  143.56 ms      358 pkt  2 flow
  w9      0.443 Mbps (std  0.318)  jit  53.684 ms  reord 13.42%  rtt  149.47 ms      663 pkt  4 flow
  w10     1.370 Mbps (std  6.337)  jit  38.808 ms  reord  4.06%  rtt  144.99 ms    1,552 pkt  5 flow
  w11     0.231 Mbps (std  0.457)  jit  21.679 ms  reord  0.00%  rtt   82.18 ms      245 pkt  2 flow
  w12     0.932 Mbps (std  0.247)  jit  22.048 ms  reord  0.00%  rtt  131.89 ms      981 pkt  2 flow
  w13     0.921 Mbps (std  0.227)  jit  47.635 ms  reord  0.00%  rtt  145.34 ms    1,049 pkt  4 flow
  w14     0.928 Mbps (std  0.204)  jit  31.611 ms  reord  0.00%  rtt  134.85 ms    1,017 pkt  4 flow
  w15     0.930 Mbps (std  0.164)  jit  29.231 ms  reord  0.00%  rtt  136.19 ms    1,040 pkt  4 flow
  w16     1.992 Mbps (std 14.773)  jit  59.036 ms  reord  5.10%  rtt  211.10 ms    2,137 pkt  6 flow
  w17     0.442 Mbps (std  0.081)  jit 111.851 ms  reord  0.00%  rtt  276.31 ms      568 pkt  5 flow
  w18     0.442 Mbps (std  0.081)  jit  96.591 ms  reord  0.00%  rtt  299.17 ms      581 pkt  4 flow
  w19     0.443 Mbps (std  0.075)  jit  91.834 ms  reord  0.00%  rtt  258.88 ms      576 pkt  5 flow
  w20     0.653 Mbps (std  4.256)  jit  84.820 ms  reord  1.29%  rtt 1124.42 ms      699 pkt  4 flow
  w21     0.159 Mbps (std  0.261)  jit  62.088 ms  reord  0.00%  rtt  261.96 ms      175 pkt  2 flow
  w22     0.500 Mbps (std  2.281)  jit 139.355 ms  reord  1.04%  rtt  417.04 ms      578 pkt  5 flow
  w23     0.134 Mbps (std  0.165)  jit  58.618 ms  reord 11.00%  rtt  445.40 ms      200 pkt  2 flow
  w24     0.138 Mbps (std  0.077)  jit  41.806 ms  reord  9.83%  rtt  343.60 ms      234 pkt  4 flow
  w25     0.138 Mbps (std  0.079)  jit 178.194 ms  reord 11.35%  rtt  710.89 ms      229 pkt  4 flow
  w26     0.163 Mbps (std  0.160)  jit 124.818 ms  reord 10.43%  rtt  475.76 ms      230 pkt  4 flow
  w27     0.201 Mbps (std  0.232)  jit  48.788 ms  reord  0.44%  rtt  344.05 ms      229 pkt  2 flow
  w28     0.197 Mbps (std  0.271)  jit  36.717 ms  reord  0.00%  rtt  481.33 ms      211 pkt  2 flow
  w29     0.196 Mbps (std  0.264)  jit  37.357 ms  reord  0.00%  rtt  448.04 ms      214 pkt  2 flow
  w30     0.093 Mbps (std  0.265)  jit  28.619 ms  reord  0.00%  rtt  312.96 ms       97 pkt  2 flow
  w31     0.172 Mbps (std  0.256)  jit 132.883 ms  reord  1.98%  rtt  450.14 ms      202 pkt  3 flow
  w32     0.332 Mbps (std  1.590)  jit 103.419 ms  reord  1.57%  rtt  370.86 ms      381 pkt  3 flow
  w33     0.388 Mbps (std  2.186)  jit  17.501 ms  reord  0.00%  rtt   13.45 ms      392 pkt  4 flow
  w34     0.519 Mbps (std  2.245)  jit   4.786 ms  reord  0.00%  rtt  125.27 ms      530 pkt  2 flow
  w35     0.000 Mbps (std  0.000)  jit   0.000 ms  reord  0.00%  rtt    0.00 ms        0 pkt  0 flow
  w36  (parsial, 4 cuplikan) 0.000 Mbps
>> selesai: 37 window -> qos_features.csv
>>          cuplikan mentah -> qos_samples.csv (untuk align_qos.py)
