>> run_id=CONT_s1_bola_ElephantsDream | map=flows | poll=0.1s | window=10.0s -> qos_features.csv
>> menghitung SEMUA flow TCP yang lewat (Ctrl-C untuk berhenti)
>> XDP terpasang di eth0: prog id=1872
>> membaca 1 map bernama 'flows': id [530]
>> entri awal di map: 0  (0 = belum ada trafik TCP yang tertangkap)
  w0      0.000 Mbps (std  0.000)  jit   0.000 ms  reord  0.00%  rtt    0.00 ms        0 pkt  0 flow
  w1      0.000 Mbps (std  0.000)  jit   0.000 ms  reord  0.00%  rtt    0.00 ms        0 pkt  0 flow
  w2      0.000 Mbps (std  0.000)  jit   0.000 ms  reord  0.00%  rtt    0.00 ms        0 pkt  0 flow
  w3      0.000 Mbps (std  0.000)  jit   0.000 ms  reord  0.00%  rtt    0.00 ms        0 pkt  0 flow
  w4      0.374 Mbps (std  2.625)  jit   1.003 ms  reord  1.51%  rtt  150.31 ms      398 pkt  4 flow
  w5     33.699 Mbps (std 88.963)  jit  10.111 ms  reord  0.00%  rtt   69.94 ms   32,220 pkt  4 flow
  w6      2.111 Mbps (std 13.335)  jit   0.073 ms  reord  0.00%  rtt    1.39 ms    2,018 pkt  2 flow
  w7      5.685 Mbps (std 30.429)  jit   0.140 ms  reord  0.00%  rtt    1.71 ms    5,409 pkt  2 flow
  w8      2.044 Mbps (std 14.302)  jit  31.992 ms  reord  0.05%  rtt  242.16 ms    1,960 pkt  2 flow
  w9      0.234 Mbps (std  0.269)  jit  46.746 ms  reord  0.00%  rtt  445.75 ms      243 pkt  2 flow
  w10     0.239 Mbps (std  0.235)  jit  62.096 ms  reord  0.00%  rtt  430.07 ms      283 pkt  4 flow
  w11     2.614 Mbps (std 22.322)  jit  55.455 ms  reord  5.88%  rtt  488.13 ms    2,754 pkt  6 flow
  w12     0.256 Mbps (std  0.139)  jit  73.558 ms  reord 14.06%  rtt  415.31 ms      384 pkt  4 flow
  w13     0.058 Mbps (std  0.157)  jit  70.905 ms  reord  7.32%  rtt  309.13 ms       82 pkt  2 flow
  w14     0.131 Mbps (std  0.231)  jit  91.349 ms  reord  2.37%  rtt  252.75 ms      169 pkt  2 flow
  w15     0.291 Mbps (std  0.115)  jit  64.570 ms  reord  4.78%  rtt  372.49 ms      418 pkt  4 flow
  w16     0.688 Mbps (std  1.278)  jit  61.216 ms  reord  2.69%  rtt  260.26 ms      817 pkt  4 flow
  w17     0.166 Mbps (std  0.363)  jit  35.716 ms  reord  0.00%  rtt   74.03 ms      182 pkt  2 flow
  w18     0.089 Mbps (std  0.293)  jit  25.170 ms  reord  0.00%  rtt   85.35 ms       94 pkt  2 flow
  w19     1.211 Mbps (std  0.510)  jit  34.792 ms  reord  0.00%  rtt  112.55 ms    1,299 pkt  4 flow
  w20     1.368 Mbps (std  0.268)  jit  31.422 ms  reord  0.00%  rtt  123.21 ms    1,491 pkt  5 flow
  w21     1.368 Mbps (std  0.244)  jit  31.051 ms  reord  0.00%  rtt  121.66 ms    1,509 pkt  4 flow
  w22     0.914 Mbps (std  0.674)  jit  23.369 ms  reord  0.00%  rtt  108.53 ms      974 pkt  4 flow
  w23     2.549 Mbps (std 14.549)  jit  17.931 ms  reord  2.74%  rtt  106.78 ms    2,632 pkt  2 flow
  w24     0.826 Mbps (std  0.212)  jit  21.402 ms  reord  1.71%  rtt  117.49 ms      997 pkt  4 flow
  w25     0.242 Mbps (std  0.418)  jit  29.896 ms  reord  0.00%  rtt   91.48 ms      275 pkt  2 flow
  w26     0.826 Mbps (std  0.175)  jit  46.518 ms  reord  0.00%  rtt  167.41 ms      957 pkt  4 flow
  w27     0.826 Mbps (std  0.146)  jit  56.669 ms  reord  0.00%  rtt  183.05 ms      996 pkt  5 flow
  w28     0.566 Mbps (std  0.417)  jit  38.477 ms  reord  0.00%  rtt  156.80 ms      631 pkt  4 flow
  w29     1.648 Mbps (std  9.488)  jit  22.406 ms  reord  0.72%  rtt  114.39 ms    1,673 pkt  2 flow
  w30     1.739 Mbps (std  0.470)  jit  18.024 ms  reord  0.00%  rtt   93.49 ms    1,840 pkt  4 flow
  w31     1.833 Mbps (std  0.228)  jit  28.537 ms  reord  0.00%  rtt  103.61 ms    2,060 pkt  5 flow
  w32     1.829 Mbps (std  0.232)  jit  23.800 ms  reord  0.00%  rtt   91.50 ms    2,002 pkt  4 flow
  w33     0.901 Mbps (std  0.921)  jit  12.928 ms  reord  0.00%  rtt   62.05 ms      954 pkt  2 flow
  w34     0.000 Mbps (std  0.001)  jit   8.820 ms  reord  0.00%  rtt   49.60 ms        3 pkt  2 flow
  w35     0.000 Mbps (std  0.000)  jit   0.000 ms  reord  0.00%  rtt    0.00 ms        0 pkt  0 flow
  w36  (parsial, 8 cuplikan) 0.000 Mbps
>> selesai: 37 window -> qos_features.csv
>>          cuplikan mentah -> qos_samples.csv (untuk align_qos.py)
