>> run_id=CONT_s9_throughput_RedBullPlayStreets | map=flows | poll=0.1s | window=10.0s -> qos_features.csv
>> menghitung SEMUA flow TCP yang lewat (Ctrl-C untuk berhenti)
>> XDP terpasang di eth0: prog id=1095
>> membaca 1 map bernama 'flows': id [308]
>> entri awal di map: 0  (0 = belum ada trafik TCP yang tertangkap)
  w0      0.000 Mbps (std  0.000)  jit   0.000 ms  reord  0.00%  rtt    0.00 ms        0 pkt  0 flow
  w1      0.000 Mbps (std  0.000)  jit   0.000 ms  reord  0.00%  rtt    0.00 ms        0 pkt  0 flow
  w2      0.000 Mbps (std  0.000)  jit   0.000 ms  reord  0.00%  rtt    0.00 ms        0 pkt  0 flow
  w3      0.000 Mbps (std  0.000)  jit   0.000 ms  reord  0.00%  rtt    0.00 ms        0 pkt  0 flow
  w4      0.178 Mbps (std  0.427)  jit   2.993 ms  reord  0.00%  rtt   97.57 ms      201 pkt  4 flow
  w5      1.050 Mbps (std  0.196)  jit  39.104 ms  reord  0.00%  rtt  141.26 ms    1,263 pkt  6 flow
  w6      2.660 Mbps (std 14.179)  jit  34.228 ms  reord  1.59%  rtt  124.54 ms    2,900 pkt  5 flow
  w7      0.240 Mbps (std  0.520)  jit  24.552 ms  reord  0.00%  rtt  224.39 ms      248 pkt  2 flow
  w8      0.453 Mbps (std  0.609)  jit  30.797 ms  reord  0.00%  rtt  104.70 ms      465 pkt  2 flow
  w9      1.206 Mbps (std  0.120)  jit  15.776 ms  reord  0.00%  rtt   97.49 ms    1,233 pkt  2 flow
  w10     1.213 Mbps (std  0.204)  jit  29.698 ms  reord  0.00%  rtt  128.66 ms    1,296 pkt  4 flow
  w11     1.403 Mbps (std  2.188)  jit  14.885 ms  reord  0.62%  rtt   96.78 ms    1,442 pkt  4 flow
  w12     2.063 Mbps (std  1.315)  jit   9.373 ms  reord  0.14%  rtt   71.32 ms    2,105 pkt  2 flow
  w13     2.839 Mbps (std  0.370)  jit  11.032 ms  reord  0.07%  rtt   76.56 ms    2,944 pkt  4 flow
  w14     2.601 Mbps (std  5.792)  jit  12.344 ms  reord  0.46%  rtt   72.06 ms    2,600 pkt  4 flow
  w15     1.405 Mbps (std  0.270)  jit  16.619 ms  reord  0.00%  rtt   90.53 ms    1,449 pkt  2 flow
  w16     1.399 Mbps (std  0.282)  jit  13.117 ms  reord  0.00%  rtt   84.37 ms    1,441 pkt  4 flow
  w17     1.406 Mbps (std  0.236)  jit  36.871 ms  reord  0.00%  rtt  134.27 ms    1,546 pkt  4 flow
  w18     1.200 Mbps (std  0.551)  jit  15.455 ms  reord  0.00%  rtt   82.80 ms    1,235 pkt  2 flow
  w19     0.875 Mbps (std  2.936)  jit  10.110 ms  reord  1.35%  rtt   90.75 ms      892 pkt  2 flow
  w20     0.670 Mbps (std  0.692)  jit  27.832 ms  reord 19.13%  rtt   98.44 ms      983 pkt  3 flow
  w21     0.304 Mbps (std  0.751)  jit  18.870 ms  reord 21.60%  rtt  128.97 ms      463 pkt  2 flow
  w22     3.093 Mbps (std  1.766)  jit   4.223 ms  reord  7.39%  rtt   93.57 ms    4,302 pkt  2 flow
  w23     4.548 Mbps (std  1.527)  jit   3.676 ms  reord  0.27%  rtt   45.38 ms    5,625 pkt  2 flow
  w24     4.845 Mbps (std  0.954)  jit   2.271 ms  reord  0.21%  rtt   43.71 ms    6,113 pkt  4 flow
  w25     3.551 Mbps (std  2.222)  jit   6.063 ms  reord  0.30%  rtt   48.26 ms    4,050 pkt  4 flow
  w26     3.544 Mbps (std  2.280)  jit   4.507 ms  reord  0.32%  rtt   43.34 ms    4,017 pkt  2 flow
  w27     7.233 Mbps (std 16.197)  jit   5.596 ms  reord  1.49%  rtt   45.40 ms    8,095 pkt  5 flow
  w28     4.791 Mbps (std  2.335)  jit   9.894 ms  reord  0.43%  rtt   50.74 ms    5,774 pkt  5 flow
  w29     2.650 Mbps (std  2.933)  jit   2.645 ms  reord  0.74%  rtt   44.71 ms    3,654 pkt  4 flow
  w30     3.975 Mbps (std  2.881)  jit   4.606 ms  reord  0.17%  rtt   36.15 ms    5,335 pkt  4 flow
  w31     6.508 Mbps (std  9.932)  jit   6.650 ms  reord  0.64%  rtt   53.82 ms    7,923 pkt  4 flow
  w32     3.135 Mbps (std  0.321)  jit  13.407 ms  reord  2.38%  rtt   82.01 ms    3,828 pkt  6 flow
  w33     2.638 Mbps (std  1.159)  jit   6.001 ms  reord  0.52%  rtt   78.84 ms    3,240 pkt  2 flow
  w34     0.002 Mbps (std  0.008)  jit  10.157 ms  reord  0.00%  rtt   23.59 ms        9 pkt  2 flow
  w35     0.000 Mbps (std  0.000)  jit   0.000 ms  reord  0.00%  rtt    0.00 ms        0 pkt  0 flow
  w36  (parsial, 14 cuplikan) 0.000 Mbps
>> selesai: 37 window -> qos_features.csv
>>          cuplikan mentah -> qos_samples.csv (untuk align_qos.py)
