>> run_id=CONT_s6_l2a_ElephantsDream | map=flows | poll=0.1s | window=10.0s -> qos_features.csv
>> menghitung SEMUA flow TCP yang lewat (Ctrl-C untuk berhenti)
>> XDP terpasang di eth0: prog id=2511
>> membaca 1 map bernama 'flows': id [712]
>> entri awal di map: 0  (0 = belum ada trafik TCP yang tertangkap)
  w0      0.000 Mbps (std  0.000)  jit   0.000 ms  reord  0.00%  rtt    0.00 ms        0 pkt  0 flow
  w1      0.000 Mbps (std  0.000)  jit   0.000 ms  reord  0.00%  rtt    0.00 ms        0 pkt  0 flow
  w2      0.000 Mbps (std  0.000)  jit   0.000 ms  reord  0.00%  rtt    0.00 ms        0 pkt  0 flow
  w3      0.000 Mbps (std  0.000)  jit   0.000 ms  reord  0.00%  rtt    0.00 ms        0 pkt  0 flow
  w4      0.005 Mbps (std  0.045)  jit   0.013 ms  reord  0.00%  rtt    0.25 ms       20 pkt  2 flow
  w5      0.388 Mbps (std  0.455)  jit  15.643 ms  reord 19.16%  rtt  191.30 ms      616 pkt  2 flow
  w6      0.530 Mbps (std  0.269)  jit  34.423 ms  reord 17.24%  rtt  143.11 ms      789 pkt  2 flow
  w7      0.652 Mbps (std  0.315)  jit  27.997 ms  reord 16.02%  rtt  146.81 ms      955 pkt  2 flow
  w8      0.555 Mbps (std  0.291)  jit  34.340 ms  reord 16.65%  rtt  143.07 ms      829 pkt  2 flow
  w9      0.584 Mbps (std  0.306)  jit  41.536 ms  reord 14.55%  rtt  178.92 ms      880 pkt  4 flow
  w10     0.846 Mbps (std  0.276)  jit  43.316 ms  reord  6.02%  rtt  185.10 ms    1,047 pkt  5 flow
  w11     0.930 Mbps (std  0.238)  jit  21.743 ms  reord  0.00%  rtt  128.35 ms      995 pkt  2 flow
  w12     0.926 Mbps (std  0.210)  jit  22.259 ms  reord  0.00%  rtt  136.14 ms      986 pkt  2 flow
  w13     0.930 Mbps (std  0.178)  jit  47.925 ms  reord  0.00%  rtt  161.09 ms    1,083 pkt  4 flow
  w14     0.931 Mbps (std  0.215)  jit  33.094 ms  reord  0.00%  rtt  139.57 ms    1,022 pkt  4 flow
  w15     0.927 Mbps (std  0.224)  jit  27.826 ms  reord  0.00%  rtt  142.39 ms    1,010 pkt  4 flow
  w16     2.753 Mbps (std 17.032)  jit  80.783 ms  reord  3.10%  rtt  235.84 ms    2,873 pkt  4 flow
  w17     0.441 Mbps (std  0.139)  jit 106.389 ms  reord  0.00%  rtt  318.13 ms      529 pkt  4 flow
  w18     0.439 Mbps (std  0.133)  jit  99.027 ms  reord  0.00%  rtt  306.45 ms      539 pkt  4 flow
  w19     0.439 Mbps (std  0.138)  jit 106.463 ms  reord  0.00%  rtt  311.52 ms      532 pkt  5 flow
  w20     0.304 Mbps (std  0.191)  jit  93.314 ms  reord  1.57%  rtt  317.62 ms      382 pkt  4 flow
  w21     0.280 Mbps (std  0.139)  jit  52.563 ms  reord  0.00%  rtt  233.60 ms      325 pkt  2 flow
  w22     2.232 Mbps (std 17.342)  jit 106.420 ms  reord  0.78%  rtt  382.78 ms    2,313 pkt  4 flow
  w23     0.140 Mbps (std  0.100)  jit  40.102 ms  reord 29.18%  rtt  580.73 ms      233 pkt  3 flow
  w24     0.138 Mbps (std  0.172)  jit  51.964 ms  reord  8.65%  rtt  477.34 ms      208 pkt  4 flow
  w25     0.138 Mbps (std  0.062)  jit 156.057 ms  reord 10.62%  rtt  568.90 ms      226 pkt  4 flow
  w26     0.166 Mbps (std  0.192)  jit 132.769 ms  reord  8.10%  rtt  500.56 ms      247 pkt  4 flow
  w27     0.198 Mbps (std  0.174)  jit  54.478 ms  reord  0.00%  rtt  328.00 ms      233 pkt  2 flow
  w28     0.200 Mbps (std  0.171)  jit  52.829 ms  reord  0.00%  rtt  338.64 ms      233 pkt  2 flow
  w29     0.200 Mbps (std  0.171)  jit  53.012 ms  reord  0.00%  rtt  329.23 ms      234 pkt  2 flow
  w30     0.496 Mbps (std  3.072)  jit  49.627 ms  reord  3.39%  rtt  423.46 ms      561 pkt  2 flow
  w31     0.179 Mbps (std  0.220)  jit  81.785 ms  reord  0.00%  rtt  511.87 ms      216 pkt  4 flow
  w32     4.354 Mbps (std 28.383)  jit  75.313 ms  reord  0.19%  rtt  474.33 ms    4,289 pkt  4 flow
  w33     0.882 Mbps (std  5.903)  jit   0.587 ms  reord  0.00%  rtt    0.85 ms      863 pkt  2 flow
  w34     4.180 Mbps (std 21.442)  jit   4.732 ms  reord  0.00%  rtt  110.55 ms    4,103 pkt  4 flow
  w35     0.000 Mbps (std  0.000)  jit   0.000 ms  reord  0.00%  rtt    0.00 ms        0 pkt  0 flow
  w36  (parsial, 11 cuplikan) 0.000 Mbps
>> selesai: 37 window -> qos_features.csv
>>          cuplikan mentah -> qos_samples.csv (untuk align_qos.py)
