>> run_id=CONT_s9_dynamic_OfForestAndMen | map=flows | poll=0.1s | window=10.0s -> qos_features.csv
>> menghitung SEMUA flow TCP yang lewat (Ctrl-C untuk berhenti)
>> XDP terpasang di eth0: prog id=1536
>> membaca 1 map bernama 'flows': id [434]
>> entri awal di map: 0  (0 = belum ada trafik TCP yang tertangkap)
  w0      0.000 Mbps (std  0.000)  jit   0.000 ms  reord  0.00%  rtt    0.00 ms        0 pkt  0 flow
  w1      0.000 Mbps (std  0.000)  jit   0.000 ms  reord  0.00%  rtt    0.00 ms        0 pkt  0 flow
  w2      0.000 Mbps (std  0.000)  jit   0.000 ms  reord  0.00%  rtt    0.00 ms        0 pkt  0 flow
  w3      0.000 Mbps (std  0.000)  jit   0.000 ms  reord  0.00%  rtt    0.00 ms        0 pkt  0 flow
  w4      0.176 Mbps (std  0.419)  jit   2.759 ms  reord  0.00%  rtt  105.47 ms      201 pkt  4 flow
  w5      1.049 Mbps (std  0.152)  jit  44.045 ms  reord  0.00%  rtt  143.27 ms    1,275 pkt  6 flow
  w6      2.819 Mbps (std 18.524)  jit  36.741 ms  reord  1.56%  rtt  123.87 ms    3,071 pkt  6 flow
  w7      0.239 Mbps (std  0.501)  jit  20.776 ms  reord  0.00%  rtt  236.45 ms      246 pkt  2 flow
  w8      0.780 Mbps (std  0.631)  jit  25.662 ms  reord  0.00%  rtt  104.91 ms      794 pkt  2 flow
  w9      0.971 Mbps (std  0.517)  jit  21.393 ms  reord  0.00%  rtt  104.85 ms      998 pkt  2 flow
  w10     1.211 Mbps (std  0.213)  jit  29.196 ms  reord  0.00%  rtt  126.97 ms    1,294 pkt  4 flow
  w11     1.507 Mbps (std  2.721)  jit  15.305 ms  reord  0.64%  rtt   96.24 ms    1,554 pkt  4 flow
  w12     0.663 Mbps (std  1.210)  jit   8.652 ms  reord  0.15%  rtt   66.95 ms      676 pkt  2 flow
  w13     1.361 Mbps (std  1.412)  jit  17.225 ms  reord  2.17%  rtt   65.23 ms    1,474 pkt  4 flow
  w14     2.282 Mbps (std  0.777)  jit  10.519 ms  reord  0.89%  rtt   73.51 ms    2,364 pkt  4 flow
  w15     1.400 Mbps (std  0.283)  jit  13.173 ms  reord  0.00%  rtt   84.14 ms    1,440 pkt  2 flow
  w16     1.398 Mbps (std  0.280)  jit  13.285 ms  reord  0.00%  rtt   84.98 ms    1,444 pkt  4 flow
  w17     1.404 Mbps (std  0.240)  jit  36.978 ms  reord  0.00%  rtt  133.16 ms    1,544 pkt  4 flow
  w18     1.399 Mbps (std  0.277)  jit  13.535 ms  reord  0.00%  rtt   83.29 ms    1,444 pkt  2 flow
  w19     0.620 Mbps (std  0.624)  jit  23.502 ms  reord  7.67%  rtt   94.24 ms      717 pkt  2 flow
  w20     0.485 Mbps (std  0.232)  jit  45.233 ms  reord 14.33%  rtt   97.49 ms      684 pkt  2 flow
  w21     0.405 Mbps (std  0.146)  jit  49.294 ms  reord 13.39%  rtt   95.63 ms      590 pkt  2 flow
  w22     0.626 Mbps (std  1.353)  jit  26.919 ms  reord  5.38%  rtt   80.16 ms      762 pkt  2 flow
  w23     0.192 Mbps (std  0.900)  jit  10.016 ms  reord  0.00%  rtt   24.72 ms      194 pkt  2 flow
  w24     0.704 Mbps (std  1.644)  jit   8.500 ms  reord  4.10%  rtt   54.12 ms      829 pkt  4 flow
  w25     0.478 Mbps (std  1.346)  jit   6.395 ms  reord  0.18%  rtt   68.07 ms      554 pkt  2 flow
  w26     3.230 Mbps (std  2.439)  jit   4.990 ms  reord  0.17%  rtt   41.59 ms    4,060 pkt  2 flow
  w27     7.391 Mbps (std 14.964)  jit   6.567 ms  reord  1.36%  rtt   52.37 ms    8,283 pkt  5 flow
  w28     6.052 Mbps (std  0.390)  jit   6.749 ms  reord  0.22%  rtt   51.69 ms    7,583 pkt  6 flow
  w29     6.102 Mbps (std  0.262)  jit   2.214 ms  reord  0.35%  rtt   41.65 ms    8,346 pkt  4 flow
  w30     4.544 Mbps (std  2.565)  jit   2.356 ms  reord  0.21%  rtt   32.24 ms    5,142 pkt  4 flow
  w31     7.768 Mbps (std 21.336)  jit   8.326 ms  reord  1.17%  rtt   51.70 ms    8,094 pkt  4 flow
  w32     3.146 Mbps (std  0.158)  jit  12.894 ms  reord  1.86%  rtt   86.18 ms    4,090 pkt  6 flow
  w33     3.143 Mbps (std  0.093)  jit   5.246 ms  reord  0.17%  rtt   89.50 ms    4,077 pkt  2 flow
  w34     0.503 Mbps (std  1.147)  jit   0.920 ms  reord  0.16%  rtt   92.78 ms      645 pkt  2 flow
  w35     0.000 Mbps (std  0.000)  jit   0.000 ms  reord  0.00%  rtt    0.00 ms        0 pkt  0 flow
  w36  (parsial, 18 cuplikan) 0.000 Mbps
>> selesai: 37 window -> qos_features.csv
>>          cuplikan mentah -> qos_samples.csv (untuk align_qos.py)
