>> run_id=CONT_s8_l2a_OfForestAndMen | map=flows | poll=0.1s | window=10.0s -> qos_features.csv
>> menghitung SEMUA flow TCP yang lewat (Ctrl-C untuk berhenti)
>> XDP terpasang di eth0: prog id=864
>> membaca 1 map bernama 'flows': id [242]
>> entri awal di map: 0  (0 = belum ada trafik TCP yang tertangkap)
  w0      0.000 Mbps (std  0.000)  jit   0.000 ms  reord  0.00%  rtt    0.00 ms        0 pkt  0 flow
  w1      0.000 Mbps (std  0.000)  jit   0.000 ms  reord  0.00%  rtt    0.00 ms        0 pkt  0 flow
  w2      0.000 Mbps (std  0.000)  jit   0.000 ms  reord  0.00%  rtt    0.00 ms        0 pkt  0 flow
  w3      0.000 Mbps (std  0.000)  jit   0.000 ms  reord  0.00%  rtt    0.00 ms        0 pkt  0 flow
  w4      0.001 Mbps (std  0.007)  jit   1.290 ms  reord  0.00%  rtt  147.58 ms       14 pkt  3 flow
  w5      0.137 Mbps (std  0.143)  jit  37.533 ms  reord 15.95%  rtt  793.77 ms      232 pkt  4 flow
  w6      0.117 Mbps (std  0.090)  jit  38.614 ms  reord  7.49%  rtt  692.98 ms      187 pkt  2 flow
  w7      0.148 Mbps (std  0.137)  jit  84.036 ms  reord  4.41%  rtt  389.12 ms      204 pkt  2 flow
  w8      0.130 Mbps (std  0.128)  jit  75.279 ms  reord  2.27%  rtt  504.53 ms      176 pkt  2 flow
  w9      0.114 Mbps (std  0.261)  jit  54.809 ms  reord  1.44%  rtt  348.82 ms      139 pkt  2 flow
  w10     0.144 Mbps (std  0.208)  jit  54.229 ms  reord  0.00%  rtt  467.77 ms      159 pkt  2 flow
  w11     0.150 Mbps (std  0.199)  jit  54.315 ms  reord  0.00%  rtt  428.48 ms      173 pkt  4 flow
  w12     0.147 Mbps (std  0.132)  jit 132.177 ms  reord  0.00%  rtt  819.69 ms      197 pkt  6 flow
  w13     1.826 Mbps (std 14.693)  jit 112.484 ms  reord  1.50%  rtt  596.57 ms    1,861 pkt  4 flow
  w14     0.122 Mbps (std  0.190)  jit  53.676 ms  reord  0.00%  rtt  592.38 ms      136 pkt  2 flow
  w15     0.121 Mbps (std  0.204)  jit  43.233 ms  reord  0.00%  rtt  626.27 ms      133 pkt  2 flow
  w16     0.118 Mbps (std  0.202)  jit  70.605 ms  reord  0.00%  rtt  644.81 ms      131 pkt  3 flow
  w17     0.137 Mbps (std  0.254)  jit  44.598 ms  reord  5.10%  rtt  611.08 ms      157 pkt  2 flow
  w18     0.141 Mbps (std  0.244)  jit  83.481 ms  reord  0.00%  rtt  414.63 ms      155 pkt  4 flow
  w19     0.169 Mbps (std  0.160)  jit  96.219 ms  reord  0.00%  rtt  500.95 ms      210 pkt  4 flow
  w20     0.164 Mbps (std  0.178)  jit  52.848 ms  reord  0.00%  rtt  376.34 ms      191 pkt  2 flow
  w21     0.168 Mbps (std  0.176)  jit  51.701 ms  reord  0.00%  rtt  378.58 ms      198 pkt  4 flow
  w22     0.476 Mbps (std  1.901)  jit 100.795 ms  reord  1.36%  rtt  531.75 ms      514 pkt  2 flow
  w23     0.357 Mbps (std  0.192)  jit  43.534 ms  reord  0.00%  rtt  242.12 ms      391 pkt  2 flow
  w24     0.360 Mbps (std  0.192)  jit  50.019 ms  reord  0.00%  rtt  257.10 ms      403 pkt  4 flow
  w25     2.079 Mbps (std 17.722)  jit 102.710 ms  reord  0.66%  rtt  401.25 ms    2,106 pkt  5 flow
  w26     0.156 Mbps (std  0.159)  jit 152.545 ms  reord  0.00%  rtt  618.73 ms      204 pkt  3 flow
  w27     0.154 Mbps (std  0.129)  jit 152.192 ms  reord  0.47%  rtt  593.94 ms      215 pkt  4 flow
  w28     0.569 Mbps (std  3.287)  jit 142.483 ms  reord  0.97%  rtt  605.11 ms      619 pkt  4 flow
  w29     0.250 Mbps (std  0.196)  jit  83.251 ms  reord  1.00%  rtt  428.53 ms      301 pkt  4 flow
  w30     0.243 Mbps (std  0.144)  jit 118.691 ms  reord  0.00%  rtt  426.62 ms      302 pkt  4 flow
  w31     0.242 Mbps (std  0.135)  jit 136.820 ms  reord  0.00%  rtt  535.88 ms      303 pkt  4 flow
  w32     1.976 Mbps (std 17.406)  jit  78.492 ms  reord  2.38%  rtt  485.05 ms    2,105 pkt  4 flow
  w33     0.219 Mbps (std  0.215)  jit  68.892 ms  reord  6.00%  rtt  438.25 ms      300 pkt  4 flow
  w34     0.165 Mbps (std  0.115)  jit  64.486 ms  reord  9.40%  rtt  500.30 ms      266 pkt  4 flow
  w35     0.000 Mbps (std  0.000)  jit   0.000 ms  reord  0.00%  rtt    0.00 ms        0 pkt  0 flow
  w36  (parsial, 22 cuplikan) 0.000 Mbps
>> selesai: 37 window -> qos_features.csv
>>          cuplikan mentah -> qos_samples.csv (untuk align_qos.py)
