>> run_id=CONT_s7_l2a_OfForestAndMen | map=flows | poll=0.1s | window=10.0s -> qos_features.csv
>> menghitung SEMUA flow TCP yang lewat (Ctrl-C untuk berhenti)
>> XDP terpasang di eth0: prog id=464
>> membaca 1 map bernama 'flows': id [128]
>> entri awal di map: 0  (0 = belum ada trafik TCP yang tertangkap)
  w0      0.000 Mbps (std  0.000)  jit   0.000 ms  reord  0.00%  rtt    0.00 ms        0 pkt  0 flow
  w1      0.000 Mbps (std  0.000)  jit   0.000 ms  reord  0.00%  rtt    0.00 ms        0 pkt  0 flow
  w2      0.000 Mbps (std  0.000)  jit   0.000 ms  reord  0.00%  rtt    0.00 ms        0 pkt  0 flow
  w3      0.000 Mbps (std  0.000)  jit   0.000 ms  reord  0.00%  rtt    0.00 ms        0 pkt  0 flow
  w4      0.005 Mbps (std  0.039)  jit   0.970 ms  reord  0.00%  rtt  158.03 ms       20 pkt  2 flow
  w5      1.515 Mbps (std  9.078)  jit  12.047 ms  reord  0.88%  rtt  208.62 ms    1,479 pkt  3 flow
  w6      1.325 Mbps (std  7.536)  jit   0.088 ms  reord  0.00%  rtt    0.47 ms    1,269 pkt  2 flow
  w7      3.725 Mbps (std 12.610)  jit   7.464 ms  reord  0.00%  rtt  103.97 ms    3,615 pkt  4 flow
  w8      3.317 Mbps (std  9.902)  jit  10.373 ms  reord  0.00%  rtt  110.92 ms    3,231 pkt  4 flow
  w9      1.098 Mbps (std  1.065)  jit  36.812 ms  reord  9.45%  rtt  316.78 ms    1,514 pkt  5 flow
  w10     1.023 Mbps (std  0.368)  jit  50.465 ms  reord  4.59%  rtt  318.09 ms    1,350 pkt  5 flow
  w11     0.732 Mbps (std  0.669)  jit  35.912 ms  reord  4.70%  rtt  239.79 ms      893 pkt  5 flow
  w12     1.098 Mbps (std  0.439)  jit  15.686 ms  reord  2.83%  rtt  267.66 ms    1,412 pkt  2 flow
  w13     1.166 Mbps (std  0.175)  jit  29.497 ms  reord  1.75%  rtt  319.57 ms    1,545 pkt  4 flow
  w14     0.878 Mbps (std  0.477)  jit  19.727 ms  reord 19.17%  rtt   72.45 ms    1,320 pkt  3 flow
  w15     1.381 Mbps (std  0.677)  jit  13.660 ms  reord 21.90%  rtt   47.25 ms    2,151 pkt  2 flow
  w16     1.783 Mbps (std  2.001)  jit  16.948 ms  reord 13.55%  rtt   52.77 ms    2,442 pkt  4 flow
  w17     3.301 Mbps (std  0.514)  jit  20.220 ms  reord  0.00%  rtt   84.72 ms    3,383 pkt  6 flow
  w18     3.306 Mbps (std  0.530)  jit  16.425 ms  reord  0.00%  rtt   85.51 ms    3,384 pkt  6 flow
  w19     3.283 Mbps (std  0.402)  jit   7.466 ms  reord  0.00%  rtt   68.09 ms    3,195 pkt  4 flow
  w20     3.947 Mbps (std 12.173)  jit   7.241 ms  reord  1.20%  rtt   76.84 ms    4,159 pkt  2 flow
  w21     2.643 Mbps (std  0.462)  jit   7.204 ms  reord  0.04%  rtt   79.93 ms    2,609 pkt  2 flow
  w22     2.648 Mbps (std  0.461)  jit  11.002 ms  reord  0.00%  rtt   85.28 ms    2,648 pkt  5 flow
  w23     3.393 Mbps (std  7.086)  jit  14.497 ms  reord  0.46%  rtt   59.21 ms    3,716 pkt  4 flow
  w24     2.698 Mbps (std  0.149)  jit   6.634 ms  reord  0.00%  rtt   25.86 ms    3,102 pkt  2 flow
  w25     2.765 Mbps (std  1.891)  jit   7.506 ms  reord  1.95%  rtt   28.01 ms    3,232 pkt  2 flow
  w26     1.781 Mbps (std  0.657)  jit  17.197 ms  reord 14.92%  rtt   93.39 ms    2,647 pkt  4 flow
  w27     1.249 Mbps (std  0.726)  jit  21.154 ms  reord 17.94%  rtt   63.80 ms    1,867 pkt  5 flow
  w28     0.860 Mbps (std  0.320)  jit  21.793 ms  reord 15.95%  rtt   47.55 ms    1,254 pkt  2 flow
  w29     1.832 Mbps (std  0.526)  jit  16.566 ms  reord 11.80%  rtt   93.67 ms    2,618 pkt  4 flow
  w30     2.623 Mbps (std  1.335)  jit   9.365 ms  reord  4.43%  rtt   31.41 ms    3,206 pkt  2 flow
  w31     3.122 Mbps (std  0.617)  jit   6.611 ms  reord  3.48%  rtt   34.88 ms    3,711 pkt  2 flow
  w32     3.050 Mbps (std  0.705)  jit   6.753 ms  reord  3.16%  rtt   31.23 ms    3,643 pkt  2 flow
  w33     2.516 Mbps (std  1.023)  jit   7.149 ms  reord  4.47%  rtt   23.67 ms    3,041 pkt  2 flow
  w34     0.000 Mbps (std  0.000)  jit   0.000 ms  reord  0.00%  rtt    0.00 ms        0 pkt  0 flow
  w35  (parsial, 97 cuplikan) 0.000 Mbps
>> selesai: 36 window -> qos_features.csv
>>          cuplikan mentah -> qos_samples.csv (untuk align_qos.py)
