>> run_id=CONT_s7_throughput_Valkaama | map=flows | poll=0.1s | window=10.0s -> qos_features.csv
>> menghitung SEMUA flow TCP yang lewat (Ctrl-C untuk berhenti)
>> XDP terpasang di eth0: prog id=1389
>> membaca 1 map bernama 'flows': id [392]
>> entri awal di map: 0  (0 = belum ada trafik TCP yang tertangkap)
  w0      0.000 Mbps (std  0.000)  jit   0.000 ms  reord  0.00%  rtt    0.00 ms        0 pkt  0 flow
  w1      0.000 Mbps (std  0.000)  jit   0.000 ms  reord  0.00%  rtt    0.00 ms        0 pkt  0 flow
  w2      0.000 Mbps (std  0.000)  jit   0.000 ms  reord  0.00%  rtt    0.00 ms        0 pkt  0 flow
  w3      0.000 Mbps (std  0.000)  jit   0.000 ms  reord  0.00%  rtt    0.00 ms        0 pkt  0 flow
  w4      0.005 Mbps (std  0.042)  jit   0.871 ms  reord  0.00%  rtt  218.64 ms       19 pkt  4 flow
  w5     24.579 Mbps (std 104.930)  jit   8.232 ms  reord  0.00%  rtt   92.08 ms   23,223 pkt  2 flow
  w6      4.640 Mbps (std 28.473)  jit   0.033 ms  reord  0.00%  rtt    1.32 ms    4,427 pkt  2 flow
  w7      8.254 Mbps (std 36.726)  jit   6.508 ms  reord  0.00%  rtt  100.05 ms    7,911 pkt  4 flow
  w8      6.491 Mbps (std 32.972)  jit  10.241 ms  reord  0.00%  rtt  121.81 ms    6,253 pkt  4 flow
  w9      3.003 Mbps (std 18.981)  jit  28.392 ms  reord  8.56%  rtt  317.62 ms    3,435 pkt  5 flow
  w10     1.089 Mbps (std  0.321)  jit  34.286 ms  reord  2.87%  rtt  336.56 ms    1,392 pkt  5 flow
  w11     0.905 Mbps (std  0.552)  jit  16.583 ms  reord  3.09%  rtt  291.91 ms    1,165 pkt  4 flow
  w12     1.079 Mbps (std  0.371)  jit  15.482 ms  reord  2.58%  rtt  282.85 ms    1,397 pkt  3 flow
  w13     1.180 Mbps (std  0.067)  jit  24.465 ms  reord  1.56%  rtt  349.96 ms    1,598 pkt  4 flow
  w14     0.872 Mbps (std  0.617)  jit  20.959 ms  reord 18.22%  rtt   85.96 ms    1,323 pkt  4 flow
  w15     1.086 Mbps (std  0.613)  jit  15.251 ms  reord 20.57%  rtt   46.88 ms    1,682 pkt  3 flow
  w16     1.679 Mbps (std  1.536)  jit  14.893 ms  reord 14.71%  rtt   51.79 ms    2,311 pkt  4 flow
  w17     3.158 Mbps (std  0.738)  jit  14.889 ms  reord  0.82%  rtt   62.75 ms    3,646 pkt  5 flow
  w18     3.260 Mbps (std  0.431)  jit  15.352 ms  reord  0.71%  rtt   61.77 ms    3,653 pkt  6 flow
  w19     3.303 Mbps (std  0.404)  jit   8.127 ms  reord  0.09%  rtt   67.24 ms    3,407 pkt  4 flow
  w20     1.723 Mbps (std  3.907)  jit   6.997 ms  reord  1.20%  rtt   68.57 ms    1,839 pkt  2 flow
  w21     1.610 Mbps (std  1.309)  jit  11.467 ms  reord  0.23%  rtt   75.59 ms    1,711 pkt  2 flow
  w22     2.655 Mbps (std  0.374)  jit  12.366 ms  reord  0.04%  rtt   83.63 ms    2,766 pkt  5 flow
  w23     3.817 Mbps (std 16.015)  jit  13.981 ms  reord  0.49%  rtt   64.83 ms    4,117 pkt  4 flow
  w24     1.316 Mbps (std  1.343)  jit  12.285 ms  reord  0.00%  rtt   74.01 ms    1,319 pkt  2 flow
  w25     2.676 Mbps (std  5.301)  jit   9.884 ms  reord  3.36%  rtt   71.97 ms    2,799 pkt  2 flow
  w26     1.756 Mbps (std  0.660)  jit  18.515 ms  reord 13.37%  rtt   95.00 ms    2,550 pkt  4 flow
  w27     1.102 Mbps (std  1.074)  jit  11.224 ms  reord 13.74%  rtt  110.90 ms    1,645 pkt  5 flow
  w28     0.919 Mbps (std  1.103)  jit  10.046 ms  reord 18.33%  rtt  105.44 ms    1,380 pkt  2 flow
  w29     2.066 Mbps (std  0.439)  jit  13.426 ms  reord 13.64%  rtt  114.90 ms    3,043 pkt  4 flow
  w30     1.613 Mbps (std  1.415)  jit   7.591 ms  reord  5.64%  rtt   27.79 ms    2,128 pkt  2 flow
  w31     1.547 Mbps (std  1.436)  jit   6.511 ms  reord  3.72%  rtt   21.65 ms    1,964 pkt  2 flow
  w32     1.255 Mbps (std  1.520)  jit  10.847 ms  reord  2.91%  rtt   25.52 ms    1,616 pkt  2 flow
  w33     0.443 Mbps (std  1.084)  jit  27.214 ms  reord  3.32%  rtt   25.33 ms      572 pkt  2 flow
  w34     0.000 Mbps (std  0.001)  jit   9.012 ms  reord  0.00%  rtt    0.49 ms        3 pkt  2 flow
  w35  (parsial, 91 cuplikan) 0.000 Mbps
>> selesai: 36 window -> qos_features.csv
>>          cuplikan mentah -> qos_samples.csv (untuk align_qos.py)
