>> run_id=CONT_s3_dynamic_OfForestAndMen | map=flows | poll=0.1s | window=10.0s -> qos_features.csv
>> menghitung SEMUA flow TCP yang lewat (Ctrl-C untuk berhenti)
>> XDP terpasang di eth0: prog id=1445
>> membaca 1 map bernama 'flows': id [408]
>> entri awal di map: 0  (0 = belum ada trafik TCP yang tertangkap)
  w0      0.000 Mbps (std  0.000)  jit   0.000 ms  reord  0.00%  rtt    0.00 ms        0 pkt  0 flow
  w1      0.000 Mbps (std  0.000)  jit   0.000 ms  reord  0.00%  rtt    0.00 ms        0 pkt  0 flow
  w2      0.000 Mbps (std  0.000)  jit   0.000 ms  reord  0.00%  rtt    0.00 ms        0 pkt  0 flow
  w3      0.000 Mbps (std  0.000)  jit   0.000 ms  reord  0.00%  rtt    0.00 ms        0 pkt  0 flow
  w4      0.054 Mbps (std  0.184)  jit   4.002 ms  reord  1.30%  rtt  269.86 ms       77 pkt  4 flow
  w5      0.298 Mbps (std  0.204)  jit  98.542 ms  reord  0.00%  rtt  366.74 ms      355 pkt  5 flow
  w6      0.203 Mbps (std  0.237)  jit  67.471 ms  reord  0.00%  rtt  177.34 ms      247 pkt  2 flow
  w7      0.494 Mbps (std  2.186)  jit  44.114 ms  reord  1.92%  rtt  302.00 ms      521 pkt  2 flow
  w8      0.220 Mbps (std  0.188)  jit  73.822 ms  reord 18.66%  rtt  162.63 ms      343 pkt  4 flow
  w9      0.270 Mbps (std  0.188)  jit  54.607 ms  reord 15.11%  rtt  232.77 ms      417 pkt  4 flow
  w10     0.235 Mbps (std  0.387)  jit  43.571 ms  reord  4.96%  rtt  115.15 ms      262 pkt  2 flow
  w11     0.147 Mbps (std  0.339)  jit  25.034 ms  reord  0.00%  rtt   98.45 ms      159 pkt  3 flow
  w12     0.616 Mbps (std  0.322)  jit  41.921 ms  reord  0.00%  rtt  119.01 ms      767 pkt  5 flow
  w13     0.281 Mbps (std  0.546)  jit  33.378 ms  reord  2.61%  rtt   77.82 ms      307 pkt  2 flow
  w14     1.542 Mbps (std  0.244)  jit  22.338 ms  reord  0.00%  rtt  113.28 ms    1,679 pkt  6 flow
  w15     1.742 Mbps (std  2.419)  jit  17.652 ms  reord  0.71%  rtt  104.96 ms    1,839 pkt  4 flow
  w16     0.702 Mbps (std  0.525)  jit  21.235 ms  reord  0.00%  rtt  118.55 ms      720 pkt  2 flow
  w17     0.947 Mbps (std  0.388)  jit  23.274 ms  reord  0.00%  rtt  124.80 ms      989 pkt  4 flow
  w18     1.014 Mbps (std  0.244)  jit  35.326 ms  reord  0.00%  rtt  148.64 ms    1,085 pkt  4 flow
  w19     0.929 Mbps (std  0.382)  jit  19.732 ms  reord  0.00%  rtt  113.67 ms      961 pkt  2 flow
  w20     0.826 Mbps (std  1.491)  jit  24.817 ms  reord  1.17%  rtt  125.71 ms      855 pkt  2 flow
  w21     0.854 Mbps (std  0.290)  jit  21.847 ms  reord  0.00%  rtt  138.10 ms      884 pkt  2 flow
  w22     0.849 Mbps (std  0.288)  jit  21.914 ms  reord  0.00%  rtt  136.06 ms      879 pkt  2 flow
  w23     0.851 Mbps (std  0.286)  jit  21.867 ms  reord  0.00%  rtt  137.33 ms      883 pkt  2 flow
  w24     0.710 Mbps (std  0.404)  jit  24.670 ms  reord  0.00%  rtt  135.25 ms      757 pkt  2 flow
  w25     0.384 Mbps (std  0.280)  jit  46.019 ms  reord 15.83%  rtt  191.50 ms      575 pkt  3 flow
  w26     0.477 Mbps (std  0.290)  jit  27.615 ms  reord 13.87%  rtt  233.91 ms      692 pkt  2 flow
  w27     0.592 Mbps (std  0.213)  jit  23.234 ms  reord 11.83%  rtt  210.68 ms      854 pkt  2 flow
  w28     0.504 Mbps (std  0.292)  jit  24.939 ms  reord 14.07%  rtt  247.75 ms      725 pkt  2 flow
  w29     0.301 Mbps (std  0.341)  jit  23.737 ms  reord 15.17%  rtt  212.11 ms      435 pkt  2 flow
  w30     0.430 Mbps (std  0.294)  jit  56.614 ms  reord  0.79%  rtt  199.96 ms      508 pkt  4 flow
  w31     0.287 Mbps (std  0.315)  jit  31.706 ms  reord  0.00%  rtt  126.43 ms      352 pkt  2 flow
  w32     0.521 Mbps (std  0.211)  jit  66.783 ms  reord  0.00%  rtt  242.82 ms      598 pkt  4 flow
  w33     0.517 Mbps (std  0.156)  jit  72.078 ms  reord  0.00%  rtt  222.62 ms      612 pkt  4 flow
  w34     0.068 Mbps (std  0.187)  jit   6.452 ms  reord  0.00%  rtt  206.41 ms       82 pkt  2 flow
  w35     0.000 Mbps (std  0.000)  jit   0.000 ms  reord  0.00%  rtt    0.00 ms        0 pkt  0 flow
  w36  (parsial, 10 cuplikan) 0.000 Mbps
>> selesai: 37 window -> qos_features.csv
>>          cuplikan mentah -> qos_samples.csv (untuk align_qos.py)
