>> run_id=CONT_s5_bola_RedBullPlayStreets | map=flows | poll=0.1s | window=10.0s -> qos_features.csv
>> menghitung SEMUA flow TCP yang lewat (Ctrl-C untuk berhenti)
>> XDP terpasang di eth0: prog id=2273
>> membaca 1 map bernama 'flows': id [644]
>> entri awal di map: 0  (0 = belum ada trafik TCP yang tertangkap)
  w0      0.000 Mbps (std  0.000)  jit   0.000 ms  reord  0.00%  rtt    0.00 ms        0 pkt  0 flow
  w1      0.000 Mbps (std  0.000)  jit   0.000 ms  reord  0.00%  rtt    0.00 ms        0 pkt  0 flow
  w2      0.000 Mbps (std  0.000)  jit   0.000 ms  reord  0.00%  rtt    0.00 ms        0 pkt  0 flow
  w3      0.000 Mbps (std  0.000)  jit   0.000 ms  reord  0.00%  rtt    0.00 ms        0 pkt  0 flow
  w4      0.316 Mbps (std  0.761)  jit   1.259 ms  reord  0.00%  rtt   78.38 ms      337 pkt  4 flow
  w5      2.194 Mbps (std  0.269)  jit  12.238 ms  reord  0.00%  rtt   72.02 ms    2,334 pkt  4 flow
  w6      1.234 Mbps (std  0.997)  jit  11.583 ms  reord  0.78%  rtt   86.70 ms    1,277 pkt  2 flow
  w7      0.741 Mbps (std  0.749)  jit  23.527 ms  reord  2.37%  rtt   95.88 ms      843 pkt  2 flow
  w8      0.713 Mbps (std  0.733)  jit  14.541 ms  reord  2.33%  rtt  101.13 ms      857 pkt  2 flow
  w9      0.727 Mbps (std  0.337)  jit  31.811 ms  reord 13.54%  rtt   91.95 ms    1,019 pkt  6 flow
  w10     0.586 Mbps (std  0.243)  jit  23.920 ms  reord 16.29%  rtt   46.00 ms      884 pkt  4 flow
  w11     0.677 Mbps (std  0.151)  jit  28.195 ms  reord 16.44%  rtt   94.37 ms    1,028 pkt  6 flow
  w12     0.692 Mbps (std  0.079)  jit  32.356 ms  reord 16.16%  rtt  104.86 ms    1,058 pkt  6 flow
  w13     0.580 Mbps (std  0.222)  jit  23.892 ms  reord 16.31%  rtt   61.50 ms      883 pkt  4 flow
  w14     0.270 Mbps (std  0.313)  jit  45.862 ms  reord  8.24%  rtt  109.31 ms      364 pkt  2 flow
  w15     0.369 Mbps (std  0.180)  jit  62.475 ms  reord  0.00%  rtt  293.85 ms      429 pkt  4 flow
  w16     0.366 Mbps (std  0.126)  jit 121.270 ms  reord  0.00%  rtt  348.30 ms      460 pkt  4 flow
  w17     0.367 Mbps (std  0.134)  jit 120.649 ms  reord  0.00%  rtt  337.09 ms      450 pkt  4 flow
  w18     0.196 Mbps (std  0.691)  jit  80.638 ms  reord  4.22%  rtt  386.40 ms      237 pkt  4 flow
  w19     0.190 Mbps (std  0.145)  jit 155.496 ms  reord  0.00%  rtt  515.91 ms      251 pkt  3 flow
  w20     0.188 Mbps (std  0.152)  jit 130.697 ms  reord  0.00%  rtt  493.67 ms      230 pkt  4 flow
  w21     0.376 Mbps (std  2.140)  jit  42.238 ms  reord  1.76%  rtt  216.23 ms      397 pkt  2 flow
  w22     0.131 Mbps (std  0.270)  jit  42.565 ms  reord  0.00%  rtt  143.57 ms      139 pkt  2 flow
  w23     2.371 Mbps (std 17.430)  jit  68.010 ms  reord  4.27%  rtt  210.60 ms    2,528 pkt  4 flow
  w24     0.479 Mbps (std  0.535)  jit  29.149 ms  reord  0.00%  rtt  127.30 ms      505 pkt  4 flow
  w25     0.973 Mbps (std  0.166)  jit  56.366 ms  reord  0.09%  rtt  137.70 ms    1,131 pkt  6 flow
  w26     0.965 Mbps (std  0.251)  jit  36.547 ms  reord  0.00%  rtt  122.12 ms    1,088 pkt  4 flow
  w27     2.079 Mbps (std  7.480)  jit  16.347 ms  reord  1.43%  rtt  106.68 ms    2,162 pkt  2 flow
  w28     2.373 Mbps (std  0.334)  jit  17.854 ms  reord  0.00%  rtt   85.75 ms    2,552 pkt  6 flow
  w29     1.695 Mbps (std  1.083)  jit  15.183 ms  reord  0.17%  rtt   71.01 ms    1,817 pkt  4 flow
  w30     1.192 Mbps (std  1.206)  jit   9.822 ms  reord  0.25%  rtt   79.55 ms    1,211 pkt  2 flow
  w31     5.637 Mbps (std 19.602)  jit  15.735 ms  reord  0.23%  rtt   98.38 ms    5,685 pkt  4 flow
  w32     3.428 Mbps (std 11.629)  jit  15.030 ms  reord  0.00%  rtt  113.57 ms    3,432 pkt  4 flow
  w33     1.660 Mbps (std  3.930)  jit  37.997 ms  reord  0.00%  rtt  113.24 ms    1,710 pkt  4 flow
  w34     0.729 Mbps (std  3.403)  jit   4.483 ms  reord  0.00%  rtt  112.43 ms      746 pkt  4 flow
  w35     0.000 Mbps (std  0.000)  jit   0.000 ms  reord  0.00%  rtt    0.00 ms        0 pkt  0 flow
  w36  (parsial, 2 cuplikan) 0.000 Mbps
>> selesai: 37 window -> qos_features.csv
>>          cuplikan mentah -> qos_samples.csv (untuk align_qos.py)
