>> run_id=CONT_s1_dynamic_Valkaama | map=flows | poll=0.1s | window=10.0s -> qos_features.csv
>> menghitung SEMUA flow TCP yang lewat (Ctrl-C untuk berhenti)
>> XDP terpasang di eth0: prog id=1130
>> membaca 1 map bernama 'flows': id [318]
>> entri awal di map: 0  (0 = belum ada trafik TCP yang tertangkap)
  w0      0.000 Mbps (std  0.000)  jit   0.000 ms  reord  0.00%  rtt    0.00 ms        0 pkt  0 flow
  w1      0.000 Mbps (std  0.000)  jit   0.000 ms  reord  0.00%  rtt    0.00 ms        0 pkt  0 flow
  w2      0.000 Mbps (std  0.000)  jit   0.000 ms  reord  0.00%  rtt    0.00 ms        0 pkt  0 flow
  w3      0.000 Mbps (std  0.000)  jit   0.000 ms  reord  0.00%  rtt    0.00 ms        0 pkt  0 flow
  w4      0.383 Mbps (std  2.107)  jit   0.888 ms  reord  2.22%  rtt  132.27 ms      405 pkt  4 flow
  w5     27.447 Mbps (std 106.255)  jit   5.443 ms  reord  0.00%  rtt   91.67 ms   26,420 pkt  4 flow
  w6      4.672 Mbps (std 32.217)  jit   0.001 ms  reord  0.00%  rtt    1.46 ms    4,465 pkt  2 flow
  w7      7.050 Mbps (std 36.534)  jit   0.002 ms  reord  0.00%  rtt    1.59 ms    6,748 pkt  2 flow
  w8      2.311 Mbps (std 22.196)  jit  30.807 ms  reord  0.05%  rtt  221.24 ms    2,208 pkt  2 flow
  w9      0.234 Mbps (std  0.265)  jit  43.637 ms  reord  0.00%  rtt  513.70 ms      243 pkt  2 flow
  w10     0.235 Mbps (std  0.272)  jit  55.802 ms  reord  0.00%  rtt  446.57 ms      272 pkt  4 flow
  w11     2.077 Mbps (std 13.714)  jit  46.428 ms  reord  2.04%  rtt  414.49 ms    2,152 pkt  4 flow
  w12     0.159 Mbps (std  0.159)  jit  28.480 ms  reord  2.30%  rtt  448.57 ms      217 pkt  2 flow
  w13     0.072 Mbps (std  0.165)  jit   7.265 ms  reord 14.85%  rtt  249.98 ms      101 pkt  5 flow
  w14     0.283 Mbps (std  0.091)  jit  52.578 ms  reord  5.93%  rtt  425.48 ms      405 pkt  3 flow
  w15     0.299 Mbps (std  0.117)  jit 119.987 ms  reord  8.06%  rtt  414.62 ms      434 pkt  6 flow
  w16     0.358 Mbps (std  0.401)  jit  52.911 ms  reord  4.04%  rtt  262.49 ms      445 pkt  5 flow
  w17     0.141 Mbps (std  0.344)  jit  18.167 ms  reord  0.00%  rtt   94.65 ms      149 pkt  2 flow
  w18     0.110 Mbps (std  0.335)  jit  34.167 ms  reord  0.00%  rtt   64.28 ms      115 pkt  2 flow
  w19     1.072 Mbps (std  0.601)  jit  38.949 ms  reord  0.08%  rtt   89.92 ms    1,230 pkt  4 flow
  w20     1.369 Mbps (std  0.233)  jit  31.777 ms  reord  0.00%  rtt  115.89 ms    1,517 pkt  5 flow
  w21     1.363 Mbps (std  0.175)  jit  43.231 ms  reord  0.00%  rtt  124.34 ms    1,569 pkt  6 flow
  w22     0.525 Mbps (std  0.699)  jit  14.385 ms  reord  0.00%  rtt   97.38 ms      546 pkt  2 flow
  w23     0.500 Mbps (std  0.628)  jit  32.747 ms  reord  0.00%  rtt  113.71 ms      533 pkt  2 flow
  w24     0.823 Mbps (std  0.218)  jit  26.076 ms  reord  0.00%  rtt  144.94 ms      896 pkt  2 flow
  w25     0.826 Mbps (std  0.259)  jit  24.545 ms  reord  0.00%  rtt  139.23 ms      896 pkt  2 flow
  w26     0.821 Mbps (std  0.179)  jit  45.080 ms  reord  0.21%  rtt  162.82 ms      939 pkt  5 flow
  w27     0.833 Mbps (std  0.118)  jit  56.597 ms  reord  0.00%  rtt  103.73 ms    1,084 pkt  4 flow
  w28     0.829 Mbps (std  0.112)  jit  19.827 ms  reord  0.00%  rtt   84.61 ms    1,079 pkt  2 flow
  w29     0.538 Mbps (std  0.629)  jit  16.881 ms  reord  0.00%  rtt   81.20 ms      640 pkt  2 flow
  w30     1.361 Mbps (std  0.824)  jit  24.469 ms  reord  0.07%  rtt   88.90 ms    1,514 pkt  4 flow
  w31     1.836 Mbps (std  0.158)  jit  29.540 ms  reord  0.00%  rtt   86.80 ms    2,182 pkt  5 flow
  w32     1.828 Mbps (std  0.241)  jit  15.637 ms  reord  0.00%  rtt   92.50 ms    1,950 pkt  4 flow
  w33     0.879 Mbps (std  0.921)  jit  28.164 ms  reord  0.00%  rtt   90.47 ms      925 pkt  2 flow
  w34     0.000 Mbps (std  0.001)  jit   7.594 ms  reord  0.00%  rtt   50.36 ms        3 pkt  2 flow
  w35  (parsial, 93 cuplikan) 0.000 Mbps
>> selesai: 36 window -> qos_features.csv
>>          cuplikan mentah -> qos_samples.csv (untuk align_qos.py)
