>> run_id=CONT_s7_throughput_OfForestAndMen | map=flows | poll=0.1s | window=10.0s -> qos_features.csv
>> menghitung SEMUA flow TCP yang lewat (Ctrl-C untuk berhenti)
>> XDP terpasang di eth0: prog id=2237
>> membaca 1 map bernama 'flows': id [634]
>> entri awal di map: 0  (0 = belum ada trafik TCP yang tertangkap)
  w0      0.000 Mbps (std  0.000)  jit   0.000 ms  reord  0.00%  rtt    0.00 ms        0 pkt  0 flow
  w1      0.000 Mbps (std  0.000)  jit   0.000 ms  reord  0.00%  rtt    0.00 ms        0 pkt  0 flow
  w2      0.000 Mbps (std  0.000)  jit   0.000 ms  reord  0.00%  rtt    0.00 ms        0 pkt  0 flow
  w3      0.000 Mbps (std  0.000)  jit   0.000 ms  reord  0.00%  rtt    0.00 ms        0 pkt  0 flow
  w4      0.005 Mbps (std  0.039)  jit   1.518 ms  reord  0.00%  rtt  180.31 ms       22 pkt  2 flow
  w5      0.982 Mbps (std  5.078)  jit  11.055 ms  reord  1.20%  rtt  193.80 ms    1,004 pkt  4 flow
  w6      0.722 Mbps (std  4.106)  jit   0.407 ms  reord  0.00%  rtt    0.14 ms      693 pkt  2 flow
  w7      1.911 Mbps (std  5.049)  jit   7.220 ms  reord  0.00%  rtt  108.61 ms    1,879 pkt  3 flow
  w8      2.301 Mbps (std  5.283)  jit  10.161 ms  reord  0.00%  rtt  116.25 ms    2,263 pkt  4 flow
  w9      1.161 Mbps (std  1.808)  jit 106.354 ms  reord 10.43%  rtt  316.92 ms    1,591 pkt  6 flow
  w10     0.980 Mbps (std  0.464)  jit  31.898 ms  reord  4.20%  rtt  296.21 ms    1,334 pkt  4 flow
  w11     0.062 Mbps (std  0.281)  jit  16.859 ms  reord  0.00%  rtt  200.02 ms       77 pkt  4 flow
  w12     0.831 Mbps (std  0.651)  jit  31.799 ms  reord  3.83%  rtt  226.17 ms    1,044 pkt  2 flow
  w13     1.157 Mbps (std  0.265)  jit  41.697 ms  reord  4.79%  rtt  330.13 ms    1,565 pkt  5 flow
  w14     0.235 Mbps (std  0.346)  jit  90.248 ms  reord 14.16%  rtt  103.50 ms      339 pkt  3 flow
  w15     0.862 Mbps (std  0.706)  jit  16.406 ms  reord 20.31%  rtt   49.49 ms    1,344 pkt  2 flow
  w16     1.011 Mbps (std  1.225)  jit  19.702 ms  reord 11.26%  rtt   49.30 ms    1,332 pkt  4 flow
  w17     2.337 Mbps (std  1.447)  jit  19.613 ms  reord  1.02%  rtt   63.82 ms    2,638 pkt  5 flow
  w18     3.302 Mbps (std  0.457)  jit  16.468 ms  reord  0.00%  rtt   80.14 ms    3,460 pkt  6 flow
  w19     3.285 Mbps (std  0.421)  jit   7.031 ms  reord  0.00%  rtt   66.80 ms    3,209 pkt  4 flow
  w20     1.258 Mbps (std  1.304)  jit  11.790 ms  reord  0.08%  rtt   70.35 ms    1,285 pkt  2 flow
  w21     1.361 Mbps (std  1.341)  jit  10.119 ms  reord  0.07%  rtt   76.86 ms    1,389 pkt  2 flow
  w22     2.418 Mbps (std  0.827)  jit  15.436 ms  reord  0.04%  rtt   84.02 ms    2,567 pkt  6 flow
  w23     3.356 Mbps (std  6.507)  jit  13.630 ms  reord  0.86%  rtt   54.07 ms    3,721 pkt  4 flow
  w24     2.699 Mbps (std  0.146)  jit   6.628 ms  reord  0.00%  rtt   25.86 ms    3,114 pkt  2 flow
  w25     1.923 Mbps (std  1.152)  jit   9.250 ms  reord  1.46%  rtt   67.19 ms    2,053 pkt  2 flow
  w26     1.902 Mbps (std  0.586)  jit  16.721 ms  reord 15.02%  rtt   95.11 ms    2,837 pkt  4 flow
  w27     1.228 Mbps (std  0.652)  jit  20.626 ms  reord 15.40%  rtt   61.03 ms    1,799 pkt  6 flow
  w28     1.313 Mbps (std  0.597)  jit  17.201 ms  reord 15.47%  rtt   52.00 ms    1,862 pkt  4 flow
  w29     1.718 Mbps (std  0.822)  jit  12.376 ms  reord 13.99%  rtt   96.28 ms    2,501 pkt  5 flow
  w30     0.798 Mbps (std  1.267)  jit  12.016 ms  reord  5.39%  rtt   28.80 ms    1,038 pkt  2 flow
  w31     1.721 Mbps (std  1.398)  jit   8.141 ms  reord  3.27%  rtt   23.19 ms    2,204 pkt  2 flow
  w32     1.572 Mbps (std  1.531)  jit   7.121 ms  reord  2.94%  rtt   23.22 ms    2,006 pkt  2 flow
  w33     2.080 Mbps (std  1.325)  jit   7.159 ms  reord  3.42%  rtt   21.85 ms    2,632 pkt  2 flow
  w34     0.000 Mbps (std  0.000)  jit   0.000 ms  reord  0.00%  rtt    0.00 ms        0 pkt  0 flow
  w35  (parsial, 87 cuplikan) 0.000 Mbps
>> selesai: 36 window -> qos_features.csv
>>          cuplikan mentah -> qos_samples.csv (untuk align_qos.py)
