>> run_id=CONT_s13_throughput_TearsOfSteel | map=flows | poll=0.1s | window=10.0s -> qos_features.csv
>> menghitung SEMUA flow TCP yang lewat (Ctrl-C untuk berhenti)
>> XDP terpasang di eth0: prog id=1060
>> membaca 1 map bernama 'flows': id [298]
>> entri awal di map: 0  (0 = belum ada trafik TCP yang tertangkap)
  w0      0.000 Mbps (std  0.000)  jit   0.000 ms  reord  0.00%  rtt    0.00 ms        0 pkt  0 flow
  w1      0.000 Mbps (std  0.000)  jit   0.000 ms  reord  0.00%  rtt    0.00 ms        0 pkt  0 flow
  w2      0.000 Mbps (std  0.000)  jit   0.000 ms  reord  0.00%  rtt    0.00 ms        0 pkt  0 flow
  w3      0.000 Mbps (std  0.000)  jit   0.000 ms  reord  0.00%  rtt    0.00 ms        0 pkt  0 flow
  w4      0.122 Mbps (std  0.286)  jit   3.936 ms  reord  0.00%  rtt  138.25 ms      154 pkt  4 flow
  w5      1.059 Mbps (std  4.572)  jit  55.749 ms  reord  1.46%  rtt  177.96 ms    1,167 pkt  6 flow
  w6      0.399 Mbps (std  0.215)  jit 108.470 ms  reord  9.44%  rtt  295.41 ms      551 pkt  4 flow
  w7      0.381 Mbps (std  0.157)  jit  91.208 ms  reord 12.98%  rtt  155.73 ms      570 pkt  4 flow
  w8      0.336 Mbps (std  0.204)  jit  99.061 ms  reord 11.78%  rtt  196.31 ms      484 pkt  5 flow
  w9      0.217 Mbps (std  0.170)  jit 208.066 ms  reord  8.60%  rtt  558.37 ms      314 pkt  4 flow
  w10     0.191 Mbps (std  0.131)  jit 228.314 ms  reord  0.00%  rtt  463.61 ms      275 pkt  5 flow
  w11     0.961 Mbps (std  4.500)  jit 174.763 ms  reord  1.21%  rtt  383.36 ms    1,074 pkt  4 flow
  w12     0.284 Mbps (std  0.352)  jit  37.475 ms  reord  0.00%  rtt  159.58 ms      312 pkt  2 flow
  w13     0.372 Mbps (std  0.291)  jit  50.144 ms  reord  0.00%  rtt  186.34 ms      403 pkt  2 flow
  w14     0.410 Mbps (std  0.291)  jit  59.957 ms  reord  0.45%  rtt  187.30 ms      440 pkt  3 flow
  w15     1.525 Mbps (std  5.804)  jit 257.519 ms  reord  5.29%  rtt  182.61 ms    1,738 pkt  6 flow
  w16     0.966 Mbps (std  0.139)  jit  67.922 ms  reord  0.00%  rtt  150.52 ms    1,181 pkt  7 flow
  w17     0.962 Mbps (std  0.152)  jit  51.159 ms  reord  0.00%  rtt  144.61 ms    1,165 pkt  4 flow
  w18     0.775 Mbps (std  0.420)  jit  67.347 ms  reord  0.00%  rtt  117.13 ms      918 pkt  4 flow
  w19     2.393 Mbps (std 15.262)  jit  77.213 ms  reord  0.51%  rtt  129.14 ms    2,540 pkt  6 flow
  w20     0.471 Mbps (std  0.640)  jit  19.825 ms  reord  0.00%  rtt   89.98 ms      491 pkt  2 flow
  w21     0.613 Mbps (std  0.671)  jit  26.820 ms  reord  0.00%  rtt   98.61 ms      632 pkt  4 flow
  w22     1.268 Mbps (std  0.248)  jit  45.337 ms  reord  0.07%  rtt  141.93 ms    1,422 pkt  6 flow
  w23     1.272 Mbps (std  0.213)  jit  76.628 ms  reord  0.07%  rtt  143.37 ms    1,501 pkt  8 flow
  w24     2.609 Mbps (std 16.282)  jit  34.888 ms  reord  0.43%  rtt  115.88 ms    2,804 pkt  6 flow
  w25     1.798 Mbps (std  1.583)  jit  10.464 ms  reord  0.05%  rtt   63.44 ms    1,851 pkt  4 flow
  w26     3.199 Mbps (std  0.398)  jit  37.717 ms  reord  0.09%  rtt   78.54 ms    3,341 pkt  6 flow
  w27     3.211 Mbps (std  0.420)  jit  20.355 ms  reord  0.00%  rtt   64.34 ms    3,598 pkt  6 flow
  w28     1.685 Mbps (std  1.551)  jit  13.201 ms  reord  1.99%  rtt   53.02 ms    1,957 pkt  4 flow
  w29     2.154 Mbps (std  1.290)  jit   8.329 ms  reord  0.00%  rtt   71.23 ms    2,118 pkt  4 flow
  w30     2.928 Mbps (std  0.461)  jit  54.901 ms  reord  0.13%  rtt   84.45 ms    3,146 pkt  6 flow
  w31     2.918 Mbps (std  0.373)  jit  24.789 ms  reord  0.06%  rtt   81.01 ms    3,206 pkt  6 flow
  w32     1.714 Mbps (std  1.437)  jit  12.483 ms  reord  0.49%  rtt   59.05 ms    1,850 pkt  6 flow
  w33     1.845 Mbps (std  1.411)  jit  11.442 ms  reord  0.40%  rtt   68.37 ms    2,013 pkt  3 flow
  w34     0.000 Mbps (std  0.000)  jit   0.000 ms  reord  0.00%  rtt    0.00 ms        0 pkt  0 flow
  w35  (parsial, 92 cuplikan) 0.000 Mbps
>> selesai: 36 window -> qos_features.csv
>>          cuplikan mentah -> qos_samples.csv (untuk align_qos.py)
