>> run_id=CONT_s8_l2a_ElephantsDream | map=flows | poll=0.1s | window=10.0s -> qos_features.csv
>> menghitung SEMUA flow TCP yang lewat (Ctrl-C untuk berhenti)
>> XDP terpasang di eth0: prog id=2216
>> membaca 1 map bernama 'flows': id [628]
>> entri awal di map: 0  (0 = belum ada trafik TCP yang tertangkap)
  w0      0.000 Mbps (std  0.000)  jit   0.000 ms  reord  0.00%  rtt    0.00 ms        0 pkt  0 flow
  w1      0.000 Mbps (std  0.000)  jit   0.000 ms  reord  0.00%  rtt    0.00 ms        0 pkt  0 flow
  w2      0.000 Mbps (std  0.000)  jit   0.000 ms  reord  0.00%  rtt    0.00 ms        0 pkt  0 flow
  w3      0.000 Mbps (std  0.000)  jit   0.000 ms  reord  0.00%  rtt    0.00 ms        0 pkt  0 flow
  w4      0.006 Mbps (std  0.042)  jit   0.713 ms  reord  0.00%  rtt  127.71 ms       25 pkt  3 flow
  w5      0.145 Mbps (std  0.135)  jit  49.161 ms  reord 13.64%  rtt  758.51 ms      242 pkt  4 flow
  w6      0.145 Mbps (std  0.107)  jit  48.129 ms  reord  8.56%  rtt  663.05 ms      222 pkt  2 flow
  w7      0.114 Mbps (std  0.107)  jit  57.093 ms  reord  3.01%  rtt  482.14 ms      166 pkt  2 flow
  w8      0.123 Mbps (std  0.135)  jit  74.773 ms  reord  3.51%  rtt  322.08 ms      171 pkt  2 flow
  w9      0.145 Mbps (std  0.176)  jit  69.299 ms  reord  3.52%  rtt  993.50 ms      199 pkt  2 flow
  w10     0.148 Mbps (std  0.236)  jit  75.751 ms  reord  1.21%  rtt  499.80 ms      165 pkt  2 flow
  w11     0.148 Mbps (std  0.191)  jit  65.502 ms  reord  0.00%  rtt  573.53 ms      188 pkt  5 flow
  w12     0.149 Mbps (std  0.114)  jit 166.846 ms  reord  0.00%  rtt  825.73 ms      194 pkt  3 flow
  w13     2.451 Mbps (std 23.146)  jit  69.364 ms  reord  1.68%  rtt  560.26 ms    2,498 pkt  4 flow
  w14     0.120 Mbps (std  0.232)  jit  41.358 ms  reord  1.55%  rtt  728.78 ms      129 pkt  2 flow
  w15     0.124 Mbps (std  0.235)  jit  40.740 ms  reord  1.46%  rtt  671.71 ms      137 pkt  2 flow
  w16     0.122 Mbps (std  0.235)  jit  41.665 ms  reord  0.74%  rtt  700.33 ms      136 pkt  3 flow
  w17     0.145 Mbps (std  0.369)  jit  52.741 ms  reord  6.51%  rtt  665.34 ms      169 pkt  4 flow
  w18     0.129 Mbps (std  0.241)  jit  40.901 ms  reord  0.70%  rtt  496.06 ms      142 pkt  4 flow
  w19     0.169 Mbps (std  0.153)  jit 103.415 ms  reord  0.94%  rtt  420.66 ms      212 pkt  3 flow
  w20     0.167 Mbps (std  0.178)  jit  52.567 ms  reord  0.00%  rtt  384.45 ms      193 pkt  2 flow
  w21     0.169 Mbps (std  0.170)  jit  56.566 ms  reord  0.49%  rtt  403.53 ms      205 pkt  4 flow
  w22     0.160 Mbps (std  0.204)  jit  94.999 ms  reord  2.56%  rtt  558.09 ms      195 pkt  3 flow
  w23     0.263 Mbps (std  0.194)  jit  63.114 ms  reord  0.00%  rtt  179.12 ms      305 pkt  2 flow
  w24     0.363 Mbps (std  0.099)  jit  66.209 ms  reord  0.00%  rtt  255.67 ms      433 pkt  4 flow
  w25     0.742 Mbps (std  3.436)  jit 104.246 ms  reord  1.93%  rtt  388.70 ms      829 pkt  6 flow
  w26     0.154 Mbps (std  0.187)  jit 105.717 ms  reord  9.18%  rtt  590.42 ms      196 pkt  4 flow
  w27     0.157 Mbps (std  0.205)  jit  95.942 ms  reord  0.50%  rtt  491.10 ms      200 pkt  4 flow
  w28     1.873 Mbps (std 13.985)  jit 150.159 ms  reord  0.57%  rtt  561.36 ms    1,916 pkt  3 flow
  w29     0.242 Mbps (std  0.154)  jit  66.821 ms  reord  0.00%  rtt  259.44 ms      291 pkt  4 flow
  w30     0.241 Mbps (std  0.138)  jit 132.688 ms  reord  0.00%  rtt  519.35 ms      292 pkt  4 flow
  w31     0.243 Mbps (std  0.132)  jit 121.213 ms  reord  0.00%  rtt  478.32 ms      304 pkt  4 flow
  w32     1.018 Mbps (std  5.654)  jit  99.791 ms  reord  8.01%  rtt  590.27 ms    1,149 pkt  4 flow
  w33     0.194 Mbps (std  0.204)  jit  74.748 ms  reord  3.56%  rtt  290.83 ms      253 pkt  4 flow
  w34     0.218 Mbps (std  0.080)  jit  61.598 ms  reord  9.01%  rtt  580.02 ms      344 pkt  4 flow
  w35     0.040 Mbps (std  0.090)  jit   3.513 ms  reord  0.00%  rtt  691.14 ms       55 pkt  2 flow
  w36  (parsial, 17 cuplikan) 0.000 Mbps
>> selesai: 37 window -> qos_features.csv
>>          cuplikan mentah -> qos_samples.csv (untuk align_qos.py)
