>> run_id=CONT_s2_throughput_Valkaama | map=flows | poll=0.1s | window=10.0s -> qos_features.csv
>> menghitung SEMUA flow TCP yang lewat (Ctrl-C untuk berhenti)
>> XDP terpasang di eth0: prog id=1410
>> membaca 1 map bernama 'flows': id [398]
>> entri awal di map: 0  (0 = belum ada trafik TCP yang tertangkap)
  w0      0.000 Mbps (std  0.000)  jit   0.000 ms  reord  0.00%  rtt    0.00 ms        0 pkt  0 flow
  w1      0.000 Mbps (std  0.000)  jit   0.000 ms  reord  0.00%  rtt    0.00 ms        0 pkt  0 flow
  w2      0.000 Mbps (std  0.000)  jit   0.000 ms  reord  0.00%  rtt    0.00 ms        0 pkt  0 flow
  w3      0.000 Mbps (std  0.000)  jit   0.000 ms  reord  0.00%  rtt    0.00 ms        0 pkt  0 flow
  w4      0.605 Mbps (std  1.747)  jit   0.552 ms  reord  3.50%  rtt   44.91 ms      799 pkt  4 flow
  w5      6.048 Mbps (std  0.245)  jit   1.890 ms  reord  0.26%  rtt   36.55 ms    7,444 pkt  4 flow
  w6      5.147 Mbps (std  2.154)  jit   6.409 ms  reord  0.18%  rtt   45.31 ms    6,266 pkt  4 flow
  w7      3.362 Mbps (std  2.992)  jit   3.558 ms  reord  0.12%  rtt   32.90 ms    4,265 pkt  2 flow
  w8      4.541 Mbps (std  2.555)  jit   1.939 ms  reord  0.09%  rtt   34.23 ms    5,687 pkt  2 flow
  w9      5.145 Mbps (std 23.750)  jit   4.133 ms  reord  2.81%  rtt   41.00 ms    5,842 pkt  4 flow
  w10     2.934 Mbps (std  0.949)  jit   6.737 ms  reord  1.04%  rtt   60.09 ms    3,161 pkt  2 flow
  w11     2.758 Mbps (std  1.160)  jit   6.754 ms  reord  1.26%  rtt   68.63 ms    2,927 pkt  4 flow
  w12     2.929 Mbps (std  0.973)  jit   9.492 ms  reord  0.07%  rtt   68.60 ms    3,065 pkt  4 flow
  w13     2.069 Mbps (std  1.622)  jit   6.587 ms  reord  0.14%  rtt   63.95 ms    2,133 pkt  2 flow
  w14     3.235 Mbps (std  0.710)  jit  13.163 ms  reord  1.07%  rtt   69.49 ms    3,472 pkt  6 flow
  w15     3.351 Mbps (std  0.404)  jit  15.667 ms  reord  0.00%  rtt   71.19 ms    3,633 pkt  6 flow
  w16     3.350 Mbps (std  0.242)  jit  15.518 ms  reord  0.74%  rtt   68.75 ms    3,649 pkt  4 flow
  w17     3.346 Mbps (std  0.255)  jit  15.159 ms  reord  0.00%  rtt   61.55 ms    3,747 pkt  5 flow
  w18     4.161 Mbps (std  4.423)  jit   9.074 ms  reord  1.01%  rtt   57.81 ms    4,477 pkt  4 flow
  w19     5.023 Mbps (std  2.165)  jit   7.518 ms  reord  0.12%  rtt   47.54 ms    5,688 pkt  4 flow
  w20     6.060 Mbps (std  0.150)  jit   0.312 ms  reord  0.09%  rtt   34.58 ms    7,764 pkt  2 flow
  w21     5.424 Mbps (std  1.749)  jit   3.468 ms  reord  0.46%  rtt   40.49 ms    6,785 pkt  6 flow
  w22     3.671 Mbps (std  2.830)  jit  10.689 ms  reord  0.98%  rtt   60.02 ms    4,180 pkt  4 flow
  w23     1.249 Mbps (std  2.219)  jit   8.725 ms  reord 23.46%  rtt   47.09 ms    1,952 pkt  4 flow
  w24     4.278 Mbps (std  2.798)  jit   4.644 ms  reord 27.75%  rtt   85.75 ms    7,033 pkt  2 flow
  w25     6.135 Mbps (std  0.358)  jit   2.916 ms  reord 26.89%  rtt   85.42 ms    9,944 pkt  4 flow
  w26     3.890 Mbps (std  2.509)  jit   7.138 ms  reord 28.44%  rtt   77.72 ms    6,351 pkt  4 flow
  w27     3.470 Mbps (std  3.013)  jit   3.269 ms  reord 11.08%  rtt   50.35 ms    5,264 pkt  2 flow
  w28     2.266 Mbps (std  2.888)  jit   4.263 ms  reord  0.19%  rtt   32.97 ms    3,100 pkt  2 flow
  w29     3.107 Mbps (std  2.983)  jit   2.857 ms  reord  0.62%  rtt   33.47 ms    4,389 pkt  2 flow
  w30     5.407 Mbps (std  1.838)  jit   2.635 ms  reord  0.07%  rtt   34.78 ms    5,860 pkt  2 flow
  w31     4.373 Mbps (std  2.649)  jit   5.531 ms  reord  0.00%  rtt   34.57 ms    4,250 pkt  2 flow
  w32     0.706 Mbps (std  1.812)  jit   4.244 ms  reord  1.72%  rtt   74.01 ms      930 pkt  2 flow
  w33     0.304 Mbps (std  1.206)  jit  23.245 ms  reord  0.00%  rtt   66.63 ms      379 pkt  2 flow
  w34     0.000 Mbps (std  0.000)  jit   0.000 ms  reord  0.00%  rtt    0.00 ms        0 pkt  0 flow
  w35  (parsial, 98 cuplikan) 0.000 Mbps
>> selesai: 36 window -> qos_features.csv
>>          cuplikan mentah -> qos_samples.csv (untuk align_qos.py)
