>> run_id=CONT_s10_bola_OfForestAndMen | map=flows | poll=0.1s | window=10.0s -> qos_features.csv
>> menghitung SEMUA flow TCP yang lewat (Ctrl-C untuk berhenti)
>> XDP terpasang di eth0: prog id=2385
>> membaca 1 map bernama 'flows': id [676]
>> entri awal di map: 0  (0 = belum ada trafik TCP yang tertangkap)
  w0      0.000 Mbps (std  0.000)  jit   0.000 ms  reord  0.00%  rtt    0.00 ms        0 pkt  0 flow
  w1      0.000 Mbps (std  0.000)  jit   0.000 ms  reord  0.00%  rtt    0.00 ms        0 pkt  0 flow
  w2      0.000 Mbps (std  0.000)  jit   0.000 ms  reord  0.00%  rtt    0.00 ms        0 pkt  0 flow
  w3      0.000 Mbps (std  0.000)  jit   0.000 ms  reord  0.00%  rtt    0.00 ms        0 pkt  0 flow
  w4      0.071 Mbps (std  0.269)  jit   0.998 ms  reord  0.00%  rtt   63.08 ms       92 pkt  2 flow
  w5      1.016 Mbps (std  0.305)  jit  22.824 ms  reord  0.00%  rtt  132.20 ms    1,053 pkt  4 flow
  w6      1.012 Mbps (std  0.238)  jit  29.725 ms  reord  0.00%  rtt  138.71 ms    1,108 pkt  4 flow
  w7      1.049 Mbps (std  0.321)  jit  21.703 ms  reord  0.81%  rtt  130.58 ms    1,113 pkt  4 flow
  w8      1.076 Mbps (std  0.182)  jit  43.185 ms  reord  0.00%  rtt  156.93 ms    1,244 pkt  5 flow
  w9      1.073 Mbps (std  0.196)  jit  43.857 ms  reord  0.00%  rtt  156.74 ms    1,250 pkt  6 flow
  w10     0.878 Mbps (std  0.498)  jit  20.569 ms  reord  0.00%  rtt  129.11 ms      904 pkt  2 flow
  w11     0.769 Mbps (std  0.409)  jit  26.585 ms  reord  1.44%  rtt  133.23 ms      836 pkt  4 flow
  w12     0.848 Mbps (std  0.182)  jit  47.195 ms  reord  0.00%  rtt  173.53 ms      989 pkt  6 flow
  w13     0.842 Mbps (std  0.181)  jit  45.885 ms  reord  0.00%  rtt  153.29 ms      961 pkt  4 flow
  w14     0.693 Mbps (std  0.407)  jit  25.355 ms  reord  0.00%  rtt  139.03 ms      733 pkt  2 flow
  w15     0.392 Mbps (std  0.368)  jit  37.670 ms  reord  0.00%  rtt  178.57 ms      419 pkt  2 flow
  w16     0.411 Mbps (std  0.343)  jit  40.564 ms  reord  0.00%  rtt  184.44 ms      439 pkt  2 flow
  w17     0.578 Mbps (std  0.199)  jit  60.991 ms  reord  0.00%  rtt  222.32 ms      669 pkt  4 flow
  w18     2.244 Mbps (std 12.274)  jit  64.858 ms  reord  4.10%  rtt  232.68 ms    2,441 pkt  7 flow
  w19     0.254 Mbps (std  0.294)  jit  55.578 ms  reord  0.00%  rtt  188.31 ms      283 pkt  4 flow
  w20     0.450 Mbps (std  0.271)  jit  37.374 ms  reord  0.00%  rtt  235.52 ms      481 pkt  2 flow
  w21     0.323 Mbps (std  0.328)  jit  38.577 ms  reord  0.00%  rtt  205.56 ms      344 pkt  2 flow
  w22     0.155 Mbps (std  0.282)  jit  58.900 ms  reord  0.00%  rtt 1718.69 ms      169 pkt  2 flow
  w23     0.981 Mbps (std  7.940)  jit  55.348 ms  reord  2.30%  rtt  221.07 ms      999 pkt  2 flow
  w24     0.202 Mbps (std  0.089)  jit 409.419 ms  reord  6.94%  rtt  408.94 ms      317 pkt  3 flow
  w25     0.202 Mbps (std  0.080)  jit  60.257 ms  reord 13.35%  rtt  371.45 ms      337 pkt  4 flow
  w26     0.203 Mbps (std  0.078)  jit  58.963 ms  reord  7.52%  rtt  327.73 ms      319 pkt  2 flow
  w27     0.173 Mbps (std  0.181)  jit  47.520 ms  reord  6.02%  rtt  276.96 ms      249 pkt  2 flow
  w28     0.143 Mbps (std  0.207)  jit  53.913 ms  reord  0.61%  rtt  471.52 ms      163 pkt  2 flow
  w29     0.140 Mbps (std  0.245)  jit  41.360 ms  reord  0.65%  rtt  444.28 ms      153 pkt  2 flow
  w30     0.126 Mbps (std  0.220)  jit  54.193 ms  reord  0.00%  rtt  502.42 ms      139 pkt  2 flow
  w31     0.144 Mbps (std  0.144)  jit 123.227 ms  reord  0.53%  rtt  696.30 ms      188 pkt  4 flow
  w32     0.144 Mbps (std  0.148)  jit 131.283 ms  reord  0.00%  rtt  600.79 ms      187 pkt  3 flow
  w33     0.009 Mbps (std  0.047)  jit  24.179 ms  reord  9.09%  rtt  122.61 ms       22 pkt  2 flow
  w34     0.000 Mbps (std  0.001)  jit   9.138 ms  reord  0.00%  rtt    0.54 ms        3 pkt  2 flow
  w35     0.000 Mbps (std  0.000)  jit   0.000 ms  reord  0.00%  rtt    0.00 ms        0 pkt  0 flow
  w36  (parsial, 10 cuplikan) 0.000 Mbps
>> selesai: 37 window -> qos_features.csv
>>          cuplikan mentah -> qos_samples.csv (untuk align_qos.py)
