>> run_id=CONT_s9_l2a_Valkaama | map=flows | poll=0.1s | window=10.0s -> qos_features.csv
>> menghitung SEMUA flow TCP yang lewat (Ctrl-C untuk berhenti)
>> XDP terpasang di eth0: prog id=2308
>> membaca 1 map bernama 'flows': id [654]
>> entri awal di map: 0  (0 = belum ada trafik TCP yang tertangkap)
  w0      0.000 Mbps (std  0.000)  jit   0.000 ms  reord  0.00%  rtt    0.00 ms        0 pkt  0 flow
  w1      0.000 Mbps (std  0.000)  jit   0.000 ms  reord  0.00%  rtt    0.00 ms        0 pkt  0 flow
  w2      0.000 Mbps (std  0.000)  jit   0.000 ms  reord  0.00%  rtt    0.00 ms        0 pkt  0 flow
  w3      0.000 Mbps (std  0.000)  jit   0.000 ms  reord  0.00%  rtt    0.00 ms        0 pkt  0 flow
  w4      0.163 Mbps (std  0.414)  jit   2.737 ms  reord  0.00%  rtt  108.17 ms      189 pkt  4 flow
  w5      1.051 Mbps (std  0.204)  jit  38.993 ms  reord  0.00%  rtt  136.72 ms    1,244 pkt  6 flow
  w6      2.518 Mbps (std 16.422)  jit  36.584 ms  reord  0.29%  rtt  127.14 ms    2,718 pkt  6 flow
  w7      1.216 Mbps (std  0.200)  jit  16.893 ms  reord  0.00%  rtt   99.35 ms    1,245 pkt  3 flow
  w8      1.204 Mbps (std  0.136)  jit  15.303 ms  reord  0.00%  rtt   96.67 ms    1,234 pkt  2 flow
  w9      0.808 Mbps (std  0.589)  jit  17.153 ms  reord  0.00%  rtt   94.70 ms      826 pkt  2 flow
  w10     1.159 Mbps (std  0.387)  jit  32.200 ms  reord  0.00%  rtt  125.65 ms    1,256 pkt  4 flow
  w11     1.047 Mbps (std  2.987)  jit  17.462 ms  reord  0.00%  rtt  107.01 ms    1,062 pkt  2 flow
  w12     1.739 Mbps (std  1.437)  jit   6.684 ms  reord  2.75%  rtt   72.21 ms    1,890 pkt  2 flow
  w13     2.834 Mbps (std  0.502)  jit   8.179 ms  reord  0.00%  rtt   77.76 ms    2,736 pkt  4 flow
  w14     3.641 Mbps (std 13.319)  jit   9.021 ms  reord  3.29%  rtt   83.14 ms    3,706 pkt  4 flow
  w15     1.403 Mbps (std  0.291)  jit  13.331 ms  reord  0.00%  rtt   86.51 ms    1,438 pkt  2 flow
  w16     1.403 Mbps (std  0.284)  jit  13.153 ms  reord  0.00%  rtt   84.23 ms    1,445 pkt  4 flow
  w17     1.401 Mbps (std  0.243)  jit  36.800 ms  reord  0.00%  rtt  135.03 ms    1,542 pkt  4 flow
  w18     1.399 Mbps (std  0.286)  jit  14.339 ms  reord  0.00%  rtt   85.28 ms    1,445 pkt  4 flow
  w19     1.814 Mbps (std  7.054)  jit  19.228 ms  reord  3.13%  rtt   86.99 ms    1,915 pkt  2 flow
  w20     0.460 Mbps (std  0.165)  jit  44.403 ms  reord 12.58%  rtt   96.21 ms      652 pkt  2 flow
  w21     0.461 Mbps (std  0.199)  jit  46.159 ms  reord 14.20%  rtt   95.58 ms      662 pkt  2 flow
  w22     2.735 Mbps (std  2.261)  jit  20.817 ms  reord  2.18%  rtt   55.22 ms    3,207 pkt  2 flow
  w23     5.004 Mbps (std  0.141)  jit   3.573 ms  reord  0.00%  rtt   13.68 ms    5,687 pkt  2 flow
  w24     5.014 Mbps (std  0.165)  jit   3.967 ms  reord  0.36%  rtt   17.52 ms    5,845 pkt  4 flow
  w25     3.226 Mbps (std  2.361)  jit   5.352 ms  reord  0.99%  rtt   50.64 ms    4,140 pkt  2 flow
  w26     3.064 Mbps (std  2.437)  jit   1.922 ms  reord  0.21%  rtt   42.11 ms    3,837 pkt  2 flow
  w27     5.066 Mbps (std  9.998)  jit   8.651 ms  reord  1.27%  rtt   56.14 ms    5,678 pkt  6 flow
  w28     5.877 Mbps (std  0.912)  jit   8.912 ms  reord  0.58%  rtt   43.06 ms    6,507 pkt  5 flow
  w29     3.583 Mbps (std  2.911)  jit   5.311 ms  reord  1.32%  rtt   37.46 ms    4,545 pkt  4 flow
  w30     2.943 Mbps (std  2.987)  jit   1.784 ms  reord  0.35%  rtt   31.36 ms    4,014 pkt  2 flow
  w31     3.919 Mbps (std  2.494)  jit  12.094 ms  reord  1.41%  rtt   59.30 ms    4,340 pkt  4 flow
  w32     3.073 Mbps (std  0.515)  jit  12.869 ms  reord  2.26%  rtt   76.08 ms    3,813 pkt  5 flow
  w33     2.885 Mbps (std  0.893)  jit   7.103 ms  reord  0.39%  rtt   77.15 ms    3,577 pkt  2 flow
  w34     0.797 Mbps (std  1.363)  jit   1.497 ms  reord  0.43%  rtt   81.85 ms      934 pkt  2 flow
  w35     0.000 Mbps (std  0.000)  jit   0.000 ms  reord  0.00%  rtt    0.00 ms        0 pkt  0 flow
  w36  (parsial, 18 cuplikan) 0.000 Mbps
>> selesai: 37 window -> qos_features.csv
>>          cuplikan mentah -> qos_samples.csv (untuk align_qos.py)
