>> run_id=CONT_s12_l2a_TearsOfSteel | map=flows | poll=0.1s | window=10.0s -> qos_features.csv
>> menghitung SEMUA flow TCP yang lewat (Ctrl-C untuk berhenti)
>> XDP terpasang di eth0: prog id=1228
>> membaca 1 map bernama 'flows': id [346]
>> entri awal di map: 0  (0 = belum ada trafik TCP yang tertangkap)
  w0      0.000 Mbps (std  0.000)  jit   0.000 ms  reord  0.00%  rtt    0.00 ms        0 pkt  0 flow
  w1      0.000 Mbps (std  0.000)  jit   0.000 ms  reord  0.00%  rtt    0.00 ms        0 pkt  0 flow
  w2      0.000 Mbps (std  0.000)  jit   0.000 ms  reord  0.00%  rtt    0.00 ms        0 pkt  0 flow
  w3      0.000 Mbps (std  0.000)  jit   0.000 ms  reord  0.00%  rtt    0.00 ms        0 pkt  0 flow
  w4      0.005 Mbps (std  0.041)  jit   0.011 ms  reord  0.00%  rtt    0.27 ms       20 pkt  2 flow
  w5      0.207 Mbps (std  0.206)  jit 102.355 ms  reord  1.38%  rtt  397.23 ms      290 pkt  4 flow
  w6      0.199 Mbps (std  0.090)  jit 245.637 ms  reord  0.00%  rtt  560.76 ms      281 pkt  4 flow
  w7      0.476 Mbps (std  2.000)  jit 212.866 ms  reord 15.42%  rtt  465.53 ms      603 pkt  4 flow
  w8      0.412 Mbps (std  0.083)  jit  68.784 ms  reord 25.38%  rtt  282.41 ms      650 pkt  4 flow
  w9      0.410 Mbps (std  0.097)  jit  65.136 ms  reord 13.15%  rtt  244.91 ms      639 pkt  5 flow
  w10     0.406 Mbps (std  0.101)  jit  79.919 ms  reord  9.98%  rtt  249.52 ms      611 pkt  6 flow
  w11     0.332 Mbps (std  0.227)  jit 119.930 ms  reord 10.74%  rtt  242.25 ms      475 pkt  4 flow
  w12     0.180 Mbps (std  0.213)  jit  52.574 ms  reord  0.00%  rtt  524.30 ms      199 pkt  2 flow
  w13     0.178 Mbps (std  0.210)  jit  44.767 ms  reord  1.36%  rtt  360.30 ms      221 pkt  4 flow
  w14     0.178 Mbps (std  0.190)  jit  75.357 ms  reord  0.00%  rtt  481.94 ms      214 pkt  3 flow
  w15     0.181 Mbps (std  0.202)  jit 129.538 ms  reord  0.00%  rtt  425.77 ms      206 pkt  2 flow
  w16     1.000 Mbps (std  5.499)  jit 118.799 ms  reord  8.81%  rtt  419.72 ms    1,124 pkt  6 flow
  w17     0.255 Mbps (std  0.129)  jit 196.063 ms  reord  6.34%  rtt  401.91 ms      347 pkt  4 flow
  w18     0.252 Mbps (std  0.217)  jit  96.499 ms  reord  0.00%  rtt  298.16 ms      298 pkt  4 flow
  w19    16.694 Mbps (std 71.912)  jit  26.747 ms  reord  0.06%  rtt  271.02 ms   16,374 pkt  6 flow
  w20     4.614 Mbps (std 18.728)  jit   8.014 ms  reord  0.00%  rtt  149.85 ms    4,578 pkt  4 flow
  w21     2.273 Mbps (std 13.246)  jit   2.823 ms  reord  0.00%  rtt   52.83 ms    2,250 pkt  2 flow
  w22     1.253 Mbps (std 11.134)  jit  44.013 ms  reord  0.07%  rtt  504.05 ms    1,357 pkt  2 flow
  w23     0.157 Mbps (std  0.193)  jit 652.119 ms  reord  3.11%  rtt  515.91 ms      193 pkt  3 flow
  w24     0.837 Mbps (std  6.780)  jit 401.318 ms  reord  3.06%  rtt  438.20 ms      915 pkt  4 flow
  w25     0.128 Mbps (std  0.113)  jit 129.966 ms  reord 15.34%  rtt  457.41 ms      189 pkt  2 flow
  w26     0.128 Mbps (std  0.096)  jit  55.641 ms  reord  7.39%  rtt  607.79 ms      203 pkt  2 flow
  w27     0.129 Mbps (std  0.085)  jit 164.676 ms  reord 13.15%  rtt  688.64 ms      213 pkt  4 flow
  w28     0.130 Mbps (std  0.101)  jit  86.632 ms  reord 13.43%  rtt  712.82 ms      216 pkt  3 flow
  w29     0.120 Mbps (std  0.136)  jit  37.495 ms  reord  3.26%  rtt  730.38 ms      184 pkt  2 flow
  w30     0.038 Mbps (std  0.118)  jit  19.247 ms  reord  0.00%  rtt  810.00 ms       43 pkt  2 flow
  w31     0.000 Mbps (std  0.000)  jit   0.000 ms  reord  0.00%  rtt    0.00 ms        0 pkt  0 flow
  w32     0.000 Mbps (std  0.000)  jit   0.000 ms  reord  0.00%  rtt    0.00 ms        0 pkt  0 flow
  w33     0.000 Mbps (std  0.000)  jit   0.000 ms  reord  0.00%  rtt    0.00 ms        0 pkt  0 flow
  w34     0.000 Mbps (std  0.000)  jit   0.000 ms  reord  0.00%  rtt    0.00 ms        0 pkt  0 flow
  w35  (parsial, 82 cuplikan) 0.000 Mbps
>> selesai: 36 window -> qos_features.csv
>>          cuplikan mentah -> qos_samples.csv (untuk align_qos.py)
