>> run_id=CONT_s8_dynamic_ElephantsDream | map=flows | poll=0.1s | window=10.0s -> qos_features.csv
>> menghitung SEMUA flow TCP yang lewat (Ctrl-C untuk berhenti)
>> XDP terpasang di eth0: prog id=92
>> membaca 1 map bernama 'flows': id [22]
>> entri awal di map: 0  (0 = belum ada trafik TCP yang tertangkap)
  w0      0.000 Mbps (std  0.000)  jit   0.000 ms  reord  0.00%  rtt    0.00 ms        0 pkt  0 flow
  w1      0.000 Mbps (std  0.000)  jit   0.000 ms  reord  0.00%  rtt    0.00 ms        0 pkt  0 flow
  w2      0.000 Mbps (std  0.000)  jit   0.000 ms  reord  0.00%  rtt    0.00 ms        0 pkt  0 flow
  w3      0.000 Mbps (std  0.000)  jit   0.000 ms  reord  0.00%  rtt    0.00 ms        0 pkt  0 flow
  w4      0.005 Mbps (std  0.043)  jit   1.073 ms  reord 13.04%  rtt  136.46 ms       23 pkt  4 flow
  w5      0.134 Mbps (std  0.113)  jit  46.412 ms  reord 14.54%  rtt  644.41 ms      227 pkt  4 flow
  w6      0.144 Mbps (std  0.112)  jit  61.111 ms  reord  6.28%  rtt  441.16 ms      207 pkt  2 flow
  w7      0.142 Mbps (std  0.117)  jit  69.658 ms  reord  1.52%  rtt  396.15 ms      197 pkt  2 flow
  w8      0.142 Mbps (std  0.104)  jit  73.676 ms  reord  2.38%  rtt  430.89 ms      210 pkt  2 flow
  w9      0.075 Mbps (std  0.193)  jit  36.627 ms  reord  2.22%  rtt  324.00 ms       90 pkt  2 flow
  w10     0.040 Mbps (std  0.195)  jit  45.994 ms  reord  0.00%  rtt  157.03 ms       43 pkt  2 flow
  w11     0.118 Mbps (std  0.218)  jit  97.432 ms  reord  0.74%  rtt  487.44 ms      136 pkt  4 flow
  w12     0.148 Mbps (std  0.135)  jit 187.033 ms  reord  0.00%  rtt  692.48 ms      199 pkt  6 flow
  w13     1.834 Mbps (std 16.848)  jit  72.168 ms  reord  2.47%  rtt  608.31 ms    1,860 pkt  4 flow
  w14     0.090 Mbps (std  0.231)  jit  43.285 ms  reord  1.92%  rtt  451.55 ms      104 pkt  2 flow
  w15     0.120 Mbps (std  0.208)  jit  67.334 ms  reord  0.75%  rtt  498.73 ms      134 pkt  2 flow
  w16     0.112 Mbps (std  0.217)  jit  40.620 ms  reord  0.00%  rtt  504.40 ms      124 pkt  2 flow
  w17     0.061 Mbps (std  0.223)  jit  35.731 ms  reord  0.00%  rtt  151.87 ms       64 pkt  2 flow
  w18     0.052 Mbps (std  0.224)  jit  37.256 ms  reord  0.00%  rtt  118.67 ms       60 pkt  2 flow
  w19     0.146 Mbps (std  0.220)  jit 137.706 ms  reord  1.61%  rtt  364.87 ms      186 pkt  5 flow
  w20     0.090 Mbps (std  0.253)  jit  48.737 ms  reord  0.00%  rtt  290.12 ms       95 pkt  2 flow
  w21     0.168 Mbps (std  0.238)  jit  56.339 ms  reord  0.00%  rtt  477.14 ms      189 pkt  4 flow
  w22     0.193 Mbps (std  0.249)  jit  92.038 ms  reord  3.04%  rtt  399.57 ms      230 pkt  3 flow
  w23     0.283 Mbps (std  0.272)  jit  50.214 ms  reord  0.00%  rtt  247.15 ms      310 pkt  3 flow
  w24     0.357 Mbps (std  0.212)  jit  51.565 ms  reord  0.00%  rtt  259.59 ms      400 pkt  4 flow
  w25     1.506 Mbps (std 11.786)  jit 136.926 ms  reord  1.23%  rtt  362.06 ms    1,626 pkt  5 flow
  w26     0.155 Mbps (std  0.140)  jit 133.684 ms  reord  2.97%  rtt  639.90 ms      202 pkt  4 flow
  w27     0.155 Mbps (std  0.151)  jit 131.437 ms  reord  0.49%  rtt  677.55 ms      203 pkt  3 flow
  w28     2.104 Mbps (std 19.410)  jit 138.887 ms  reord  0.51%  rtt  614.46 ms    2,145 pkt  4 flow
  w29     0.097 Mbps (std  0.255)  jit  31.853 ms  reord  0.95%  rtt  339.60 ms      105 pkt  2 flow
  w30     0.252 Mbps (std  0.231)  jit 173.501 ms  reord  0.96%  rtt  373.48 ms      311 pkt  4 flow
  w31     0.218 Mbps (std  0.179)  jit 108.359 ms  reord  0.00%  rtt  365.30 ms      275 pkt  4 flow
  w32     0.398 Mbps (std  1.689)  jit  95.571 ms  reord 13.32%  rtt  519.46 ms      518 pkt  6 flow
  w33     0.204 Mbps (std  0.204)  jit  88.496 ms  reord  2.33%  rtt  272.61 ms      258 pkt  2 flow
  w34     0.222 Mbps (std  0.166)  jit  53.511 ms  reord 12.80%  rtt  506.81 ms      336 pkt  4 flow
  w35     0.047 Mbps (std  0.093)  jit   3.611 ms  reord  0.00%  rtt  347.74 ms       72 pkt  2 flow
  w36  (parsial, 17 cuplikan) 0.000 Mbps
>> selesai: 37 window -> qos_features.csv
>>          cuplikan mentah -> qos_samples.csv (untuk align_qos.py)
