>> run_id=CONT_s13_dynamic_Valkaama | map=flows | poll=0.1s | window=10.0s -> qos_features.csv
>> menghitung SEMUA flow TCP yang lewat (Ctrl-C untuk berhenti)
>> XDP terpasang di eth0: prog id=948
>> membaca 1 map bernama 'flows': id [266]
>> entri awal di map: 0  (0 = belum ada trafik TCP yang tertangkap)
  w0      0.000 Mbps (std  0.000)  jit   0.000 ms  reord  0.00%  rtt    0.00 ms        0 pkt  0 flow
  w1      0.000 Mbps (std  0.000)  jit   0.000 ms  reord  0.00%  rtt    0.00 ms        0 pkt  0 flow
  w2      0.000 Mbps (std  0.000)  jit   0.000 ms  reord  0.00%  rtt    0.00 ms        0 pkt  0 flow
  w3      0.000 Mbps (std  0.000)  jit   0.000 ms  reord  0.00%  rtt    0.00 ms        0 pkt  0 flow
  w4      0.111 Mbps (std  0.285)  jit   3.706 ms  reord  0.00%  rtt  124.19 ms      135 pkt  4 flow
  w5      0.666 Mbps (std  1.773)  jit  46.589 ms  reord  5.12%  rtt  156.34 ms      801 pkt  6 flow
  w6      0.211 Mbps (std  0.143)  jit  73.380 ms  reord 14.69%  rtt  137.22 ms      320 pkt  2 flow
  w7      0.217 Mbps (std  0.168)  jit  63.412 ms  reord 13.02%  rtt  141.13 ms      315 pkt  2 flow
  w8      0.226 Mbps (std  0.218)  jit  71.243 ms  reord 13.87%  rtt  155.29 ms      346 pkt  4 flow
  w9      0.206 Mbps (std  0.182)  jit 122.070 ms  reord  6.47%  rtt  502.13 ms      278 pkt  4 flow
  w10     0.192 Mbps (std  0.156)  jit 129.958 ms  reord  0.00%  rtt  453.30 ms      250 pkt  4 flow
  w11     1.959 Mbps (std 16.542)  jit 108.838 ms  reord  0.31%  rtt  415.98 ms    1,957 pkt  3 flow
  w12     0.082 Mbps (std  0.231)  jit  30.053 ms  reord  0.00%  rtt  127.83 ms       89 pkt  2 flow
  w13     0.103 Mbps (std  0.274)  jit  50.023 ms  reord  0.00%  rtt  109.11 ms      110 pkt  2 flow
  w14     0.074 Mbps (std  0.230)  jit  43.626 ms  reord  0.00%  rtt  119.38 ms       79 pkt  2 flow
  w15     0.553 Mbps (std  0.511)  jit  67.614 ms  reord  0.00%  rtt  142.09 ms      583 pkt  4 flow
  w16     0.963 Mbps (std  0.183)  jit  52.629 ms  reord  0.00%  rtt  166.87 ms    1,129 pkt  5 flow
  w17     0.962 Mbps (std  0.165)  jit  50.327 ms  reord  0.00%  rtt  166.78 ms    1,137 pkt  5 flow
  w18     0.684 Mbps (std  0.485)  jit  31.488 ms  reord  0.26%  rtt  136.83 ms      755 pkt  4 flow
  w19     1.735 Mbps (std  6.036)  jit  41.199 ms  reord  3.74%  rtt  119.92 ms    2,007 pkt  5 flow
  w20     0.414 Mbps (std  0.620)  jit  20.010 ms  reord  0.00%  rtt   79.49 ms      474 pkt  2 flow
  w21     1.265 Mbps (std  0.294)  jit  17.796 ms  reord  0.00%  rtt  113.52 ms    1,318 pkt  2 flow
  w22     1.271 Mbps (std  0.204)  jit  33.586 ms  reord  0.00%  rtt   99.44 ms    1,510 pkt  4 flow
  w23     1.272 Mbps (std  0.152)  jit  38.636 ms  reord  0.00%  rtt  126.24 ms    1,508 pkt  5 flow
  w24     2.756 Mbps (std 14.087)  jit  23.227 ms  reord  2.28%  rtt  138.35 ms    2,936 pkt  4 flow
  w25     0.531 Mbps (std  1.172)  jit  13.403 ms  reord  0.17%  rtt   55.05 ms      576 pkt  2 flow
  w26     2.328 Mbps (std  1.402)  jit  14.239 ms  reord  1.70%  rtt   68.35 ms    2,585 pkt  4 flow
  w27     3.194 Mbps (std  0.375)  jit  11.497 ms  reord  0.06%  rtt   74.77 ms    3,342 pkt  4 flow
  w28     2.915 Mbps (std  1.322)  jit  13.340 ms  reord  0.50%  rtt   75.96 ms    3,170 pkt  6 flow
  w29     0.729 Mbps (std  1.247)  jit   8.152 ms  reord  0.00%  rtt   68.85 ms      719 pkt  2 flow
  w30     2.478 Mbps (std  1.063)  jit  17.127 ms  reord  2.16%  rtt   60.66 ms    2,962 pkt  6 flow
  w31     2.924 Mbps (std  0.358)  jit  16.103 ms  reord  0.74%  rtt   69.75 ms    3,394 pkt  6 flow
  w32     2.690 Mbps (std  0.837)  jit   9.089 ms  reord  0.00%  rtt   74.93 ms    2,711 pkt  4 flow
  w33     0.003 Mbps (std  0.013)  jit  12.658 ms  reord  0.00%  rtt   23.94 ms       12 pkt  2 flow
  w34     0.000 Mbps (std  0.001)  jit  10.377 ms  reord  0.00%  rtt    0.54 ms        3 pkt  2 flow
  w35     0.000 Mbps (std  0.000)  jit   0.000 ms  reord  0.00%  rtt    0.00 ms        0 pkt  0 flow
>> selesai: 36 window -> qos_features.csv
>>          cuplikan mentah -> qos_samples.csv (untuk align_qos.py)
