>> run_id=CONT_s10_throughput_ElephantsDream | map=flows | poll=0.1s | window=10.0s -> qos_features.csv
>> menghitung SEMUA flow TCP yang lewat (Ctrl-C untuk berhenti)
>> XDP terpasang di eth0: prog id=1585
>> membaca 1 map bernama 'flows': id [448]
>> entri awal di map: 0  (0 = belum ada trafik TCP yang tertangkap)
  w0      0.000 Mbps (std  0.000)  jit   0.000 ms  reord  0.00%  rtt    0.00 ms        0 pkt  0 flow
  w1      0.000 Mbps (std  0.000)  jit   0.000 ms  reord  0.00%  rtt    0.00 ms        0 pkt  0 flow
  w2      0.000 Mbps (std  0.000)  jit   0.000 ms  reord  0.00%  rtt    0.00 ms        0 pkt  0 flow
  w3      0.000 Mbps (std  0.000)  jit   0.000 ms  reord  0.00%  rtt    0.00 ms        0 pkt  0 flow
  w4      0.064 Mbps (std  0.259)  jit   0.907 ms  reord  0.00%  rtt   53.19 ms       84 pkt  2 flow
  w5      1.011 Mbps (std  0.270)  jit  21.736 ms  reord  0.00%  rtt  134.77 ms    1,047 pkt  4 flow
  w6      1.015 Mbps (std  0.231)  jit  33.087 ms  reord  0.00%  rtt  136.37 ms    1,102 pkt  4 flow
  w7      1.233 Mbps (std  3.212)  jit  20.628 ms  reord  0.80%  rtt  113.88 ms    1,243 pkt  3 flow
  w8      1.081 Mbps (std  0.185)  jit  49.644 ms  reord  0.16%  rtt  134.78 ms    1,252 pkt  5 flow
  w9      1.078 Mbps (std  0.133)  jit  42.345 ms  reord  0.00%  rtt  123.09 ms    1,274 pkt  6 flow
  w10     0.402 Mbps (std  0.548)  jit  20.716 ms  reord  0.00%  rtt   91.34 ms      428 pkt  2 flow
  w11     0.360 Mbps (std  0.484)  jit  27.538 ms  reord  0.00%  rtt  111.34 ms      380 pkt  2 flow
  w12     0.852 Mbps (std  0.149)  jit  44.844 ms  reord  0.00%  rtt  152.96 ms    1,025 pkt  6 flow
  w13     0.687 Mbps (std  0.366)  jit  44.657 ms  reord  0.00%  rtt  132.74 ms      843 pkt  4 flow
  w14     0.692 Mbps (std  0.393)  jit  22.840 ms  reord  0.00%  rtt  137.71 ms      737 pkt  2 flow
  w15     0.454 Mbps (std  0.745)  jit  40.426 ms  reord  2.48%  rtt  169.85 ms      484 pkt  2 flow
  w16     0.382 Mbps (std  0.349)  jit  39.704 ms  reord  0.00%  rtt  166.75 ms      407 pkt  2 flow
  w17     0.539 Mbps (std  0.261)  jit  56.512 ms  reord  0.32%  rtt  216.00 ms      622 pkt  5 flow
  w18     1.911 Mbps (std 13.944)  jit  70.885 ms  reord  4.87%  rtt  254.69 ms    2,116 pkt  5 flow
  w19     0.310 Mbps (std  0.296)  jit  50.475 ms  reord  0.28%  rtt  202.34 ms      359 pkt  3 flow
  w20     0.451 Mbps (std  0.265)  jit  38.177 ms  reord  0.00%  rtt  227.96 ms      483 pkt  2 flow
  w21     0.456 Mbps (std  0.233)  jit  39.103 ms  reord  0.00%  rtt  233.72 ms      495 pkt  2 flow
  w22     0.357 Mbps (std  0.292)  jit  45.638 ms  reord  0.00%  rtt  881.37 ms      390 pkt  2 flow
  w23     0.202 Mbps (std  0.277)  jit  53.865 ms  reord  4.20%  rtt  347.27 ms      262 pkt  2 flow
  w24     0.200 Mbps (std  0.181)  jit  64.264 ms  reord  8.04%  rtt  376.92 ms      286 pkt  4 flow
  w25     0.207 Mbps (std  0.097)  jit  67.973 ms  reord 12.39%  rtt  271.87 ms      339 pkt  4 flow
  w26     0.202 Mbps (std  0.113)  jit  46.551 ms  reord 10.34%  rtt  227.35 ms      319 pkt  2 flow
  w27     0.165 Mbps (std  0.196)  jit  47.766 ms  reord  4.41%  rtt  279.50 ms      227 pkt  2 flow
  w28     0.117 Mbps (std  0.243)  jit  42.196 ms  reord  0.00%  rtt  391.50 ms      128 pkt  2 flow
  w29     0.141 Mbps (std  0.208)  jit  60.047 ms  reord  0.62%  rtt  500.58 ms      161 pkt  2 flow
  w30     0.105 Mbps (std  0.236)  jit  31.224 ms  reord  0.00%  rtt  403.58 ms      117 pkt  2 flow
  w31     0.154 Mbps (std  0.261)  jit  84.071 ms  reord  2.27%  rtt  664.16 ms      176 pkt  3 flow
  w32     0.137 Mbps (std  0.137)  jit 197.883 ms  reord  0.00%  rtt  538.13 ms      185 pkt  5 flow
  w33     0.094 Mbps (std  0.180)  jit  52.469 ms  reord  3.25%  rtt  395.17 ms      123 pkt  2 flow
  w34     0.000 Mbps (std  0.000)  jit   0.000 ms  reord  0.00%  rtt    0.00 ms        0 pkt  0 flow
  w35     0.000 Mbps (std  0.000)  jit   0.000 ms  reord  0.00%  rtt    0.00 ms        0 pkt  0 flow
  w36  (parsial, 3 cuplikan) 0.000 Mbps
>> selesai: 37 window -> qos_features.csv
>>          cuplikan mentah -> qos_samples.csv (untuk align_qos.py)
