>> run_id=CONT_s5_l2a_BigBuckBunny | map=flows | poll=0.1s | window=10.0s -> qos_features.csv
>> menghitung SEMUA flow TCP yang lewat (Ctrl-C untuk berhenti)
>> XDP terpasang di eth0: prog id=647
>> membaca 1 map bernama 'flows': id [180]
>> entri awal di map: 0  (0 = belum ada trafik TCP yang tertangkap)
  w0      0.000 Mbps (std  0.000)  jit   0.000 ms  reord  0.00%  rtt    0.00 ms        0 pkt  0 flow
  w1      0.000 Mbps (std  0.000)  jit   0.000 ms  reord  0.00%  rtt    0.00 ms        0 pkt  0 flow
  w2      0.000 Mbps (std  0.000)  jit   0.000 ms  reord  0.00%  rtt    0.00 ms        0 pkt  0 flow
  w3      0.000 Mbps (std  0.000)  jit   0.000 ms  reord  0.00%  rtt    0.00 ms        0 pkt  0 flow
  w4      0.359 Mbps (std  0.829)  jit   1.531 ms  reord  0.00%  rtt   77.80 ms      388 pkt  4 flow
  w5      2.213 Mbps (std  0.145)  jit  11.665 ms  reord  0.00%  rtt   47.21 ms    2,706 pkt  4 flow
  w6      1.863 Mbps (std  0.535)  jit  10.088 ms  reord  2.28%  rtt   54.25 ms    2,321 pkt  2 flow
  w7      1.403 Mbps (std  0.247)  jit  13.495 ms  reord  1.45%  rtt  106.30 ms    1,652 pkt  2 flow
  w8      1.405 Mbps (std  0.237)  jit  13.785 ms  reord  1.77%  rtt  110.93 ms    1,642 pkt  2 flow
  w9      0.780 Mbps (std  0.341)  jit  27.102 ms  reord 12.54%  rtt   87.54 ms    1,116 pkt  4 flow
  w10     0.557 Mbps (std  0.245)  jit  24.711 ms  reord 16.33%  rtt   48.97 ms      845 pkt  4 flow
  w11     0.694 Mbps (std  0.084)  jit  30.891 ms  reord 16.42%  rtt  103.19 ms    1,066 pkt  6 flow
  w12     0.691 Mbps (std  0.077)  jit  31.944 ms  reord 15.17%  rtt   92.19 ms    1,035 pkt  6 flow
  w13     0.648 Mbps (std  0.175)  jit  25.335 ms  reord 16.43%  rtt   57.91 ms      986 pkt  4 flow
  w14     0.503 Mbps (std  0.268)  jit  30.795 ms  reord 13.03%  rtt  119.33 ms      714 pkt  2 flow
  w15     0.366 Mbps (std  0.211)  jit  51.640 ms  reord  0.00%  rtt  262.53 ms      411 pkt  4 flow
  w16     0.368 Mbps (std  0.126)  jit 115.872 ms  reord  0.00%  rtt  347.04 ms      461 pkt  5 flow
  w17     0.367 Mbps (std  0.127)  jit 121.255 ms  reord  0.00%  rtt  336.11 ms      454 pkt  4 flow
  w18     0.200 Mbps (std  0.212)  jit  74.624 ms  reord  2.46%  rtt  454.88 ms      244 pkt  3 flow
  w19     0.190 Mbps (std  0.135)  jit 153.604 ms  reord  0.41%  rtt  595.59 ms      244 pkt  3 flow
  w20     0.173 Mbps (std  0.236)  jit  95.674 ms  reord  0.00%  rtt  539.01 ms      197 pkt  2 flow
  w21     0.982 Mbps (std  4.425)  jit  28.411 ms  reord  3.86%  rtt  186.21 ms    1,063 pkt  2 flow
  w22     0.469 Mbps (std  0.232)  jit  33.034 ms  reord  0.00%  rtt  235.13 ms      488 pkt  2 flow
  w23     0.911 Mbps (std  4.018)  jit  44.025 ms  reord  1.21%  rtt  213.48 ms      988 pkt  4 flow
  w24     0.967 Mbps (std  0.256)  jit  30.589 ms  reord  0.00%  rtt  147.84 ms    1,034 pkt  4 flow
  w25     0.971 Mbps (std  0.232)  jit  49.797 ms  reord  0.00%  rtt  182.87 ms    1,076 pkt  5 flow
  w26     0.970 Mbps (std  0.266)  jit  28.472 ms  reord  0.00%  rtt  130.94 ms    1,029 pkt  4 flow
  w27     1.672 Mbps (std  5.559)  jit  19.705 ms  reord  1.43%  rtt   90.68 ms    1,824 pkt  4 flow
  w28     2.382 Mbps (std  0.117)  jit  20.745 ms  reord  0.00%  rtt   59.28 ms    2,881 pkt  5 flow
  w29     2.374 Mbps (std  0.124)  jit  10.417 ms  reord  0.00%  rtt   35.53 ms    2,763 pkt  4 flow
  w30     2.377 Mbps (std  0.137)  jit   8.864 ms  reord  0.00%  rtt   35.41 ms    2,735 pkt  4 flow
  w31     9.110 Mbps (std 39.325)  jit  10.962 ms  reord  0.15%  rtt   89.88 ms    9,122 pkt  4 flow
  w32     4.217 Mbps (std 14.039)  jit  10.205 ms  reord  0.00%  rtt  112.10 ms    4,207 pkt  4 flow
  w33     3.573 Mbps (std 13.524)  jit  19.073 ms  reord  0.00%  rtt  114.15 ms    3,589 pkt  4 flow
  w34     0.679 Mbps (std  2.797)  jit   7.303 ms  reord  0.00%  rtt  105.55 ms      697 pkt  4 flow
  w35     0.000 Mbps (std  0.000)  jit   0.000 ms  reord  0.00%  rtt    0.00 ms        0 pkt  0 flow
  w36  (parsial, 5 cuplikan) 0.000 Mbps
>> selesai: 37 window -> qos_features.csv
>>          cuplikan mentah -> qos_samples.csv (untuk align_qos.py)
