>> run_id=CONT_s11_l2a_OfForestAndMen | map=flows | poll=0.1s | window=10.0s -> qos_features.csv
>> menghitung SEMUA flow TCP yang lewat (Ctrl-C untuk berhenti)
>> XDP terpasang di eth0: prog id=1690
>> membaca 1 map bernama 'flows': id [478]
>> entri awal di map: 0  (0 = belum ada trafik TCP yang tertangkap)
  w0      0.000 Mbps (std  0.000)  jit   0.000 ms  reord  0.00%  rtt    0.00 ms        0 pkt  0 flow
  w1      0.000 Mbps (std  0.000)  jit   0.000 ms  reord  0.00%  rtt    0.00 ms        0 pkt  0 flow
  w2      0.000 Mbps (std  0.000)  jit   0.000 ms  reord  0.00%  rtt    0.00 ms        0 pkt  0 flow
  w3      0.000 Mbps (std  0.000)  jit   0.000 ms  reord  0.00%  rtt    0.00 ms        0 pkt  0 flow
  w4      0.114 Mbps (std  0.275)  jit   3.821 ms  reord  0.00%  rtt  149.77 ms      138 pkt  4 flow
  w5      0.663 Mbps (std  0.127)  jit  37.418 ms  reord  0.00%  rtt  144.66 ms      819 pkt  6 flow
  w6      0.662 Mbps (std  0.099)  jit  24.731 ms  reord  0.00%  rtt  105.02 ms      837 pkt  2 flow
  w7      1.477 Mbps (std  7.867)  jit  23.056 ms  reord  1.69%  rtt  108.88 ms    1,655 pkt  2 flow
  w8      0.851 Mbps (std  0.248)  jit  23.450 ms  reord  1.10%  rtt  137.57 ms      912 pkt  2 flow
  w9      0.853 Mbps (std  0.267)  jit  22.533 ms  reord  0.00%  rtt  131.88 ms      879 pkt  2 flow
  w10     0.854 Mbps (std  0.289)  jit  21.762 ms  reord  0.00%  rtt  135.90 ms      876 pkt  4 flow
  w11     2.820 Mbps (std 19.638)  jit  27.815 ms  reord  0.91%  rtt  147.49 ms    2,872 pkt  4 flow
  w12     0.951 Mbps (std  0.290)  jit  21.644 ms  reord  0.00%  rtt  147.76 ms      979 pkt  2 flow
  w13     0.916 Mbps (std  0.334)  jit  30.824 ms  reord  0.00%  rtt  148.10 ms      999 pkt  4 flow
  w14     2.419 Mbps (std 14.868)  jit  45.984 ms  reord  0.51%  rtt  155.80 ms    2,537 pkt  5 flow
  w15     0.889 Mbps (std  0.212)  jit  39.597 ms  reord  0.00%  rtt  151.87 ms      990 pkt  4 flow
  w16     0.885 Mbps (std  0.221)  jit  23.315 ms  reord  0.00%  rtt  145.65 ms      934 pkt  2 flow
  w17     1.709 Mbps (std 12.081)  jit  27.054 ms  reord  2.52%  rtt  238.77 ms    1,829 pkt  2 flow
  w18     0.408 Mbps (std  0.158)  jit  43.955 ms  reord  6.17%  rtt  223.21 ms      567 pkt  4 flow
  w19     0.409 Mbps (std  0.087)  jit  61.957 ms  reord  7.43%  rtt  263.83 ms      619 pkt  5 flow
  w20     0.412 Mbps (std  0.153)  jit  75.331 ms  reord  7.22%  rtt  275.32 ms      582 pkt  4 flow
  w21     0.428 Mbps (std  0.115)  jit  89.150 ms  reord  0.00%  rtt  274.52 ms      544 pkt  4 flow
  w22     0.425 Mbps (std  0.092)  jit  41.818 ms  reord  0.00%  rtt  165.96 ms      546 pkt  3 flow
  w23     0.426 Mbps (std  0.091)  jit  52.481 ms  reord  0.00%  rtt  216.22 ms      552 pkt  4 flow
  w24     2.432 Mbps (std 16.072)  jit  41.146 ms  reord  0.16%  rtt  160.16 ms    2,512 pkt  4 flow
  w25     1.578 Mbps (std 12.691)  jit   0.051 ms  reord  0.00%  rtt    0.56 ms    1,533 pkt  2 flow
  w26     2.449 Mbps (std 13.723)  jit  22.552 ms  reord  0.00%  rtt    0.68 ms    2,383 pkt  2 flow
  w27     1.745 Mbps (std  9.026)  jit   0.050 ms  reord  0.00%  rtt    0.61 ms    1,702 pkt  2 flow
  w28     4.345 Mbps (std 15.976)  jit  10.471 ms  reord  0.00%  rtt  118.70 ms    4,296 pkt  4 flow
  w29     4.713 Mbps (std 20.456)  jit   8.222 ms  reord  0.00%  rtt  111.01 ms    4,640 pkt  4 flow
  w30     1.112 Mbps (std  6.741)  jit  17.735 ms  reord  0.00%  rtt  104.35 ms    1,109 pkt  2 flow
  w31     1.092 Mbps (std  0.187)  jit  16.935 ms  reord  0.00%  rtt  109.02 ms    1,144 pkt  4 flow
  w32     1.092 Mbps (std  0.198)  jit  26.216 ms  reord  0.00%  rtt  129.25 ms    1,167 pkt  4 flow
  w33     1.671 Mbps (std  7.531)  jit  43.385 ms  reord  5.22%  rtt  167.78 ms    1,974 pkt  4 flow
  w34     0.133 Mbps (std  0.278)  jit   8.257 ms  reord  2.38%  rtt  148.01 ms      168 pkt  4 flow
  w35     0.000 Mbps (std  0.000)  jit   0.000 ms  reord  0.00%  rtt    0.00 ms        0 pkt  0 flow
  w36  (parsial, 13 cuplikan) 0.000 Mbps
>> selesai: 37 window -> qos_features.csv
>>          cuplikan mentah -> qos_samples.csv (untuk align_qos.py)
