>> run_id=CONT_s10_l2a_Valkaama | map=flows | poll=0.1s | window=10.0s -> qos_features.csv
>> menghitung SEMUA flow TCP yang lewat (Ctrl-C untuk berhenti)
>> XDP terpasang di eth0: prog id=2132
>> membaca 1 map bernama 'flows': id [604]
>> entri awal di map: 0  (0 = belum ada trafik TCP yang tertangkap)
  w0      0.000 Mbps (std  0.000)  jit   0.000 ms  reord  0.00%  rtt    0.00 ms        0 pkt  0 flow
  w1      0.000 Mbps (std  0.000)  jit   0.000 ms  reord  0.00%  rtt    0.00 ms        0 pkt  0 flow
  w2      0.000 Mbps (std  0.000)  jit   0.000 ms  reord  0.00%  rtt    0.00 ms        0 pkt  0 flow
  w3      0.000 Mbps (std  0.000)  jit   0.000 ms  reord  0.00%  rtt    0.00 ms        0 pkt  0 flow
  w4      0.051 Mbps (std  0.244)  jit   0.405 ms  reord  0.00%  rtt   32.51 ms       75 pkt  2 flow
  w5      1.016 Mbps (std  0.284)  jit  24.018 ms  reord  0.00%  rtt  133.79 ms    1,079 pkt  4 flow
  w6      0.913 Mbps (std  0.375)  jit  28.952 ms  reord  0.00%  rtt  140.71 ms    1,000 pkt  4 flow
  w7      0.844 Mbps (std  1.479)  jit  27.084 ms  reord  1.03%  rtt  123.69 ms      873 pkt  4 flow
  w8      1.073 Mbps (std  0.177)  jit  45.643 ms  reord  0.00%  rtt  163.75 ms    1,222 pkt  5 flow
  w9      1.080 Mbps (std  0.175)  jit  41.214 ms  reord  0.00%  rtt  141.53 ms    1,251 pkt  5 flow
  w10     0.920 Mbps (std  0.446)  jit  19.169 ms  reord  0.00%  rtt  106.66 ms      958 pkt  2 flow
  w11     1.461 Mbps (std  5.660)  jit  19.630 ms  reord  1.22%  rtt   89.28 ms    1,562 pkt  2 flow
  w12     0.846 Mbps (std  0.190)  jit  47.070 ms  reord  0.00%  rtt  167.78 ms      990 pkt  6 flow
  w13     0.753 Mbps (std  0.325)  jit  46.071 ms  reord  0.00%  rtt  170.79 ms      865 pkt  4 flow
  w14     0.667 Mbps (std  0.431)  jit  33.134 ms  reord  0.00%  rtt  132.53 ms      712 pkt  2 flow
  w15     1.339 Mbps (std  5.115)  jit  29.143 ms  reord  3.97%  rtt  176.88 ms    1,460 pkt  2 flow
  w16     0.574 Mbps (std  0.189)  jit  33.198 ms  reord  0.00%  rtt  189.09 ms      605 pkt  2 flow
  w17     0.573 Mbps (std  0.152)  jit  53.551 ms  reord  0.00%  rtt  225.50 ms      636 pkt  4 flow
  w18     2.166 Mbps (std 13.547)  jit  72.374 ms  reord  6.14%  rtt  256.35 ms    2,396 pkt  5 flow
  w19     0.455 Mbps (std  0.224)  jit  53.338 ms  reord  1.90%  rtt  227.65 ms      525 pkt  4 flow
  w20     0.450 Mbps (std  0.266)  jit  35.770 ms  reord  0.00%  rtt  237.90 ms      479 pkt  2 flow
  w21     0.454 Mbps (std  0.250)  jit  32.065 ms  reord  0.00%  rtt  246.25 ms      476 pkt  2 flow
  w22     0.334 Mbps (std  0.305)  jit  27.816 ms  reord  0.00%  rtt  228.19 ms      347 pkt  2 flow
  w23     0.179 Mbps (std  0.238)  jit  57.970 ms  reord  8.71%  rtt  314.99 ms      241 pkt  2 flow
  w24     0.202 Mbps (std  0.113)  jit  42.630 ms  reord  8.44%  rtt  193.41 ms      320 pkt  2 flow
  w25     0.203 Mbps (std  0.094)  jit  57.609 ms  reord  9.73%  rtt  282.23 ms      329 pkt  4 flow
  w26     0.202 Mbps (std  0.084)  jit  31.223 ms  reord  8.28%  rtt  149.08 ms      326 pkt  2 flow
  w27     0.195 Mbps (std  0.294)  jit  38.538 ms  reord  5.51%  rtt  265.82 ms      272 pkt  2 flow
  w28     0.146 Mbps (std  0.241)  jit  40.236 ms  reord  0.62%  rtt  606.86 ms      160 pkt  2 flow
  w29     0.143 Mbps (std  0.249)  jit  36.139 ms  reord  0.00%  rtt  631.78 ms      152 pkt  2 flow
  w30     0.085 Mbps (std  0.246)  jit  32.282 ms  reord  0.00%  rtt  392.42 ms       91 pkt  2 flow
  w31     0.148 Mbps (std  0.188)  jit 132.355 ms  reord  0.53%  rtt  661.51 ms      188 pkt  4 flow
  w32     0.142 Mbps (std  0.156)  jit 138.673 ms  reord  0.55%  rtt  756.83 ms      183 pkt  3 flow
  w33     0.086 Mbps (std  0.226)  jit  52.898 ms  reord  1.05%  rtt  271.16 ms       95 pkt  2 flow
  w34     0.009 Mbps (std  0.060)  jit   9.213 ms  reord  0.00%  rtt  515.20 ms       13 pkt  2 flow
  w35     0.000 Mbps (std  0.000)  jit   0.000 ms  reord  0.00%  rtt    0.00 ms        0 pkt  0 flow
  w36  (parsial, 16 cuplikan) 0.000 Mbps
>> selesai: 37 window -> qos_features.csv
>>          cuplikan mentah -> qos_samples.csv (untuk align_qos.py)
