>> run_id=CONT_s11_throughput_BigBuckBunny | map=flows | poll=0.1s | window=10.0s -> qos_features.csv
>> menghitung SEMUA flow TCP yang lewat (Ctrl-C untuk berhenti)
>> XDP terpasang di eth0: prog id=2399
>> membaca 1 map bernama 'flows': id [680]
>> entri awal di map: 0  (0 = belum ada trafik TCP yang tertangkap)
  w0      0.000 Mbps (std  0.000)  jit   0.000 ms  reord  0.00%  rtt    0.00 ms        0 pkt  0 flow
  w1      0.000 Mbps (std  0.000)  jit   0.000 ms  reord  0.00%  rtt    0.00 ms        0 pkt  0 flow
  w2      0.000 Mbps (std  0.000)  jit   0.000 ms  reord  0.00%  rtt    0.00 ms        0 pkt  0 flow
  w3      0.000 Mbps (std  0.000)  jit   0.000 ms  reord  0.00%  rtt    0.00 ms        0 pkt  0 flow
  w4      0.122 Mbps (std  0.289)  jit   4.166 ms  reord  0.00%  rtt  139.95 ms      154 pkt  4 flow
  w5      0.664 Mbps (std  0.114)  jit  38.631 ms  reord  0.00%  rtt  145.88 ms      827 pkt  6 flow
  w6      0.601 Mbps (std  0.310)  jit  29.033 ms  reord  0.00%  rtt  143.05 ms      670 pkt  2 flow
  w7      0.861 Mbps (std  2.742)  jit  27.841 ms  reord  0.99%  rtt  171.31 ms      905 pkt  2 flow
  w8      0.386 Mbps (std  0.482)  jit  32.851 ms  reord  0.00%  rtt  137.67 ms      391 pkt  2 flow
  w9      0.533 Mbps (std  0.491)  jit  30.600 ms  reord  0.00%  rtt  126.87 ms      551 pkt  2 flow
  w10     0.857 Mbps (std  0.294)  jit  22.602 ms  reord  0.00%  rtt  133.39 ms      883 pkt  4 flow
  w11     2.465 Mbps (std 13.620)  jit  25.851 ms  reord  1.66%  rtt  138.79 ms    2,525 pkt  4 flow
  w12     0.464 Mbps (std  0.525)  jit  23.710 ms  reord  0.00%  rtt  128.11 ms      483 pkt  2 flow
  w13     0.730 Mbps (std  0.466)  jit  39.760 ms  reord  0.00%  rtt  153.04 ms      805 pkt  4 flow
  w14     2.905 Mbps (std 21.001)  jit  36.554 ms  reord  0.33%  rtt  156.97 ms    3,012 pkt  4 flow
  w15     0.379 Mbps (std  0.467)  jit  26.996 ms  reord  0.00%  rtt  144.66 ms      433 pkt  6 flow
  w16     0.845 Mbps (std  0.335)  jit  42.193 ms  reord  0.00%  rtt  131.12 ms      896 pkt  2 flow
  w17     0.730 Mbps (std  2.567)  jit  34.267 ms  reord  4.11%  rtt  171.22 ms      851 pkt  2 flow
  w18     0.406 Mbps (std  0.137)  jit  52.096 ms  reord  5.22%  rtt  226.96 ms      556 pkt  4 flow
  w19     0.407 Mbps (std  0.117)  jit  84.226 ms  reord  5.63%  rtt  270.14 ms      586 pkt  5 flow
  w20     0.413 Mbps (std  0.164)  jit  78.552 ms  reord  7.99%  rtt  251.83 ms      588 pkt  5 flow
  w21     0.426 Mbps (std  0.135)  jit  99.981 ms  reord  0.00%  rtt  267.50 ms      523 pkt  4 flow
  w22     0.217 Mbps (std  0.252)  jit  29.442 ms  reord  0.00%  rtt  155.07 ms      251 pkt  2 flow
  w23     0.211 Mbps (std  0.312)  jit  68.736 ms  reord  0.85%  rtt  200.16 ms      235 pkt  4 flow
  w24     0.135 Mbps (std  0.427)  jit  36.760 ms  reord  0.00%  rtt  203.75 ms      150 pkt  3 flow
  w25     0.535 Mbps (std  4.945)  jit  11.263 ms  reord  0.00%  rtt   15.85 ms      535 pkt  2 flow
  w26     0.413 Mbps (std  2.139)  jit   1.257 ms  reord  0.00%  rtt    0.53 ms      405 pkt  2 flow
  w27     0.245 Mbps (std  1.713)  jit   0.821 ms  reord  0.00%  rtt    0.85 ms      240 pkt  2 flow
  w28     2.396 Mbps (std  5.330)  jit  16.696 ms  reord  0.00%  rtt  112.99 ms    2,391 pkt  4 flow
  w29     1.511 Mbps (std  4.739)  jit   9.004 ms  reord  0.00%  rtt  125.86 ms    1,523 pkt  4 flow
  w30     0.448 Mbps (std  0.588)  jit  27.820 ms  reord  0.00%  rtt  119.41 ms      463 pkt  2 flow
  w31     1.095 Mbps (std  0.333)  jit  18.911 ms  reord  0.00%  rtt  130.35 ms    1,130 pkt  2 flow
  w32     0.850 Mbps (std  0.525)  jit  22.796 ms  reord  0.00%  rtt  134.99 ms      937 pkt  4 flow
  w33     0.727 Mbps (std  0.222)  jit  48.891 ms  reord  4.86%  rtt  155.04 ms      988 pkt  5 flow
  w34     0.083 Mbps (std  0.223)  jit   4.119 ms  reord  0.00%  rtt  110.65 ms      104 pkt  4 flow
  w35     0.000 Mbps (std  0.000)  jit   0.000 ms  reord  0.00%  rtt    0.00 ms        0 pkt  0 flow
  w36  (parsial, 9 cuplikan) 0.000 Mbps
>> selesai: 37 window -> qos_features.csv
>>          cuplikan mentah -> qos_samples.csv (untuk align_qos.py)
