>> run_id=CONT_s5_l2a_Valkaama | map=flows | poll=0.1s | window=10.0s -> qos_features.csv
>> menghitung SEMUA flow TCP yang lewat (Ctrl-C untuk berhenti)
>> XDP terpasang di eth0: prog id=1921
>> membaca 1 map bernama 'flows': id [544]
>> entri awal di map: 0  (0 = belum ada trafik TCP yang tertangkap)
  w0      0.000 Mbps (std  0.000)  jit   0.000 ms  reord  0.00%  rtt    0.00 ms        0 pkt  0 flow
  w1      0.000 Mbps (std  0.000)  jit   0.000 ms  reord  0.00%  rtt    0.00 ms        0 pkt  0 flow
  w2      0.000 Mbps (std  0.000)  jit   0.000 ms  reord  0.00%  rtt    0.00 ms        0 pkt  0 flow
  w3      0.000 Mbps (std  0.000)  jit   0.000 ms  reord  0.00%  rtt    0.00 ms        0 pkt  0 flow
  w4      0.341 Mbps (std  0.789)  jit   1.411 ms  reord  0.00%  rtt   77.39 ms      362 pkt  4 flow
  w5      2.191 Mbps (std  0.305)  jit  13.416 ms  reord  0.00%  rtt   84.45 ms    2,210 pkt  4 flow
  w6      1.846 Mbps (std  0.596)  jit  11.990 ms  reord  0.89%  rtt   93.18 ms    1,900 pkt  2 flow
  w7      0.990 Mbps (std  0.679)  jit  16.158 ms  reord  1.72%  rtt  111.31 ms    1,162 pkt  2 flow
  w8      1.404 Mbps (std  0.246)  jit  13.939 ms  reord  1.34%  rtt  103.40 ms    1,646 pkt  2 flow
  w9      0.634 Mbps (std  0.405)  jit  31.842 ms  reord 15.33%  rtt   98.16 ms      913 pkt  4 flow
  w10     0.583 Mbps (std  0.226)  jit  22.517 ms  reord 16.35%  rtt   46.32 ms      881 pkt  4 flow
  w11     0.699 Mbps (std  0.125)  jit  27.018 ms  reord 15.52%  rtt   91.71 ms    1,057 pkt  5 flow
  w12     0.692 Mbps (std  0.081)  jit  33.669 ms  reord 14.19%  rtt  103.22 ms    1,036 pkt  6 flow
  w13     0.615 Mbps (std  0.216)  jit  26.600 ms  reord 16.02%  rtt   63.64 ms      930 pkt  4 flow
  w14     0.474 Mbps (std  0.265)  jit  31.299 ms  reord 11.24%  rtt  111.22 ms      667 pkt  2 flow
  w15     0.366 Mbps (std  0.194)  jit  57.042 ms  reord  0.00%  rtt  285.58 ms      420 pkt  4 flow
  w16     0.367 Mbps (std  0.112)  jit 119.333 ms  reord  0.00%  rtt  354.90 ms      461 pkt  5 flow
  w17     0.365 Mbps (std  0.108)  jit 123.102 ms  reord  0.00%  rtt  341.70 ms      446 pkt  4 flow
  w18     0.558 Mbps (std  2.586)  jit  63.950 ms  reord  5.14%  rtt  511.66 ms      623 pkt  4 flow
  w19     0.189 Mbps (std  0.133)  jit 136.166 ms  reord  0.41%  rtt  640.59 ms      243 pkt  5 flow
  w20     0.189 Mbps (std  0.165)  jit 101.945 ms  reord  0.00%  rtt  490.43 ms      222 pkt  4 flow
  w21     0.731 Mbps (std  3.014)  jit  41.677 ms  reord  1.02%  rtt  222.04 ms      781 pkt  2 flow
  w22     0.470 Mbps (std  0.218)  jit  37.540 ms  reord  0.00%  rtt  221.15 ms      511 pkt  2 flow
  w23     2.949 Mbps (std 16.670)  jit  55.251 ms  reord  0.36%  rtt  224.32 ms    3,038 pkt  4 flow
  w24     0.973 Mbps (std  0.257)  jit  29.334 ms  reord  0.00%  rtt  148.25 ms    1,042 pkt  4 flow
  w25     0.973 Mbps (std  0.224)  jit  51.145 ms  reord  0.00%  rtt  179.76 ms    1,091 pkt  5 flow
  w26     0.967 Mbps (std  0.265)  jit  31.670 ms  reord  0.00%  rtt  139.85 ms    1,050 pkt  4 flow
  w27     2.098 Mbps (std  8.290)  jit  16.986 ms  reord  2.35%  rtt  105.05 ms    2,210 pkt  4 flow
  w28     2.374 Mbps (std  0.231)  jit  20.360 ms  reord  0.00%  rtt   79.49 ms    2,648 pkt  6 flow
  w29     2.368 Mbps (std  0.188)  jit   9.360 ms  reord  0.00%  rtt   53.85 ms    2,495 pkt  4 flow
  w30     2.363 Mbps (std  0.200)  jit   9.978 ms  reord  0.00%  rtt   54.95 ms    2,497 pkt  4 flow
  w31     9.398 Mbps (std 40.114)  jit   9.675 ms  reord  0.15%  rtt   91.69 ms    9,411 pkt  4 flow
  w32     6.617 Mbps (std 25.551)  jit   9.668 ms  reord  0.00%  rtt  107.94 ms    6,558 pkt  4 flow
  w33     4.942 Mbps (std 18.515)  jit   9.981 ms  reord  0.00%  rtt  112.84 ms    4,924 pkt  6 flow
  w34     0.413 Mbps (std  2.006)  jit   2.742 ms  reord  0.00%  rtt  129.47 ms      428 pkt  4 flow
  w35     0.000 Mbps (std  0.000)  jit   0.000 ms  reord  0.00%  rtt    0.00 ms        0 pkt  0 flow
  w36  (parsial, 6 cuplikan) 0.000 Mbps
>> selesai: 37 window -> qos_features.csv
>>          cuplikan mentah -> qos_samples.csv (untuk align_qos.py)
