>> run_id=CONT_s14_throughput_TearsOfSteel | map=flows | poll=0.1s | window=10.0s -> qos_features.csv
>> menghitung SEMUA flow TCP yang lewat (Ctrl-C untuk berhenti)
>> XDP terpasang di eth0: prog id=850
>> membaca 1 map bernama 'flows': id [238]
>> entri awal di map: 0  (0 = belum ada trafik TCP yang tertangkap)
  w0      0.000 Mbps (std  0.000)  jit   0.000 ms  reord  0.00%  rtt    0.00 ms        0 pkt  0 flow
  w1      0.000 Mbps (std  0.000)  jit   0.000 ms  reord  0.00%  rtt    0.00 ms        0 pkt  0 flow
  w2      0.000 Mbps (std  0.000)  jit   0.000 ms  reord  0.00%  rtt    0.00 ms        0 pkt  0 flow
  w3      0.000 Mbps (std  0.000)  jit   0.000 ms  reord  0.00%  rtt    0.00 ms        0 pkt  0 flow
  w4      0.005 Mbps (std  0.041)  jit   0.003 ms  reord  0.00%  rtt    0.27 ms       20 pkt  2 flow
  w5      0.130 Mbps (std  0.172)  jit  94.684 ms  reord  4.15%  rtt  604.29 ms      193 pkt  4 flow
  w6      0.121 Mbps (std  0.118)  jit 177.941 ms  reord  0.00%  rtt  869.55 ms      157 pkt  3 flow
  w7      0.128 Mbps (std  0.179)  jit 150.137 ms  reord  3.57%  rtt  467.12 ms      168 pkt  4 flow
  w8      0.119 Mbps (std  0.152)  jit 102.445 ms  reord  0.00%  rtt  753.75 ms      140 pkt  2 flow
  w9      0.123 Mbps (std  0.182)  jit 164.639 ms  reord  0.00%  rtt  588.11 ms      143 pkt  2 flow
  w10     0.122 Mbps (std  0.153)  jit 166.063 ms  reord  1.78%  rtt  556.61 ms      169 pkt  4 flow
  w11     0.122 Mbps (std  0.150)  jit 186.401 ms  reord  1.32%  rtt  918.04 ms      152 pkt  3 flow
  w12     2.289 Mbps (std 15.419)  jit 168.401 ms  reord  0.35%  rtt  743.71 ms    2,305 pkt  6 flow
  w13     0.124 Mbps (std  0.131)  jit 174.849 ms  reord  1.79%  rtt  907.47 ms      168 pkt  5 flow
  w14     0.121 Mbps (std  0.110)  jit 334.408 ms  reord  0.00%  rtt 1096.88 ms      165 pkt  3 flow
  w15     0.134 Mbps (std  0.175)  jit 140.302 ms  reord  4.32%  rtt  557.05 ms      185 pkt  4 flow
  w16     0.121 Mbps (std  0.168)  jit 103.368 ms  reord  2.03%  rtt  617.04 ms      148 pkt  2 flow
  w17     0.120 Mbps (std  0.152)  jit 325.293 ms  reord  0.68%  rtt  639.90 ms      148 pkt  3 flow
  w18     0.121 Mbps (std  0.159)  jit 208.474 ms  reord  1.38%  rtt  603.87 ms      145 pkt  2 flow
  w19     0.124 Mbps (std  0.153)  jit 142.701 ms  reord  0.00%  rtt  924.53 ms      155 pkt  4 flow
  w20     0.265 Mbps (std  1.370)  jit 345.608 ms  reord  3.80%  rtt  697.30 ms      342 pkt  4 flow
  w21     0.122 Mbps (std  0.093)  jit 303.561 ms  reord  0.55%  rtt  860.18 ms      183 pkt  3 flow
  w22     0.123 Mbps (std  0.092)  jit 357.095 ms  reord  0.00%  rtt  821.58 ms      188 pkt  4 flow
  w23     0.122 Mbps (std  0.105)  jit 328.551 ms  reord  0.00%  rtt 1115.21 ms      167 pkt  2 flow
  w24     0.558 Mbps (std  4.233)  jit 171.060 ms  reord  1.01%  rtt  681.27 ms      597 pkt  4 flow
  w25     0.124 Mbps (std  0.151)  jit 223.587 ms  reord  1.79%  rtt  646.58 ms      168 pkt  3 flow
  w26     0.121 Mbps (std  0.102)  jit 376.402 ms  reord  0.00%  rtt  801.24 ms      176 pkt  3 flow
  w27     0.496 Mbps (std  3.341)  jit 203.041 ms  reord  3.58%  rtt  411.58 ms      587 pkt  4 flow
  w28     0.180 Mbps (std  0.211)  jit 120.533 ms  reord  0.90%  rtt  413.51 ms      222 pkt  4 flow
  w29     0.174 Mbps (std  0.174)  jit 239.530 ms  reord  0.44%  rtt  463.50 ms      228 pkt  3 flow
  w30     0.182 Mbps (std  0.157)  jit 233.319 ms  reord  0.00%  rtt  547.58 ms      237 pkt  4 flow
  w31     0.180 Mbps (std  0.115)  jit 243.595 ms  reord  0.41%  rtt  471.09 ms      243 pkt  4 flow
  w32     0.315 Mbps (std  0.245)  jit 166.887 ms  reord  2.17%  rtt  312.89 ms      414 pkt  6 flow
  w33     0.505 Mbps (std  0.134)  jit 123.594 ms  reord  0.00%  rtt  311.19 ms      637 pkt  6 flow
  w34     0.506 Mbps (std  0.103)  jit  38.519 ms  reord  0.00%  rtt  150.31 ms      670 pkt  4 flow
  w35  (parsial, 92 cuplikan) 0.212 Mbps
>> selesai: 36 window -> qos_features.csv
>>          cuplikan mentah -> qos_samples.csv (untuk align_qos.py)
