>> run_id=CONT_s3_dynamic_TearsOfSteel | map=flows | poll=0.1s | window=10.0s -> qos_features.csv
>> menghitung SEMUA flow TCP yang lewat (Ctrl-C untuk berhenti)
>> XDP terpasang di eth0: prog id=1746
>> membaca 1 map bernama 'flows': id [494]
>> entri awal di map: 0  (0 = belum ada trafik TCP yang tertangkap)
  w0      0.000 Mbps (std  0.000)  jit   0.000 ms  reord  0.00%  rtt    0.00 ms        0 pkt  0 flow
  w1      0.000 Mbps (std  0.000)  jit   0.000 ms  reord  0.00%  rtt    0.00 ms        0 pkt  0 flow
  w2      0.000 Mbps (std  0.000)  jit   0.000 ms  reord  0.00%  rtt    0.00 ms        0 pkt  0 flow
  w3      0.000 Mbps (std  0.000)  jit   0.000 ms  reord  0.00%  rtt    0.00 ms        0 pkt  0 flow
  w4      0.054 Mbps (std  0.194)  jit   3.247 ms  reord  2.63%  rtt  319.72 ms       76 pkt  4 flow
  w5      0.305 Mbps (std  0.181)  jit 118.923 ms  reord  0.26%  rtt  354.78 ms      390 pkt  6 flow
  w6      0.298 Mbps (std  0.099)  jit 146.236 ms  reord  0.00%  rtt  304.59 ms      384 pkt  4 flow
  w7      0.685 Mbps (std  3.724)  jit  85.936 ms  reord  2.99%  rtt  261.29 ms      768 pkt  4 flow
  w8      0.337 Mbps (std  0.146)  jit 120.490 ms  reord 16.21%  rtt  264.14 ms      512 pkt  4 flow
  w9      0.338 Mbps (std  0.091)  jit 107.008 ms  reord 11.53%  rtt  325.72 ms      503 pkt  5 flow
  w10     0.649 Mbps (std  0.258)  jit  81.192 ms  reord  2.94%  rtt  179.14 ms      782 pkt  4 flow
  w11     0.583 Mbps (std  0.406)  jit  46.595 ms  reord  0.00%  rtt   89.35 ms      675 pkt  4 flow
  w12     0.757 Mbps (std  0.171)  jit  54.439 ms  reord  0.21%  rtt  174.36 ms      936 pkt  6 flow
  w13     0.740 Mbps (std  0.696)  jit  22.731 ms  reord  0.00%  rtt  107.29 ms      769 pkt  4 flow
  w14     1.327 Mbps (std  0.558)  jit  41.005 ms  reord  0.00%  rtt   71.48 ms    1,546 pkt  6 flow
  w15     0.728 Mbps (std  0.769)  jit  22.560 ms  reord  1.08%  rtt   70.35 ms      832 pkt  4 flow
  w16     0.487 Mbps (std  0.571)  jit  25.719 ms  reord  0.00%  rtt  104.57 ms      507 pkt  2 flow
  w17     0.932 Mbps (std  0.400)  jit  34.304 ms  reord  0.10%  rtt  138.19 ms    1,004 pkt  5 flow
  w18     1.024 Mbps (std  0.140)  jit 174.755 ms  reord  0.00%  rtt  144.23 ms    1,224 pkt  6 flow
  w19     0.632 Mbps (std  0.545)  jit  33.389 ms  reord  0.00%  rtt  106.59 ms      690 pkt  4 flow
  w20     0.480 Mbps (std  1.060)  jit  28.149 ms  reord  1.77%  rtt  109.49 ms      508 pkt  2 flow
  w21     0.527 Mbps (std  0.488)  jit  27.153 ms  reord  0.00%  rtt  114.54 ms      558 pkt  2 flow
  w22     0.585 Mbps (std  0.446)  jit  32.074 ms  reord  0.00%  rtt  128.08 ms      615 pkt  2 flow
  w23     0.859 Mbps (std  0.226)  jit 207.796 ms  reord  0.00%  rtt  159.89 ms      922 pkt  4 flow
  w24     1.323 Mbps (std  5.103)  jit  53.408 ms  reord  1.29%  rtt  167.61 ms    1,396 pkt  4 flow
  w25     0.506 Mbps (std  0.306)  jit  60.287 ms  reord  9.47%  rtt  203.78 ms      665 pkt  4 flow
  w26     0.396 Mbps (std  0.287)  jit  80.089 ms  reord 13.16%  rtt  198.05 ms      585 pkt  4 flow
  w27     0.414 Mbps (std  0.257)  jit  81.999 ms  reord 13.10%  rtt  192.76 ms      603 pkt  4 flow
  w28     0.408 Mbps (std  0.258)  jit  83.928 ms  reord 11.91%  rtt  169.54 ms      596 pkt  4 flow
  w29     0.416 Mbps (std  0.269)  jit  81.248 ms  reord 13.76%  rtt  178.82 ms      625 pkt  4 flow
  w30     0.516 Mbps (std  0.191)  jit 101.148 ms  reord  0.95%  rtt  235.50 ms      633 pkt  5 flow
  w31     0.516 Mbps (std  0.149)  jit  86.498 ms  reord  0.00%  rtt  219.22 ms      619 pkt  4 flow
  w32     0.519 Mbps (std  0.202)  jit 107.886 ms  reord  0.31%  rtt  262.40 ms      636 pkt  6 flow
  w33     0.520 Mbps (std  0.121)  jit 122.488 ms  reord  0.00%  rtt  292.37 ms      659 pkt  6 flow
  w34     0.097 Mbps (std  0.209)  jit  17.977 ms  reord  0.00%  rtt  229.01 ms      123 pkt  4 flow
  w35     0.000 Mbps (std  0.000)  jit   0.000 ms  reord  0.00%  rtt    0.00 ms        0 pkt  0 flow
  w36  (parsial, 6 cuplikan) 0.000 Mbps
>> selesai: 37 window -> qos_features.csv
>>          cuplikan mentah -> qos_samples.csv (untuk align_qos.py)
