>> run_id=CONT_s3_l2a_ElephantsDream | map=flows | poll=0.1s | window=10.0s -> qos_features.csv
>> menghitung SEMUA flow TCP yang lewat (Ctrl-C untuk berhenti)
>> XDP terpasang di eth0: prog id=1781
>> membaca 1 map bernama 'flows': id [504]
>> entri awal di map: 0  (0 = belum ada trafik TCP yang tertangkap)
  w0      0.000 Mbps (std  0.000)  jit   0.000 ms  reord  0.00%  rtt    0.00 ms        0 pkt  0 flow
  w1      0.000 Mbps (std  0.000)  jit   0.000 ms  reord  0.00%  rtt    0.00 ms        0 pkt  0 flow
  w2      0.000 Mbps (std  0.000)  jit   0.000 ms  reord  0.00%  rtt    0.00 ms        0 pkt  0 flow
  w3      0.000 Mbps (std  0.000)  jit   0.000 ms  reord  0.00%  rtt    0.00 ms        0 pkt  0 flow
  w4      0.058 Mbps (std  0.188)  jit   4.712 ms  reord  1.22%  rtt  287.38 ms       82 pkt  4 flow
  w5      0.288 Mbps (std  0.236)  jit  45.020 ms  reord  0.00%  rtt  373.00 ms      312 pkt  4 flow
  w6      0.224 Mbps (std  0.239)  jit  29.032 ms  reord  0.40%  rtt  301.47 ms      247 pkt  2 flow
  w7      0.750 Mbps (std  4.374)  jit  36.318 ms  reord  6.27%  rtt  300.05 ms      813 pkt  2 flow
  w8      0.281 Mbps (std  0.151)  jit  39.111 ms  reord 12.44%  rtt  243.66 ms      418 pkt  4 flow
  w9      0.307 Mbps (std  0.135)  jit  66.680 ms  reord 15.38%  rtt  296.03 ms      455 pkt  4 flow
  w10     0.608 Mbps (std  0.291)  jit  36.127 ms  reord  1.81%  rtt   93.51 ms      717 pkt  2 flow
  w11     0.754 Mbps (std  0.116)  jit  23.198 ms  reord  0.00%  rtt   92.96 ms      859 pkt  3 flow
  w12     0.752 Mbps (std  0.209)  jit  46.948 ms  reord  0.00%  rtt  182.92 ms      856 pkt  6 flow
  w13     1.452 Mbps (std  3.717)  jit  21.734 ms  reord  0.54%  rtt  136.99 ms    1,483 pkt  2 flow
  w14     1.537 Mbps (std  0.261)  jit  21.076 ms  reord  0.00%  rtt  108.09 ms    1,660 pkt  5 flow
  w15     1.536 Mbps (std  0.302)  jit  19.211 ms  reord  0.00%  rtt  108.12 ms    1,610 pkt  4 flow
  w16     1.017 Mbps (std  0.280)  jit  18.741 ms  reord  1.23%  rtt  117.04 ms    1,061 pkt  2 flow
  w17     1.012 Mbps (std  0.259)  jit  18.890 ms  reord  0.00%  rtt  119.08 ms    1,055 pkt  4 flow
  w18     1.018 Mbps (std  0.253)  jit  37.724 ms  reord  0.00%  rtt  156.35 ms    1,094 pkt  4 flow
  w19     1.019 Mbps (std  0.251)  jit  18.308 ms  reord  0.00%  rtt  115.63 ms    1,050 pkt  2 flow
  w20     1.994 Mbps (std 10.847)  jit  19.527 ms  reord  5.76%  rtt  134.05 ms    2,205 pkt  2 flow
  w21     0.853 Mbps (std  0.288)  jit  21.852 ms  reord  0.00%  rtt  136.59 ms      881 pkt  2 flow
  w22     0.847 Mbps (std  0.290)  jit  21.794 ms  reord  0.00%  rtt  135.43 ms      875 pkt  2 flow
  w23     0.754 Mbps (std  0.374)  jit  25.174 ms  reord  0.00%  rtt  140.13 ms      797 pkt  2 flow
  w24     0.849 Mbps (std  0.264)  jit  23.334 ms  reord  0.00%  rtt  138.59 ms      886 pkt  2 flow
  w25     0.452 Mbps (std  1.259)  jit  50.026 ms  reord 10.92%  rtt  154.23 ms      577 pkt  2 flow
  w26     0.390 Mbps (std  0.256)  jit  50.598 ms  reord 10.28%  rtt  143.98 ms      535 pkt  2 flow
  w27     0.367 Mbps (std  0.240)  jit  50.414 ms  reord  7.83%  rtt  147.19 ms      498 pkt  2 flow
  w28     0.368 Mbps (std  0.250)  jit  45.378 ms  reord 11.26%  rtt  144.04 ms      524 pkt  2 flow
  w29     0.277 Mbps (std  0.168)  jit  65.589 ms  reord 12.75%  rtt  142.10 ms      408 pkt  2 flow
  w30     0.471 Mbps (std  0.218)  jit  57.480 ms  reord  1.38%  rtt  183.10 ms      580 pkt  4 flow
  w31     0.517 Mbps (std  0.172)  jit  42.776 ms  reord  0.00%  rtt  145.02 ms      599 pkt  4 flow
  w32     0.521 Mbps (std  0.167)  jit  43.527 ms  reord  0.00%  rtt  170.74 ms      614 pkt  4 flow
  w33     0.517 Mbps (std  0.158)  jit  83.172 ms  reord  0.00%  rtt  243.13 ms      616 pkt  4 flow
  w34     0.519 Mbps (std  0.173)  jit  34.747 ms  reord  0.00%  rtt  132.20 ms      598 pkt  2 flow
  w35     0.246 Mbps (std  0.287)  jit  16.095 ms  reord  0.00%  rtt  134.10 ms      284 pkt  2 flow
  w36  (parsial, 23 cuplikan) 0.000 Mbps
>> selesai: 37 window -> qos_features.csv
>>          cuplikan mentah -> qos_samples.csv (untuk align_qos.py)
