>> run_id=CONT_s8_dynamic_OfForestAndMen | map=flows | poll=0.1s | window=10.0s -> qos_features.csv
>> menghitung SEMUA flow TCP yang lewat (Ctrl-C untuk berhenti)
>> XDP terpasang di eth0: prog id=1249
>> membaca 1 map bernama 'flows': id [352]
>> entri awal di map: 0  (0 = belum ada trafik TCP yang tertangkap)
  w0      0.000 Mbps (std  0.000)  jit   0.000 ms  reord  0.00%  rtt    0.00 ms        0 pkt  0 flow
  w1      0.000 Mbps (std  0.000)  jit   0.000 ms  reord  0.00%  rtt    0.00 ms        0 pkt  0 flow
  w2      0.000 Mbps (std  0.000)  jit   0.000 ms  reord  0.00%  rtt    0.00 ms        0 pkt  0 flow
  w3      0.000 Mbps (std  0.000)  jit   0.000 ms  reord  0.00%  rtt    0.00 ms        0 pkt  0 flow
  w4      0.005 Mbps (std  0.040)  jit   1.031 ms  reord  8.00%  rtt  153.10 ms       25 pkt  2 flow
  w5      0.149 Mbps (std  0.132)  jit  95.243 ms  reord 12.35%  rtt  579.59 ms      243 pkt  4 flow
  w6      0.128 Mbps (std  0.122)  jit  56.090 ms  reord  9.33%  rtt  381.05 ms      193 pkt  2 flow
  w7      0.148 Mbps (std  0.120)  jit  79.395 ms  reord  5.39%  rtt  411.89 ms      204 pkt  2 flow
  w8      0.141 Mbps (std  0.101)  jit  64.658 ms  reord  4.41%  rtt  498.44 ms      204 pkt  2 flow
  w9      0.145 Mbps (std  0.184)  jit  54.981 ms  reord  5.73%  rtt  457.25 ms      192 pkt  2 flow
  w10     0.114 Mbps (std  0.280)  jit  36.938 ms  reord  0.00%  rtt  346.83 ms      118 pkt  2 flow
  w11     0.147 Mbps (std  0.214)  jit  60.043 ms  reord  1.12%  rtt  469.56 ms      178 pkt  4 flow
  w12     0.149 Mbps (std  0.116)  jit 157.875 ms  reord  1.01%  rtt  788.28 ms      198 pkt  4 flow
  w13     1.572 Mbps (std 12.267)  jit 129.061 ms  reord  4.13%  rtt  549.62 ms    1,598 pkt  4 flow
  w14     0.057 Mbps (std  0.188)  jit  40.144 ms  reord  0.00%  rtt  294.57 ms       63 pkt  2 flow
  w15     0.090 Mbps (std  0.208)  jit  75.410 ms  reord  0.00%  rtt  439.30 ms       98 pkt  2 flow
  w16     0.123 Mbps (std  0.168)  jit  69.896 ms  reord  0.00%  rtt  497.26 ms      143 pkt  2 flow
  w17     0.105 Mbps (std  0.176)  jit  48.418 ms  reord  0.00%  rtt  408.51 ms      124 pkt  2 flow
  w18     0.046 Mbps (std  0.193)  jit  31.997 ms  reord  7.14%  rtt  143.42 ms       56 pkt  2 flow
  w19     0.136 Mbps (std  0.239)  jit 150.965 ms  reord  1.23%  rtt  365.44 ms      163 pkt  2 flow
  w20     0.167 Mbps (std  0.178)  jit  72.946 ms  reord  0.00%  rtt  385.06 ms      193 pkt  2 flow
  w21     0.161 Mbps (std  0.200)  jit  50.299 ms  reord  0.53%  rtt  350.51 ms      188 pkt  4 flow
  w22     0.155 Mbps (std  0.235)  jit  94.535 ms  reord  3.52%  rtt  430.93 ms      199 pkt  3 flow
  w23     0.168 Mbps (std  0.256)  jit  64.384 ms  reord  0.00%  rtt  203.90 ms      188 pkt  2 flow
  w24     0.360 Mbps (std  0.229)  jit  53.061 ms  reord  0.00%  rtt  298.81 ms      398 pkt  4 flow
  w25     2.154 Mbps (std 18.520)  jit  92.836 ms  reord  0.49%  rtt  380.01 ms    2,245 pkt  4 flow
  w26     0.157 Mbps (std  0.169)  jit 129.887 ms  reord  1.93%  rtt  652.78 ms      207 pkt  5 flow
  w27     0.156 Mbps (std  0.112)  jit 154.154 ms  reord  0.00%  rtt  710.23 ms      212 pkt  5 flow
  w28     0.164 Mbps (std  0.185)  jit 169.847 ms  reord  1.77%  rtt  637.99 ms      226 pkt  3 flow
  w29     0.126 Mbps (std  0.190)  jit  43.309 ms  reord  0.00%  rtt  239.17 ms      160 pkt  4 flow
  w30     0.241 Mbps (std  0.138)  jit 212.576 ms  reord  0.00%  rtt  418.40 ms      297 pkt  3 flow
  w31     0.242 Mbps (std  0.136)  jit 130.844 ms  reord  0.00%  rtt  430.41 ms      312 pkt  4 flow
  w32     1.631 Mbps (std 12.689)  jit 141.866 ms  reord  4.18%  rtt  509.90 ms    1,698 pkt  4 flow
  w33     0.211 Mbps (std  0.222)  jit  53.782 ms  reord  7.96%  rtt  392.35 ms      289 pkt  4 flow
  w34     0.202 Mbps (std  0.113)  jit  46.609 ms  reord 11.18%  rtt  601.29 ms      322 pkt  4 flow
  w35     0.000 Mbps (std  0.000)  jit   0.000 ms  reord  0.00%  rtt    0.00 ms        0 pkt  0 flow
  w36  (parsial, 18 cuplikan) 0.000 Mbps
>> selesai: 37 window -> qos_features.csv
>>          cuplikan mentah -> qos_samples.csv (untuk align_qos.py)
