>> run_id=CONT_s6_l2a_OfForestAndMen | map=flows | poll=0.1s | window=10.0s -> qos_features.csv
>> menghitung SEMUA flow TCP yang lewat (Ctrl-C untuk berhenti)
>> XDP terpasang di eth0: prog id=2441
>> membaca 1 map bernama 'flows': id [692]
>> entri awal di map: 0  (0 = belum ada trafik TCP yang tertangkap)
  w0      0.000 Mbps (std  0.000)  jit   0.000 ms  reord  0.00%  rtt    0.00 ms        0 pkt  0 flow
  w1      0.000 Mbps (std  0.000)  jit   0.000 ms  reord  0.00%  rtt    0.00 ms        0 pkt  0 flow
  w2      0.000 Mbps (std  0.000)  jit   0.000 ms  reord  0.00%  rtt    0.00 ms        0 pkt  0 flow
  w3      0.000 Mbps (std  0.000)  jit   0.000 ms  reord  0.00%  rtt    0.00 ms        0 pkt  0 flow
  w4      0.005 Mbps (std  0.044)  jit   0.017 ms  reord  0.00%  rtt    0.27 ms       21 pkt  2 flow
  w5      0.504 Mbps (std  0.325)  jit  30.703 ms  reord 14.61%  rtt  141.41 ms      753 pkt  4 flow
  w6      0.423 Mbps (std  0.269)  jit  40.521 ms  reord 13.42%  rtt  140.39 ms      626 pkt  2 flow
  w7      0.689 Mbps (std  0.355)  jit  26.085 ms  reord 14.24%  rtt  152.67 ms    1,011 pkt  2 flow
  w8      0.566 Mbps (std  0.295)  jit  35.126 ms  reord 17.56%  rtt  141.50 ms      843 pkt  2 flow
  w9      0.755 Mbps (std  0.281)  jit  26.960 ms  reord 13.09%  rtt  182.04 ms    1,115 pkt  4 flow
  w10     0.855 Mbps (std  0.254)  jit  42.646 ms  reord  3.40%  rtt  169.45 ms    1,058 pkt  5 flow
  w11     0.932 Mbps (std  0.269)  jit  22.252 ms  reord  0.00%  rtt  131.18 ms      997 pkt  4 flow
  w12     0.926 Mbps (std  0.232)  jit  22.855 ms  reord  0.00%  rtt  137.03 ms      979 pkt  2 flow
  w13     0.932 Mbps (std  0.153)  jit  47.967 ms  reord  0.00%  rtt  159.23 ms    1,084 pkt  4 flow
  w14     0.925 Mbps (std  0.246)  jit  33.408 ms  reord  0.00%  rtt  140.77 ms    1,014 pkt  4 flow
  w15     0.932 Mbps (std  0.243)  jit  27.736 ms  reord  0.00%  rtt  141.07 ms    1,024 pkt  4 flow
  w16     2.916 Mbps (std 24.157)  jit  65.973 ms  reord  2.52%  rtt  237.70 ms    3,058 pkt  5 flow
  w17     0.443 Mbps (std  0.133)  jit 104.535 ms  reord  0.00%  rtt  305.44 ms      537 pkt  5 flow
  w18     0.440 Mbps (std  0.146)  jit  96.878 ms  reord  0.00%  rtt  300.52 ms      538 pkt  5 flow
  w19     0.438 Mbps (std  0.141)  jit 105.051 ms  reord  0.00%  rtt  303.34 ms      534 pkt  4 flow
  w20     0.532 Mbps (std  1.665)  jit  89.317 ms  reord  1.62%  rtt  361.90 ms      619 pkt  5 flow
  w21     0.277 Mbps (std  0.278)  jit  39.350 ms  reord  0.33%  rtt  298.03 ms      299 pkt  2 flow
  w22     0.943 Mbps (std  6.296)  jit  44.083 ms  reord  1.02%  rtt  357.05 ms      977 pkt  4 flow
  w23     0.141 Mbps (std  0.078)  jit  92.328 ms  reord 37.50%  rtt  665.61 ms      232 pkt  4 flow
  w24     0.140 Mbps (std  0.137)  jit  41.723 ms  reord 25.44%  rtt  605.29 ms      228 pkt  2 flow
  w25     0.140 Mbps (std  0.086)  jit 116.300 ms  reord 10.64%  rtt  570.17 ms      235 pkt  4 flow
  w26     0.172 Mbps (std  0.182)  jit 155.946 ms  reord  9.92%  rtt  516.08 ms      262 pkt  4 flow
  w27     0.201 Mbps (std  0.266)  jit  40.680 ms  reord  0.00%  rtt  459.50 ms      216 pkt  2 flow
  w28     0.195 Mbps (std  0.269)  jit  34.420 ms  reord  0.00%  rtt  510.66 ms      207 pkt  2 flow
  w29     0.198 Mbps (std  0.277)  jit  33.333 ms  reord  0.00%  rtt  547.56 ms      209 pkt  2 flow
  w30     0.846 Mbps (std  6.614)  jit  48.326 ms  reord  5.99%  rtt  409.43 ms      918 pkt  2 flow
  w31     0.177 Mbps (std  0.168)  jit  75.037 ms  reord  0.91%  rtt  510.15 ms      219 pkt  4 flow
  w32     4.596 Mbps (std 24.454)  jit  88.888 ms  reord  0.13%  rtt  647.36 ms    4,535 pkt  3 flow
  w33     2.540 Mbps (std 18.223)  jit   0.467 ms  reord  0.00%  rtt    0.81 ms    2,520 pkt  2 flow
  w34     0.809 Mbps (std  2.955)  jit   8.613 ms  reord  0.00%  rtt  110.08 ms      820 pkt  2 flow
  w35     0.000 Mbps (std  0.000)  jit   0.000 ms  reord  0.00%  rtt    0.00 ms        0 pkt  0 flow
  w36  (parsial, 11 cuplikan) 0.000 Mbps
>> selesai: 37 window -> qos_features.csv
>>          cuplikan mentah -> qos_samples.csv (untuk align_qos.py)
