>> run_id=CONT_s12_bola_OfForestAndMen | map=flows | poll=0.1s | window=10.0s -> qos_features.csv
>> menghitung SEMUA flow TCP yang lewat (Ctrl-C untuk berhenti)
>> XDP terpasang di eth0: prog id=471
>> membaca 1 map bernama 'flows': id [130]
>> entri awal di map: 0  (0 = belum ada trafik TCP yang tertangkap)
  w0      0.000 Mbps (std  0.000)  jit   0.000 ms  reord  0.00%  rtt    0.00 ms        0 pkt  0 flow
  w1      0.000 Mbps (std  0.000)  jit   0.000 ms  reord  0.00%  rtt    0.00 ms        0 pkt  0 flow
  w2      0.000 Mbps (std  0.000)  jit   0.000 ms  reord  0.00%  rtt    0.00 ms        0 pkt  0 flow
  w3      0.000 Mbps (std  0.000)  jit   0.000 ms  reord  0.00%  rtt    0.00 ms        0 pkt  0 flow
  w4      0.030 Mbps (std  0.122)  jit   1.058 ms  reord  0.00%  rtt   26.40 ms       54 pkt  2 flow
  w5      0.197 Mbps (std  0.229)  jit  61.926 ms  reord  0.44%  rtt  540.53 ms      226 pkt  4 flow
  w6      0.202 Mbps (std  0.134)  jit 150.196 ms  reord  1.14%  rtt  574.51 ms      263 pkt  4 flow
  w7      0.351 Mbps (std  1.026)  jit 121.869 ms  reord  7.47%  rtt  444.87 ms      442 pkt  3 flow
  w8      0.407 Mbps (std  0.099)  jit  78.671 ms  reord  9.93%  rtt  189.35 ms      584 pkt  4 flow
  w9      0.407 Mbps (std  0.085)  jit  81.310 ms  reord 12.42%  rtt  182.66 ms      596 pkt  4 flow
  w10     0.408 Mbps (std  0.086)  jit  79.976 ms  reord  8.80%  rtt  231.93 ms      602 pkt  4 flow
  w11     0.184 Mbps (std  0.257)  jit  42.266 ms  reord  7.31%  rtt  233.80 ms      260 pkt  4 flow
  w12     0.182 Mbps (std  0.220)  jit  48.275 ms  reord  1.45%  rtt  399.30 ms      207 pkt  2 flow
  w13     0.178 Mbps (std  0.224)  jit  50.731 ms  reord  1.00%  rtt  366.75 ms      201 pkt  2 flow
  w14     0.110 Mbps (std  0.259)  jit  37.858 ms  reord  0.00%  rtt  332.34 ms      120 pkt  2 flow
  w15     0.100 Mbps (std  0.242)  jit  52.931 ms  reord  0.00%  rtt  318.33 ms      108 pkt  2 flow
  w16     0.379 Mbps (std  1.700)  jit  82.443 ms  reord  2.38%  rtt  342.50 ms      420 pkt  4 flow
  w17     0.258 Mbps (std  0.125)  jit 144.568 ms  reord  0.00%  rtt  474.40 ms      315 pkt  4 flow
  w18     0.255 Mbps (std  0.172)  jit  62.487 ms  reord  0.33%  rtt  312.42 ms      303 pkt  4 flow
  w19     2.468 Mbps (std 15.911)  jit  38.444 ms  reord  0.41%  rtt  387.27 ms    2,463 pkt  4 flow
  w20     2.098 Mbps (std  4.677)  jit  10.912 ms  reord  0.00%  rtt  110.84 ms    2,103 pkt  4 flow
  w21     0.224 Mbps (std  1.275)  jit   3.371 ms  reord  0.00%  rtt   49.41 ms      222 pkt  2 flow
  w22     0.125 Mbps (std  0.262)  jit  62.117 ms  reord  1.49%  rtt  570.74 ms      134 pkt  2 flow
  w23     0.154 Mbps (std  0.255)  jit  40.491 ms  reord  0.61%  rtt  663.51 ms      164 pkt  2 flow
  w24     0.153 Mbps (std  0.253)  jit  39.149 ms  reord  7.18%  rtt  582.42 ms      181 pkt  4 flow
  w25     0.128 Mbps (std  0.086)  jit  60.073 ms  reord  4.48%  rtt  284.39 ms      201 pkt  4 flow
  w26     0.127 Mbps (std  0.108)  jit  69.890 ms  reord 12.94%  rtt  311.36 ms      201 pkt  2 flow
  w27     0.130 Mbps (std  0.079)  jit 119.227 ms  reord  9.26%  rtt  735.12 ms      216 pkt  4 flow
  w28     0.119 Mbps (std  0.099)  jit 130.564 ms  reord  9.34%  rtt  375.73 ms      182 pkt  3 flow
  w29     0.060 Mbps (std  0.168)  jit  63.545 ms  reord  3.70%  rtt  188.43 ms       81 pkt  2 flow
  w30     0.042 Mbps (std  0.185)  jit  31.689 ms  reord  0.00%  rtt  196.34 ms       47 pkt  2 flow
  w31     0.116 Mbps (std  0.214)  jit  82.048 ms  reord  0.78%  rtt  590.39 ms      129 pkt  2 flow
  w32     0.122 Mbps (std  0.197)  jit  55.754 ms  reord  0.69%  rtt  524.19 ms      145 pkt  2 flow
  w33     0.113 Mbps (std  0.240)  jit  43.350 ms  reord  0.82%  rtt  604.53 ms      122 pkt  2 flow
  w34     0.017 Mbps (std  0.094)  jit   9.227 ms  reord  4.76%  rtt  684.51 ms       21 pkt  2 flow
  w35     0.000 Mbps (std  0.000)  jit   0.000 ms  reord  0.00%  rtt    0.00 ms        0 pkt  0 flow
  w36  (parsial, 9 cuplikan) 0.000 Mbps
>> selesai: 37 window -> qos_features.csv
>>          cuplikan mentah -> qos_samples.csv (untuk align_qos.py)
