>> run_id=CONT_s10_throughput_BigBuckBunny | map=flows | poll=0.1s | window=10.0s -> qos_features.csv
>> menghitung SEMUA flow TCP yang lewat (Ctrl-C untuk berhenti)
>> XDP terpasang di eth0: prog id=2230
>> membaca 1 map bernama 'flows': id [632]
>> entri awal di map: 0  (0 = belum ada trafik TCP yang tertangkap)
  w0      0.000 Mbps (std  0.000)  jit   0.000 ms  reord  0.00%  rtt    0.00 ms        0 pkt  0 flow
  w1      0.000 Mbps (std  0.000)  jit   0.000 ms  reord  0.00%  rtt    0.00 ms        0 pkt  0 flow
  w2      0.000 Mbps (std  0.000)  jit   0.000 ms  reord  0.00%  rtt    0.00 ms        0 pkt  0 flow
  w3      0.000 Mbps (std  0.000)  jit   0.000 ms  reord  0.00%  rtt    0.00 ms        0 pkt  0 flow
  w4      0.005 Mbps (std  0.045)  jit   0.003 ms  reord  0.00%  rtt    0.21 ms       21 pkt  2 flow
  w5      0.994 Mbps (std  0.312)  jit  22.603 ms  reord  0.00%  rtt  132.79 ms    1,060 pkt  4 flow
  w6      1.011 Mbps (std  0.253)  jit  30.762 ms  reord  0.00%  rtt  138.38 ms    1,106 pkt  4 flow
  w7      1.056 Mbps (std  0.311)  jit  21.716 ms  reord  0.89%  rtt  127.96 ms    1,124 pkt  4 flow
  w8      1.075 Mbps (std  0.153)  jit  45.408 ms  reord  0.00%  rtt  158.90 ms    1,264 pkt  6 flow
  w9      1.079 Mbps (std  0.185)  jit  43.018 ms  reord  0.00%  rtt  154.69 ms    1,257 pkt  5 flow
  w10     0.668 Mbps (std  0.564)  jit  24.078 ms  reord  0.00%  rtt  120.18 ms      687 pkt  2 flow
  w11     1.505 Mbps (std  6.122)  jit  22.128 ms  reord  0.71%  rtt  136.25 ms    1,550 pkt  4 flow
  w12     0.848 Mbps (std  0.148)  jit  44.881 ms  reord  0.00%  rtt  167.12 ms      994 pkt  5 flow
  w13     0.844 Mbps (std  0.199)  jit  45.755 ms  reord  0.00%  rtt  159.78 ms      957 pkt  4 flow
  w14     0.538 Mbps (std  0.438)  jit  25.440 ms  reord  0.00%  rtt  135.89 ms      575 pkt  2 flow
  w15     0.445 Mbps (std  0.341)  jit  44.485 ms  reord  0.00%  rtt  174.24 ms      479 pkt  2 flow
  w16     0.575 Mbps (std  0.205)  jit  36.631 ms  reord  0.00%  rtt  191.95 ms      625 pkt  2 flow
  w17     0.575 Mbps (std  0.200)  jit  60.543 ms  reord  0.00%  rtt  228.79 ms      657 pkt  5 flow
  w18     1.999 Mbps (std 14.840)  jit  54.983 ms  reord  5.30%  rtt  200.43 ms    2,207 pkt  6 flow
  w19     0.167 Mbps (std  0.273)  jit  51.714 ms  reord  0.00%  rtt  174.28 ms      184 pkt  3 flow
  w20     0.453 Mbps (std  0.226)  jit  47.691 ms  reord  0.00%  rtt  230.24 ms      490 pkt  2 flow
  w21     0.373 Mbps (std  0.309)  jit  36.425 ms  reord  0.00%  rtt  227.67 ms      403 pkt  2 flow
  w22     0.265 Mbps (std  0.335)  jit  46.631 ms  reord  0.00%  rtt  202.92 ms      281 pkt  2 flow
  w23     0.210 Mbps (std  0.279)  jit  65.507 ms  reord  5.30%  rtt 1186.93 ms      264 pkt  2 flow
  w24     0.199 Mbps (std  0.159)  jit  62.148 ms  reord  6.16%  rtt  308.12 ms      276 pkt  4 flow
  w25     0.200 Mbps (std  0.116)  jit  93.583 ms  reord  8.41%  rtt  399.55 ms      309 pkt  4 flow
  w26     0.204 Mbps (std  0.081)  jit  32.999 ms  reord  9.88%  rtt  154.92 ms      334 pkt  2 flow
  w27     0.096 Mbps (std  0.189)  jit  37.938 ms  reord  8.76%  rtt  226.32 ms      137 pkt  2 flow
  w28     0.039 Mbps (std  0.165)  jit  35.824 ms  reord  0.00%  rtt  130.01 ms       45 pkt  2 flow
  w29     0.058 Mbps (std  0.207)  jit  58.897 ms  reord  0.00%  rtt   91.07 ms       63 pkt  2 flow
  w30     0.088 Mbps (std  0.234)  jit  68.656 ms  reord  0.00%  rtt  487.10 ms       93 pkt  2 flow
  w31     0.144 Mbps (std  0.144)  jit 171.870 ms  reord  0.53%  rtt  730.29 ms      187 pkt  4 flow
  w32     0.144 Mbps (std  0.140)  jit 143.053 ms  reord  0.51%  rtt  450.58 ms      196 pkt  3 flow
  w33     0.139 Mbps (std  0.652)  jit  36.316 ms  reord  4.43%  rtt  406.70 ms      158 pkt  2 flow
  w34     0.002 Mbps (std  0.009)  jit  18.902 ms  reord  0.00%  rtt   15.64 ms        9 pkt  2 flow
  w35     0.000 Mbps (std  0.000)  jit   0.000 ms  reord  0.00%  rtt    0.00 ms        0 pkt  0 flow
  w36  (parsial, 10 cuplikan) 0.000 Mbps
>> selesai: 37 window -> qos_features.csv
>>          cuplikan mentah -> qos_samples.csv (untuk align_qos.py)
