>> run_id=CONT_s5_dynamic_OfForestAndMen | map=flows | poll=0.1s | window=10.0s -> qos_features.csv
>> menghitung SEMUA flow TCP yang lewat (Ctrl-C untuk berhenti)
>> XDP terpasang di eth0: prog id=1753
>> membaca 1 map bernama 'flows': id [496]
>> entri awal di map: 0  (0 = belum ada trafik TCP yang tertangkap)
  w0      0.000 Mbps (std  0.000)  jit   0.000 ms  reord  0.00%  rtt    0.00 ms        0 pkt  0 flow
  w1      0.000 Mbps (std  0.000)  jit   0.000 ms  reord  0.00%  rtt    0.00 ms        0 pkt  0 flow
  w2      0.000 Mbps (std  0.000)  jit   0.000 ms  reord  0.00%  rtt    0.00 ms        0 pkt  0 flow
  w3      0.000 Mbps (std  0.000)  jit   0.000 ms  reord  0.00%  rtt    0.00 ms        0 pkt  0 flow
  w4      0.321 Mbps (std  0.777)  jit   1.259 ms  reord  0.00%  rtt   79.98 ms      340 pkt  4 flow
  w5      2.201 Mbps (std  0.226)  jit  12.116 ms  reord  0.00%  rtt   69.96 ms    2,381 pkt  4 flow
  w6      2.704 Mbps (std 10.938)  jit  11.442 ms  reord  2.05%  rtt   69.05 ms    2,875 pkt  3 flow
  w7      1.411 Mbps (std  0.145)  jit  11.093 ms  reord  1.26%  rtt  128.06 ms    1,832 pkt  2 flow
  w8      1.414 Mbps (std  0.110)  jit  11.667 ms  reord  0.66%  rtt  109.54 ms    1,806 pkt  2 flow
  w9      1.518 Mbps (std  6.854)  jit  31.209 ms  reord  8.44%  rtt  111.67 ms    1,871 pkt  4 flow
  w10     0.523 Mbps (std  0.229)  jit  25.089 ms  reord 15.01%  rtt   50.04 ms      793 pkt  4 flow
  w11     0.702 Mbps (std  0.119)  jit  29.228 ms  reord 14.94%  rtt   94.01 ms    1,064 pkt  5 flow
  w12     0.691 Mbps (std  0.065)  jit  32.658 ms  reord 15.10%  rtt  112.05 ms    1,053 pkt  5 flow
  w13     0.596 Mbps (std  0.210)  jit  31.250 ms  reord 16.22%  rtt   67.91 ms      894 pkt  4 flow
  w14     0.481 Mbps (std  0.288)  jit  31.976 ms  reord 10.90%  rtt  125.39 ms      679 pkt  2 flow
  w15     0.367 Mbps (std  0.183)  jit  57.881 ms  reord  0.00%  rtt  276.26 ms      422 pkt  4 flow
  w16     0.368 Mbps (std  0.141)  jit 119.860 ms  reord  0.00%  rtt  350.98 ms      464 pkt  5 flow
  w17     0.365 Mbps (std  0.121)  jit 124.676 ms  reord  0.00%  rtt  350.51 ms      445 pkt  4 flow
  w18     0.197 Mbps (std  0.226)  jit  70.390 ms  reord  1.69%  rtt  419.17 ms      236 pkt  4 flow
  w19     0.190 Mbps (std  0.135)  jit 156.591 ms  reord  0.00%  rtt  511.10 ms      252 pkt  4 flow
  w20     0.188 Mbps (std  0.187)  jit  98.407 ms  reord  0.00%  rtt  488.77 ms      223 pkt  4 flow
  w21     0.125 Mbps (std  0.558)  jit  20.907 ms  reord  6.80%  rtt  301.15 ms      147 pkt  2 flow
  w22     0.041 Mbps (std  0.196)  jit  24.234 ms  reord  0.00%  rtt   50.40 ms       44 pkt  2 flow
  w23     1.261 Mbps (std  8.535)  jit  74.036 ms  reord  4.18%  rtt  178.63 ms    1,341 pkt  4 flow
  w24     0.445 Mbps (std  0.532)  jit  55.182 ms  reord  0.00%  rtt  170.03 ms      496 pkt  4 flow
  w25     0.972 Mbps (std  0.216)  jit  49.799 ms  reord  0.00%  rtt  180.55 ms    1,080 pkt  5 flow
  w26     0.970 Mbps (std  0.293)  jit  27.856 ms  reord  0.00%  rtt  130.21 ms    1,030 pkt  4 flow
  w27     0.447 Mbps (std  0.597)  jit  22.530 ms  reord  0.00%  rtt  110.14 ms      471 pkt  4 flow
  w28     2.381 Mbps (std  0.239)  jit  24.169 ms  reord  0.00%  rtt   74.12 ms    2,692 pkt  4 flow
  w29     1.697 Mbps (std  1.091)  jit  11.621 ms  reord  0.17%  rtt   63.55 ms    1,804 pkt  4 flow
  w30     1.182 Mbps (std  1.173)  jit  11.235 ms  reord  0.00%  rtt   76.93 ms    1,188 pkt  2 flow
  w31     5.685 Mbps (std 24.522)  jit  13.757 ms  reord  0.26%  rtt   99.52 ms    5,764 pkt  4 flow
  w32     4.604 Mbps (std 16.902)  jit  10.503 ms  reord  0.00%  rtt  109.07 ms    4,593 pkt  4 flow
  w33     3.426 Mbps (std 13.888)  jit  10.045 ms  reord  0.00%  rtt  119.59 ms    3,442 pkt  4 flow
  w34     0.596 Mbps (std  2.611)  jit   3.054 ms  reord  0.00%  rtt  109.50 ms      610 pkt  4 flow
  w35     0.000 Mbps (std  0.000)  jit   0.000 ms  reord  0.00%  rtt    0.00 ms        0 pkt  0 flow
  w36  (parsial, 1 cuplikan) 0.000 Mbps
>> selesai: 37 window -> qos_features.csv
>>          cuplikan mentah -> qos_samples.csv (untuk align_qos.py)
