>> run_id=CONT_s10_l2a_OfForestAndMen | map=flows | poll=0.1s | window=10.0s -> qos_features.csv
>> menghitung SEMUA flow TCP yang lewat (Ctrl-C untuk berhenti)
>> XDP terpasang di eth0: prog id=113
>> membaca 1 map bernama 'flows': id [28]
>> entri awal di map: 0  (0 = belum ada trafik TCP yang tertangkap)
  w0      0.000 Mbps (std  0.000)  jit   0.000 ms  reord  0.00%  rtt    0.00 ms        0 pkt  0 flow
  w1      0.000 Mbps (std  0.000)  jit   0.000 ms  reord  0.00%  rtt    0.00 ms        0 pkt  0 flow
  w2      0.000 Mbps (std  0.000)  jit   0.000 ms  reord  0.00%  rtt    0.00 ms        0 pkt  0 flow
  w3      0.000 Mbps (std  0.000)  jit   0.000 ms  reord  0.00%  rtt    0.00 ms        0 pkt  0 flow
  w4      0.072 Mbps (std  0.259)  jit   0.949 ms  reord  0.00%  rtt   63.68 ms       92 pkt  2 flow
  w5      1.014 Mbps (std  0.325)  jit  22.952 ms  reord  0.00%  rtt  129.35 ms    1,050 pkt  4 flow
  w6      1.013 Mbps (std  0.264)  jit  30.847 ms  reord  0.00%  rtt  138.09 ms    1,085 pkt  4 flow
  w7      1.052 Mbps (std  0.277)  jit  21.545 ms  reord  0.98%  rtt  125.93 ms    1,119 pkt  4 flow
  w8      1.076 Mbps (std  0.154)  jit  45.336 ms  reord  0.00%  rtt  161.32 ms    1,265 pkt  6 flow
  w9      1.077 Mbps (std  0.192)  jit  44.428 ms  reord  0.00%  rtt  157.91 ms    1,258 pkt  5 flow
  w10     1.068 Mbps (std  0.299)  jit  20.235 ms  reord  0.00%  rtt  128.19 ms    1,113 pkt  2 flow
  w11     0.882 Mbps (std  0.297)  jit  23.826 ms  reord  1.16%  rtt  130.90 ms      945 pkt  2 flow
  w12     0.852 Mbps (std  0.159)  jit  46.090 ms  reord  0.00%  rtt  167.62 ms      997 pkt  6 flow
  w13     0.850 Mbps (std  0.130)  jit  43.730 ms  reord  0.00%  rtt  140.85 ms    1,065 pkt  6 flow
  w14     0.851 Mbps (std  0.119)  jit  19.271 ms  reord  0.00%  rtt   82.69 ms    1,086 pkt  2 flow
  w15     1.152 Mbps (std  5.562)  jit  29.272 ms  reord  0.34%  rtt  184.64 ms    1,191 pkt  2 flow
  w16     0.573 Mbps (std  0.087)  jit  31.958 ms  reord  0.00%  rtt  197.77 ms      594 pkt  2 flow
  w17     0.577 Mbps (std  0.176)  jit  46.307 ms  reord  0.00%  rtt  213.88 ms      618 pkt  4 flow
  w18     1.698 Mbps (std 11.927)  jit  66.020 ms  reord  3.90%  rtt  259.41 ms    1,897 pkt  5 flow
  w19     0.456 Mbps (std  0.161)  jit  60.691 ms  reord  0.00%  rtt  186.05 ms      527 pkt  4 flow
  w20     0.456 Mbps (std  0.159)  jit  39.485 ms  reord  0.00%  rtt  153.26 ms      524 pkt  2 flow
  w21     0.454 Mbps (std  0.157)  jit  39.267 ms  reord  0.00%  rtt  153.15 ms      522 pkt  2 flow
  w22     0.453 Mbps (std  0.158)  jit  39.421 ms  reord  0.00%  rtt  153.75 ms      521 pkt  2 flow
  w23     0.460 Mbps (std  2.011)  jit  43.302 ms  reord  2.15%  rtt  161.43 ms      511 pkt  2 flow
  w24     0.201 Mbps (std  0.105)  jit  44.041 ms  reord  7.59%  rtt  460.10 ms      316 pkt  2 flow
  w25     0.202 Mbps (std  0.146)  jit  55.833 ms  reord 11.64%  rtt  404.46 ms      318 pkt  4 flow
  w26     0.202 Mbps (std  0.095)  jit  70.471 ms  reord  7.40%  rtt  226.04 ms      311 pkt  3 flow
  w27     0.165 Mbps (std  0.187)  jit  40.450 ms  reord  5.68%  rtt  268.03 ms      229 pkt  2 flow
  w28     0.146 Mbps (std  0.248)  jit  36.274 ms  reord  0.00%  rtt  627.66 ms      157 pkt  2 flow
  w29     0.137 Mbps (std  0.260)  jit  36.357 ms  reord  0.00%  rtt  579.55 ms      144 pkt  2 flow
  w30     0.110 Mbps (std  0.234)  jit  47.152 ms  reord  0.00%  rtt  440.74 ms      119 pkt  2 flow
  w31     0.143 Mbps (std  0.183)  jit  94.472 ms  reord  0.56%  rtt  578.49 ms      180 pkt  4 flow
  w32     0.144 Mbps (std  0.147)  jit 138.809 ms  reord  0.00%  rtt  674.72 ms      189 pkt  4 flow
  w33     0.386 Mbps (std  2.577)  jit  38.694 ms  reord  4.72%  rtt  499.85 ms      424 pkt  2 flow
  w34     0.019 Mbps (std  0.091)  jit   6.983 ms  reord  0.00%  rtt  782.39 ms       21 pkt  2 flow
  w35     0.000 Mbps (std  0.000)  jit   0.000 ms  reord  0.00%  rtt    0.00 ms        0 pkt  0 flow
  w36  (parsial, 16 cuplikan) 0.000 Mbps
>> selesai: 37 window -> qos_features.csv
>>          cuplikan mentah -> qos_samples.csv (untuk align_qos.py)
