>> run_id=CONT_s11_throughput_OfForestAndMen | map=flows | poll=0.1s | window=10.0s -> qos_features.csv
>> menghitung SEMUA flow TCP yang lewat (Ctrl-C untuk berhenti)
>> XDP terpasang di eth0: prog id=955
>> membaca 1 map bernama 'flows': id [268]
>> entri awal di map: 0  (0 = belum ada trafik TCP yang tertangkap)
  w0      0.000 Mbps (std  0.000)  jit   0.000 ms  reord  0.00%  rtt    0.00 ms        0 pkt  0 flow
  w1      0.000 Mbps (std  0.000)  jit   0.000 ms  reord  0.00%  rtt    0.00 ms        0 pkt  0 flow
  w2      0.000 Mbps (std  0.000)  jit   0.000 ms  reord  0.00%  rtt    0.00 ms        0 pkt  0 flow
  w3      0.000 Mbps (std  0.000)  jit   0.000 ms  reord  0.00%  rtt    0.00 ms        0 pkt  0 flow
  w4      0.104 Mbps (std  0.278)  jit   3.451 ms  reord  0.00%  rtt  149.08 ms      131 pkt  4 flow
  w5      0.667 Mbps (std  0.125)  jit  41.572 ms  reord  0.00%  rtt  147.41 ms      825 pkt  6 flow
  w6      0.662 Mbps (std  0.099)  jit  24.726 ms  reord  0.00%  rtt  105.52 ms      835 pkt  2 flow
  w7      1.098 Mbps (std  4.665)  jit  22.789 ms  reord  0.32%  rtt  101.64 ms    1,254 pkt  2 flow
  w8      0.578 Mbps (std  0.476)  jit  30.185 ms  reord  0.00%  rtt  127.44 ms      600 pkt  2 flow
  w9      0.469 Mbps (std  0.507)  jit  27.489 ms  reord  0.00%  rtt  124.06 ms      486 pkt  2 flow
  w10     0.849 Mbps (std  0.289)  jit  23.308 ms  reord  0.00%  rtt  136.20 ms      871 pkt  4 flow
  w11     2.667 Mbps (std 17.138)  jit  25.273 ms  reord  1.09%  rtt  174.84 ms    2,744 pkt  4 flow
  w12     0.611 Mbps (std  0.495)  jit  23.773 ms  reord  0.00%  rtt  135.38 ms      636 pkt  2 flow
  w13     0.771 Mbps (std  0.431)  jit  35.527 ms  reord  0.00%  rtt  147.82 ms      850 pkt  4 flow
  w14     2.957 Mbps (std 16.962)  jit  44.745 ms  reord  0.45%  rtt  157.22 ms    3,129 pkt  5 flow
  w15     0.811 Mbps (std  0.313)  jit  38.543 ms  reord  0.00%  rtt  127.68 ms      924 pkt  4 flow
  w16     0.695 Mbps (std  0.427)  jit  26.156 ms  reord  0.00%  rtt  121.33 ms      730 pkt  2 flow
  w17     0.900 Mbps (std  4.599)  jit  30.842 ms  reord  3.11%  rtt  210.46 ms      996 pkt  2 flow
  w18     0.405 Mbps (std  0.169)  jit  44.007 ms  reord  4.36%  rtt  218.06 ms      551 pkt  4 flow
  w19     0.408 Mbps (std  0.098)  jit  76.204 ms  reord  7.27%  rtt  286.83 ms      605 pkt  6 flow
  w20     0.412 Mbps (std  0.154)  jit 119.229 ms  reord  5.50%  rtt  284.88 ms      582 pkt  5 flow
  w21     0.425 Mbps (std  0.092)  jit 132.486 ms  reord  0.00%  rtt  316.70 ms      549 pkt  5 flow
  w22     0.428 Mbps (std  0.090)  jit  39.646 ms  reord  0.00%  rtt  163.91 ms      549 pkt  2 flow
  w23     0.425 Mbps (std  0.096)  jit  47.232 ms  reord  0.00%  rtt  195.00 ms      552 pkt  4 flow
  w24     0.767 Mbps (std  2.877)  jit  46.565 ms  reord  0.45%  rtt  172.01 ms      898 pkt  4 flow
  w25     0.193 Mbps (std  1.348)  jit   0.883 ms  reord  0.00%  rtt    0.53 ms      190 pkt  2 flow
  w26     0.284 Mbps (std  1.575)  jit   3.799 ms  reord  0.00%  rtt    0.68 ms      281 pkt  2 flow
  w27     0.617 Mbps (std  4.822)  jit   0.262 ms  reord  0.00%  rtt    0.54 ms      605 pkt  2 flow
  w28     2.302 Mbps (std  6.353)  jit   9.475 ms  reord  0.00%  rtt  119.04 ms    2,319 pkt  4 flow
  w29     1.615 Mbps (std  4.006)  jit   9.769 ms  reord  0.00%  rtt  111.54 ms    1,623 pkt  4 flow
  w30     0.444 Mbps (std  0.582)  jit  29.855 ms  reord  0.00%  rtt  109.60 ms      459 pkt  2 flow
  w31     1.088 Mbps (std  0.300)  jit  18.829 ms  reord  0.00%  rtt  126.92 ms    1,122 pkt  2 flow
  w32     1.098 Mbps (std  0.217)  jit  26.390 ms  reord  0.00%  rtt  128.84 ms    1,181 pkt  4 flow
  w33     1.000 Mbps (std  2.597)  jit  31.505 ms  reord  6.08%  rtt  138.36 ms    1,266 pkt  6 flow
  w34     0.091 Mbps (std  0.232)  jit   3.642 ms  reord  1.67%  rtt  107.74 ms      120 pkt  4 flow
  w35     0.000 Mbps (std  0.000)  jit   0.000 ms  reord  0.00%  rtt    0.00 ms        0 pkt  0 flow
  w36  (parsial, 13 cuplikan) 0.000 Mbps
>> selesai: 37 window -> qos_features.csv
>>          cuplikan mentah -> qos_samples.csv (untuk align_qos.py)
