>> run_id=CONT_s9_bola_RedBullPlayStreets | map=flows | poll=0.1s | window=10.0s -> qos_features.csv
>> menghitung SEMUA flow TCP yang lewat (Ctrl-C untuk berhenti)
>> XDP terpasang di eth0: prog id=2062
>> membaca 1 map bernama 'flows': id [584]
>> entri awal di map: 0  (0 = belum ada trafik TCP yang tertangkap)
  w0      0.000 Mbps (std  0.000)  jit   0.000 ms  reord  0.00%  rtt    0.00 ms        0 pkt  0 flow
  w1      0.000 Mbps (std  0.000)  jit   0.000 ms  reord  0.00%  rtt    0.00 ms        0 pkt  0 flow
  w2      0.000 Mbps (std  0.000)  jit   0.000 ms  reord  0.00%  rtt    0.00 ms        0 pkt  0 flow
  w3      0.000 Mbps (std  0.000)  jit   0.000 ms  reord  0.00%  rtt    0.00 ms        0 pkt  0 flow
  w4      0.164 Mbps (std  0.401)  jit   2.715 ms  reord  0.00%  rtt  106.58 ms      189 pkt  4 flow
  w5      1.049 Mbps (std  0.190)  jit  39.819 ms  reord  0.00%  rtt  142.10 ms    1,258 pkt  6 flow
  w6      2.676 Mbps (std 14.243)  jit  35.749 ms  reord  1.79%  rtt  119.27 ms    2,953 pkt  6 flow
  w7      0.203 Mbps (std  0.482)  jit  22.379 ms  reord  0.00%  rtt  222.44 ms      209 pkt  2 flow
  w8      0.513 Mbps (std  0.639)  jit  34.699 ms  reord  0.00%  rtt  101.12 ms      520 pkt  2 flow
  w9      1.205 Mbps (std  0.119)  jit  15.711 ms  reord  0.00%  rtt   97.34 ms    1,233 pkt  2 flow
  w10     1.213 Mbps (std  0.213)  jit  29.597 ms  reord  0.00%  rtt  128.44 ms    1,296 pkt  4 flow
  w11     1.380 Mbps (std  1.791)  jit  15.096 ms  reord  0.70%  rtt   97.21 ms    1,428 pkt  4 flow
  w12     2.040 Mbps (std  1.325)  jit   7.617 ms  reord  0.00%  rtt   72.38 ms    1,960 pkt  2 flow
  w13     2.838 Mbps (std  0.496)  jit   8.052 ms  reord  0.00%  rtt   77.69 ms    2,735 pkt  4 flow
  w14     2.275 Mbps (std  0.777)  jit  10.587 ms  reord  0.90%  rtt   76.61 ms    2,325 pkt  4 flow
  w15     1.403 Mbps (std  0.287)  jit  13.153 ms  reord  0.00%  rtt   84.42 ms    1,440 pkt  2 flow
  w16     1.396 Mbps (std  0.283)  jit  13.171 ms  reord  0.00%  rtt   84.05 ms    1,434 pkt  2 flow
  w17     1.407 Mbps (std  0.236)  jit  36.040 ms  reord  0.00%  rtt  133.03 ms    1,550 pkt  4 flow
  w18     1.398 Mbps (std  0.280)  jit  14.381 ms  reord  0.00%  rtt   84.17 ms    1,443 pkt  4 flow
  w19     1.077 Mbps (std  2.091)  jit   8.635 ms  reord  0.90%  rtt   81.66 ms    1,112 pkt  2 flow
  w20     0.565 Mbps (std  0.707)  jit  40.500 ms  reord 11.30%  rtt   97.05 ms      699 pkt  2 flow
  w21     0.441 Mbps (std  0.146)  jit  45.344 ms  reord 13.17%  rtt   96.79 ms      630 pkt  2 flow
  w22     1.334 Mbps (std  1.988)  jit  26.642 ms  reord  3.36%  rtt   71.44 ms    1,486 pkt  2 flow
  w23     3.467 Mbps (std  2.317)  jit   5.460 ms  reord  0.06%  rtt   43.22 ms    3,586 pkt  2 flow
  w24     4.970 Mbps (std  0.456)  jit   4.208 ms  reord  0.00%  rtt   43.94 ms    4,783 pkt  4 flow
  w25     4.411 Mbps (std  1.603)  jit   5.158 ms  reord  0.00%  rtt   46.46 ms    4,295 pkt  4 flow
  w26     3.094 Mbps (std  2.420)  jit   4.233 ms  reord  0.72%  rtt   43.09 ms    4,038 pkt  2 flow
  w27     4.171 Mbps (std  2.635)  jit   8.148 ms  reord  1.09%  rtt   52.52 ms    4,413 pkt  4 flow
  w28     5.986 Mbps (std  0.495)  jit   9.184 ms  reord  0.00%  rtt   46.93 ms    6,104 pkt  6 flow
  w29     4.271 Mbps (std  2.723)  jit   5.057 ms  reord  0.53%  rtt   39.13 ms    4,946 pkt  4 flow
  w30     2.017 Mbps (std  2.813)  jit   3.073 ms  reord  0.28%  rtt   32.74 ms    2,824 pkt  2 flow
  w31     8.087 Mbps (std 17.712)  jit   7.536 ms  reord  1.07%  rtt   53.63 ms    9,748 pkt  4 flow
  w32     2.961 Mbps (std  0.738)  jit  11.177 ms  reord  1.52%  rtt   89.16 ms    3,953 pkt  6 flow
  w33     2.496 Mbps (std  1.269)  jit   8.559 ms  reord  0.19%  rtt   84.77 ms    3,231 pkt  2 flow
  w34     0.880 Mbps (std  1.412)  jit   1.483 ms  reord  0.26%  rtt   91.34 ms    1,141 pkt  2 flow
  w35     0.000 Mbps (std  0.000)  jit   0.000 ms  reord  0.00%  rtt    0.00 ms        0 pkt  0 flow
  w36  (parsial, 17 cuplikan) 0.000 Mbps
>> selesai: 37 window -> qos_features.csv
>>          cuplikan mentah -> qos_samples.csv (untuk align_qos.py)
