>> run_id=CONT_s2_throughput_ElephantsDream | map=flows | poll=0.1s | window=10.0s -> qos_features.csv
>> menghitung SEMUA flow TCP yang lewat (Ctrl-C untuk berhenti)
>> XDP terpasang di eth0: prog id=1151
>> membaca 1 map bernama 'flows': id [324]
>> entri awal di map: 0  (0 = belum ada trafik TCP yang tertangkap)
  w0      0.000 Mbps (std  0.000)  jit   0.000 ms  reord  0.00%  rtt    0.00 ms        0 pkt  0 flow
  w1      0.000 Mbps (std  0.000)  jit   0.000 ms  reord  0.00%  rtt    0.00 ms        0 pkt  0 flow
  w2      0.000 Mbps (std  0.000)  jit   0.000 ms  reord  0.00%  rtt    0.00 ms        0 pkt  0 flow
  w3      0.000 Mbps (std  0.000)  jit   0.000 ms  reord  0.00%  rtt    0.00 ms        0 pkt  0 flow
  w4      0.652 Mbps (std  1.813)  jit   0.571 ms  reord  2.20%  rtt   40.60 ms      819 pkt  4 flow
  w5      6.039 Mbps (std  0.295)  jit   2.126 ms  reord  0.08%  rtt   37.70 ms    7,260 pkt  4 flow
  w6      6.037 Mbps (std  0.251)  jit   5.129 ms  reord  0.15%  rtt   46.77 ms    7,253 pkt  4 flow
  w7      6.048 Mbps (std  0.208)  jit   0.313 ms  reord  0.12%  rtt   34.62 ms    7,639 pkt  2 flow
  w8      6.055 Mbps (std  0.259)  jit   0.369 ms  reord  0.11%  rtt   34.87 ms    7,585 pkt  2 flow
  w9      4.866 Mbps (std 12.948)  jit   3.712 ms  reord  0.52%  rtt   53.99 ms    5,345 pkt  2 flow
  w10     3.221 Mbps (std  0.398)  jit   6.170 ms  reord  0.09%  rtt   71.43 ms    3,281 pkt  2 flow
  w11     3.231 Mbps (std  0.400)  jit   7.190 ms  reord  0.74%  rtt   70.62 ms    3,375 pkt  4 flow
  w12     3.218 Mbps (std  0.430)  jit   9.205 ms  reord  0.09%  rtt   70.92 ms    3,349 pkt  4 flow
  w13     3.596 Mbps (std 13.363)  jit   6.511 ms  reord  1.88%  rtt   62.50 ms    3,723 pkt  2 flow
  w14     2.910 Mbps (std  1.156)  jit  14.130 ms  reord  1.59%  rtt   58.96 ms    3,146 pkt  4 flow
  w15     3.354 Mbps (std  0.239)  jit  14.910 ms  reord  0.00%  rtt   65.49 ms    3,675 pkt  5 flow
  w16     3.350 Mbps (std  0.394)  jit  15.385 ms  reord  0.00%  rtt   66.58 ms    3,651 pkt  6 flow
  w17     3.341 Mbps (std  0.494)  jit  15.574 ms  reord  0.00%  rtt   81.79 ms    3,431 pkt  5 flow
  w18     5.383 Mbps (std 17.887)  jit   7.883 ms  reord  1.34%  rtt   59.29 ms    5,962 pkt  4 flow
  w19     2.265 Mbps (std  2.758)  jit   9.317 ms  reord  0.00%  rtt   63.05 ms    2,383 pkt  4 flow
  w20     4.606 Mbps (std  2.598)  jit   1.707 ms  reord  0.17%  rtt   36.01 ms    5,901 pkt  2 flow
  w21     6.081 Mbps (std  0.292)  jit   3.901 ms  reord  0.29%  rtt   45.29 ms    8,069 pkt  6 flow
  w22     6.060 Mbps (std  0.339)  jit   5.610 ms  reord  0.28%  rtt   47.95 ms    7,812 pkt  4 flow
  w23     2.525 Mbps (std  9.077)  jit  18.179 ms  reord  6.60%  rtt   45.53 ms    3,151 pkt  2 flow
  w24     0.411 Mbps (std  0.489)  jit  10.421 ms  reord 14.68%  rtt   48.22 ms      586 pkt  2 flow
  w25     0.968 Mbps (std  1.980)  jit  58.272 ms  reord 31.94%  rtt  107.12 ms    1,606 pkt  4 flow
  w26     2.115 Mbps (std  2.756)  jit   6.760 ms  reord 29.99%  rtt   97.08 ms    3,484 pkt  4 flow
  w27     5.743 Mbps (std  4.683)  jit   3.718 ms  reord 10.85%  rtt   50.41 ms    8,593 pkt  2 flow
  w28     6.116 Mbps (std  0.206)  jit   0.772 ms  reord  0.31%  rtt   32.92 ms    8,722 pkt  2 flow
  w29     5.820 Mbps (std  3.557)  jit   2.830 ms  reord  0.16%  rtt   18.98 ms    6,068 pkt  2 flow
  w30     0.002 Mbps (std  0.012)  jit   6.399 ms  reord  0.00%  rtt   23.70 ms        9 pkt  2 flow
  w31     0.000 Mbps (std  0.000)  jit   0.000 ms  reord  0.00%  rtt    0.00 ms        0 pkt  0 flow
  w32     0.696 Mbps (std  1.761)  jit   2.707 ms  reord  1.69%  rtt   77.70 ms      888 pkt  2 flow
  w33     0.316 Mbps (std  1.249)  jit  42.754 ms  reord  0.00%  rtt   76.25 ms      400 pkt  2 flow
  w34     0.000 Mbps (std  0.000)  jit   0.000 ms  reord  0.00%  rtt    0.00 ms        0 pkt  0 flow
  w35     0.000 Mbps (std  0.000)  jit   0.000 ms  reord  0.00%  rtt    0.00 ms        0 pkt  0 flow
  w36  (parsial, 2 cuplikan) 0.000 Mbps
>> selesai: 37 window -> qos_features.csv
>>          cuplikan mentah -> qos_samples.csv (untuk align_qos.py)
