>> run_id=CONT_s4_l2a_OfForestAndMen | map=flows | poll=0.1s | window=10.0s -> qos_features.csv
>> menghitung SEMUA flow TCP yang lewat (Ctrl-C untuk berhenti)
>> XDP terpasang di eth0: prog id=218
>> membaca 1 map bernama 'flows': id [58]
>> entri awal di map: 0  (0 = belum ada trafik TCP yang tertangkap)
  w0      0.000 Mbps (std  0.000)  jit   0.000 ms  reord  0.00%  rtt    0.00 ms        0 pkt  0 flow
  w1      0.000 Mbps (std  0.000)  jit   0.000 ms  reord  0.00%  rtt    0.00 ms        0 pkt  0 flow
  w2      0.000 Mbps (std  0.000)  jit   0.000 ms  reord  0.00%  rtt    0.00 ms        0 pkt  0 flow
  w3      0.000 Mbps (std  0.000)  jit   0.000 ms  reord  0.00%  rtt    0.00 ms        0 pkt  0 flow
  w4      0.005 Mbps (std  0.042)  jit   0.542 ms  reord  8.00%  rtt  135.78 ms       25 pkt  4 flow
  w5      0.248 Mbps (std  0.279)  jit  39.005 ms  reord  0.74%  rtt  362.92 ms      272 pkt  4 flow
  w6      0.242 Mbps (std  0.244)  jit  43.646 ms  reord  0.00%  rtt  359.94 ms      261 pkt  2 flow
  w7      0.251 Mbps (std  0.265)  jit  42.636 ms  reord  0.00%  rtt  344.70 ms      268 pkt  2 flow
  w8      0.617 Mbps (std  2.959)  jit  37.116 ms  reord  3.77%  rtt  308.25 ms      663 pkt  2 flow
  w9      0.461 Mbps (std  0.248)  jit  33.696 ms  reord  3.23%  rtt  234.49 ms      495 pkt  2 flow
  w10     0.466 Mbps (std  0.249)  jit  31.870 ms  reord  0.00%  rtt  238.58 ms      477 pkt  2 flow
  w11     0.462 Mbps (std  0.240)  jit  32.114 ms  reord  0.00%  rtt  241.20 ms      472 pkt  2 flow
  w12     0.796 Mbps (std  3.075)  jit  31.001 ms  reord  1.24%  rtt  224.16 ms      806 pkt  2 flow
  w13     0.604 Mbps (std  0.189)  jit  52.961 ms  reord  0.00%  rtt  215.74 ms      679 pkt  4 flow
  w14     0.606 Mbps (std  0.158)  jit  78.894 ms  reord  0.00%  rtt  233.15 ms      724 pkt  4 flow
  w15     0.606 Mbps (std  0.138)  jit  79.420 ms  reord  0.00%  rtt  232.41 ms      722 pkt  4 flow
  w16     0.604 Mbps (std  0.157)  jit  35.794 ms  reord  0.00%  rtt  123.28 ms      691 pkt  3 flow
  w17     4.613 Mbps (std 23.385)  jit   0.366 ms  reord  0.14%  rtt   20.87 ms    4,412 pkt  2 flow
  w18     1.649 Mbps (std  9.385)  jit   0.255 ms  reord  0.00%  rtt    0.69 ms    1,569 pkt  2 flow
  w19     3.930 Mbps (std 20.449)  jit   6.060 ms  reord  0.00%  rtt  114.13 ms    3,787 pkt  2 flow
  w20     3.785 Mbps (std 13.004)  jit   9.864 ms  reord  0.00%  rtt  120.56 ms    3,675 pkt  4 flow
  w21     4.290 Mbps (std 18.538)  jit  15.474 ms  reord  0.12%  rtt  119.06 ms    4,136 pkt  4 flow
  w22     0.335 Mbps (std  0.232)  jit  56.154 ms  reord  0.00%  rtt  302.25 ms      358 pkt  2 flow
  w23     0.324 Mbps (std  0.293)  jit  29.522 ms  reord  0.00%  rtt  344.71 ms      338 pkt  2 flow
  w24     0.337 Mbps (std  0.198)  jit  44.162 ms  reord  0.00%  rtt  275.75 ms      368 pkt  2 flow
  w25     0.333 Mbps (std  0.232)  jit  43.190 ms  reord  0.00%  rtt  278.48 ms      363 pkt  2 flow
  w26     1.045 Mbps (std  3.349)  jit  26.056 ms  reord  0.56%  rtt  165.65 ms    1,066 pkt  2 flow
  w27     0.783 Mbps (std  0.276)  jit  33.471 ms  reord  0.00%  rtt  165.39 ms      825 pkt  4 flow
  w28     0.779 Mbps (std  0.235)  jit  42.258 ms  reord  0.00%  rtt  175.47 ms      825 pkt  4 flow
  w29     2.005 Mbps (std  4.334)  jit  20.367 ms  reord  2.85%  rtt  101.80 ms    2,207 pkt  4 flow
  w30     1.637 Mbps (std  0.074)  jit  31.101 ms  reord  0.00%  rtt  115.08 ms    1,816 pkt  5 flow
  w31     2.810 Mbps (std 14.251)  jit  34.706 ms  reord  3.47%  rtt  125.28 ms    3,108 pkt  6 flow
  w32     1.128 Mbps (std  0.105)  jit  42.861 ms  reord  0.00%  rtt  125.79 ms    1,367 pkt  5 flow
  w33     1.125 Mbps (std  0.101)  jit  43.854 ms  reord  0.00%  rtt  125.75 ms    1,362 pkt  6 flow
  w34     0.394 Mbps (std  0.540)  jit  14.517 ms  reord  0.00%  rtt  116.51 ms      471 pkt  4 flow
  w35     0.000 Mbps (std  0.000)  jit   0.000 ms  reord  0.00%  rtt    0.00 ms        0 pkt  0 flow
  w36  (parsial, 29 cuplikan) 0.000 Mbps
>> selesai: 37 window -> qos_features.csv
>>          cuplikan mentah -> qos_samples.csv (untuk align_qos.py)
