>> run_id=CONT_s9_l2a_OfForestAndMen | map=flows | poll=0.1s | window=10.0s -> qos_features.csv
>> menghitung SEMUA flow TCP yang lewat (Ctrl-C untuk berhenti)
>> XDP terpasang di eth0: prog id=1102
>> membaca 1 map bernama 'flows': id [310]
>> entri awal di map: 0  (0 = belum ada trafik TCP yang tertangkap)
  w0      0.000 Mbps (std  0.000)  jit   0.000 ms  reord  0.00%  rtt    0.00 ms        0 pkt  0 flow
  w1      0.000 Mbps (std  0.000)  jit   0.000 ms  reord  0.00%  rtt    0.00 ms        0 pkt  0 flow
  w2      0.000 Mbps (std  0.000)  jit   0.000 ms  reord  0.00%  rtt    0.00 ms        0 pkt  0 flow
  w3      0.000 Mbps (std  0.000)  jit   0.000 ms  reord  0.00%  rtt    0.00 ms        0 pkt  0 flow
  w4      0.184 Mbps (std  0.422)  jit   2.954 ms  reord  0.00%  rtt  108.15 ms      210 pkt  4 flow
  w5      1.051 Mbps (std  0.151)  jit  44.172 ms  reord  0.00%  rtt  143.04 ms    1,281 pkt  6 flow
  w6      3.080 Mbps (std 18.549)  jit  34.863 ms  reord  1.06%  rtt  125.95 ms    3,394 pkt  5 flow
  w7      1.206 Mbps (std  0.224)  jit  16.469 ms  reord  0.00%  rtt  105.86 ms    1,232 pkt  3 flow
  w8      1.208 Mbps (std  0.125)  jit  15.380 ms  reord  0.00%  rtt   97.01 ms    1,236 pkt  2 flow
  w9      1.213 Mbps (std  0.137)  jit  15.287 ms  reord  0.00%  rtt   97.37 ms    1,241 pkt  2 flow
  w10     1.208 Mbps (std  0.211)  jit  29.783 ms  reord  0.00%  rtt  130.01 ms    1,289 pkt  4 flow
  w11     2.156 Mbps (std  9.239)  jit  14.944 ms  reord  1.04%  rtt   96.18 ms    2,214 pkt  4 flow
  w12     2.844 Mbps (std  0.425)  jit   6.617 ms  reord  2.94%  rtt   71.05 ms    3,024 pkt  2 flow
  w13     2.844 Mbps (std  0.386)  jit  11.219 ms  reord  0.00%  rtt   77.68 ms    2,889 pkt  4 flow
  w14     3.716 Mbps (std 14.208)  jit   9.957 ms  reord  2.44%  rtt   79.24 ms    3,901 pkt  4 flow
  w15     1.400 Mbps (std  0.283)  jit  13.162 ms  reord  0.00%  rtt   84.68 ms    1,435 pkt  2 flow
  w16     1.403 Mbps (std  0.283)  jit  13.225 ms  reord  0.00%  rtt   84.49 ms    1,449 pkt  4 flow
  w17     1.402 Mbps (std  0.243)  jit  37.055 ms  reord  0.00%  rtt  134.65 ms    1,541 pkt  4 flow
  w18     1.402 Mbps (std  0.283)  jit  13.544 ms  reord  0.00%  rtt   83.73 ms    1,445 pkt  2 flow
  w19     1.879 Mbps (std  4.833)  jit  14.595 ms  reord  6.64%  rtt   94.06 ms    2,154 pkt  2 flow
  w20     0.494 Mbps (std  0.189)  jit  44.304 ms  reord 13.83%  rtt   96.37 ms      694 pkt  2 flow
  w21     0.472 Mbps (std  0.218)  jit  44.205 ms  reord 12.93%  rtt   96.08 ms      665 pkt  2 flow
  w22     2.866 Mbps (std  2.161)  jit  18.111 ms  reord  1.73%  rtt   53.80 ms    3,351 pkt  2 flow
  w23     5.022 Mbps (std  0.178)  jit   3.287 ms  reord  0.20%  rtt   17.16 ms    5,963 pkt  2 flow
  w24     5.068 Mbps (std  0.294)  jit   3.039 ms  reord  1.03%  rtt   49.65 ms    6,711 pkt  4 flow
  w25     4.970 Mbps (std  0.439)  jit   5.213 ms  reord  0.00%  rtt   46.04 ms    4,813 pkt  4 flow
  w26     4.967 Mbps (std  0.461)  jit   3.488 ms  reord  0.00%  rtt   42.50 ms    4,747 pkt  2 flow
  w27     7.071 Mbps (std 14.682)  jit   6.152 ms  reord  0.50%  rtt   49.60 ms    7,868 pkt  6 flow
  w28     6.082 Mbps (std  0.304)  jit   6.462 ms  reord  0.77%  rtt   51.36 ms    8,037 pkt  6 flow
  w29     6.095 Mbps (std  0.296)  jit   2.207 ms  reord  0.29%  rtt   40.49 ms    8,372 pkt  4 flow
  w30     6.087 Mbps (std  0.242)  jit   0.844 ms  reord  0.22%  rtt   36.83 ms    8,202 pkt  3 flow
  w31     8.165 Mbps (std 24.863)  jit   5.998 ms  reord  1.74%  rtt   55.89 ms   10,130 pkt  4 flow
  w32     3.139 Mbps (std  0.253)  jit  13.214 ms  reord  1.75%  rtt   87.17 ms    3,942 pkt  6 flow
  w33     2.677 Mbps (std  1.125)  jit   6.086 ms  reord  0.73%  rtt   78.59 ms    3,296 pkt  2 flow
  w34     0.431 Mbps (std  1.072)  jit   0.889 ms  reord  0.00%  rtt   79.05 ms      507 pkt  2 flow
  w35     0.000 Mbps (std  0.000)  jit   0.000 ms  reord  0.00%  rtt    0.00 ms        0 pkt  0 flow
  w36  (parsial, 17 cuplikan) 0.000 Mbps
>> selesai: 37 window -> qos_features.csv
>>          cuplikan mentah -> qos_samples.csv (untuk align_qos.py)
