>> run_id=CONT_s2_dynamic_TheSwissAccount | map=flows | poll=0.1s | window=10.0s -> qos_features.csv
>> menghitung SEMUA flow TCP yang lewat (Ctrl-C untuk berhenti)
>> XDP terpasang di eth0: prog id=2167
>> membaca 1 map bernama 'flows': id [614]
>> entri awal di map: 0  (0 = belum ada trafik TCP yang tertangkap)
  w0      0.000 Mbps (std  0.000)  jit   0.000 ms  reord  0.00%  rtt    0.00 ms        0 pkt  0 flow
  w1      0.000 Mbps (std  0.000)  jit   0.000 ms  reord  0.00%  rtt    0.00 ms        0 pkt  0 flow
  w2      0.000 Mbps (std  0.000)  jit   0.000 ms  reord  0.00%  rtt    0.00 ms        0 pkt  0 flow
  w3      0.000 Mbps (std  0.000)  jit   0.000 ms  reord  0.00%  rtt    0.00 ms        0 pkt  0 flow
  w4      0.432 Mbps (std  1.493)  jit   0.605 ms  reord  3.08%  rtt   59.69 ms      585 pkt  4 flow
  w5      6.051 Mbps (std  0.269)  jit   2.121 ms  reord  0.14%  rtt   36.64 ms    7,359 pkt  4 flow
  w6      4.003 Mbps (std  2.795)  jit   8.170 ms  reord  0.98%  rtt   45.20 ms    5,025 pkt  4 flow
  w7      4.264 Mbps (std  2.721)  jit   1.863 ms  reord  0.07%  rtt   32.96 ms    5,441 pkt  2 flow
  w8      4.257 Mbps (std  2.721)  jit   1.592 ms  reord  0.09%  rtt   33.37 ms    5,474 pkt  2 flow
  w9      4.547 Mbps (std  1.442)  jit   3.058 ms  reord  0.16%  rtt   51.13 ms    5,504 pkt  2 flow
  w10     3.220 Mbps (std  0.318)  jit   5.448 ms  reord  0.12%  rtt   67.33 ms    3,208 pkt  2 flow
  w11     3.222 Mbps (std  0.290)  jit   6.283 ms  reord  0.68%  rtt   66.37 ms    3,215 pkt  4 flow
  w12     2.185 Mbps (std  1.534)  jit  10.018 ms  reord  0.00%  rtt   71.82 ms    2,220 pkt  4 flow
  w13     1.143 Mbps (std  1.603)  jit  10.639 ms  reord  0.09%  rtt   60.94 ms    1,155 pkt  2 flow
  w14     3.338 Mbps (std  0.384)  jit  11.656 ms  reord  0.00%  rtt   69.54 ms    3,504 pkt  6 flow
  w15     3.353 Mbps (std  0.354)  jit  16.289 ms  reord  0.00%  rtt   76.46 ms    3,540 pkt  6 flow
  w16     3.348 Mbps (std  0.399)  jit  15.669 ms  reord  0.00%  rtt   70.39 ms    3,631 pkt  6 flow
  w17     2.985 Mbps (std  0.985)  jit  16.480 ms  reord  1.82%  rtt   55.56 ms    3,357 pkt  4 flow
  w18     4.938 Mbps (std  3.720)  jit  10.187 ms  reord  0.17%  rtt   57.29 ms    5,201 pkt  5 flow
  w19     5.971 Mbps (std  0.482)  jit   7.211 ms  reord  0.00%  rtt   42.91 ms    5,987 pkt  4 flow
  w20     3.940 Mbps (std  2.830)  jit   3.521 ms  reord  0.00%  rtt   34.83 ms    3,785 pkt  2 flow
  w21     4.012 Mbps (std  2.808)  jit   5.100 ms  reord  1.69%  rtt   45.75 ms    5,078 pkt  6 flow
  w22     5.689 Mbps (std  1.363)  jit   6.559 ms  reord  0.59%  rtt   47.21 ms    6,493 pkt  4 flow
  w23     4.909 Mbps (std 15.367)  jit   7.787 ms  reord 18.66%  rtt   55.44 ms    6,473 pkt  4 flow
  w24     2.311 Mbps (std  2.913)  jit   8.216 ms  reord 28.97%  rtt   71.53 ms    3,794 pkt  2 flow
  w25     6.145 Mbps (std  0.256)  jit   2.989 ms  reord 25.41%  rtt   82.21 ms    9,900 pkt  4 flow
  w26     6.121 Mbps (std  0.341)  jit   3.525 ms  reord 25.76%  rtt   85.62 ms    9,859 pkt  4 flow
  w27     4.352 Mbps (std  2.757)  jit   1.338 ms  reord 17.98%  rtt   64.72 ms    6,814 pkt  2 flow
  w28     3.361 Mbps (std  3.007)  jit   1.655 ms  reord  0.27%  rtt   37.24 ms    4,501 pkt  2 flow
  w29     5.523 Mbps (std  1.704)  jit   1.986 ms  reord  0.57%  rtt   37.08 ms    7,174 pkt  2 flow
  w30     5.965 Mbps (std  0.431)  jit   2.919 ms  reord  0.00%  rtt   35.12 ms    5,776 pkt  2 flow
  w31     5.868 Mbps (std  0.821)  jit   2.894 ms  reord  0.00%  rtt   35.08 ms    5,687 pkt  2 flow
  w32     0.601 Mbps (std  1.667)  jit   9.212 ms  reord  1.92%  rtt   68.54 ms      781 pkt  2 flow
  w33     0.413 Mbps (std  1.349)  jit  22.044 ms  reord  0.00%  rtt   77.48 ms      518 pkt  2 flow
  w34     0.000 Mbps (std  0.000)  jit   0.000 ms  reord  0.00%  rtt    0.00 ms        0 pkt  0 flow
  w35     0.000 Mbps (std  0.000)  jit   0.000 ms  reord  0.00%  rtt    0.00 ms        0 pkt  0 flow
  w36  (parsial, 4 cuplikan) 0.000 Mbps
>> selesai: 37 window -> qos_features.csv
>>          cuplikan mentah -> qos_samples.csv (untuk align_qos.py)
