>> run_id=CONT_s1_bola_RedBullPlayStreets | map=flows | poll=0.1s | window=10.0s -> qos_features.csv
>> menghitung SEMUA flow TCP yang lewat (Ctrl-C untuk berhenti)
>> XDP terpasang di eth0: prog id=1081
>> membaca 1 map bernama 'flows': id [304]
>> entri awal di map: 0  (0 = belum ada trafik TCP yang tertangkap)
  w0      0.000 Mbps (std  0.000)  jit   0.000 ms  reord  0.00%  rtt    0.00 ms        0 pkt  0 flow
  w1      0.000 Mbps (std  0.000)  jit   0.000 ms  reord  0.00%  rtt    0.00 ms        0 pkt  0 flow
  w2      0.000 Mbps (std  0.000)  jit   0.000 ms  reord  0.00%  rtt    0.00 ms        0 pkt  0 flow
  w3      0.000 Mbps (std  0.000)  jit   0.000 ms  reord  0.00%  rtt    0.00 ms        0 pkt  0 flow
  w4      0.396 Mbps (std  2.192)  jit   1.275 ms  reord  1.19%  rtt  121.72 ms      419 pkt  2 flow
  w5     42.515 Mbps (std 99.423)  jit   4.639 ms  reord  0.00%  rtt   70.47 ms   40,437 pkt  4 flow
  w6      4.808 Mbps (std 33.658)  jit   0.001 ms  reord  0.00%  rtt    1.63 ms    4,571 pkt  2 flow
  w7      7.552 Mbps (std 36.041)  jit   0.944 ms  reord  0.00%  rtt    1.77 ms    7,194 pkt  2 flow
  w8      2.477 Mbps (std 23.667)  jit  31.538 ms  reord  0.04%  rtt  270.55 ms    2,353 pkt  2 flow
  w9      0.234 Mbps (std  0.269)  jit  43.697 ms  reord  0.00%  rtt  474.99 ms      243 pkt  2 flow
  w10     0.233 Mbps (std  0.261)  jit  59.130 ms  reord  0.00%  rtt  453.59 ms      267 pkt  4 flow
  w11     1.443 Mbps (std 11.746)  jit  47.785 ms  reord  4.07%  rtt  453.64 ms    1,524 pkt  5 flow
  w12     0.185 Mbps (std  0.160)  jit  28.598 ms  reord  1.93%  rtt  434.11 ms      259 pkt  2 flow
  w13     0.087 Mbps (std  0.173)  jit  12.145 ms  reord  9.45%  rtt  271.70 ms      127 pkt  4 flow
  w14     0.289 Mbps (std  0.108)  jit  46.160 ms  reord  6.13%  rtt  418.65 ms      408 pkt  2 flow
  w15     0.292 Mbps (std  0.097)  jit  66.317 ms  reord  5.39%  rtt  356.92 ms      427 pkt  4 flow
  w16     0.398 Mbps (std  0.393)  jit  61.968 ms  reord  2.40%  rtt  241.75 ms      501 pkt  4 flow
  w17     0.083 Mbps (std  0.262)  jit  25.418 ms  reord  0.00%  rtt   84.59 ms       86 pkt  2 flow
  w18     0.126 Mbps (std  0.361)  jit  51.108 ms  reord  0.00%  rtt 3277.24 ms      134 pkt  2 flow
  w19     1.122 Mbps (std  0.593)  jit  53.217 ms  reord  0.00%  rtt  119.12 ms    1,277 pkt  6 flow
  w20     1.365 Mbps (std  0.224)  jit  27.693 ms  reord  0.00%  rtt  119.30 ms    1,517 pkt  4 flow
  w21     1.369 Mbps (std  0.149)  jit  35.275 ms  reord  0.00%  rtt  114.47 ms    1,612 pkt  4 flow
  w22     0.800 Mbps (std  0.693)  jit  18.743 ms  reord  0.00%  rtt  105.16 ms      848 pkt  4 flow
  w23     1.980 Mbps (std  7.890)  jit  21.035 ms  reord  3.09%  rtt  110.74 ms    2,106 pkt  2 flow
  w24     0.822 Mbps (std  0.284)  jit  22.800 ms  reord  0.00%  rtt  141.34 ms      855 pkt  2 flow
  w25     0.821 Mbps (std  0.287)  jit  22.618 ms  reord  0.00%  rtt  141.07 ms      855 pkt  2 flow
  w26     0.826 Mbps (std  0.197)  jit  46.950 ms  reord  0.00%  rtt  170.35 ms      945 pkt  4 flow
  w27     0.827 Mbps (std  0.131)  jit  57.018 ms  reord  0.00%  rtt  169.81 ms    1,013 pkt  6 flow
  w28     0.824 Mbps (std  0.166)  jit  23.405 ms  reord  0.00%  rtt   85.73 ms      955 pkt  3 flow
  w29     1.298 Mbps (std  5.426)  jit  16.551 ms  reord  2.32%  rtt   86.30 ms    1,510 pkt  2 flow
  w30     1.259 Mbps (std  0.873)  jit  24.446 ms  reord  0.00%  rtt   90.23 ms    1,354 pkt  4 flow
  w31     1.839 Mbps (std  0.137)  jit  27.040 ms  reord  0.00%  rtt   71.37 ms    2,216 pkt  6 flow
  w32     1.833 Mbps (std  0.145)  jit  17.472 ms  reord  0.00%  rtt   54.46 ms    2,168 pkt  4 flow
  w33     0.086 Mbps (std  0.371)  jit   7.022 ms  reord  0.00%  rtt   30.88 ms      108 pkt  2 flow
  w34     0.000 Mbps (std  0.001)  jit  15.580 ms  reord  0.00%  rtt   71.58 ms        3 pkt  2 flow
  w35     0.000 Mbps (std  0.000)  jit   0.000 ms  reord  0.00%  rtt    0.00 ms        0 pkt  0 flow
  w36  (parsial, 2 cuplikan) 0.000 Mbps
>> selesai: 37 window -> qos_features.csv
>>          cuplikan mentah -> qos_samples.csv (untuk align_qos.py)
