>> run_id=CONT_s10_l2a_TheSwissAccount | map=flows | poll=0.1s | window=10.0s -> qos_features.csv
>> menghitung SEMUA flow TCP yang lewat (Ctrl-C untuk berhenti)
>> XDP terpasang di eth0: prog id=1326
>> membaca 1 map bernama 'flows': id [374]
>> entri awal di map: 0  (0 = belum ada trafik TCP yang tertangkap)
  w0      0.000 Mbps (std  0.000)  jit   0.000 ms  reord  0.00%  rtt    0.00 ms        0 pkt  0 flow
  w1      0.000 Mbps (std  0.000)  jit   0.000 ms  reord  0.00%  rtt    0.00 ms        0 pkt  0 flow
  w2      0.000 Mbps (std  0.000)  jit   0.000 ms  reord  0.00%  rtt    0.00 ms        0 pkt  0 flow
  w3      0.000 Mbps (std  0.000)  jit   0.000 ms  reord  0.00%  rtt    0.00 ms        0 pkt  0 flow
  w4      0.005 Mbps (std  0.042)  jit   0.014 ms  reord  0.00%  rtt    0.26 ms       21 pkt  2 flow
  w5      0.599 Mbps (std  0.532)  jit  18.468 ms  reord  0.00%  rtt  128.24 ms      648 pkt  4 flow
  w6      0.796 Mbps (std  0.456)  jit  26.262 ms  reord  0.00%  rtt  136.91 ms      881 pkt  4 flow
  w7      0.671 Mbps (std  0.583)  jit  30.449 ms  reord  1.91%  rtt  117.66 ms      734 pkt  4 flow
  w8      1.082 Mbps (std  0.139)  jit  44.179 ms  reord  0.00%  rtt  140.73 ms    1,289 pkt  5 flow
  w9      1.073 Mbps (std  0.209)  jit  43.177 ms  reord  0.00%  rtt  155.33 ms    1,247 pkt  5 flow
  w10     0.882 Mbps (std  0.520)  jit  22.632 ms  reord  0.00%  rtt  122.97 ms      918 pkt  2 flow
  w11     2.014 Mbps (std 13.072)  jit  20.087 ms  reord  0.69%  rtt  132.30 ms    2,026 pkt  4 flow
  w12     0.744 Mbps (std  0.323)  jit  54.904 ms  reord  0.00%  rtt  154.94 ms      881 pkt  5 flow
  w13     0.626 Mbps (std  0.398)  jit  39.716 ms  reord  0.00%  rtt  153.77 ms      731 pkt  4 flow
  w14     0.595 Mbps (std  0.462)  jit  35.647 ms  reord  0.00%  rtt  134.09 ms      630 pkt  2 flow
  w15     1.251 Mbps (std  5.338)  jit  33.125 ms  reord  0.62%  rtt  179.15 ms    1,282 pkt  2 flow
  w16     0.571 Mbps (std  0.143)  jit  33.622 ms  reord  0.00%  rtt  187.57 ms      600 pkt  2 flow
  w17     0.575 Mbps (std  0.182)  jit  47.087 ms  reord  0.00%  rtt  216.24 ms      618 pkt  4 flow
  w18     1.956 Mbps (std 14.507)  jit  66.857 ms  reord  4.39%  rtt  231.94 ms    2,118 pkt  6 flow
  w19     0.455 Mbps (std  0.163)  jit  58.036 ms  reord  0.00%  rtt  178.29 ms      529 pkt  4 flow
  w20     0.453 Mbps (std  0.157)  jit  39.489 ms  reord  0.00%  rtt  151.67 ms      520 pkt  2 flow
  w21     0.454 Mbps (std  0.159)  jit  39.376 ms  reord  0.00%  rtt  154.28 ms      520 pkt  2 flow
  w22     0.454 Mbps (std  0.158)  jit  39.311 ms  reord  0.00%  rtt  152.85 ms      521 pkt  2 flow
  w23     0.824 Mbps (std  3.447)  jit  35.850 ms  reord  3.03%  rtt  167.05 ms      923 pkt  2 flow
  w24     0.197 Mbps (std  0.098)  jit  40.858 ms  reord  4.33%  rtt  292.97 ms      300 pkt  2 flow
  w25     0.206 Mbps (std  0.127)  jit  58.755 ms  reord 12.01%  rtt  323.31 ms      333 pkt  4 flow
  w26     0.202 Mbps (std  0.075)  jit  48.401 ms  reord  6.25%  rtt  190.37 ms      320 pkt  2 flow
  w27     0.172 Mbps (std  0.186)  jit  50.566 ms  reord  6.01%  rtt  298.52 ms      233 pkt  2 flow
  w28     0.141 Mbps (std  0.170)  jit  54.320 ms  reord  0.00%  rtt  431.06 ms      165 pkt  2 flow
  w29     0.141 Mbps (std  0.169)  jit  53.603 ms  reord  0.00%  rtt  453.01 ms      167 pkt  2 flow
  w30     0.142 Mbps (std  0.171)  jit  53.163 ms  reord  0.00%  rtt  445.45 ms      165 pkt  2 flow
  w31     0.143 Mbps (std  0.154)  jit 100.938 ms  reord  1.10%  rtt  751.56 ms      181 pkt  4 flow
  w32     0.143 Mbps (std  0.158)  jit 133.286 ms  reord  0.00%  rtt  730.84 ms      180 pkt  3 flow
  w33     0.390 Mbps (std  2.673)  jit  69.087 ms  reord 12.45%  rtt  555.61 ms      474 pkt  2 flow
  w34     0.078 Mbps (std  0.195)  jit  24.625 ms  reord  0.00%  rtt  798.76 ms       85 pkt  2 flow
  w35     0.000 Mbps (std  0.000)  jit   0.000 ms  reord  0.00%  rtt    0.00 ms        0 pkt  0 flow
  w36  (parsial, 15 cuplikan) 0.000 Mbps
>> selesai: 37 window -> qos_features.csv
>>          cuplikan mentah -> qos_samples.csv (untuk align_qos.py)
