>> run_id=CONT_s6_l2a_TheSwissAccount | map=flows | poll=0.1s | window=10.0s -> qos_features.csv
>> menghitung SEMUA flow TCP yang lewat (Ctrl-C untuk berhenti)
>> XDP terpasang di eth0: prog id=1634
>> membaca 1 map bernama 'flows': id [462]
>> entri awal di map: 0  (0 = belum ada trafik TCP yang tertangkap)
  w0      0.000 Mbps (std  0.000)  jit   0.000 ms  reord  0.00%  rtt    0.00 ms        0 pkt  0 flow
  w1      0.000 Mbps (std  0.000)  jit   0.000 ms  reord  0.00%  rtt    0.00 ms        0 pkt  0 flow
  w2      0.000 Mbps (std  0.000)  jit   0.000 ms  reord  0.00%  rtt    0.00 ms        0 pkt  0 flow
  w3      0.000 Mbps (std  0.000)  jit   0.000 ms  reord  0.00%  rtt    0.00 ms        0 pkt  0 flow
  w4      0.027 Mbps (std  0.182)  jit   1.196 ms  reord  0.00%  rtt   83.14 ms       51 pkt  2 flow
  w5      0.213 Mbps (std  0.174)  jit  73.860 ms  reord 14.60%  rtt  130.01 ms      322 pkt  2 flow
  w6      0.152 Mbps (std  0.160)  jit  58.218 ms  reord 16.17%  rtt  145.51 ms      235 pkt  2 flow
  w7      0.117 Mbps (std  0.181)  jit  89.735 ms  reord 17.32%  rtt  136.69 ms      179 pkt  2 flow
  w8      0.263 Mbps (std  0.177)  jit  69.728 ms  reord 15.21%  rtt  135.59 ms      388 pkt  2 flow
  w9      0.424 Mbps (std  0.318)  jit  55.110 ms  reord 17.51%  rtt  179.29 ms      651 pkt  4 flow
  w10     1.017 Mbps (std  1.365)  jit  44.701 ms  reord  5.25%  rtt  179.15 ms    1,220 pkt  5 flow
  w11     0.926 Mbps (std  0.260)  jit  21.473 ms  reord  0.00%  rtt  128.51 ms      983 pkt  4 flow
  w12     0.930 Mbps (std  0.259)  jit  21.981 ms  reord  0.00%  rtt  133.59 ms      978 pkt  2 flow
  w13     0.934 Mbps (std  0.178)  jit  48.969 ms  reord  0.00%  rtt  157.12 ms    1,079 pkt  4 flow
  w14     0.546 Mbps (std  0.499)  jit  36.242 ms  reord  0.00%  rtt  138.61 ms      605 pkt  4 flow
  w15     0.930 Mbps (std  0.179)  jit  29.042 ms  reord  0.00%  rtt  135.69 ms    1,016 pkt  4 flow
  w16     2.633 Mbps (std 15.594)  jit  71.234 ms  reord  2.31%  rtt  234.35 ms    2,726 pkt  4 flow
  w17     0.440 Mbps (std  0.134)  jit 105.588 ms  reord  0.00%  rtt  312.67 ms      531 pkt  4 flow
  w18     0.442 Mbps (std  0.139)  jit  99.450 ms  reord  0.00%  rtt  307.95 ms      541 pkt  5 flow
  w19     0.441 Mbps (std  0.148)  jit 107.192 ms  reord  0.00%  rtt  310.96 ms      536 pkt  4 flow
  w20     0.999 Mbps (std  7.060)  jit 111.822 ms  reord  2.86%  rtt  327.75 ms    1,118 pkt  4 flow
  w21     0.281 Mbps (std  0.140)  jit  56.158 ms  reord  0.00%  rtt  231.28 ms      325 pkt  2 flow
  w22     2.240 Mbps (std 19.402)  jit  90.165 ms  reord  0.43%  rtt  372.67 ms    2,302 pkt  4 flow
  w23     0.139 Mbps (std  0.131)  jit  33.052 ms  reord 29.33%  rtt  666.47 ms      225 pkt  3 flow
  w24     0.139 Mbps (std  0.151)  jit  51.103 ms  reord  9.57%  rtt  448.38 ms      209 pkt  2 flow
  w25     0.137 Mbps (std  0.142)  jit 137.508 ms  reord 17.76%  rtt  650.65 ms      214 pkt  4 flow
  w26     0.154 Mbps (std  0.162)  jit 141.252 ms  reord  7.76%  rtt  542.63 ms      219 pkt  4 flow
  w27     0.200 Mbps (std  0.172)  jit  57.453 ms  reord  0.00%  rtt  327.43 ms      235 pkt  2 flow
  w28     0.200 Mbps (std  0.174)  jit  52.972 ms  reord  0.00%  rtt  329.91 ms      235 pkt  2 flow
  w29     0.197 Mbps (std  0.173)  jit  51.851 ms  reord  0.00%  rtt  327.51 ms      230 pkt  2 flow
  w30     0.465 Mbps (std  2.874)  jit  41.654 ms  reord  8.33%  rtt  385.45 ms      540 pkt  2 flow
  w31     0.182 Mbps (std  0.248)  jit  57.823 ms  reord  0.00%  rtt  515.88 ms      208 pkt  4 flow
  w32     4.067 Mbps (std 28.657)  jit  74.046 ms  reord  0.15%  rtt  559.64 ms    4,038 pkt  4 flow
  w33     1.990 Mbps (std 11.199)  jit   1.316 ms  reord  0.00%  rtt    0.86 ms    1,951 pkt  2 flow
  w34     0.811 Mbps (std  3.618)  jit   6.231 ms  reord  0.00%  rtt  131.55 ms      827 pkt  2 flow
  w35     0.000 Mbps (std  0.000)  jit   0.000 ms  reord  0.00%  rtt    0.00 ms        0 pkt  0 flow
  w36  (parsial, 11 cuplikan) 0.000 Mbps
>> selesai: 37 window -> qos_features.csv
>>          cuplikan mentah -> qos_samples.csv (untuk align_qos.py)
