>> run_id=CONT_s12_l2a_ElephantsDream | map=flows | poll=0.1s | window=10.0s -> qos_features.csv
>> menghitung SEMUA flow TCP yang lewat (Ctrl-C untuk berhenti)
>> XDP terpasang di eth0: prog id=990
>> membaca 1 map bernama 'flows': id [278]
>> entri awal di map: 0  (0 = belum ada trafik TCP yang tertangkap)
  w0      0.000 Mbps (std  0.000)  jit   0.000 ms  reord  0.00%  rtt    0.00 ms        0 pkt  0 flow
  w1      0.000 Mbps (std  0.000)  jit   0.000 ms  reord  0.00%  rtt    0.00 ms        0 pkt  0 flow
  w2      0.000 Mbps (std  0.000)  jit   0.000 ms  reord  0.00%  rtt    0.00 ms        0 pkt  0 flow
  w3      0.000 Mbps (std  0.000)  jit   0.000 ms  reord  0.00%  rtt    0.00 ms        0 pkt  0 flow
  w4      0.031 Mbps (std  0.123)  jit   1.062 ms  reord  0.00%  rtt   53.19 ms       54 pkt  2 flow
  w5      0.197 Mbps (std  0.235)  jit  60.817 ms  reord  0.44%  rtt  455.52 ms      229 pkt  4 flow
  w6      0.201 Mbps (std  0.140)  jit 151.061 ms  reord  0.75%  rtt  437.64 ms      266 pkt  4 flow
  w7      1.313 Mbps (std  9.812)  jit 120.204 ms  reord  5.98%  rtt  492.99 ms    1,455 pkt  4 flow
  w8      0.410 Mbps (std  0.107)  jit  73.972 ms  reord 19.84%  rtt  263.20 ms      635 pkt  5 flow
  w9      0.409 Mbps (std  0.087)  jit  68.853 ms  reord  9.77%  rtt  232.51 ms      604 pkt  4 flow
  w10     0.407 Mbps (std  0.091)  jit  77.934 ms  reord  8.15%  rtt  270.22 ms      589 pkt  4 flow
  w11     0.275 Mbps (std  0.250)  jit  49.035 ms  reord 12.47%  rtt  220.31 ms      425 pkt  4 flow
  w12     0.181 Mbps (std  0.199)  jit  51.319 ms  reord  0.48%  rtt  405.19 ms      208 pkt  2 flow
  w13     0.179 Mbps (std  0.206)  jit  53.535 ms  reord  0.49%  rtt  380.62 ms      205 pkt  2 flow
  w14     0.181 Mbps (std  0.246)  jit  43.783 ms  reord  0.51%  rtt  464.98 ms      196 pkt  2 flow
  w15     0.175 Mbps (std  0.229)  jit  46.246 ms  reord  0.00%  rtt  423.50 ms      192 pkt  2 flow
  w16     0.206 Mbps (std  0.300)  jit  49.742 ms  reord  4.22%  rtt  323.60 ms      237 pkt  3 flow
  w17     0.257 Mbps (std  0.126)  jit 162.027 ms  reord  0.00%  rtt  388.84 ms      323 pkt  4 flow
  w18     0.259 Mbps (std  0.192)  jit  60.017 ms  reord  0.00%  rtt  314.99 ms      298 pkt  4 flow
  w19     9.706 Mbps (std 42.941)  jit  36.072 ms  reord  0.08%  rtt  379.21 ms    9,562 pkt  4 flow
  w20     6.051 Mbps (std 23.959)  jit  10.378 ms  reord  0.00%  rtt  147.29 ms    5,921 pkt  4 flow
  w21     2.615 Mbps (std 13.804)  jit   1.608 ms  reord  0.00%  rtt   90.92 ms    2,541 pkt  2 flow
  w22     0.107 Mbps (std  0.251)  jit  39.707 ms  reord  0.88%  rtt  578.13 ms      113 pkt  2 flow
  w23     0.157 Mbps (std  0.219)  jit  53.948 ms  reord  0.00%  rtt  555.37 ms      173 pkt  2 flow
  w24     0.900 Mbps (std  7.337)  jit  40.014 ms  reord  1.08%  rtt  389.72 ms      928 pkt  4 flow
  w25     0.128 Mbps (std  0.084)  jit 123.980 ms  reord 18.52%  rtt  491.62 ms      189 pkt  2 flow
  w26     0.129 Mbps (std  0.128)  jit  53.220 ms  reord 10.10%  rtt  569.19 ms      208 pkt  2 flow
  w27     0.129 Mbps (std  0.066)  jit 112.470 ms  reord  8.37%  rtt  769.54 ms      215 pkt  4 flow
  w28     0.130 Mbps (std  0.099)  jit  91.559 ms  reord 15.09%  rtt  675.66 ms      212 pkt  4 flow
  w29     0.123 Mbps (std  0.149)  jit  40.271 ms  reord  3.68%  rtt  700.85 ms      190 pkt  2 flow
  w30     0.120 Mbps (std  0.186)  jit  55.350 ms  reord  0.71%  rtt  634.45 ms      140 pkt  2 flow
  w31     0.118 Mbps (std  0.203)  jit  46.574 ms  reord  1.46%  rtt  505.73 ms      137 pkt  2 flow
  w32     0.123 Mbps (std  0.220)  jit  46.435 ms  reord  0.72%  rtt  555.50 ms      138 pkt  2 flow
  w33     0.120 Mbps (std  0.218)  jit  48.784 ms  reord  0.75%  rtt  612.56 ms      134 pkt  2 flow
  w34     0.012 Mbps (std  0.081)  jit   3.551 ms  reord  0.00%  rtt  932.63 ms       12 pkt  2 flow
  w35     0.000 Mbps (std  0.000)  jit   0.000 ms  reord  0.00%  rtt    0.00 ms        0 pkt  0 flow
  w36  (parsial, 4 cuplikan) 0.000 Mbps
>> selesai: 37 window -> qos_features.csv
>>          cuplikan mentah -> qos_samples.csv (untuk align_qos.py)
