>> run_id=CONT_s11_bola_RedBullPlayStreets | map=flows | poll=0.1s | window=10.0s -> qos_features.csv
>> menghitung SEMUA flow TCP yang lewat (Ctrl-C untuk berhenti)
>> XDP terpasang di eth0: prog id=583
>> membaca 1 map bernama 'flows': id [162]
>> entri awal di map: 0  (0 = belum ada trafik TCP yang tertangkap)
  w0      0.000 Mbps (std  0.000)  jit   0.000 ms  reord  0.00%  rtt    0.00 ms        0 pkt  0 flow
  w1      0.000 Mbps (std  0.000)  jit   0.000 ms  reord  0.00%  rtt    0.00 ms        0 pkt  0 flow
  w2      0.000 Mbps (std  0.000)  jit   0.000 ms  reord  0.00%  rtt    0.00 ms        0 pkt  0 flow
  w3      0.000 Mbps (std  0.000)  jit   0.000 ms  reord  0.00%  rtt    0.00 ms        0 pkt  0 flow
  w4      0.117 Mbps (std  0.282)  jit   3.715 ms  reord  0.00%  rtt  141.88 ms      146 pkt  4 flow
  w5      0.664 Mbps (std  0.130)  jit  40.465 ms  reord  0.00%  rtt  138.65 ms      822 pkt  6 flow
  w6      0.663 Mbps (std  0.102)  jit  24.797 ms  reord  0.00%  rtt  105.65 ms      838 pkt  2 flow
  w7      0.731 Mbps (std  1.421)  jit  21.983 ms  reord  0.45%  rtt  104.95 ms      889 pkt  2 flow
  w8      0.322 Mbps (std  0.450)  jit  29.266 ms  reord  0.00%  rtt  124.00 ms      331 pkt  2 flow
  w9      0.672 Mbps (std  0.415)  jit  35.441 ms  reord  0.00%  rtt  126.01 ms      702 pkt  2 flow
  w10     0.854 Mbps (std  0.234)  jit  23.080 ms  reord  0.00%  rtt  122.50 ms      907 pkt  3 flow
  w11     2.512 Mbps (std 17.702)  jit  33.113 ms  reord  2.08%  rtt  147.26 ms    2,639 pkt  4 flow
  w12     0.493 Mbps (std  0.522)  jit  28.284 ms  reord  0.00%  rtt  126.70 ms      508 pkt  2 flow
  w13     0.952 Mbps (std  0.248)  jit  29.841 ms  reord  0.00%  rtt  146.96 ms    1,026 pkt  4 flow
  w14     2.651 Mbps (std 18.600)  jit  46.098 ms  reord  0.36%  rtt  161.75 ms    2,780 pkt  4 flow
  w15     0.766 Mbps (std  0.346)  jit  37.065 ms  reord  0.00%  rtt  120.10 ms      874 pkt  4 flow
  w16     0.726 Mbps (std  0.424)  jit  30.454 ms  reord  0.00%  rtt  129.43 ms      760 pkt  2 flow
  w17     0.804 Mbps (std  3.505)  jit  36.409 ms  reord  3.08%  rtt  183.89 ms      878 pkt  2 flow
  w18     0.404 Mbps (std  0.176)  jit  43.584 ms  reord  5.16%  rtt  206.67 ms      562 pkt  4 flow
  w19     0.410 Mbps (std  0.089)  jit  74.689 ms  reord  6.69%  rtt  287.21 ms      613 pkt  6 flow
  w20     0.417 Mbps (std  0.148)  jit  81.925 ms  reord  8.11%  rtt  259.97 ms      592 pkt  5 flow
  w21     0.424 Mbps (std  0.121)  jit 100.227 ms  reord  0.00%  rtt  285.12 ms      542 pkt  5 flow
  w22     0.331 Mbps (std  0.258)  jit  38.929 ms  reord  0.00%  rtt  177.56 ms      369 pkt  2 flow
  w23     0.249 Mbps (std  0.309)  jit  52.935 ms  reord  0.36%  rtt  195.82 ms      274 pkt  3 flow
  w24     0.777 Mbps (std  3.117)  jit  72.128 ms  reord  1.43%  rtt  209.36 ms      839 pkt  3 flow
  w25     0.499 Mbps (std  2.840)  jit  33.140 ms  reord  0.00%  rtt    0.53 ms      492 pkt  4 flow
  w26     0.317 Mbps (std  2.223)  jit   0.583 ms  reord  0.00%  rtt    0.62 ms      311 pkt  2 flow
  w27     0.481 Mbps (std  2.740)  jit   0.869 ms  reord  0.00%  rtt    0.50 ms      472 pkt  2 flow
  w28     2.317 Mbps (std  5.323)  jit   9.846 ms  reord  0.00%  rtt  112.22 ms    2,312 pkt  4 flow
  w29     1.467 Mbps (std  3.845)  jit   8.865 ms  reord  0.00%  rtt  120.36 ms    1,480 pkt  4 flow
  w30     0.513 Mbps (std  1.226)  jit  30.171 ms  reord  0.00%  rtt  113.58 ms      520 pkt  2 flow
  w31     1.093 Mbps (std  0.272)  jit  18.744 ms  reord  0.00%  rtt  120.67 ms    1,133 pkt  2 flow
  w32     1.090 Mbps (std  0.191)  jit  26.432 ms  reord  0.00%  rtt  129.54 ms    1,174 pkt  4 flow
  w33     0.541 Mbps (std  0.319)  jit  17.831 ms  reord  4.95%  rtt  123.77 ms      748 pkt  4 flow
  w34     0.118 Mbps (std  0.258)  jit   6.061 ms  reord  1.85%  rtt  179.61 ms      162 pkt  4 flow
  w35     0.000 Mbps (std  0.000)  jit   0.000 ms  reord  0.00%  rtt    0.00 ms        0 pkt  0 flow
  w36  (parsial, 13 cuplikan) 0.000 Mbps
>> selesai: 37 window -> qos_features.csv
>>          cuplikan mentah -> qos_samples.csv (untuk align_qos.py)
