>> run_id=CONT_s11_bola_Valkaama | map=flows | poll=0.1s | window=10.0s -> qos_features.csv
>> menghitung SEMUA flow TCP yang lewat (Ctrl-C untuk berhenti)
>> XDP terpasang di eth0: prog id=78
>> membaca 1 map bernama 'flows': id [18]
>> entri awal di map: 0  (0 = belum ada trafik TCP yang tertangkap)
  w0      0.000 Mbps (std  0.000)  jit   0.000 ms  reord  0.00%  rtt    0.00 ms        0 pkt  0 flow
  w1      0.000 Mbps (std  0.000)  jit   0.000 ms  reord  0.00%  rtt    0.00 ms        0 pkt  0 flow
  w2      0.000 Mbps (std  0.000)  jit   0.000 ms  reord  0.00%  rtt    0.00 ms        0 pkt  0 flow
  w3      0.000 Mbps (std  0.000)  jit   0.000 ms  reord  0.00%  rtt    0.00 ms        0 pkt  0 flow
  w4      0.114 Mbps (std  0.280)  jit   3.814 ms  reord  0.00%  rtt  156.29 ms      143 pkt  4 flow
  w5      0.667 Mbps (std  0.155)  jit  35.253 ms  reord  0.00%  rtt  132.60 ms      817 pkt  5 flow
  w6      0.604 Mbps (std  0.215)  jit  25.946 ms  reord  0.00%  rtt  106.77 ms      750 pkt  2 flow
  w7      0.326 Mbps (std  0.386)  jit  29.201 ms  reord  0.00%  rtt  157.91 ms      345 pkt  2 flow
  w8      0.500 Mbps (std  0.485)  jit  40.197 ms  reord  0.00%  rtt  135.67 ms      524 pkt  2 flow
  w9      0.697 Mbps (std  0.411)  jit  26.488 ms  reord  0.00%  rtt  145.09 ms      738 pkt  2 flow
  w10     0.739 Mbps (std  0.391)  jit  25.141 ms  reord  0.00%  rtt  134.97 ms      779 pkt  4 flow
  w11     0.922 Mbps (std  0.769)  jit  45.452 ms  reord  1.30%  rtt  135.52 ms    1,074 pkt  4 flow
  w12     0.770 Mbps (std  0.444)  jit  24.625 ms  reord  0.00%  rtt  119.77 ms      798 pkt  4 flow
  w13     0.956 Mbps (std  0.278)  jit  27.917 ms  reord  0.00%  rtt  147.89 ms    1,015 pkt  4 flow
  w14     1.636 Mbps (std  7.021)  jit  41.661 ms  reord  4.42%  rtt  150.50 ms    1,876 pkt  5 flow
  w15     0.453 Mbps (std  0.460)  jit  40.940 ms  reord  0.00%  rtt   86.76 ms      554 pkt  4 flow
  w16     0.893 Mbps (std  0.230)  jit  32.257 ms  reord  0.00%  rtt  136.22 ms      949 pkt  2 flow
  w17     0.969 Mbps (std  4.207)  jit  31.385 ms  reord  2.91%  rtt  170.53 ms    1,099 pkt  2 flow
  w18     0.406 Mbps (std  0.161)  jit  50.499 ms  reord  5.61%  rtt  251.66 ms      553 pkt  4 flow
  w19     0.407 Mbps (std  0.084)  jit  70.724 ms  reord  6.32%  rtt  278.51 ms      601 pkt  5 flow
  w20     0.418 Mbps (std  0.178)  jit  75.365 ms  reord  5.95%  rtt  270.00 ms      588 pkt  4 flow
  w21     0.423 Mbps (std  0.135)  jit  95.371 ms  reord  0.00%  rtt  274.07 ms      516 pkt  4 flow
  w22     0.075 Mbps (std  0.239)  jit  24.227 ms  reord  0.00%  rtt  127.81 ms       83 pkt  2 flow
  w23     0.257 Mbps (std  0.331)  jit  75.610 ms  reord  0.68%  rtt  188.09 ms      294 pkt  4 flow
  w24     0.650 Mbps (std  3.257)  jit  53.933 ms  reord  1.49%  rtt  260.39 ms      672 pkt  2 flow
  w25     0.179 Mbps (std  1.271)  jit   0.946 ms  reord  0.00%  rtt    1.02 ms      175 pkt  2 flow
  w26     0.311 Mbps (std  1.815)  jit   1.757 ms  reord  0.00%  rtt    1.00 ms      303 pkt  2 flow
  w27     0.448 Mbps (std  2.363)  jit   1.528 ms  reord  0.00%  rtt    0.41 ms      438 pkt  2 flow
  w28     2.008 Mbps (std  4.158)  jit  11.696 ms  reord  0.00%  rtt  111.79 ms    2,025 pkt  4 flow
  w29     1.109 Mbps (std  3.084)  jit  11.896 ms  reord  0.00%  rtt  115.45 ms    1,121 pkt  4 flow
  w30     0.372 Mbps (std  0.557)  jit  37.697 ms  reord  0.00%  rtt  107.77 ms      388 pkt  2 flow
  w31     1.099 Mbps (std  0.233)  jit  18.103 ms  reord  0.00%  rtt  113.22 ms    1,152 pkt  4 flow
  w32     0.847 Mbps (std  0.488)  jit  25.688 ms  reord  0.00%  rtt  132.34 ms      913 pkt  4 flow
  w33     1.286 Mbps (std  3.837)  jit  30.813 ms  reord  4.72%  rtt  154.27 ms    1,503 pkt  4 flow
  w34     0.053 Mbps (std  0.228)  jit   9.336 ms  reord  0.00%  rtt  179.97 ms       62 pkt  2 flow
  w35     0.000 Mbps (std  0.000)  jit   0.000 ms  reord  0.00%  rtt    0.00 ms        0 pkt  0 flow
  w36  (parsial, 15 cuplikan) 0.000 Mbps
>> selesai: 37 window -> qos_features.csv
>>          cuplikan mentah -> qos_samples.csv (untuk align_qos.py)
