>> run_id=CONT_s7_throughput_TheSwissAccount | map=flows | poll=0.1s | window=10.0s -> qos_features.csv
>> menghitung SEMUA flow TCP yang lewat (Ctrl-C untuk berhenti)
>> XDP terpasang di eth0: prog id=1648
>> membaca 1 map bernama 'flows': id [466]
>> entri awal di map: 0  (0 = belum ada trafik TCP yang tertangkap)
  w0      0.000 Mbps (std  0.000)  jit   0.000 ms  reord  0.00%  rtt    0.00 ms        0 pkt  0 flow
  w1      0.000 Mbps (std  0.000)  jit   0.000 ms  reord  0.00%  rtt    0.00 ms        0 pkt  0 flow
  w2      0.000 Mbps (std  0.000)  jit   0.000 ms  reord  0.00%  rtt    0.00 ms        0 pkt  0 flow
  w3      0.000 Mbps (std  0.000)  jit   0.000 ms  reord  0.00%  rtt    0.00 ms        0 pkt  0 flow
  w4      0.005 Mbps (std  0.038)  jit   0.928 ms  reord  0.00%  rtt  158.64 ms       20 pkt  2 flow
  w5      0.985 Mbps (std  6.297)  jit   4.378 ms  reord  1.47%  rtt  152.60 ms    1,019 pkt  4 flow
  w6      0.189 Mbps (std  1.290)  jit   4.274 ms  reord  0.00%  rtt    0.96 ms      183 pkt  2 flow
  w7      2.137 Mbps (std  6.368)  jit   7.344 ms  reord  0.00%  rtt  118.85 ms    2,092 pkt  4 flow
  w8      2.225 Mbps (std  5.623)  jit   9.981 ms  reord  0.00%  rtt  114.31 ms    2,187 pkt  4 flow
  w9      1.334 Mbps (std  2.028)  jit  39.170 ms  reord  5.83%  rtt  320.91 ms    1,714 pkt  6 flow
  w10     1.003 Mbps (std  0.430)  jit  31.947 ms  reord  5.97%  rtt  304.19 ms    1,357 pkt  4 flow
  w11     0.818 Mbps (std  0.660)  jit  52.439 ms  reord  3.27%  rtt  240.16 ms      978 pkt  5 flow
  w12     0.332 Mbps (std  0.582)  jit  19.350 ms  reord  4.10%  rtt  221.46 ms      415 pkt  2 flow
  w13     0.991 Mbps (std  0.458)  jit  56.175 ms  reord  5.15%  rtt  323.72 ms    1,379 pkt  5 flow
  w14     0.309 Mbps (std  0.415)  jit  29.564 ms  reord 17.49%  rtt   45.10 ms      463 pkt  2 flow
  w15     0.858 Mbps (std  0.812)  jit  13.722 ms  reord 22.07%  rtt   48.25 ms    1,350 pkt  2 flow
  w16     1.042 Mbps (std  1.254)  jit  19.737 ms  reord 14.45%  rtt   49.73 ms    1,439 pkt  4 flow
  w17     2.383 Mbps (std  1.420)  jit  16.487 ms  reord  0.36%  rtt   65.89 ms    2,763 pkt  6 flow
  w18     3.292 Mbps (std  0.424)  jit  14.582 ms  reord  1.77%  rtt   56.24 ms    3,904 pkt  4 flow
  w19     0.923 Mbps (std  1.476)  jit   8.302 ms  reord  0.00%  rtt   50.84 ms      954 pkt  4 flow
  w20     0.780 Mbps (std  1.288)  jit   9.521 ms  reord  0.13%  rtt   66.42 ms      798 pkt  2 flow
  w21     1.495 Mbps (std  1.337)  jit  12.154 ms  reord  0.19%  rtt   74.72 ms    1,577 pkt  2 flow
  w22     2.651 Mbps (std  0.376)  jit  12.519 ms  reord  0.04%  rtt   85.32 ms    2,733 pkt  6 flow
  w23     3.409 Mbps (std  6.770)  jit  13.103 ms  reord  1.81%  rtt   54.40 ms    3,814 pkt  4 flow
  w24     1.799 Mbps (std  1.282)  jit   7.731 ms  reord  0.57%  rtt   66.33 ms    1,919 pkt  2 flow
  w25     1.833 Mbps (std  1.195)  jit  10.385 ms  reord  2.30%  rtt   73.38 ms    1,916 pkt  2 flow
  w26     1.915 Mbps (std  0.568)  jit  16.834 ms  reord 13.43%  rtt   98.81 ms    2,822 pkt  6 flow
  w27     1.631 Mbps (std  0.945)  jit  11.136 ms  reord 14.90%  rtt   98.93 ms    2,416 pkt  4 flow
  w28     2.161 Mbps (std  0.083)  jit   6.121 ms  reord 14.16%  rtt  114.28 ms    3,207 pkt  4 flow
  w29     2.152 Mbps (std  0.143)  jit  12.470 ms  reord 13.29%  rtt  115.99 ms    3,160 pkt  4 flow
  w30     1.127 Mbps (std  1.738)  jit   8.419 ms  reord  9.75%  rtt   67.30 ms    1,487 pkt  2 flow
  w31     1.178 Mbps (std  1.475)  jit  12.542 ms  reord  3.87%  rtt   26.21 ms    1,394 pkt  2 flow
  w32     2.127 Mbps (std  1.460)  jit   7.937 ms  reord  2.98%  rtt   33.87 ms    2,485 pkt  2 flow
  w33     1.745 Mbps (std  1.672)  jit  11.959 ms  reord  3.16%  rtt   32.10 ms    2,117 pkt  2 flow
  w34     0.000 Mbps (std  0.001)  jit   4.225 ms  reord  0.00%  rtt    7.18 ms        3 pkt  2 flow
  w35  (parsial, 97 cuplikan) 0.000 Mbps
>> selesai: 36 window -> qos_features.csv
>>          cuplikan mentah -> qos_samples.csv (untuk align_qos.py)
