>> run_id=CONT_s9_dynamic_ElephantsDream | map=flows | poll=0.1s | window=10.0s -> qos_features.csv
>> menghitung SEMUA flow TCP yang lewat (Ctrl-C untuk berhenti)
>> XDP terpasang di eth0: prog id=675
>> membaca 1 map bernama 'flows': id [188]
>> entri awal di map: 0  (0 = belum ada trafik TCP yang tertangkap)
  w0      0.000 Mbps (std  0.000)  jit   0.000 ms  reord  0.00%  rtt    0.00 ms        0 pkt  0 flow
  w1      0.000 Mbps (std  0.000)  jit   0.000 ms  reord  0.00%  rtt    0.00 ms        0 pkt  0 flow
  w2      0.000 Mbps (std  0.000)  jit   0.000 ms  reord  0.00%  rtt    0.00 ms        0 pkt  0 flow
  w3      0.000 Mbps (std  0.000)  jit   0.000 ms  reord  0.00%  rtt    0.00 ms        0 pkt  0 flow
  w4      0.168 Mbps (std  0.396)  jit   2.488 ms  reord  0.00%  rtt  102.24 ms      197 pkt  4 flow
  w5      1.052 Mbps (std  0.167)  jit  44.725 ms  reord  0.00%  rtt  147.24 ms    1,289 pkt  6 flow
  w6      2.519 Mbps (std 12.026)  jit  40.256 ms  reord  2.25%  rtt  129.41 ms    2,806 pkt  6 flow
  w7      0.814 Mbps (std  0.617)  jit  21.039 ms  reord  0.00%  rtt  111.65 ms      852 pkt  4 flow
  w8      0.758 Mbps (std  0.631)  jit  23.712 ms  reord  0.00%  rtt  112.35 ms      772 pkt  2 flow
  w9      0.611 Mbps (std  0.645)  jit  18.203 ms  reord  0.00%  rtt  110.63 ms      620 pkt  2 flow
  w10     1.183 Mbps (std  0.342)  jit  34.086 ms  reord  0.00%  rtt  136.18 ms    1,263 pkt  4 flow
  w11     1.373 Mbps (std  2.254)  jit  15.359 ms  reord  0.71%  rtt   98.08 ms    1,412 pkt  4 flow
  w12     0.550 Mbps (std  1.117)  jit   9.629 ms  reord  0.00%  rtt   66.14 ms      542 pkt  2 flow
  w13     1.679 Mbps (std  1.415)  jit  16.616 ms  reord  0.06%  rtt   71.58 ms    1,723 pkt  4 flow
  w14     3.333 Mbps (std  7.837)  jit  10.803 ms  reord  0.83%  rtt   81.36 ms    3,390 pkt  4 flow
  w15     1.396 Mbps (std  0.283)  jit  13.223 ms  reord  0.00%  rtt   84.32 ms    1,433 pkt  2 flow
  w16     1.405 Mbps (std  0.288)  jit  13.097 ms  reord  0.00%  rtt   84.08 ms    1,446 pkt  4 flow
  w17     1.400 Mbps (std  0.236)  jit  36.542 ms  reord  0.00%  rtt  134.06 ms    1,539 pkt  4 flow
  w18     1.403 Mbps (std  0.283)  jit  14.581 ms  reord  0.00%  rtt   86.44 ms    1,448 pkt  4 flow
  w19     1.406 Mbps (std  2.527)  jit  17.058 ms  reord  3.60%  rtt   86.57 ms    1,529 pkt  2 flow
  w20     0.471 Mbps (std  0.761)  jit  26.430 ms  reord 22.75%  rtt  103.11 ms      734 pkt  3 flow
  w21     0.860 Mbps (std  1.112)  jit  17.055 ms  reord 17.92%  rtt  139.26 ms    1,306 pkt  2 flow
  w22     2.279 Mbps (std  1.801)  jit   4.779 ms  reord 10.04%  rtt  111.63 ms    3,117 pkt  2 flow
  w23     0.930 Mbps (std  1.908)  jit   7.609 ms  reord  0.27%  rtt   40.83 ms    1,124 pkt  2 flow
  w24     1.501 Mbps (std  2.255)  jit   4.691 ms  reord  1.55%  rtt   50.65 ms    1,808 pkt  2 flow
  w25     4.590 Mbps (std  1.427)  jit   4.383 ms  reord  0.25%  rtt   49.27 ms    5,684 pkt  4 flow
  w26     5.034 Mbps (std  0.386)  jit   2.218 ms  reord  0.45%  rtt   46.51 ms    6,230 pkt  2 flow
  w27     7.157 Mbps (std 15.453)  jit   5.982 ms  reord  0.90%  rtt   51.39 ms    8,043 pkt  6 flow
  w28     6.058 Mbps (std  0.324)  jit   6.561 ms  reord  0.22%  rtt   50.80 ms    7,733 pkt  6 flow
  w29     3.079 Mbps (std  3.024)  jit   7.108 ms  reord  0.31%  rtt   45.83 ms    3,888 pkt  4 flow
  w30     0.000 Mbps (std  0.000)  jit   0.000 ms  reord  0.00%  rtt    0.00 ms        0 pkt  0 flow
  w31     1.654 Mbps (std  2.273)  jit   7.624 ms  reord  0.97%  rtt   83.79 ms    2,068 pkt  2 flow
  w32     1.709 Mbps (std  1.472)  jit   7.610 ms  reord  1.56%  rtt   96.97 ms    2,240 pkt  4 flow
  w33     0.000 Mbps (std  0.000)  jit   0.000 ms  reord  0.00%  rtt    0.00 ms        0 pkt  0 flow
  w34     0.000 Mbps (std  0.001)  jit  47.292 ms  reord  0.00%  rtt    7.10 ms        3 pkt  2 flow
  w35     0.000 Mbps (std  0.000)  jit   0.000 ms  reord  0.00%  rtt    0.00 ms        0 pkt  0 flow
  w36  (parsial, 15 cuplikan) 0.000 Mbps
>> selesai: 37 window -> qos_features.csv
>>          cuplikan mentah -> qos_samples.csv (untuk align_qos.py)
