>> run_id=CONT_s1_throughput_TearsOfSteel | map=flows | poll=0.1s | window=10.0s -> qos_features.csv
>> menghitung SEMUA flow TCP yang lewat (Ctrl-C untuk berhenti)
>> XDP terpasang di eth0: prog id=1795
>> membaca 1 map bernama 'flows': id [508]
>> entri awal di map: 0  (0 = belum ada trafik TCP yang tertangkap)
  w0      0.000 Mbps (std  0.000)  jit   0.000 ms  reord  0.00%  rtt    0.00 ms        0 pkt  0 flow
  w1      0.000 Mbps (std  0.000)  jit   0.000 ms  reord  0.00%  rtt    0.00 ms        0 pkt  0 flow
  w2      0.000 Mbps (std  0.000)  jit   0.000 ms  reord  0.00%  rtt    0.00 ms        0 pkt  0 flow
  w3      0.000 Mbps (std  0.000)  jit   0.000 ms  reord  0.00%  rtt    0.00 ms        0 pkt  0 flow
  w4     14.614 Mbps (std 64.258)  jit   0.245 ms  reord  0.04%  rtt   19.06 ms   13,898 pkt  6 flow
  w5     55.847 Mbps (std 113.804)  jit   8.889 ms  reord  0.00%  rtt   59.74 ms   53,252 pkt  6 flow
  w6     16.787 Mbps (std 64.302)  jit   0.117 ms  reord  0.00%  rtt    1.49 ms   16,021 pkt  2 flow
  w7      8.258 Mbps (std 43.833)  jit   0.117 ms  reord  0.00%  rtt    1.17 ms    7,908 pkt  2 flow
  w8      8.049 Mbps (std 44.122)  jit   3.245 ms  reord  0.00%  rtt    2.12 ms    7,662 pkt  2 flow
  w9      0.242 Mbps (std  0.277)  jit  68.165 ms  reord  0.78%  rtt  409.19 ms      256 pkt  3 flow
  w10     0.234 Mbps (std  0.287)  jit  46.490 ms  reord  0.00%  rtt  493.60 ms      252 pkt  4 flow
  w11     2.240 Mbps (std 13.972)  jit 317.410 ms  reord  7.33%  rtt  415.33 ms    2,347 pkt  6 flow
  w12     0.287 Mbps (std  0.125)  jit  92.016 ms  reord 19.29%  rtt  453.41 ms      425 pkt  4 flow
  w13     0.280 Mbps (std  0.148)  jit  32.365 ms  reord 13.29%  rtt  416.02 ms      429 pkt  4 flow
  w14     0.290 Mbps (std  0.073)  jit  79.483 ms  reord  5.42%  rtt  449.41 ms      424 pkt  5 flow
  w15     0.290 Mbps (std  0.114)  jit  93.500 ms  reord  8.29%  rtt  380.45 ms      422 pkt  4 flow
  w16     0.634 Mbps (std  0.331)  jit  78.507 ms  reord  1.72%  rtt  235.04 ms      757 pkt  4 flow
  w17     0.820 Mbps (std  0.181)  jit  30.242 ms  reord  0.00%  rtt  122.49 ms      940 pkt  4 flow
  w18     1.958 Mbps (std 10.184)  jit  19.727 ms  reord  0.77%  rtt   86.35 ms    2,069 pkt  2 flow
  w19     1.254 Mbps (std  0.436)  jit  64.399 ms  reord  0.00%  rtt  120.51 ms    1,399 pkt  6 flow
  w20     1.372 Mbps (std  0.162)  jit  28.890 ms  reord  0.00%  rtt  104.49 ms    1,634 pkt  4 flow
  w21     1.379 Mbps (std  0.072)  jit  52.884 ms  reord  0.00%  rtt  117.20 ms    1,794 pkt  6 flow
  w22     1.078 Mbps (std  0.582)  jit  29.074 ms  reord  0.00%  rtt   72.53 ms    1,378 pkt  6 flow
  w23     0.487 Mbps (std  0.661)  jit  18.000 ms  reord  0.00%  rtt   88.91 ms      516 pkt  2 flow
  w24     0.780 Mbps (std  0.297)  jit 115.987 ms  reord  0.00%  rtt  147.82 ms      852 pkt  4 flow
  w25     0.825 Mbps (std  0.181)  jit  71.994 ms  reord  0.21%  rtt  144.17 ms      956 pkt  4 flow
  w26     0.831 Mbps (std  0.137)  jit  85.868 ms  reord  0.10%  rtt  190.90 ms    1,038 pkt  6 flow
  w27     0.827 Mbps (std  0.124)  jit  78.634 ms  reord  0.00%  rtt  190.35 ms    1,035 pkt  6 flow
  w28     0.495 Mbps (std  0.483)  jit  30.690 ms  reord  0.00%  rtt  128.72 ms      552 pkt  4 flow
  w29     1.252 Mbps (std  0.690)  jit  55.724 ms  reord  0.74%  rtt  105.66 ms    1,359 pkt  4 flow
  w30     1.719 Mbps (std  0.470)  jit  40.405 ms  reord  0.10%  rtt   92.47 ms    1,936 pkt  6 flow
  w31     1.844 Mbps (std  0.098)  jit  24.084 ms  reord  0.00%  rtt   70.06 ms    2,350 pkt  6 flow
  w32     0.990 Mbps (std  0.929)  jit  17.570 ms  reord  0.00%  rtt   68.88 ms    1,197 pkt  4 flow
  w33     0.463 Mbps (std  1.792)  jit  39.917 ms  reord  8.43%  rtt   65.98 ms      534 pkt  4 flow
  w34     0.000 Mbps (std  0.000)  jit   0.000 ms  reord  0.00%  rtt    0.00 ms        0 pkt  0 flow
  w35  (parsial, 87 cuplikan) 0.000 Mbps
>> selesai: 36 window -> qos_features.csv
>>          cuplikan mentah -> qos_samples.csv (untuk align_qos.py)
