>> run_id=CONT_s12_dynamic_RedBullPlayStreets | map=flows | poll=0.1s | window=10.0s -> qos_features.csv
>> menghitung SEMUA flow TCP yang lewat (Ctrl-C untuk berhenti)
>> XDP terpasang di eth0: prog id=1053
>> membaca 1 map bernama 'flows': id [296]
>> entri awal di map: 0  (0 = belum ada trafik TCP yang tertangkap)
  w0      0.000 Mbps (std  0.000)  jit   0.000 ms  reord  0.00%  rtt    0.00 ms        0 pkt  0 flow
  w1      0.000 Mbps (std  0.000)  jit   0.000 ms  reord  0.00%  rtt    0.00 ms        0 pkt  0 flow
  w2      0.000 Mbps (std  0.000)  jit   0.000 ms  reord  0.00%  rtt    0.00 ms        0 pkt  0 flow
  w3      0.000 Mbps (std  0.000)  jit   0.000 ms  reord  0.00%  rtt    0.00 ms        0 pkt  0 flow
  w4      0.030 Mbps (std  0.154)  jit   0.936 ms  reord  1.82%  rtt   59.57 ms       55 pkt  2 flow
  w5      0.202 Mbps (std  0.109)  jit  76.083 ms  reord  0.00%  rtt  383.78 ms      268 pkt  4 flow
  w6      0.200 Mbps (std  0.087)  jit 177.296 ms  reord  0.00%  rtt  640.82 ms      261 pkt  3 flow
  w7      1.072 Mbps (std  7.148)  jit 135.063 ms  reord  3.17%  rtt  474.37 ms    1,169 pkt  4 flow
  w8      0.411 Mbps (std  0.111)  jit  83.312 ms  reord  9.44%  rtt  264.54 ms      604 pkt  5 flow
  w9      0.408 Mbps (std  0.104)  jit  78.800 ms  reord  8.19%  rtt  250.20 ms      598 pkt  4 flow
  w10     0.408 Mbps (std  0.107)  jit  94.840 ms  reord 10.29%  rtt  231.69 ms      612 pkt  6 flow
  w11     0.214 Mbps (std  0.259)  jit  41.704 ms  reord  8.61%  rtt  189.04 ms      302 pkt  5 flow
  w12     0.182 Mbps (std  0.253)  jit  41.098 ms  reord  0.99%  rtt  426.13 ms      203 pkt  2 flow
  w13     0.152 Mbps (std  0.266)  jit  35.700 ms  reord  0.60%  rtt  464.78 ms      168 pkt  2 flow
  w14     0.111 Mbps (std  0.272)  jit  44.345 ms  reord  0.00%  rtt  284.39 ms      115 pkt  2 flow
  w15     0.158 Mbps (std  0.247)  jit  63.236 ms  reord  0.58%  rtt  427.35 ms      173 pkt  2 flow
  w16     0.401 Mbps (std  2.081)  jit  69.229 ms  reord  2.52%  rtt  342.75 ms      436 pkt  3 flow
  w17     0.259 Mbps (std  0.103)  jit 132.426 ms  reord  0.00%  rtt  391.88 ms      339 pkt  4 flow
  w18     0.206 Mbps (std  0.208)  jit  66.292 ms  reord  0.00%  rtt  333.69 ms      248 pkt  4 flow
  w19     2.623 Mbps (std 15.608)  jit  31.119 ms  reord  0.38%  rtt  291.34 ms    2,666 pkt  4 flow
  w20     1.827 Mbps (std  4.063)  jit  14.492 ms  reord  0.00%  rtt  127.36 ms    1,857 pkt  3 flow
  w21     0.128 Mbps (std  0.669)  jit   9.007 ms  reord  0.00%  rtt   14.57 ms      131 pkt  4 flow
  w22     0.136 Mbps (std  0.263)  jit 101.353 ms  reord  1.33%  rtt  559.94 ms      150 pkt  4 flow
  w23     0.158 Mbps (std  0.256)  jit  49.320 ms  reord  1.12%  rtt  579.08 ms      178 pkt  4 flow
  w24     0.168 Mbps (std  0.289)  jit  51.059 ms  reord  5.37%  rtt  514.82 ms      205 pkt  4 flow
  w25     0.129 Mbps (std  0.107)  jit 112.567 ms  reord 11.94%  rtt  449.47 ms      201 pkt  2 flow
  w26     0.129 Mbps (std  0.120)  jit  59.530 ms  reord  8.91%  rtt  349.35 ms      202 pkt  2 flow
  w27     0.129 Mbps (std  0.089)  jit 117.994 ms  reord  8.92%  rtt  669.11 ms      213 pkt  3 flow
  w28     0.129 Mbps (std  0.124)  jit 102.683 ms  reord 13.33%  rtt  475.14 ms      210 pkt  4 flow
  w29     0.171 Mbps (std  0.493)  jit  53.835 ms  reord  7.17%  rtt  299.44 ms      237 pkt  2 flow
  w30     0.103 Mbps (std  0.244)  jit  39.641 ms  reord  0.00%  rtt  455.94 ms      113 pkt  2 flow
  w31     0.114 Mbps (std  0.249)  jit  56.637 ms  reord  0.00%  rtt  563.77 ms      126 pkt  2 flow
  w32     0.084 Mbps (std  0.233)  jit  47.510 ms  reord  0.00%  rtt  330.42 ms       94 pkt  2 flow
  w33     0.002 Mbps (std  0.010)  jit  26.227 ms  reord  0.00%  rtt   18.12 ms        9 pkt  2 flow
  w34     0.000 Mbps (std  0.000)  jit   0.000 ms  reord  0.00%  rtt    0.00 ms        0 pkt  0 flow
  w35  (parsial, 92 cuplikan) 0.000 Mbps
>> selesai: 36 window -> qos_features.csv
>>          cuplikan mentah -> qos_samples.csv (untuk align_qos.py)
